[AnnotPerf] finalize idle (forced-reset) — deferring CSS transform removal, waiting for PAL confirmation
[CSeries wipe] doc=clickable-link-test.pdf-1102 totalCounters=0 legacyRemoved=0 — nothing to wipe.
[Print] electronAPI.onPrintPdf not available (web build or preload missing)
[ZoomLive svg p1] {"interactionPhase":"idle","zoomOverlayTransformActive":true,"viewerScale":0.1,"measuredScale":0.1,"committedScale":0,"overlayTransform":"none","overlayTransformScale":1,"pageHostRect":null,"overlayLayerRect":null,"overlayContentRect":null,"legacyCompensationRect":null,"legacyCompensationTransform":"none","palRootRect":null,"canvasContainerRect":null,"palCanvasRect":null,"regionRootRect":null,"regionSvgRect":null,"regionScreenWidth":0,"regionScreenHeight":0,"svgLayerRect":null,"activeSpaceId":null,"activeRegionId":null,"showRegionSelection":false}
[ZoomLive svg p1] {"interactionPhase":"idle","zoomOverlayTransformActive":true,"viewerScale":0.1,"measuredScale":0.1,"committedScale":0.54739,"overlayTransform":"none","overlayTransformScale":1,"pageHostRect":{"w":334.56,"h":432.958,"left":53.762,"top":133.565},"overlayLayerRect":null,"overlayContentRect":null,"legacyCompensationRect":null,"legacyCompensationTransform":"none","palRootRect":null,"canvasContainerRect":null,"palCanvasRect":null,"regionRootRect":null,"regionSvgRect":null,"regionScreenWidth":0,"regionScreenHeight":0,"svgLayerRect":null,"activeSpaceId":null,"activeRegionId":null,"showRegionSelection":false}
[ZoomLive svg p1] {"interactionPhase":"idle","zoomOverlayTransformActive":true,"viewerScale":0.1,"measuredScale":0.1,"committedScale":0.54739,"overlayTransform":"none","overlayTransformScale":1,"pageHostRect":{"w":334.56,"h":432.958,"left":62.476,"top":133.565},"overlayLayerRect":null,"overlayContentRect":null,"legacyCompensationRect":null,"legacyCompensationTransform":"none","palRootRect":null,"canvasContainerRect":null,"palCanvasRect":null,"regionRootRect":null,"regionSvgRect":null,"regionScreenWidth":0,"regionScreenHeight":0,"svgLayerRect":null,"activeSpaceId":null,"activeRegionId":null,"showRegionSelection":false}
[ZoomLive svg p1] {"interactionPhase":"idle","zoomOverlayTransformActive":true,"viewerScale":0.59,"measuredScale":0.78595,"committedScale":0.78595,"overlayTransform":"none","overlayTransformScale":1,"pageHostRect":{"w":481.435,"h":623.036,"left":53.762,"top":135},"overlayLayerRect":null,"overlayContentRect":null,"legacyCompensationRect":null,"legacyCompensationTransform":"none","palRootRect":null,"canvasContainerRect":null,"palCanvasRect":null,"regionRootRect":null,"regionSvgRect":null,"regionScreenWidth":0,"regionScreenHeight":0,"svgLayerRect":null,"activeSpaceId":null,"activeRegionId":null,"showRegionSelection":false}
[ZoomLive svg p1] {"interactionPhase":"idle","zoomOverlayTransformActive":true,"viewerScale":0.45,"measuredScale":0.59967,"committedScale":0.59967,"overlayTransform":"none","overlayTransformScale":1,"pageHostRect":{"w":367.196,"h":475.196,"left":52.238,"top":133.881},"overlayLayerRect":null,"overlayContentRect":null,"legacyCompensationRect":null,"legacyCompensationTransform":"none","palRootRect":null,"canvasContainerRect":null,"palCanvasRect":null,"regionRootRect":null,"regionSvgRect":null,"regionScreenWidth":0,"regionScreenHeight":0,"svgLayerRect":null,"activeSpaceId":null,"activeRegionId":null,"showRegionSelection":false}
[ZoomLive svg p1] {"interactionPhase":"idle","zoomOverlayTransformActive":true,"viewerScale":0.44,"measuredScale":0.5866,"committedScale":0.5866,"overlayTransform":"none","overlayTransformScale":1,"pageHostRect":{"w":359.036,"h":464.637,"left":50.238,"top":133.804},"overlayLayerRect":null,"overlayContentRect":null,"legacyCompensationRect":null,"legacyCompensationTransform":"none","palRootRect":null,"canvasContainerRect":null,"palCanvasRect":null,"regionRootRect":null,"regionSvgRect":null,"regionScreenWidth":0,"regionScreenHeight":0,"svgLayerRect":null,"activeSpaceId":null,"activeRegionId":null,"showRegionSelection":false}
[ZoomLive svg p1] {"interactionPhase":"idle","zoomOverlayTransformActive":true,"viewerScale":0.44,"measuredScale":0.5866,"committedScale":0.5866,"overlayTransform":"none","overlayTransformScale":1,"pageHostRect":{"w":359.036,"h":464.637,"left":50.238,"top":133.804},"overlayLayerRect":null,"overlayContentRect":null,"legacyCompensationRect":null,"legacyCompensationTransform":"none","palRootRect":null,"canvasContainerRect":null,"palCanvasRect":null,"regionRootRect":null,"regionSvgRect":null,"regionScreenWidth":0,"regionScreenHeight":0,"svgLayerRect":null,"activeSpaceId":null,"activeRegionId":null,"showRegionSelection":false}
[ZoomLive svg p1] {"interactionPhase":"idle","zoomOverlayTransformActive":true,"viewerScale":0.44,"measuredScale":0.5866,"committedScale":0.5866,"overlayTransform":"none","overlayTransformScale":1,"pageHostRect":{"w":359.036,"h":464.637,"left":50.238,"top":133.804},"overlayLayerRect":null,"overlayContentRect":null,"legacyCompensationRect":null,"legacyCompensationTransform":"none","palRootRect":null,"canvasContainerRect":null,"palCanvasRect":null,"regionRootRect":null,"regionSvgRect":null,"regionScreenWidth":0,"regionScreenHeight":0,"svgLayerRect":null,"activeSpaceId":null,"activeRegionId":null,"showRegionSelection":false}
[ZoomLive svg p1] {"interactionPhase":"idle","zoomOverlayTransformActive":true,"viewerScale":0.44,"measuredScale":0.5866,"committedScale":0.5866,"overlayTransform":"none","overlayTransformScale":1,"pageHostRect":{"w":359.036,"h":464.637,"left":50.238,"top":133.804},"overlayLayerRect":null,"overlayContentRect":null,"legacyCompensationRect":null,"legacyCompensationTransform":"none","palRootRect":null,"canvasContainerRect":null,"palCanvasRect":null,"regionRootRect":null,"regionSvgRect":null,"regionScreenWidth":0,"regionScreenHeight":0,"svgLayerRect":null,"activeSpaceId":null,"activeRegionId":null,"showRegionSelection":false}
[App-Debug p1] PAL render — pageSize={w:612, h:792}, layerScale=0.5866, measuredPageScale=0.5866, committedPageScale=0.5866, legacyCommitCompensationPending=false, legacyCommitCompensationScale=1, overlayContentTransformScale=1, storedOverlayTransformScale=1, syncfusionViewerScale=0.44, overlayDiv=true, overlayDivW=359, overlayDivH=465, overlayDivTransform=none, overlayContentTransform=none
[SVG p1] render — 0 objs, viewBox=612x792
[SVGAnnotationLayer] setRotInputVisible(false) reason=selectedIds.size !== 1
[SVG p1] MOUNT — 0 annotations, 0 callouts, viewBox=612x792
[Diag] tool-switch DETECTED → select (scheduling t+1000ms capture)
[App-Debug p1] PAL render — pageSize={w:612, h:792}, layerScale=0.5866, measuredPageScale=0.5866, committedPageScale=0.5866, legacyCommitCompensationPending=false, legacyCommitCompensationScale=1, overlayContentTransformScale=1, storedOverlayTransformScale=1, syncfusionViewerScale=0.44, overlayDiv=true, overlayDivW=359, overlayDivH=465, overlayDivTransform=none, overlayContentTransform=none
[SVG p1] render — 0 objs, viewBox=612x792
[App-Debug p1] PAL render — pageSize={w:612, h:792}, layerScale=0.5866, measuredPageScale=0.5866, committedPageScale=0.5866, legacyCommitCompensationPending=false, legacyCommitCompensationScale=1, overlayContentTransformScale=1, storedOverlayTransformScale=1, syncfusionViewerScale=0.44, overlayDiv=true, overlayDivW=359, overlayDivH=465, overlayDivTransform=none, overlayContentTransform=none
[App-Debug p1] PAL render — pageSize={w:612, h:792}, layerScale=0.5866, measuredPageScale=0.5866, committedPageScale=0.5866, legacyCommitCompensationPending=false, legacyCommitCompensationScale=1, overlayContentTransformScale=1, storedOverlayTransformScale=1, syncfusionViewerScale=0.44, overlayDiv=true, overlayDivW=359, overlayDivH=465, overlayDivTransform=none, overlayContentTransform=none
[SVG p1] render — 0 objs, viewBox=612x792
[App-Debug p1] PAL render — pageSize={w:612, h:792}, layerScale=0.5866, measuredPageScale=0.5866, committedPageScale=0.5866, legacyCommitCompensationPending=false, legacyCommitCompensationScale=1, overlayContentTransformScale=1, storedOverlayTransformScale=1, syncfusionViewerScale=0.44, overlayDiv=true, overlayDivW=359, overlayDivH=465, overlayDivTransform=none, overlayContentTransform=none
[Diag select] CAPTURED @ t+1002ms — annotations=0 callouts=0 svgWrappers=1 svgVis=[visible] svgElems=0 svgVisElems=0 eraserCanvases=0 svgMarkupBytes=223
[App-Debug p1] PAL render — pageSize={w:612, h:792}, layerScale=0.5866, measuredPageScale=0.5866, committedPageScale=0.5866, legacyCommitCompensationPending=false, legacyCommitCompensationScale=1, overlayContentTransformScale=1, storedOverlayTransformScale=1, syncfusionViewerScale=0.44, overlayDiv=true, overlayDivW=359, overlayDivH=465, overlayDivTransform=none, overlayContentTransform=none
[App-Debug p1] PAL render — pageSize={w:612, h:792}, layerScale=0.5866, measuredPageScale=0.5866, committedPageScale=0.5866, legacyCommitCompensationPending=false, legacyCommitCompensationScale=1, overlayContentTransformScale=1, storedOverlayTransformScale=1, syncfusionViewerScale=0.44, overlayDiv=true, overlayDivW=359, overlayDivH=465, overlayDivTransform=none, overlayContentTransform=none
[SVG p1] render — 0 objs, viewBox=612x792
[App-Debug p1] PAL render — pageSize={w:612, h:792}, layerScale=0.5866, measuredPageScale=0.5866, committedPageScale=0.5866, legacyCommitCompensationPending=false, legacyCommitCompensationScale=1, overlayContentTransformScale=1, storedOverlayTransformScale=1, syncfusionViewerScale=0.44, overlayDiv=true, overlayDivW=359, overlayDivH=465, overlayDivTransform=none, overlayContentTransform=none
[App-Debug p1] PAL render — pageSize={w:612, h:792}, layerScale=0.5866, measuredPageScale=0.5866, committedPageScale=0.5866, legacyCommitCompensationPending=false, legacyCommitCompensationScale=1, overlayContentTransformScale=1, storedOverlayTransformScale=1, syncfusionViewerScale=0.44, overlayDiv=true, overlayDivW=359, overlayDivH=465, overlayDivTransform=none, overlayContentTransform=none
[SVG p1] render — 0 objs, viewBox=612x792
[SVGAnnotationLayer] setRotInputVisible(false) reason=selectedIds.size !== 1
[SVG p1] MOUNT — 0 annotations, 0 callouts, viewBox=612x792
[Diag] tool-switch DETECTED → select (scheduling t+1000ms capture)
[App-Debug p1] PAL render — pageSize={w:612, h:792}, layerScale=0.5866, measuredPageScale=0.5866, committedPageScale=0.5866, legacyCommitCompensationPending=false, legacyCommitCompensationScale=1, overlayContentTransformScale=1, storedOverlayTransformScale=1, syncfusionViewerScale=0.44, overlayDiv=true, overlayDivW=359, overlayDivH=465, overlayDivTransform=none, overlayContentTransform=none
[SVG p1] render — 0 objs, viewBox=612x792
[App-Debug p1] PAL render — pageSize={w:612, h:792}, layerScale=0.5866, measuredPageScale=0.5866, committedPageScale=0.5866, legacyCommitCompensationPending=false, legacyCommitCompensationScale=1, overlayContentTransformScale=1, storedOverlayTransformScale=1, syncfusionViewerScale=0.44, overlayDiv=true, overlayDivW=359, overlayDivH=465, overlayDivTransform=none, overlayContentTransform=none
[Diag select] CAPTURED @ t+1001ms — annotations=0 callouts=0 svgWrappers=1 svgVis=[visible] svgElems=0 svgVisElems=0 eraserCanvases=0 svgMarkupBytes=223
[SVG p1] render — 0 objs, viewBox=612x792
[App-Debug p1] PAL render — pageSize={w:612, h:792}, layerScale=0.5866, measuredPageScale=0.5866, committedPageScale=0.5866, legacyCommitCompensationPending=false, legacyCommitCompensationScale=1, overlayContentTransformScale=1, storedOverlayTransformScale=1, syncfusionViewerScale=0.44, overlayDiv=true, overlayDivW=359, overlayDivH=465, overlayDivTransform=none, overlayContentTransform=none
[SVG p1] render — 0 objs, viewBox=612x792
[SVGAnnotationLayer] setRotInputVisible(false) reason=selectedIds.size !== 1
[App-Debug p1] PAL render — pageSize={w:612, h:792}, layerScale=0.5866, measuredPageScale=0.5866, committedPageScale=0.5866, legacyCommitCompensationPending=false, legacyCommitCompensationScale=1, overlayContentTransformScale=1, storedOverlayTransformScale=1, syncfusionViewerScale=0.44, overlayDiv=true, overlayDivW=359, overlayDivH=465, overlayDivTransform=none, overlayContentTransform=none
[SVG p1] render — 0 objs, viewBox=612x792
[App-Debug p1] PAL render — pageSize={w:612, h:792}, layerScale=0.5866, measuredPageScale=0.5866, committedPageScale=0.5866, legacyCommitCompensationPending=false, legacyCommitCompensationScale=1, overlayContentTransformScale=1, storedOverlayTransformScale=1, syncfusionViewerScale=0.44, overlayDiv=true, overlayDivW=359, overlayDivH=465, overlayDivTransform=none, overlayContentTransform=none
[SVG p1] render — 0 objs, viewBox=612x792
[App-Debug p1] PAL render — pageSize={w:612, h:792}, layerScale=0.5866, measuredPageScale=0.5866, committedPageScale=0.5866, legacyCommitCompensationPending=false, legacyCommitCompensationScale=1, overlayContentTransformScale=1, storedOverlayTransformScale=1, syncfusionViewerScale=0.44, overlayDiv=true, overlayDivW=359, overlayDivH=465, overlayDivTransform=none, overlayContentTransform=none
[SVG p1] render — 0 objs, viewBox=612x792
[App-Debug p1] PAL render — pageSize={w:612, h:792}, layerScale=0.5866, measuredPageScale=2.66667, committedPageScale=0.5866, legacyCommitCompensationPending=false, legacyCommitCompensationScale=1, overlayContentTransformScale=4.54545, storedOverlayTransformScale=1, syncfusionViewerScale=2, overlayDiv=true, overlayDivW=1632, overlayDivH=2112, overlayDivTransform=none, overlayContentTransform=scale(4.54545)
[SVG p1] render — 0 objs, viewBox=612x792
[App-Debug p1] PAL render — pageSize={w:612, h:792}, layerScale=0.5866, measuredPageScale=2.66667, committedPageScale=0.5866, legacyCommitCompensationPending=false, legacyCommitCompensationScale=1, overlayContentTransformScale=4.54545, storedOverlayTransformScale=1, syncfusionViewerScale=2, overlayDiv=true, overlayDivW=1632, overlayDivH=2112, overlayDivTransform=none, overlayContentTransform=scale(4.54545)
[SVG p1] render — 0 objs, viewBox=612x792
[App-Debug p1] PAL render — pageSize={w:612, h:792}, layerScale=0.5866, measuredPageScale=2.66667, committedPageScale=0.5866, legacyCommitCompensationPending=false, legacyCommitCompensationScale=1, overlayContentTransformScale=4.54545, storedOverlayTransformScale=1, syncfusionViewerScale=2, overlayDiv=true, overlayDivW=1632, overlayDivH=2112, overlayDivTransform=none, overlayContentTransform=scale(4.54545)
[SVG p1] render — 0 objs, viewBox=612x792
[SVGAnnotationLayer] setRotInputVisible(false) reason=selectedIds.size !== 1
[App-Debug p1] PAL render — pageSize={w:612, h:792}, layerScale=0.5866, measuredPageScale=2.66667, committedPageScale=0.5866, legacyCommitCompensationPending=false, legacyCommitCompensationScale=1, overlayContentTransformScale=4.54545, storedOverlayTransformScale=1, syncfusionViewerScale=2, overlayDiv=true, overlayDivW=1632, overlayDivH=2112, overlayDivTransform=none, overlayContentTransform=scale(4.54545)
[SVG p1] render — 0 objs, viewBox=612x792
[App-Debug p1] PAL render — pageSize={w:612, h:792}, layerScale=0.5866, measuredPageScale=2.66667, committedPageScale=0.5866, legacyCommitCompensationPending=false, legacyCommitCompensationScale=1, overlayContentTransformScale=4.54545, storedOverlayTransformScale=1, syncfusionViewerScale=2, overlayDiv=true, overlayDivW=1632, overlayDivH=2112, overlayDivTransform=none, overlayContentTransform=scale(4.54545)
[SVG p1] render — 0 objs, viewBox=612x792
[App-Debug p1] PAL render — pageSize={w:612, h:792}, layerScale=0.5866, measuredPageScale=0.54739, committedPageScale=0.5866, legacyCommitCompensationPending=false, legacyCommitCompensationScale=1, overlayContentTransformScale=0.931818, storedOverlayTransformScale=1, syncfusionViewerScale=0.41, overlayDiv=true, overlayDivW=335, overlayDivH=433, overlayDivTransform=none, overlayContentTransform=scale(0.931818)
[SVG p1] render — 0 objs, viewBox=612x792
[App-Debug p1] PAL render — pageSize={w:612, h:792}, layerScale=0.5866, measuredPageScale=0.54739, committedPageScale=0.5866, legacyCommitCompensationPending=false, legacyCommitCompensationScale=1, overlayContentTransformScale=0.931818, storedOverlayTransformScale=1, syncfusionViewerScale=0.41, overlayDiv=true, overlayDivW=335, overlayDivH=433, overlayDivTransform=none, overlayContentTransform=scale(0.931818)
[SVG p1] render — 0 objs, viewBox=612x792
[App-Debug p1] PAL render — pageSize={w:612, h:792}, layerScale=0.5866, measuredPageScale=0.54739, committedPageScale=0.5866, legacyCommitCompensationPending=false, legacyCommitCompensationScale=1, overlayContentTransformScale=0.931818, storedOverlayTransformScale=1, syncfusionViewerScale=0.41, overlayDiv=true, overlayDivW=335, overlayDivH=433, overlayDivTransform=none, overlayContentTransform=scale(0.931818)
[SVG p1] render — 0 objs, viewBox=612x792
[App-Debug p1] PAL render — pageSize={w:612, h:792}, layerScale=0.54739, measuredPageScale=0.54739, committedPageScale=0.5866, legacyCommitCompensationPending=false, legacyCommitCompensationScale=1, overlayContentTransformScale=0.931818, storedOverlayTransformScale=1, syncfusionViewerScale=0.41, overlayDiv=true, overlayDivW=335, overlayDivH=433, overlayDivTransform=none, overlayContentTransform=scale(0.931818)
[SVG p1] render — 0 objs, viewBox=612x792
[App-Debug p1] PAL render — pageSize={w:612, h:792}, layerScale=0.54739, measuredPageScale=0.54739, committedPageScale=0.54739, legacyCommitCompensationPending=false, legacyCommitCompensationScale=1, overlayContentTransformScale=0.931818, storedOverlayTransformScale=1, syncfusionViewerScale=0.41, overlayDiv=true, overlayDivW=335, overlayDivH=433, overlayDivTransform=none, overlayContentTransform=scale(0.931818)
[SVG p1] render — 0 objs, viewBox=612x792
[App-Debug p1] PAL render — pageSize={w:612, h:792}, layerScale=0.54739, measuredPageScale=0.54739, committedPageScale=0.54739, legacyCommitCompensationPending=false, legacyCommitCompensationScale=1, overlayContentTransformScale=0.931818, storedOverlayTransformScale=1, syncfusionViewerScale=0.41, overlayDiv=true, overlayDivW=335, overlayDivH=433, overlayDivTransform=none, overlayContentTransform=scale(0.931818)
[App-Debug p1] PAL render — pageSize={w:612, h:792}, layerScale=0.54739, measuredPageScale=0.54739, committedPageScale=0.54739, legacyCommitCompensationPending=false, legacyCommitCompensationScale=1, overlayContentTransformScale=0.931818, storedOverlayTransformScale=1, syncfusionViewerScale=0.41, overlayDiv=true, overlayDivW=335, overlayDivH=433, overlayDivTransform=none, overlayContentTransform=scale(0.931818)
[SVG p1] render — 0 objs, viewBox=612x792
[App-Debug p1] PAL render — pageSize={w:612, h:792}, layerScale=0.54739, measuredPageScale=0.54739, committedPageScale=0.54739, legacyCommitCompensationPending=false, legacyCommitCompensationScale=1, overlayContentTransformScale=0.931818, storedOverlayTransformScale=1, syncfusionViewerScale=0.41, overlayDiv=true, overlayDivW=335, overlayDivH=433, overlayDivTransform=none, overlayContentTransform=scale(0.931818)
[App-Debug p1] PAL render — pageSize={w:612, h:792}, layerScale=0.54739, measuredPageScale=0.54739, committedPageScale=0.54739, legacyCommitCompensationPending=false, legacyCommitCompensationScale=1, overlayContentTransformScale=0.931818, storedOverlayTransformScale=1, syncfusionViewerScale=0.41, overlayDiv=true, overlayDivW=335, overlayDivH=433, overlayDivTransform=none, overlayContentTransform=scale(0.931818)
[SVG p1] render — 0 objs, viewBox=612x792
[App-Debug p1] PAL render — pageSize={w:612, h:792}, layerScale=0.54739, measuredPageScale=0.54739, committedPageScale=0.54739, legacyCommitCompensationPending=false, legacyCommitCompensationScale=1, overlayContentTransformScale=0.931818, storedOverlayTransformScale=1, syncfusionViewerScale=0.41, overlayDiv=true, overlayDivW=335, overlayDivH=433, overlayDivTransform=none, overlayContentTransform=scale(0.931818)
[SVG p1] render — 0 objs, viewBox=612x792
[App-Debug p1] PAL render — pageSize={w:612, h:792}, layerScale=0.54739, measuredPageScale=0.54739, committedPageScale=0.54739, legacyCommitCompensationPending=false, legacyCommitCompensationScale=1, overlayContentTransformScale=0.931818, storedOverlayTransformScale=1, syncfusionViewerScale=0.41, overlayDiv=true, overlayDivW=335, overlayDivH=433, overlayDivTransform=none, overlayContentTransform=scale(0.931818)
[SVG p1] render — 0 objs, viewBox=612x792
[SVGAnnotationLayer] setRotInputVisible(false) reason=selectedIds.size !== 1
[App-Debug p1] PAL render — pageSize={w:612, h:792}, layerScale=0.54739, measuredPageScale=0.54739, committedPageScale=0.54739, legacyCommitCompensationPending=false, legacyCommitCompensationScale=1, overlayContentTransformScale=0.931818, storedOverlayTransformScale=1, syncfusionViewerScale=0.41, overlayDiv=true, overlayDivW=335, overlayDivH=433, overlayDivTransform=none, overlayContentTransform=scale(0.931818)
[SVG p1] render — 0 objs, viewBox=612x792
[SVG p1] render — 0 objs, viewBox=612x792
[App-Debug p1] PAL render — pageSize={w:612, h:792}, layerScale=0.54739, measuredPageScale=0.54739, committedPageScale=0.54739, legacyCommitCompensationPending=false, legacyCommitCompensationScale=1, overlayContentTransformScale=0.931818, storedOverlayTransformScale=1, syncfusionViewerScale=0.41, overlayDiv=true, overlayDivW=335, overlayDivH=433, overlayDivTransform=none, overlayContentTransform=scale(0.931818)
[SVG p1] render — 0 objs, viewBox=612x792
[SVGAnnotationLayer] setRotInputVisible(false) reason=selectedIds.size !== 1
[App-Debug p1] PAL render — pageSize={w:612, h:792}, layerScale=0.54739, measuredPageScale=0.54739, committedPageScale=0.54739, legacyCommitCompensationPending=false, legacyCommitCompensationScale=1, overlayContentTransformScale=0.931818, storedOverlayTransformScale=1, syncfusionViewerScale=0.41, overlayDiv=true, overlayDivW=335, overlayDivH=433, overlayDivTransform=none, overlayContentTransform=scale(0.931818)
[SVG p1] render — 0 objs, viewBox=612x792
[App-Debug p1] PAL render — pageSize={w:612, h:792}, layerScale=0.54739, measuredPageScale=0.54739, committedPageScale=0.54739, legacyCommitCompensationPending=false, legacyCommitCompensationScale=1, overlayContentTransformScale=0.931818, storedOverlayTransformScale=1, syncfusionViewerScale=0.41, overlayDiv=true, overlayDivW=335, overlayDivH=433, overlayDivTransform=none, overlayContentTransform=scale(0.931818)
[SVG p1] render — 0 objs, viewBox=612x792
[App-Debug p1] PAL render — pageSize={w:612, h:792}, layerScale=0.54739, measuredPageScale=0.54739, committedPageScale=0.54739, legacyCommitCompensationPending=false, legacyCommitCompensationScale=1, overlayContentTransformScale=0.931818, storedOverlayTransformScale=1, syncfusionViewerScale=0.41, overlayDiv=true, overlayDivW=335, overlayDivH=433, overlayDivTransform=none, overlayContentTransform=scale(0.931818)
[App-Debug p1] PAL render — pageSize={w:612, h:792}, layerScale=0.54739, measuredPageScale=0.54739, committedPageScale=0.54739, legacyCommitCompensationPending=false, legacyCommitCompensationScale=1, overlayContentTransformScale=0.931818, storedOverlayTransformScale=1, syncfusionViewerScale=0.41, overlayDiv=true, overlayDivW=335, overlayDivH=433, overlayDivTransform=none, overlayContentTransform=scale(0.931818)
[SVG p1] render — 0 objs, viewBox=612x792
[App-Debug p1] PAL render — pageSize={w:612, h:792}, layerScale=0.54739, measuredPageScale=0.54739, committedPageScale=0.54739, legacyCommitCompensationPending=false, legacyCommitCompensationScale=1, overlayContentTransformScale=0.931818, storedOverlayTransformScale=1, syncfusionViewerScale=0.41, overlayDiv=true, overlayDivW=335, overlayDivH=433, overlayDivTransform=none, overlayContentTransform=scale(0.931818)
[App-Debug p1] PAL render — pageSize={w:612, h:792}, layerScale=0.54739, measuredPageScale=0.54739, committedPageScale=0.54739, legacyCommitCompensationPending=false, legacyCommitCompensationScale=1, overlayContentTransformScale=0.931818, storedOverlayTransformScale=1, syncfusionViewerScale=0.41, overlayDiv=true, overlayDivW=335, overlayDivH=433, overlayDivTransform=none, overlayContentTransform=scale(0.931818)
[SVG p1] render — 0 objs, viewBox=612x792
[SVG p1] render — 0 objs, viewBox=612x792