===== SurveyApp Save Log =====
version:   0.1.45
runtime:   dev-server
platform:  desktop
device:    Mac
os:        macOS 10.15.7
screen:    1512x982 @2x
viewport:  1512x826
locale:    en-US
timestamp: 2026-05-04T18:42:36.502Z (5/4/2026, 2:42:36 PM)
==============================
[dev-auto-login] boot {"hasDevEmail":true,"devEmailHint":"isai***","hasDevPassword":true,"hasCachedSession":true,"cachedSessionEmail":"isaiahcalvo123@gmail.com","cachedSessionExpiresAt":1777923100}
[dev-auto-login] cached session matches dev email, keeping it
[dev-auto-login] decision {"needsAutoLogin":false,"willAttemptSignIn":false}
[CloudSync][hook] session id minted {"sessionId":"4f8d7ed1-043a-48ac-b9e4-9dceff75e6e4"}
[AnnotPerf] finalize idle (forced-reset) — deferring CSS transform removal, waiting for PAL confirmation
[DebugBridge +4369.6ms] zoom_start {"scale":1.1732,"targetScale":1,"source":"keyboard_toolbar"}
[CloudSync][hook][state-obs] annotationsByPage initial {"currentCount":0,"pages":0,"hydrated":false}
[CloudSync][hook][state-obs] callouts initial {"currentCount":0,"hydrated":false}
[CloudSync][hook] hydrate effect fired {"enabled":false,"documentId":"70dadd86-35f0-432b-925f-c59e919a4e4d","userId":"170d915c-5741-4e0b-b03f-deaeedae27bd","pdfId":null}
[CloudSync][hook] hydrate skipped — missing prerequisite {"enabled":false,"hasDocumentId":true,"hasUserId":true,"hasPdfId":false}
[CSeries wipe] doc=Package 2 - Rev 4 -- IC.pdf-8316501 totalCounters=1 legacyRemoved=0 — nothing to wipe.
[Phase31 UAT] backfill:effect {"hasYdoc":true,"docId":"70dadd86-35f0-432b-925f-c59e919a4e4d","userId":null,"alreadyRanFor":null,"willRun":false}
[CloudSync][hook][state-obs] change {"prevCount":0,"currentCount":5767,"delta":5767,"hydrated":false,"sameRefAsLastByPage":false}
[CloudSync][hook][state-obs] callout change {"prevCount":0,"currentCount":0,"delta":0,"hydrated":false,"sameRefAsLastCallouts":false}
[CloudSync][hook] hydrate effect fired {"enabled":false,"documentId":"70dadd86-35f0-432b-925f-c59e919a4e4d","userId":"170d915c-5741-4e0b-b03f-deaeedae27bd","pdfId":"Package 2 - Rev 4 -- IC.pdf-8316501"}
[CloudSync][hook] hydrate skipped — missing prerequisite {"enabled":false,"hasDocumentId":true,"hasUserId":true,"hasPdfId":true}
[Phase31 UAT] backfill:effect {"hasYdoc":true,"docId":"70dadd86-35f0-432b-925f-c59e919a4e4d","userId":"170d915c-5741-4e0b-b03f-deaeedae27bd","alreadyRanFor":null,"willRun":true}
[Phase31 UAT] backfill:start {"hasYdoc":true,"hasSupabase":true,"documentId":"70dadd86-35f0-432b-925f-c59e919a4e4d","userId":"170d915c-5741-4e0b-b03f-deaeedae27bd","markCutoverComplete":true}
[CloudSync][hydrate] loadAllNonHighlightAnnotations start {"documentId":"70dadd86-35f0-432b-925f-c59e919a4e4d"}
console.warn @ [SupabaseYjsProvider] update exceeds soft cap 14130846 bytes — skipping broadcast
[DebugBridge +7716.1ms] zoom_end {"source":"keyboard_toolbar_settle"}
[HIGHLIGHT-SYNC][load.legacy][pdf=Package 2 - Rev 4 -- IC.pdf] {"documentId":"70dadd86-35f0-432b-925f-c59e919a4e4d","totalRows":1820,"fabricCarryingDropped":1820,"keptCount":0,"keptIds":[]}
[PrintPanel] RENDER — panel closed
console.warn @ [CloudSync][hook][state-obs] SHRINK {"prevCount":5767,"currentCount":3059,"delta":-2708,"hydrated":false,"sameRefAsLastByPage":false,"stack":"    at commitHookEffectListMount (http://localhost:5173/node_modules/.vite/deps/chunk-DSUIPI7G.js?v=d338d6e7:23793:34) |     at commitPassiveMountOnFiber (http://localhost:5173/node_modules/.vite/deps/chunk-DSUIPI7G.js?v=d338d6e7:25034:19) |     at commitPassiveMountEffects_complete (http://localhost:5173/node_modules/.vite/deps/chunk-DSUIPI7G.js?v=d338d6e7:25007:17) |     at commitPassiveMountEffects_begin (http://localhost:5173/node_modules/.vite/deps/chunk-DSUIPI7G.js?v=d338d6e7:24997:15) |     at commitPassiveMountEffects (http://localhost:5173/node_modules/.vite/deps/chunk-DSUIPI7G.js?v=d338d6e7:24987:11) |     at flushPassiveEffectsImpl (http://localhost:5173/node_modules/.vite/deps/chunk-DSUIPI7G.js?v=d338d6e7:26368:11)"}
[CloudSync][hook][state-obs] callout change {"prevCount":0,"currentCount":0,"delta":0,"hydrated":false,"sameRefAsLastCallouts":false}
[CloudSync][hook] hydrate effect fired {"enabled":true,"documentId":"70dadd86-35f0-432b-925f-c59e919a4e4d","userId":"170d915c-5741-4e0b-b03f-deaeedae27bd","pdfId":"Package 2 - Rev 4 -- IC.pdf-8316501"}
[CloudSync][hook] stage=hydrating
[CloudSync][hook] fabric push skipped — not hydrated yet
[CloudSync][hook] callout push skipped — not hydrated yet
[CloudSync][realtime] subscribing {"documentId":"70dadd86-35f0-432b-925f-c59e919a4e4d","currentUserId":"170d915c-5741-4e0b-b03f-deaeedae27bd","currentSessionId":"4f8d7ed1-043a-48ac-b9e4-9dceff75e6e4","hasFabricInsert":true,"hasFabricUpdate":true,"hasFabricDelete":true,"hasCalloutInsert":true,"hasCalloutUpdate":true,"hasCalloutDelete":true}
[Counter SVG p1] dispatching renderCounter — i=0, displayNumber=1, fill=#ef4444, numberColor=unset, left=869.89, top=298.11, radius=14
[CloudSync][realtime] subscribe status {"status":"SUBSCRIBED","error":null}
[CloudSync][hook] post-subscribe catch-up skipped — startup sync already in flight
[SVGAnnotationLayer] setRotInputVisible(false) reason=selectedIds.size !== 1
[SVGAnnotationLayer] setRotInputVisible(false) reason=selectedIds.size !== 1
[SVGAnnotationLayer] setRotInputVisible(false) reason=selectedIds.size !== 1
[SVGAnnotationLayer] setRotInputVisible(false) reason=selectedIds.size !== 1
[SVGAnnotationLayer] setRotInputVisible(false) reason=selectedIds.size !== 1
[SVGAnnotationLayer] setRotInputVisible(false) reason=selectedIds.size !== 1
[CloudSync][hook] cutover-complete hydrate — reading from Y.Doc {"documentId":"70dadd86-35f0-432b-925f-c59e919a4e4d","cutoverTs":"2026-05-04T18:30:47.673+00:00"}
[Phase31 UAT] hydrate:cutover-sealed {"documentId":"70dadd86-35f0-432b-925f-c59e919a4e4d","pdfId":"Package 2 - Rev 4 -- IC.pdf-8316501","cutoverTs":"2026-05-04T18:30:47.673+00:00","yMapSize":5766,"materializedTotal":5766,"materializedDrawnByMe":5766,"materializedDrawnByOthers":0,"materializedImported":0,"pages":7,"perPage":{"1":1,"6":768,"7":291,"8":785,"9":2754,"10":654,"11":513},"currentStateCount":3059,"ydocLooksDegenerate":false}
[Phase31 UAT] hydrate:cutover-sealed:by-type {"documentId":"70dadd86-35f0-432b-925f-c59e919a4e4d","pdfFile":"Package 2 - Rev 4 -- IC.pdf-8316501","viewerUserId":"170d915c-5741-4e0b-b03f-deaeedae27bd","yMapTotal":5766,"yMapByType":{"path":5758,"rect":6,"textbox":1,"circle":1},"yMapByAuthor":{"byMe":5766,"byOthers":0,"anonymous":0},"yMapByTypeByAuthor":{"path":{"byMe":5758,"byOthers":0,"anonymous":0},"rect":{"byMe":6,"byOthers":0,"anonymous":0},"textbox":{"byMe":1,"byOthers":0,"anonymous":0},"circle":{"byMe":1,"byOthers":0,"anonymous":0}},"yMapPerTypePerPage":{"path":{"6":766,"7":290,"8":784,"9":2753,"10":653,"11":512},"rect":{"6":1,"7":1,"8":1,"9":1,"10":1,"11":1},"textbox":{"6":1},"circle":{"unknown":1}},"byPageTotal":5766,"byPageByType":{"circle":1,"path":5758,"rect":6,"textbox":1},"byPagePerPagePerType":{"1":{"circle":1},"6":{"path":766,"rect":1,"textbox":1},"7":{"rect":1,"path":290},"8":{"rect":1,"path":784},"9":{"path":2753,"rect":1},"10":{"path":653,"rect":1},"11":{"rect":1,"path":512}}}
[Counter SVG p1] dispatching renderCounter — i=0, displayNumber=1, fill=#ef4444, numberColor=unset, left=869.89, top=298.11, radius=14
[CloudSync][hook][state-obs] change {"prevCount":3059,"currentCount":5766,"delta":2707,"hydrated":true,"sameRefAsLastByPage":true}
[DebugBridge +9260.1ms] pdf_loaded {"pageCount":36,"currentPage":1}
[DebugBridge +9379.2ms] zoom_start {"scale":1.1732,"targetScale":0.9,"source":"zoomChange"}
[HyperlinkDiag] post-load scan {"hyperlinkCount":0,"samples":[]}
[HyperlinkDiag] page 1 layers {"hyperlinkChildren":0,"layerClasses":["DIV","e-spinner-pane e-spin-show","e-pv-page-canvas","e-pv-annotation-canvas","DIV","e-pv-text-layer"]}
[HyperlinkDiag] page 2 layers {"hyperlinkChildren":0,"layerClasses":["DIV","e-spinner-pane e-spin-show","e-pv-page-canvas","e-pv-annotation-canvas","DIV","e-pv-text-layer"]}
[HyperlinkDiag] page 3 layers {"hyperlinkChildren":0,"layerClasses":["DIV","e-spinner-pane e-spin-hide","e-pv-page-canvas","e-pv-annotation-canvas","DIV","IMG","IMG","IMG","IMG","e-pv-text-layer"]}
[HyperlinkDiag] page 4 layers {"hyperlinkChildren":0,"layerClasses":["DIV","e-spinner-pane e-spin-hide","e-pv-page-canvas","e-pv-annotation-canvas","DIV","IMG","IMG"]}
[DebugBridge +10602.9ms] zoom_end {"source":"zoomChange_settle"}
[Phase31 UAT] backfill:degeneracy-probe {"documentId":"70dadd86-35f0-432b-925f-c59e919a4e4d","userId":"170d915c-5741-4e0b-b03f-deaeedae27bd","yMapSize":5766,"legacyCount":null,"probeOk":false,"tolerance":0,"yMapLooksHealthy":true,"dedupeRan":true,"lastGoodSize":5767}
console.error @ [AnnotationSync] Error upserting annotations: {"code":"57014","details":null,"hint":null,"message":"canceling statement due to statement timeout"}
console.error @ [DocumentSync] Sync failed: {"code":"57014","details":null,"hint":null,"message":"canceling statement due to statement timeout"}
[DebugBridge +41429.0ms] zoom_start {"scale":0.67,"targetScale":0.77,"source":"zoomChange"}
[CloudSync][hydrate] loadAllNonHighlightAnnotations ok {"elapsedMs":37566,"totalRowsScanned":24450,"scanned":{"nonHighlight":22630,"legacyFabricHighlights":1820},"totalRows":24450,"rowsByType":{"ink":22584,"square":42,"freetext":4,"highlight":1820},"pagesWithObjects":6,"calloutCount":0}
[DebugBridge +42749.0ms] zoom_end {"source":"zoomChange_settle"}
[DebugBridge +43194.7ms] zoom_start {"scale":2.7809970958232877,"targetScale":2.680997095823288,"source":"zoomChange"}
[DebugBridge +46457.2ms] zoom_end {"source":"zoomChange_settle"}
[DebugBridge +46978.3ms] zoom_start {"scale":3.005513530254364,"targetScale":3.105513530254364,"source":"zoomChange"}
[DebugBridge +48159.7ms] zoom_end {"source":"zoomChange_settle"}