===== SurveyApp Save Log =====
version:   0.1.45
runtime:   dev-server
platform:  desktop
device:    Mac
os:        macOS 10.15.7
screen:    1512x982 @2x
viewport:  1512x826
locale:    en-US
timestamp: 2026-05-15T04:18:15.494Z (5/15/2026, 12:18:15 AM)
==============================
[dev-auto-login] boot {"hasDevEmail":true,"devEmailHint":"isai***","hasDevPassword":true,"hasCachedSession":true,"cachedSessionEmail":"isaiahcalvo123@gmail.com","cachedSessionExpiresAt":1778821682}
[dev-auto-login] cached session matches dev email, keeping it
[dev-auto-login] decision {"needsAutoLogin":false,"willAttemptSignIn":false}
[CloudSync][hook] session id minted {"sessionId":"bae4b745-e22d-4c06-884f-0e8d747b52f4"}
[CloudSync][hook][state-obs] annotationsByPage initial {"currentCount":0,"pages":0,"hydrated":false}
[CloudSync][hook][state-obs] callouts initial {"currentCount":0,"hydrated":false}
[CloudSync][hook] hydrate effect fired {"enabled":false,"hydrateEnabled":true,"documentId":"484e4280-bca3-4ebe-bde7-d9371da0f528","userId":"170d915c-5741-4e0b-b03f-deaeedae27bd","pdfId":null}
[CloudSync][hook] hydrate skipped — missing prerequisite {"hydrateEnabled":true,"hasDocumentId":true,"hasUserId":true,"hasPdfId":false}
[AnnotationHydrationGate][normal] {"documentId":"484e4280-bca3-4ebe-bde7-d9371da0f528","pdfId":null,"ready":false,"source":"missing-prerequisite","normalReady":false,"cutoverTs":null,"count":null,"calloutCount":null,"firstPaintGate":true}
[AnnotationHydrationGate][first-page] {"documentId":"484e4280-bca3-4ebe-bde7-d9371da0f528","pdfId":null,"pageNumber":1,"ready":false,"visualCoverActive":true,"normal":{"documentId":"484e4280-bca3-4ebe-bde7-d9371da0f528","pdfId":null,"ready":false,"source":"pending","firstPaintGate":true},"survey":{"ready":true,"source":"local"}}
[AnnotationHydrationGate][visual-cover] {"documentId":"484e4280-bca3-4ebe-bde7-d9371da0f528","pdfId":null,"pageNumber":1,"active":true,"reason":"annotation-hydration-gated"}
[Cloud render cache] doc=test.pdf-2462 painting verified cloud snapshot immediately — count=8.
[CSeries wipe] doc=test.pdf-2462 totalCounters=1 legacyRemoved=0 — nothing to wipe.
[Phase31 UAT] backfill:effect {"hasYdoc":true,"docId":"484e4280-bca3-4ebe-bde7-d9371da0f528","userId":null,"alreadyRanFor":null,"willRun":false}
[CloudSync][hook] hydrate effect fired {"enabled":false,"hydrateEnabled":true,"documentId":"484e4280-bca3-4ebe-bde7-d9371da0f528","userId":"170d915c-5741-4e0b-b03f-deaeedae27bd","pdfId":"test.pdf-2462"}
[AnnotationHydrationGate][normal] {"documentId":"484e4280-bca3-4ebe-bde7-d9371da0f528","pdfId":"test.pdf-2462","ready":false,"source":"starting","normalReady":false,"cutoverTs":null,"count":null,"calloutCount":null,"firstPaintGate":true}
[CloudSync][hook] stage=hydrating
[AnnotationHydrationGate][first-page] {"documentId":"484e4280-bca3-4ebe-bde7-d9371da0f528","pdfId":"test.pdf-2462","pageNumber":1,"ready":false,"visualCoverActive":true,"normal":{"documentId":"484e4280-bca3-4ebe-bde7-d9371da0f528","pdfId":null,"ready":false,"source":"missing-prerequisite","normalReady":false,"cutoverTs":null,"count":null,"calloutCount":null,"firstPaintGate":true},"survey":{"ready":false,"source":"supabase-highlight-starting","documentId":"484e4280-bca3-4ebe-bde7-d9371da0f528","pdfId":"test.pdf-2462"}}
[AnnotationHydrationGate][visual-cover] {"documentId":"484e4280-bca3-4ebe-bde7-d9371da0f528","pdfId":"test.pdf-2462","pageNumber":1,"active":true,"reason":"annotation-hydration-gated"}
[AnnotationHydrationGate][first-page] {"documentId":"484e4280-bca3-4ebe-bde7-d9371da0f528","pdfId":"test.pdf-2462","pageNumber":1,"ready":false,"visualCoverActive":true,"normal":{"documentId":"484e4280-bca3-4ebe-bde7-d9371da0f528","pdfId":"test.pdf-2462","ready":false,"source":"starting","normalReady":false,"cutoverTs":null,"count":null,"calloutCount":null,"firstPaintGate":true},"survey":{"ready":false,"source":"supabase-highlight-starting","documentId":"484e4280-bca3-4ebe-bde7-d9371da0f528","pdfId":"test.pdf-2462"}}
[AnnotationHydrationGate][visual-cover] {"documentId":"484e4280-bca3-4ebe-bde7-d9371da0f528","pdfId":"test.pdf-2462","pageNumber":1,"active":true,"reason":"annotation-hydration-gated"}
[Phase31 UAT] backfill:effect {"hasYdoc":true,"docId":"484e4280-bca3-4ebe-bde7-d9371da0f528","userId":"170d915c-5741-4e0b-b03f-deaeedae27bd","alreadyRanFor":null,"willRun":true}
[Phase31 UAT] backfill:start {"hasYdoc":true,"hasSupabase":true,"documentId":"484e4280-bca3-4ebe-bde7-d9371da0f528","userId":"170d915c-5741-4e0b-b03f-deaeedae27bd","markCutoverComplete":true}
[CloudSync][hook] cutover-complete hydrate — reading from Y.Doc {"documentId":"484e4280-bca3-4ebe-bde7-d9371da0f528","cutoverTs":"2026-05-15T04:16:02.86+00:00"}
[Phase31 UAT] hydrate:cutover-sealed {"documentId":"484e4280-bca3-4ebe-bde7-d9371da0f528","pdfId":"test.pdf-2462","cutoverTs":"2026-05-15T04:16:02.86+00:00","yMapSize":7,"yMapCalloutsSize":0,"materializedTotal":7,"materializedCallouts":0,"materializedDrawnByMe":7,"materializedDrawnByOthers":0,"materializedImported":0,"pages":1,"perPage":{"1":7},"currentStateCount":8,"ydocLooksDegenerate":false}
[Phase31 UAT] hydrate:cutover-sealed:by-type {"documentId":"484e4280-bca3-4ebe-bde7-d9371da0f528","pdfFile":"test.pdf-2462","viewerUserId":"170d915c-5741-4e0b-b03f-deaeedae27bd","yMapTotal":7,"yMapCalloutsTotal":0,"yMapByType":{"path":5,"circle":1,"rect":1},"yMapByAuthor":{"byMe":7,"byOthers":0,"anonymous":0},"yMapByTypeByAuthor":{"path":{"byMe":5,"byOthers":0,"anonymous":0},"circle":{"byMe":1,"byOthers":0,"anonymous":0},"rect":{"byMe":1,"byOthers":0,"anonymous":0}},"yMapPerTypePerPage":{"path":{"1":5},"circle":{"1":1},"rect":{"1":1}},"byPageTotal":7,"byPageByType":{"path":5,"circle":1,"rect":1},"byPagePerPagePerType":{"1":{"path":5,"circle":1,"rect":1}}}
[CloudSync][hydrate] loadAllNonHighlightAnnotations start {"documentId":"484e4280-bca3-4ebe-bde7-d9371da0f528"}
[HIGHLIGHT-SYNC][load.legacy][pdf=test.pdf] {"documentId":"484e4280-bca3-4ebe-bde7-d9371da0f528","totalRows":3,"fabricCarryingDropped":0,"keptCount":3,"keptIds":["highlight-1778797501682-m1zlziliy","highlight-1778797496854-rlutw24e8","highlight-1778805151496-4skh0sali"]}
[AnnotationHydrationGate][survey] supabase highlights complete {"documentId":"484e4280-bca3-4ebe-bde7-d9371da0f528","pdfId":"test.pdf-2462","count":3}
[AnnotationHydrationGate][first-page] {"documentId":"484e4280-bca3-4ebe-bde7-d9371da0f528","pdfId":"test.pdf-2462","pageNumber":1,"ready":false,"visualCoverActive":true,"normal":{"documentId":"484e4280-bca3-4ebe-bde7-d9371da0f528","pdfId":"test.pdf-2462","ready":false,"source":"starting","normalReady":false,"cutoverTs":null,"count":null,"calloutCount":null,"firstPaintGate":true},"survey":{"ready":true,"source":"supabase-highlight","documentId":"484e4280-bca3-4ebe-bde7-d9371da0f528","pdfId":"test.pdf-2462","count":3}}
[AnnotationHydrationGate][visual-cover] {"documentId":"484e4280-bca3-4ebe-bde7-d9371da0f528","pdfId":"test.pdf-2462","pageNumber":1,"active":true,"reason":"annotation-hydration-gated"}
[PDFImport] skipped embedded PDF annotation import — cloud/Y.Doc is authoritative {"documentId":"484e4280-bca3-4ebe-bde7-d9371da0f528"}
[PDFCounterImport] summary {"marker":"survey-counter","metadataKey":"SurveyApp","counterAnnotationsImported":0,"plainCirclesImported":0,"counterMetadataParseFailures":0,"appCalloutMarker":"survey-callout","appCalloutMetadataKey":"SurveyAppCallout","appCalloutAnnotationsImported":0,"appCalloutPiecesSkipped":0}
[PDFAppLayerStateImport] summary {"found":false,"documentId":null,"exportId":null,"scopedAnnotationPages":0,"scopedCallouts":0,"surveyHighlights":0,"spaces":0}
[PDFImport] native layer policy {"documentId":"484e4280-bca3-4ebe-bde7-d9371da0f528","cloudAuthoritative":true,"reason":"cloud/Y.Doc annotations are authoritative; native PDF annotation layer is hidden when all renderable native annotations are accounted for by importer diagnostics.","pages":{"1":{"hideNativeLayer":false,"nativeRenderableAnnotationCount":0,"nativeOnlyAnnotationCount":0,"reason":"no-renderable-native-annotations"},"2":{"hideNativeLayer":false,"nativeRenderableAnnotationCount":0,"nativeOnlyAnnotationCount":0,"reason":"no-renderable-native-annotations"},"3":{"hideNativeLayer":false,"nativeRenderableAnnotationCount":0,"nativeOnlyAnnotationCount":0,"reason":"no-renderable-native-annotations"}}}
[PrintPanel] RENDER — panel closed
[Phase31 UAT] backfill:degeneracy-probe {"documentId":"484e4280-bca3-4ebe-bde7-d9371da0f528","userId":"170d915c-5741-4e0b-b03f-deaeedae27bd","yMapSize":7,"legacyCount":8,"probeOk":true,"tolerance":100,"yMapLooksHealthy":false,"dedupeRan":true,"lastGoodSize":120,"hardFloorBreached":true}
console.warn @ [crdtBackfill] cutover sealed but Y.Map < legacy count — re-running import loop to recover {"yMapSize":7,"legacyCount":8}
[Phase31 UAT] backfill:select-loop start {"documentId":"484e4280-bca3-4ebe-bde7-d9371da0f528","userId":"170d915c-5741-4e0b-b03f-deaeedae27bd","pageSize":1000}
[CloudSync][hook] fabric push skipped — not hydrated yet
[CloudSync][hook] callout push skipped — not hydrated yet
[CloudSync][realtime] subscribing {"documentId":"484e4280-bca3-4ebe-bde7-d9371da0f528","currentUserId":"170d915c-5741-4e0b-b03f-deaeedae27bd","currentSessionId":"bae4b745-e22d-4c06-884f-0e8d747b52f4","hasFabricInsert":true,"hasFabricUpdate":true,"hasFabricDelete":true,"hasCalloutInsert":true,"hasCalloutUpdate":true,"hasCalloutDelete":true}
[SVGAnnotationLayer] setRotInputVisible(false) reason=no single rotation target selected
[SVGAnnotationLayer] setRotInputVisible(false) reason=no single rotation target selected
[CloudSync][realtime] subscribe status {"status":"SUBSCRIBED","error":null}
[Phase31 UAT] post-subscribe catch-up skipped — doc is cutover-sealed, Y.Doc + realtime is source of truth {"documentId":"484e4280-bca3-4ebe-bde7-d9371da0f528","pdfId":"test.pdf-2462","cutoverTs":"2026-05-15T04:16:02.86+00:00","ydocAuthoritative":true}
[Phase31 UAT] backfill:select-loop page ok {"documentId":"484e4280-bca3-4ebe-bde7-d9371da0f528","page":0,"range":[0,999],"pageRows":8,"totalSoFar":8,"pageElapsedMs":136}
[DebugBridge +4255.1ms] pdf_loaded {"pageCount":3,"currentPage":1}
[DebugBridge +4334.6ms] zoom_start {"scale":1.33333,"targetScale":0.94,"source":"zoomChange"}
[CloudSync][hydrate] loadAllNonHighlightAnnotations ok {"elapsedMs":437,"totalRowsScanned":8,"scanned":{"nonHighlight":8,"legacyFabricHighlights":0},"totalRows":8,"rowsByType":{"ink":6,"counter":1,"square":1},"pagesWithObjects":1,"calloutCount":0}
[CloudSync][verify] first read summary {"contextLabel":"cutover-source-of-truth","documentId":"484e4280-bca3-4ebe-bde7-d9371da0f528","elapsedMs":437,"firstFabricPages":1,"firstFabricObjects":8,"firstCallouts":0,"firstEmpty":false,"localFabricCount":7,"localCalloutCount":0,"localHasData":true,"willVerify":false}
[CloudSync][source-of-truth] cutover initial hydrate selected Supabase durable snapshot {"documentId":"484e4280-bca3-4ebe-bde7-d9371da0f528","pdfId":"test.pdf-2462","cutoverTs":"2026-05-15T04:16:02.86+00:00","ydocFabricCount":7,"ydocCalloutCount":0,"supabaseFabricCount":8,"supabaseCalloutCount":0,"rule":"Supabase durable snapshot wins initial load; Y.Doc is reshaped for live collaboration"}
[Phase31 UAT] save:fan-out done {"documentId":"484e4280-bca3-4ebe-bde7-d9371da0f528","pdfId":"test.pdf-2462","userId":"170d915c-5741-4e0b-b03f-deaeedae27bd","actionType":null,"dispatched":8,"yDocUpdateCount":8,"detected":8,"skippedHighlightOrCallout":0,"skippedOtherType":0,"rawTypeBreakdown":{"pen":6,"counter":1,"rect":1},"resolvedTypeBreakdown":{"ink":6,"counter":1,"square":1},"skipReasons":{},"skipSamples":[],"yMapSizeAfter":8}
[CloudSync][hook] callout Y.Doc fan-out done {"documentId":"484e4280-bca3-4ebe-bde7-d9371da0f528","pdfId":"test.pdf-2462","userId":"170d915c-5741-4e0b-b03f-deaeedae27bd","actionType":"callout:delta","upserted":0,"deleted":0,"yDocUpdateCount":0,"yMapCalloutsSizeAfter":0}
[AnnotationHydrationGate][normal] {"documentId":"484e4280-bca3-4ebe-bde7-d9371da0f528","pdfId":"test.pdf-2462","ready":true,"source":"supabase-durable-snapshot","normalReady":true,"cutoverTs":"2026-05-15T04:16:02.86+00:00","count":8,"calloutCount":0,"firstPaintGate":true}
[AnnotationHydrationGate][first-page] {"documentId":"484e4280-bca3-4ebe-bde7-d9371da0f528","pdfId":"test.pdf-2462","pageNumber":1,"ready":true,"visualCoverActive":false,"normal":{"documentId":"484e4280-bca3-4ebe-bde7-d9371da0f528","pdfId":"test.pdf-2462","ready":true,"source":"supabase-durable-snapshot","normalReady":true,"cutoverTs":"2026-05-15T04:16:02.86+00:00","count":8,"calloutCount":0,"firstPaintGate":true},"survey":{"ready":true,"source":"supabase-highlight","documentId":"484e4280-bca3-4ebe-bde7-d9371da0f528","pdfId":"test.pdf-2462","count":3}}
[AnnotationHydrationGate][visual-cover] {"documentId":"484e4280-bca3-4ebe-bde7-d9371da0f528","pdfId":"test.pdf-2462","pageNumber":1,"active":false,"reason":"hydration-ready"}
[Phase31 UAT] backfill:done {"ranAs":"leader","documentId":"484e4280-bca3-4ebe-bde7-d9371da0f528","userId":"170d915c-5741-4e0b-b03f-deaeedae27bd","rowsFetched":8,"imported":8,"skipped":0,"yMapSizeAfter":8,"cutoverRequested":true,"cutoverCompleted":true,"importedByType":{"ink":6,"counter":1,"square":1},"skippedByType":{}}
[crdtDedupePdfImports] removed 1 duplicate PDF-imported annotations across 6 unique signatures
[CloudSync][hook] dedupe-resync — restoring state {"documentId":"484e4280-bca3-4ebe-bde7-d9371da0f528","removed":1,"resyncCount":7}
[CloudSync][hook][state-obs] SHRINK {"prevCount":8,"currentCount":7,"delta":-1,"hydrated":true,"sameRefAsLastByPage":true,"stack":"    at commitHookEffectListMount (http://localhost:5173/node_modules/.vite/deps/chunk-DSUIPI7G.js?v=dacbf8e6:23793:34) |     at commitPassiveMountOnFiber (http://localhost:5173/node_modules/.vite/deps/chunk-DSUIPI7G.js?v=dacbf8e6:25034:19) |     at commitPassiveMountEffects_complete (http://localhost:5173/node_modules/.vite/deps/chunk-DSUIPI7G.js?v=dacbf8e6:25007:17) |     at commitPassiveMountEffects_begin (http://localhost:5173/node_modules/.vite/deps/chunk-DSUIPI7G.js?v=dacbf8e6:24997:15) |     at commitPassiveMountEffects (http://localhost:5173/node_modules/.vite/deps/chunk-DSUIPI7G.js?v=dacbf8e6:24987:11) |     at flushPassiveEffectsImpl (http://localhost:5173/node_modules/.vite/deps/chunk-DSUIPI7G.js?v=dacbf8e6:26368:11)"}
[HyperlinkDiag] post-load scan {"hyperlinkCount":0,"samples":[]}
[HyperlinkDiag] page 1 layers {"hyperlinkChildren":0,"layerClasses":["DIV","e-spinner-pane e-spin-show","e-pv-page-canvas","DIV","e-pv-annotation-canvas","e-pv-text-layer"]}
[HyperlinkDiag] page 2 layers {"hyperlinkChildren":0,"layerClasses":["DIV","e-spinner-pane e-spin-show","e-pv-page-canvas","DIV","e-pv-annotation-canvas","e-pv-text-layer"]}
[HyperlinkDiag] page 3 layers {"hyperlinkChildren":0,"layerClasses":["DIV","e-spinner-pane e-spin-show","e-pv-page-canvas","DIV","e-pv-annotation-canvas","e-pv-text-layer"]}
[TextSearchDiag] document_key_ready {"at":"2026-05-15T04:17:42.092Z","documentKey":"explicit:484e4280-bca3-4ebe-bde7-d9371da0f528:test.pdf-2462:3","numPages":3}
[DebugBridge +5965.8ms] zoom_end {"source":"zoomChange_settle"}
[TextSearchDiag] search_clear_empty_query {"at":"2026-05-15T04:17:42.539Z","previousResultCount":0,"previousIndex":-1,"documentKey":"explicit:484e4280-bca3-4ebe-bde7-d9371da0f528:test.pdf-2462:3"}
[TextSearchDiag] search_start {"at":"2026-05-15T04:17:43.990Z","query":"s","searchId":1,"numPages":3,"documentKey":"explicit:484e4280-bca3-4ebe-bde7-d9371da0f528:test.pdf-2462:3"}
[TextSearchDiag] results_change {"at":"2026-05-15T04:17:43.992Z","reason":"progressive","previousCount":0,"nextCount":14,"query":"s","documentKey":"explicit:484e4280-bca3-4ebe-bde7-d9371da0f528:test.pdf-2462:3"}
[TextSearchDiag] app_results_change {"at":"2026-05-15T04:17:43.992Z","previousCount":0,"nextCount":14,"currentMatchIndex":-1,"pageNum":1,"scale":0.7,"pdfDocumentKey":"484e4280-bca3-4ebe-bde7-d9371da0f528:test.pdf-2462:3"}
[TextSearchDiag] current_match_change {"at":"2026-05-15T04:17:43.992Z","reason":"search-complete","previousIndex":-1,"nextIndex":0,"resultCount":14,"query":"s","documentKey":"explicit:484e4280-bca3-4ebe-bde7-d9371da0f528:test.pdf-2462:3"}
[TextSearchDiag] search_complete {"at":"2026-05-15T04:17:43.992Z","query":"s","searchId":1,"resultCount":14,"documentKey":"explicit:484e4280-bca3-4ebe-bde7-d9371da0f528:test.pdf-2462:3"}
[SVGAnnotationLayer] setRotInputVisible(false) reason=no single rotation target selected
[SVGAnnotationLayer] setRotInputVisible(false) reason=no single rotation target selected
[SVGAnnotationLayer] setRotInputVisible(false) reason=no single rotation target selected
[SVGAnnotationLayer] setRotInputVisible(false) reason=no single rotation target selected
[TextSearchDiag] search_start {"at":"2026-05-15T04:17:44.349Z","query":"sy","searchId":2,"numPages":3,"documentKey":"explicit:484e4280-bca3-4ebe-bde7-d9371da0f528:test.pdf-2462:3"}
[TextSearchDiag] results_change {"at":"2026-05-15T04:17:44.349Z","reason":"progressive","previousCount":14,"nextCount":3,"query":"sy","documentKey":"explicit:484e4280-bca3-4ebe-bde7-d9371da0f528:test.pdf-2462:3"}
[TextSearchDiag] app_results_change {"at":"2026-05-15T04:17:44.349Z","previousCount":14,"nextCount":3,"currentMatchIndex":0,"pageNum":1,"scale":0.7,"pdfDocumentKey":"484e4280-bca3-4ebe-bde7-d9371da0f528:test.pdf-2462:3"}
[TextSearchDiag] search_complete {"at":"2026-05-15T04:17:44.349Z","query":"sy","searchId":2,"resultCount":3,"documentKey":"explicit:484e4280-bca3-4ebe-bde7-d9371da0f528:test.pdf-2462:3"}
[TextSearchDiag] search_start {"at":"2026-05-15T04:17:44.579Z","query":"syn","searchId":3,"numPages":3,"documentKey":"explicit:484e4280-bca3-4ebe-bde7-d9371da0f528:test.pdf-2462:3"}
[TextSearchDiag] search_complete {"at":"2026-05-15T04:17:44.580Z","query":"syn","searchId":3,"resultCount":3,"documentKey":"explicit:484e4280-bca3-4ebe-bde7-d9371da0f528:test.pdf-2462:3"}
[TextSearchDiag] search_start {"at":"2026-05-15T04:17:45.122Z","query":"sync","searchId":4,"numPages":3,"documentKey":"explicit:484e4280-bca3-4ebe-bde7-d9371da0f528:test.pdf-2462:3"}
[TextSearchDiag] search_complete {"at":"2026-05-15T04:17:45.123Z","query":"sync","searchId":4,"resultCount":3,"documentKey":"explicit:484e4280-bca3-4ebe-bde7-d9371da0f528:test.pdf-2462:3"}
[TextSearchDiag] match_navigate_request {"at":"2026-05-15T04:17:48.802Z","index":0,"resultCount":3,"pageNumber":1,"query":"sync","documentKey":"explicit:484e4280-bca3-4ebe-bde7-d9371da0f528:test.pdf-2462:3"}
[TextSearchDiag] app_match_navigation_start {"at":"2026-05-15T04:17:48.813Z","index":0,"pageNumber":1,"hasBounds":true,"currentScale":0.7,"targetRenderer":"syncfusion","pdfDocumentKey":"484e4280-bca3-4ebe-bde7-d9371da0f528:test.pdf-2462:3"}
[DebugBridge +12453.1ms] zoom_start {"scale":0.7,"targetScale":1.5,"source":"keyboard_toolbar"}
[DebugBridge +13858.0ms] zoom_end {"source":"zoomChange_settle"}
[TextSearchDiag] match_navigate_request {"at":"2026-05-15T04:17:53.518Z","index":1,"resultCount":3,"pageNumber":2,"query":"sync","documentKey":"explicit:484e4280-bca3-4ebe-bde7-d9371da0f528:test.pdf-2462:3"}
[TextSearchDiag] current_match_change {"at":"2026-05-15T04:17:53.519Z","reason":"navigate","previousIndex":0,"nextIndex":1,"resultCount":3,"query":"sync","documentKey":"explicit:484e4280-bca3-4ebe-bde7-d9371da0f528:test.pdf-2462:3"}
[TextSearchDiag] app_match_navigation_start {"at":"2026-05-15T04:17:53.519Z","index":1,"pageNumber":2,"hasBounds":true,"currentScale":1.5,"targetRenderer":"syncfusion","pdfDocumentKey":"484e4280-bca3-4ebe-bde7-d9371da0f528:test.pdf-2462:3"}
[DebugBridge +17814.8ms] page_visit_start {"page":2,"pageCount":3,"revisited":false,"hasContainer":true,"hasPdfSurface":true,"spinnerVisible":false,"hasAnnotationOverlay":true,"ready":true}
[DebugBridge +17815.2ms] page_visit_ready {"page":2,"pageCount":3,"revisited":false,"waitMs":1,"hasContainer":true,"hasPdfSurface":true,"spinnerVisible":false,"hasAnnotationOverlay":true,"ready":true}
[TextSearchDiag] match_navigate_request {"at":"2026-05-15T04:17:56.093Z","index":2,"resultCount":3,"pageNumber":3,"query":"sync","documentKey":"explicit:484e4280-bca3-4ebe-bde7-d9371da0f528:test.pdf-2462:3"}
[TextSearchDiag] current_match_change {"at":"2026-05-15T04:17:56.093Z","reason":"navigate","previousIndex":1,"nextIndex":2,"resultCount":3,"query":"sync","documentKey":"explicit:484e4280-bca3-4ebe-bde7-d9371da0f528:test.pdf-2462:3"}
[TextSearchDiag] app_match_navigation_start {"at":"2026-05-15T04:17:56.093Z","index":2,"pageNumber":3,"hasBounds":true,"currentScale":1.5,"targetRenderer":"syncfusion","pdfDocumentKey":"484e4280-bca3-4ebe-bde7-d9371da0f528:test.pdf-2462:3"}
[DebugBridge +20387.6ms] page_visit_start {"page":3,"pageCount":3,"revisited":false,"hasContainer":true,"hasPdfSurface":true,"spinnerVisible":false,"hasAnnotationOverlay":true,"ready":true}
[DebugBridge +20388.0ms] page_visit_ready {"page":3,"pageCount":3,"revisited":false,"waitMs":1,"hasContainer":true,"hasPdfSurface":true,"spinnerVisible":false,"hasAnnotationOverlay":true,"ready":true}
[TextSearchDiag] match_navigate_request {"at":"2026-05-15T04:18:00.208Z","index":1,"resultCount":3,"pageNumber":2,"query":"sync","documentKey":"explicit:484e4280-bca3-4ebe-bde7-d9371da0f528:test.pdf-2462:3"}
[TextSearchDiag] current_match_change {"at":"2026-05-15T04:18:00.208Z","reason":"navigate","previousIndex":2,"nextIndex":1,"resultCount":3,"query":"sync","documentKey":"explicit:484e4280-bca3-4ebe-bde7-d9371da0f528:test.pdf-2462:3"}
[TextSearchDiag] app_match_navigation_start {"at":"2026-05-15T04:18:00.208Z","index":1,"pageNumber":2,"hasBounds":true,"currentScale":1.5,"targetRenderer":"syncfusion","pdfDocumentKey":"484e4280-bca3-4ebe-bde7-d9371da0f528:test.pdf-2462:3"}
[DebugBridge +23938.1ms] page_visit_start {"page":2,"pageCount":3,"revisited":true,"hasContainer":true,"hasPdfSurface":true,"spinnerVisible":false,"hasAnnotationOverlay":true,"ready":true}
[DebugBridge +23938.4ms] page_visit_ready {"page":2,"pageCount":3,"revisited":true,"waitMs":0,"hasContainer":true,"hasPdfSurface":true,"spinnerVisible":false,"hasAnnotationOverlay":true,"ready":true}
[DebugBridge +25787.0ms] wheel_scroll_motion {"eventCount":4,"rawAbsX":0,"rawAbsY":18,"rawX":0,"rawY":-18,"clippedAbsX":0,"clippedAbsY":18,"clippedX":0,"clippedY":-18,"requestedAppliedX":0,"requestedAppliedY":-18.302832898598076,"appliedX":0,"appliedY":-16,"actualX":0,"actualY":-16,"sensitivity":1.0168240499221153,"currentZoomForScroll":1.5,"maxScrollStepX":16,"maxScrollStepY":16,"diagonalEvents":0,"clippedEvents":0}
[DebugBridge +25819.2ms] wheel_scroll_motion {"eventCount":3,"rawAbsX":0,"rawAbsY":26,"rawX":0,"rawY":-26,"clippedAbsX":0,"clippedAbsY":26,"clippedX":0,"clippedY":-26,"requestedAppliedX":0,"requestedAppliedY":-26.437425297974997,"appliedX":0,"appliedY":-16,"actualX":0,"actualY":-16,"sensitivity":1.0168240499221153,"currentZoomForScroll":1.5,"maxScrollStepX":16,"maxScrollStepY":16,"diagonalEvents":0,"clippedEvents":0}
[DebugBridge +25820.1ms] page_visit_start {"page":1,"pageCount":3,"revisited":false,"hasContainer":true,"hasPdfSurface":true,"spinnerVisible":false,"hasAnnotationOverlay":true,"ready":true}
[DebugBridge +25820.3ms] page_visit_ready {"page":1,"pageCount":3,"revisited":false,"waitMs":0,"hasContainer":true,"hasPdfSurface":true,"spinnerVisible":false,"hasAnnotationOverlay":true,"ready":true}
[DebugBridge +25844.3ms] wheel_scroll_motion {"eventCount":3,"rawAbsX":0,"rawAbsY":40,"rawX":0,"rawY":-40,"clippedAbsX":0,"clippedAbsY":40,"clippedX":0,"clippedY":-40,"requestedAppliedX":0,"requestedAppliedY":-40.67296199688461,"appliedX":0,"appliedY":-20.336480998442305,"actualX":0,"actualY":-20.5,"sensitivity":1.0168240499221153,"currentZoomForScroll":1.5,"maxScrollStepX":16,"maxScrollStepY":20.336480998442305,"diagonalEvents":0,"clippedEvents":0}
[DebugBridge +25869.2ms] wheel_scroll_motion {"eventCount":3,"rawAbsX":4,"rawAbsY":30,"rawX":-4,"rawY":-30,"clippedAbsX":4,"clippedAbsY":30,"clippedX":-4,"clippedY":-30,"requestedAppliedX":-3.863931389704038,"requestedAppliedY":-29.487897447741343,"appliedX":-3.863931389704038,"appliedY":-16,"actualX":0,"actualY":-16,"sensitivity":0.9659828474260095,"currentZoomForScroll":1.5,"maxScrollStepX":16,"maxScrollStepY":16,"diagonalEvents":2,"clippedEvents":0}
[DebugBridge +25894.8ms] wheel_scroll_motion {"eventCount":3,"rawAbsX":0,"rawAbsY":26,"rawX":0,"rawY":-26,"clippedAbsX":0,"clippedAbsY":26,"clippedX":0,"clippedY":-26,"requestedAppliedX":0,"requestedAppliedY":-26.437425297974997,"appliedX":0,"appliedY":-16,"actualX":0,"actualY":-16,"sensitivity":1.0168240499221153,"currentZoomForScroll":1.5,"maxScrollStepX":16,"maxScrollStepY":16,"diagonalEvents":0,"clippedEvents":0}
[DebugBridge +25919.6ms] wheel_scroll_motion {"eventCount":4,"rawAbsX":2,"rawAbsY":26,"rawX":2,"rawY":-26,"clippedAbsX":2,"clippedAbsY":26,"clippedX":2,"clippedY":-26,"requestedAppliedX":1.931965694852019,"requestedAppliedY":-25.92901327301394,"appliedX":1.931965694852019,"appliedY":-16,"actualX":1.5,"actualY":-16,"sensitivity":0.9659828474260095,"currentZoomForScroll":1.5,"maxScrollStepX":16,"maxScrollStepY":16,"diagonalEvents":1,"clippedEvents":0}
[DebugBridge +25952.9ms] wheel_scroll_motion {"eventCount":3,"rawAbsX":4,"rawAbsY":14,"rawX":4,"rawY":-14,"clippedAbsX":4,"clippedAbsY":14,"clippedX":4,"clippedY":-14,"requestedAppliedX":3.863931389704038,"requestedAppliedY":-13.82880707894077,"appliedX":3.863931389704038,"appliedY":-13.82880707894077,"actualX":3.5,"actualY":-14,"sensitivity":0.9659828474260095,"currentZoomForScroll":1.5,"maxScrollStepX":16,"maxScrollStepY":16,"diagonalEvents":2,"clippedEvents":0}
[DebugBridge +25978.2ms] wheel_scroll_motion {"eventCount":3,"rawAbsX":0,"rawAbsY":10,"rawX":0,"rawY":-10,"clippedAbsX":0,"clippedAbsY":10,"clippedX":0,"clippedY":-10,"requestedAppliedX":0,"requestedAppliedY":-10.168240499221152,"appliedX":0,"appliedY":-10.168240499221152,"actualX":0,"actualY":-10.5,"sensitivity":1.0168240499221153,"currentZoomForScroll":1.5,"maxScrollStepX":16,"maxScrollStepY":16,"diagonalEvents":0,"clippedEvents":0}
[DebugBridge +26003.8ms] wheel_scroll_motion {"eventCount":1,"rawAbsX":0,"rawAbsY":2,"rawX":0,"rawY":-2,"clippedAbsX":0,"clippedAbsY":2,"clippedX":0,"clippedY":-2,"requestedAppliedX":0,"requestedAppliedY":-2.0336480998442306,"appliedX":0,"appliedY":-2.0336480998442306,"actualX":0,"actualY":-2.5,"sensitivity":1.0168240499221153,"currentZoomForScroll":1.5,"maxScrollStepX":16,"maxScrollStepY":16,"diagonalEvents":0,"clippedEvents":0}
[DebugBridge +26078.3ms] wheel_scroll_motion {"eventCount":2,"rawAbsX":0,"rawAbsY":4,"rawX":0,"rawY":-4,"clippedAbsX":0,"clippedAbsY":4,"clippedX":0,"clippedY":-4,"requestedAppliedX":0,"requestedAppliedY":-4.067296199688461,"appliedX":0,"appliedY":-4.067296199688461,"actualX":0,"actualY":-4.5,"sensitivity":1.0168240499221153,"currentZoomForScroll":1.5,"maxScrollStepX":16,"maxScrollStepY":16,"diagonalEvents":0,"clippedEvents":0}
[DebugBridge +26103.2ms] wheel_scroll_motion {"eventCount":3,"rawAbsX":6,"rawAbsY":0,"rawX":6,"rawY":0,"clippedAbsX":6,"clippedAbsY":0,"clippedX":6,"clippedY":0,"requestedAppliedX":6.100944299532692,"requestedAppliedY":0,"appliedX":6.100944299532692,"appliedY":0,"actualX":6,"actualY":0,"sensitivity":1.0168240499221153,"currentZoomForScroll":1.5,"maxScrollStepX":16,"maxScrollStepY":16,"diagonalEvents":0,"clippedEvents":0}
[DebugBridge +26603.3ms] wheel_scroll_motion {"eventCount":3,"rawAbsX":10,"rawAbsY":12,"rawX":-10,"rawY":12,"clippedAbsX":10,"clippedAbsY":12,"clippedX":-10,"clippedY":12,"requestedAppliedX":-9.659828474260095,"requestedAppliedY":11.591794169112115,"appliedX":-9.659828474260095,"appliedY":11.591794169112115,"actualX":-10,"actualY":11.5,"sensitivity":0.9659828474260095,"currentZoomForScroll":1.5,"maxScrollStepX":16,"maxScrollStepY":16,"diagonalEvents":3,"clippedEvents":0}
[DebugBridge +26628.1ms] wheel_scroll_motion {"eventCount":3,"rawAbsX":30,"rawAbsY":38,"rawX":-30,"rawY":38,"clippedAbsX":30,"clippedAbsY":38,"clippedX":-30,"clippedY":38,"requestedAppliedX":-28.979485422780282,"requestedAppliedY":36.707348202188356,"appliedX":-16,"appliedY":16,"actualX":-1,"actualY":16,"sensitivity":0.9659828474260095,"currentZoomForScroll":1.5,"maxScrollStepX":16,"maxScrollStepY":16,"diagonalEvents":3,"clippedEvents":0}
[DebugBridge +26654.0ms] wheel_scroll_motion {"eventCount":4,"rawAbsX":50,"rawAbsY":66,"rawX":-50,"rawY":66,"clippedAbsX":50,"clippedAbsY":66,"clippedX":-50,"clippedY":66,"requestedAppliedX":-48.299142371300476,"requestedAppliedY":63.754867930116625,"appliedX":-17.38769125366817,"appliedY":25.115554033076247,"actualX":0,"actualY":25,"sensitivity":0.9659828474260095,"currentZoomForScroll":1.5,"maxScrollStepX":17.38769125366817,"maxScrollStepY":25.115554033076247,"diagonalEvents":4,"clippedEvents":0}
[DebugBridge +26686.2ms] wheel_scroll_motion {"eventCount":3,"rawAbsX":52,"rawAbsY":64,"rawX":-52,"rawY":64,"clippedAbsX":52,"clippedAbsY":64,"clippedX":-52,"clippedY":64,"requestedAppliedX":-50.23110806615249,"requestedAppliedY":61.82290223526461,"appliedX":-21.251622643372208,"appliedY":27.047519727928265,"actualX":0,"actualY":27,"sensitivity":0.9659828474260095,"currentZoomForScroll":1.5,"maxScrollStepX":21.251622643372208,"maxScrollStepY":27.047519727928265,"diagonalEvents":3,"clippedEvents":0}
[DebugBridge +26711.7ms] wheel_scroll_motion {"eventCount":3,"rawAbsX":38,"rawAbsY":48,"rawX":-38,"rawY":48,"clippedAbsX":38,"clippedAbsY":48,"clippedX":-38,"clippedY":48,"requestedAppliedX":-36.707348202188356,"requestedAppliedY":46.36717667644845,"appliedX":-16,"appliedY":17.38769125366817,"actualX":0,"actualY":17,"sensitivity":0.9659828474260095,"currentZoomForScroll":1.5,"maxScrollStepX":16,"maxScrollStepY":17.38769125366817,"diagonalEvents":3,"clippedEvents":0}
[DebugBridge +26736.9ms] wheel_scroll_motion {"eventCount":3,"rawAbsX":24,"rawAbsY":36,"rawX":-24,"rawY":36,"clippedAbsX":24,"clippedAbsY":36,"clippedX":-24,"clippedY":36,"requestedAppliedX":-23.183588338224226,"requestedAppliedY":34.77538250733634,"appliedX":-16,"appliedY":16,"actualX":0,"actualY":16,"sensitivity":0.9659828474260095,"currentZoomForScroll":1.5,"maxScrollStepX":16,"maxScrollStepY":16,"diagonalEvents":3,"clippedEvents":0}
[DebugBridge +26738.3ms] page_visit_start {"page":2,"pageCount":3,"revisited":true,"hasContainer":true,"hasPdfSurface":true,"spinnerVisible":false,"hasAnnotationOverlay":true,"ready":true}
[DebugBridge +26738.6ms] page_visit_ready {"page":2,"pageCount":3,"revisited":true,"waitMs":0,"hasContainer":true,"hasPdfSurface":true,"spinnerVisible":false,"hasAnnotationOverlay":true,"ready":true}
[DebugBridge +26762.1ms] wheel_scroll_motion {"eventCount":4,"rawAbsX":20,"rawAbsY":40,"rawX":-20,"rawY":40,"clippedAbsX":20,"clippedAbsY":40,"clippedX":-20,"clippedY":40,"requestedAppliedX":-19.319656948520187,"requestedAppliedY":38.639313897040374,"appliedX":-16,"appliedY":16,"actualX":0,"actualY":16,"sensitivity":0.9659828474260095,"currentZoomForScroll":1.5,"maxScrollStepX":16,"maxScrollStepY":16,"diagonalEvents":4,"clippedEvents":0}
[DebugBridge +26795.5ms] wheel_scroll_motion {"eventCount":3,"rawAbsX":10,"rawAbsY":16,"rawX":-10,"rawY":16,"clippedAbsX":10,"clippedAbsY":16,"clippedX":-10,"clippedY":16,"requestedAppliedX":-9.659828474260095,"requestedAppliedY":15.455725558816152,"appliedX":-9.659828474260095,"appliedY":15.455725558816152,"actualX":0,"actualY":15,"sensitivity":0.9659828474260095,"currentZoomForScroll":1.5,"maxScrollStepX":16,"maxScrollStepY":16,"diagonalEvents":3,"clippedEvents":0}
[DebugBridge +26820.9ms] wheel_scroll_motion {"eventCount":4,"rawAbsX":8,"rawAbsY":16,"rawX":-8,"rawY":16,"clippedAbsX":8,"clippedAbsY":16,"clippedX":-8,"clippedY":16,"requestedAppliedX":-7.727862779408076,"requestedAppliedY":15.659090368800577,"appliedX":-7.727862779408076,"appliedY":15.659090368800577,"actualX":0,"actualY":15.5,"sensitivity":1.0168240499221153,"currentZoomForScroll":1.5,"maxScrollStepX":16,"maxScrollStepY":16,"diagonalEvents":3,"clippedEvents":0}
[DebugBridge +26853.1ms] wheel_scroll_motion {"eventCount":3,"rawAbsX":0,"rawAbsY":12,"rawX":0,"rawY":12,"clippedAbsX":0,"clippedAbsY":12,"clippedX":0,"clippedY":12,"requestedAppliedX":0,"requestedAppliedY":12.201888599065384,"appliedX":0,"appliedY":12.201888599065384,"actualX":0,"actualY":12,"sensitivity":1.0168240499221153,"currentZoomForScroll":1.5,"maxScrollStepX":16,"maxScrollStepY":16,"diagonalEvents":0,"clippedEvents":0}
[DebugBridge +26878.2ms] wheel_scroll_motion {"eventCount":2,"rawAbsX":0,"rawAbsY":4,"rawX":0,"rawY":4,"clippedAbsX":0,"clippedAbsY":4,"clippedX":0,"clippedY":4,"requestedAppliedX":0,"requestedAppliedY":4.067296199688461,"appliedX":0,"appliedY":4.067296199688461,"actualX":0,"actualY":4,"sensitivity":1.0168240499221153,"currentZoomForScroll":1.5,"maxScrollStepX":16,"maxScrollStepY":16,"diagonalEvents":0,"clippedEvents":0}
[DebugBridge +26903.0ms] wheel_scroll_motion {"eventCount":1,"rawAbsX":0,"rawAbsY":2,"rawX":0,"rawY":2,"clippedAbsX":0,"clippedAbsY":2,"clippedX":0,"clippedY":2,"requestedAppliedX":0,"requestedAppliedY":2.0336480998442306,"appliedX":0,"appliedY":2.0336480998442306,"actualX":0,"actualY":2,"sensitivity":1.0168240499221153,"currentZoomForScroll":1.5,"maxScrollStepX":16,"maxScrollStepY":16,"diagonalEvents":0,"clippedEvents":0}
[DebugBridge +27405.1ms] zoom_wheel_request {"rawDeltaY":-2.554011344909668,"reportedZoom":150,"trustedReactZoom":150,"currentZoom":150,"reportedCurrentZoom":150,"nextZoom":148.4753941741348,"requestedDeltaAbs":1.5246058258651942,"reportedLagAbs":0,"rawGetZoomValue":150,"rawViewerZoomValue":150,"rawMagnificationZoom":null,"correctedSuspiciousZoom":false}
[DebugBridge +27405.3ms] zoom_start {"scale":1.5,"source":"overlay_wheel_zoom_pre","reportedScale":1.5,"correctedSuspiciousZoom":false}
[DebugBridge +27449.0ms] zoom_wheel_request {"rawDeltaY":-15.474982380867004,"reportedZoom":148,"trustedReactZoom":148.4753941741348,"currentZoom":148.4753941741348,"reportedCurrentZoom":148,"nextZoom":139.56344757575812,"requestedDeltaAbs":8.911946598376687,"reportedLagAbs":0.4753941741348058,"rawGetZoomValue":148,"rawViewerZoomValue":148,"rawMagnificationZoom":null,"correctedSuspiciousZoom":false}
[DebugBridge +27498.9ms] zoom_wheel_request {"rawDeltaY":-8.466530680656433,"reportedZoom":139,"trustedReactZoom":139.56344757575812,"currentZoom":139.56344757575812,"reportedCurrentZoom":139,"nextZoom":134.9161125085096,"requestedDeltaAbs":4.64733506724852,"reportedLagAbs":0.5634475757581185,"rawGetZoomValue":139,"rawViewerZoomValue":139,"rawMagnificationZoom":null,"correctedSuspiciousZoom":false}
[DebugBridge +27538.4ms] zoom_wheel_request {"rawDeltaY":-3.9735915064811707,"reportedZoom":134,"trustedReactZoom":134.9161125085096,"currentZoom":134.9161125085096,"reportedCurrentZoom":134,"nextZoom":132.78865848814766,"requestedDeltaAbs":2.127454020361938,"reportedLagAbs":0.9161125085095989,"rawGetZoomValue":134,"rawViewerZoomValue":134,"rawMagnificationZoom":null,"correctedSuspiciousZoom":false}
[DebugBridge +28945.0ms] zoom_end {"source":"zoomChange_settle"}
[DebugBridge +29854.0ms] zoom_wheel_request {"rawDeltaY":7.764637470245361,"reportedZoom":132,"trustedReactZoom":132.78865848814766,"currentZoom":132.78865848814766,"reportedCurrentZoom":132,"nextZoom":136.97759609822998,"requestedDeltaAbs":4.18893761008232,"reportedLagAbs":0.7886584881476608,"rawGetZoomValue":132,"rawViewerZoomValue":132,"rawMagnificationZoom":null,"correctedSuspiciousZoom":false}
[DebugBridge +29854.2ms] zoom_start {"scale":1.3278865848814767,"source":"overlay_wheel_zoom_pre","reportedScale":1.32,"correctedSuspiciousZoom":false}
[DebugBridge +29888.7ms] zoom_wheel_request {"rawDeltaY":22.030094385147095,"reportedZoom":136,"trustedReactZoom":136.97759609822998,"currentZoom":136.97759609822998,"reportedCurrentZoom":136,"nextZoom":149.59591482771697,"requestedDeltaAbs":12.618318729486987,"reportedLagAbs":0.9775960982299807,"rawGetZoomValue":136,"rawViewerZoomValue":136,"rawMagnificationZoom":null,"correctedSuspiciousZoom":false}
[DebugBridge +29915.2ms] zoom_wheel_request {"rawDeltaY":6.295895099639893,"reportedZoom":149,"trustedReactZoom":149.59591482771697,"currentZoom":149.59591482771697,"reportedCurrentZoom":149,"nextZoom":153.411114130064,"requestedDeltaAbs":3.8151993023470254,"reportedLagAbs":0.5959148277169675,"rawGetZoomValue":149,"rawViewerZoomValue":149,"rawMagnificationZoom":null,"correctedSuspiciousZoom":false}
[DebugBridge +29941.6ms] zoom_wheel_request {"rawDeltaY":17.828449964523315,"reportedZoom":153,"trustedReactZoom":153.411114130064,"currentZoom":153.411114130064,"reportedCurrentZoom":153,"nextZoom":164.75098269387948,"requestedDeltaAbs":11.339868563815486,"reportedLagAbs":0.4111141300639929,"rawGetZoomValue":153,"rawViewerZoomValue":153,"rawMagnificationZoom":null,"correctedSuspiciousZoom":false}
[DebugBridge +29965.9ms] zoom_wheel_request {"rawDeltaY":9.40634799003601,"reportedZoom":164,"trustedReactZoom":164.75098269387948,"currentZoom":164.75098269387948,"reportedCurrentZoom":164,"nextZoom":171.06789595779134,"requestedDeltaAbs":6.316913263911857,"reportedLagAbs":0.7509826938794788,"rawGetZoomValue":164,"rawViewerZoomValue":164,"rawMagnificationZoom":null,"correctedSuspiciousZoom":false}
[DebugBridge +29989.2ms] zoom_wheel_request {"rawDeltaY":9.374072551727295,"reportedZoom":171,"trustedReactZoom":171.06789595779134,"currentZoom":171.06789595779134,"reportedCurrentZoom":171,"nextZoom":177.6040830233022,"requestedDeltaAbs":6.536187065510859,"reportedLagAbs":0.06789595779133606,"rawGetZoomValue":171,"rawViewerZoomValue":171,"rawMagnificationZoom":null,"correctedSuspiciousZoom":false}
[DebugBridge +30011.6ms] zoom_wheel_request {"rawDeltaY":4.967752933502197,"reportedZoom":177,"trustedReactZoom":177.6040830233022,"currentZoom":177.6040830233022,"reportedCurrentZoom":177,"nextZoom":181.16855336984125,"requestedDeltaAbs":3.5644703465390535,"reportedLagAbs":0.604083023302195,"rawGetZoomValue":177,"rawViewerZoomValue":177,"rawMagnificationZoom":null,"correctedSuspiciousZoom":false}
[DebugBridge +30036.2ms] zoom_wheel_request {"rawDeltaY":3.3671094179153442,"reportedZoom":181,"trustedReactZoom":181.16855336984125,"currentZoom":181.16855336984125,"reportedCurrentZoom":181,"nextZoom":183.6251166389131,"requestedDeltaAbs":2.4565632690718644,"reportedLagAbs":0.16855336984124847,"rawGetZoomValue":181,"rawViewerZoomValue":181,"rawMagnificationZoom":null,"correctedSuspiciousZoom":false}
[DebugBridge +31444.1ms] zoom_end {"source":"zoomChange_settle"}

===== Undo/Redo Chronology =====
events=1
lanes=local annotation history | callout history | legacy history | Yjs/CRDT history
{"seq":1,"order":null,"at":"2026-05-15T04:17:40.063Z","event":"history_reset_for_pdf_change","actionType":"pdf:change","rawActionType":"pdf:change","annotationType":null,"annotationId":null,"pageNumber":null,"lane":null,"receivedStack":null,"chosenStack":null,"chosenLane":null,"decisionReason":null,"undoDepth":0,"redoDepth":0}
===== End Undo/Redo Chronology =====
