===== SurveyApp Save Log =====
version:   0.1.45
runtime:   dev-server
platform:  desktop
device:    Mac
os:        macOS 10.15.7
screen:    1512x982 @2x
viewport:  1512x826
locale:    en-US
timestamp: 2026-05-04T19:07:30.800Z (5/4/2026, 3:07:30 PM)
==============================
[dev-auto-login] boot {"hasDevEmail":true,"devEmailHint":"isai***","hasDevPassword":true,"hasCachedSession":true,"cachedSessionEmail":"isaiahcalvo123@gmail.com","cachedSessionExpiresAt":1777923100}
[dev-auto-login] cached session matches dev email, keeping it
[dev-auto-login] decision {"needsAutoLogin":false,"willAttemptSignIn":false}
[CloudSync][hook] session id minted {"sessionId":"4381d177-0979-4c69-9418-093c8396ad33"}
[AnnotPerf] finalize idle (forced-reset) — deferring CSS transform removal, waiting for PAL confirmation
[DebugBridge +9859.6ms] zoom_start {"scale":0.8800505050505051,"targetScale":1,"source":"keyboard_toolbar"}
[CloudSync][hook][state-obs] annotationsByPage initial {"currentCount":0,"pages":0,"hydrated":false}
[CloudSync][hook][state-obs] callouts initial {"currentCount":0,"hydrated":false}
[CloudSync][hook] hydrate effect fired {"enabled":false,"documentId":"70dadd86-35f0-432b-925f-c59e919a4e4d","userId":"170d915c-5741-4e0b-b03f-deaeedae27bd","pdfId":null}
[CloudSync][hook] hydrate skipped — missing prerequisite {"enabled":false,"hasDocumentId":true,"hasUserId":true,"hasPdfId":false}
[CSeries wipe] doc=Package 2 - Rev 4 -- IC.pdf-8316501 totalCounters=1 legacyRemoved=0 — nothing to wipe.
[Phase31 UAT] backfill:effect {"hasYdoc":true,"docId":"70dadd86-35f0-432b-925f-c59e919a4e4d","userId":null,"alreadyRanFor":null,"willRun":false}
[CloudSync][hook][state-obs] change {"prevCount":0,"currentCount":5766,"delta":5766,"hydrated":false,"sameRefAsLastByPage":false}
[CloudSync][hook][state-obs] callout change {"prevCount":0,"currentCount":0,"delta":0,"hydrated":false,"sameRefAsLastCallouts":false}
[CloudSync][hook] hydrate effect fired {"enabled":false,"documentId":"70dadd86-35f0-432b-925f-c59e919a4e4d","userId":"170d915c-5741-4e0b-b03f-deaeedae27bd","pdfId":"Package 2 - Rev 4 -- IC.pdf-8316501"}
[CloudSync][hook] hydrate skipped — missing prerequisite {"enabled":false,"hasDocumentId":true,"hasUserId":true,"hasPdfId":true}
[Phase31 UAT] backfill:effect {"hasYdoc":true,"docId":"70dadd86-35f0-432b-925f-c59e919a4e4d","userId":"170d915c-5741-4e0b-b03f-deaeedae27bd","alreadyRanFor":null,"willRun":true}
[Phase31 UAT] backfill:start {"hasYdoc":true,"hasSupabase":true,"documentId":"70dadd86-35f0-432b-925f-c59e919a4e4d","userId":"170d915c-5741-4e0b-b03f-deaeedae27bd","markCutoverComplete":true}
[CloudSync][hydrate] loadAllNonHighlightAnnotations start {"documentId":"70dadd86-35f0-432b-925f-c59e919a4e4d"}
console.warn @ [SupabaseYjsProvider] update exceeds soft cap 14130846 bytes — skipping broadcast
[DebugBridge +13020.5ms] zoom_end {"source":"keyboard_toolbar_settle"}
[PrintPanel] RENDER — panel closed
console.warn @ [CloudSync][hook][state-obs] SHRINK {"prevCount":5766,"currentCount":3059,"delta":-2707,"hydrated":false,"sameRefAsLastByPage":false,"stack":"    at commitHookEffectListMount (http://localhost:5173/node_modules/.vite/deps/chunk-DSUIPI7G.js?v=d338d6e7:23793:34) |     at commitPassiveMountOnFiber (http://localhost:5173/node_modules/.vite/deps/chunk-DSUIPI7G.js?v=d338d6e7:25034:19) |     at commitPassiveMountEffects_complete (http://localhost:5173/node_modules/.vite/deps/chunk-DSUIPI7G.js?v=d338d6e7:25007:17) |     at commitPassiveMountEffects_begin (http://localhost:5173/node_modules/.vite/deps/chunk-DSUIPI7G.js?v=d338d6e7:24997:15) |     at commitPassiveMountEffects (http://localhost:5173/node_modules/.vite/deps/chunk-DSUIPI7G.js?v=d338d6e7:24987:11) |     at flushPassiveEffectsImpl (http://localhost:5173/node_modules/.vite/deps/chunk-DSUIPI7G.js?v=d338d6e7:26368:11)"}
[CloudSync][hook][state-obs] callout change {"prevCount":0,"currentCount":0,"delta":0,"hydrated":false,"sameRefAsLastCallouts":false}
[Counter SVG p1] dispatching renderCounter — i=0, displayNumber=1, fill=#ef4444, numberColor=unset, left=869.89, top=298.11, radius=14
[SVGAnnotationLayer] setRotInputVisible(false) reason=selectedIds.size !== 1
[SVGAnnotationLayer] setRotInputVisible(false) reason=selectedIds.size !== 1
[SVGAnnotationLayer] setRotInputVisible(false) reason=selectedIds.size !== 1
[SVGAnnotationLayer] setRotInputVisible(false) reason=selectedIds.size !== 1
[SVGAnnotationLayer] setRotInputVisible(false) reason=selectedIds.size !== 1
[SVGAnnotationLayer] setRotInputVisible(false) reason=selectedIds.size !== 1
[DebugBridge +14436.5ms] pdf_loaded {"pageCount":36,"currentPage":1}
[DebugBridge +14516.7ms] zoom_start {"scale":1.1732,"targetScale":0.9,"source":"zoomChange"}
[HyperlinkDiag] post-load scan {"hyperlinkCount":0,"samples":[]}
[HyperlinkDiag] page 1 layers {"hyperlinkChildren":0,"layerClasses":["DIV","e-spinner-pane e-spin-show","e-pv-page-canvas","e-pv-annotation-canvas","DIV","e-pv-text-layer"]}
[HyperlinkDiag] page 2 layers {"hyperlinkChildren":0,"layerClasses":["DIV","e-spinner-pane e-spin-show","e-pv-page-canvas","e-pv-annotation-canvas","DIV","e-pv-text-layer"]}
[HyperlinkDiag] page 3 layers {"hyperlinkChildren":0,"layerClasses":["DIV","e-spinner-pane e-spin-hide","e-pv-page-canvas","e-pv-annotation-canvas","DIV","IMG","IMG","IMG","IMG","e-pv-text-layer"]}
[HyperlinkDiag] page 4 layers {"hyperlinkChildren":0,"layerClasses":["DIV","e-spinner-pane e-spin-hide","e-pv-page-canvas","e-pv-annotation-canvas","DIV","IMG","IMG"]}
[HIGHLIGHT-SYNC][load.legacy][pdf=Package 2 - Rev 4 -- IC.pdf] {"documentId":"70dadd86-35f0-432b-925f-c59e919a4e4d","totalRows":1820,"fabricCarryingDropped":1820,"keptCount":0,"keptIds":[]}
[DebugBridge +15760.2ms] zoom_end {"source":"zoomChange_settle"}
[SVGAnnotationLayer] setRotInputVisible(false) reason=selectedIds.size !== 1
[SVGAnnotationLayer] setRotInputVisible(false) reason=selectedIds.size !== 1
[CloudSync][hook] hydrate effect fired {"enabled":true,"documentId":"70dadd86-35f0-432b-925f-c59e919a4e4d","userId":"170d915c-5741-4e0b-b03f-deaeedae27bd","pdfId":"Package 2 - Rev 4 -- IC.pdf-8316501"}
[CloudSync][hook] stage=hydrating
[CloudSync][hook] fabric push skipped — not hydrated yet
[CloudSync][hook] callout push skipped — not hydrated yet
[CloudSync][realtime] subscribing {"documentId":"70dadd86-35f0-432b-925f-c59e919a4e4d","currentUserId":"170d915c-5741-4e0b-b03f-deaeedae27bd","currentSessionId":"4381d177-0979-4c69-9418-093c8396ad33","hasFabricInsert":true,"hasFabricUpdate":true,"hasFabricDelete":true,"hasCalloutInsert":true,"hasCalloutUpdate":true,"hasCalloutDelete":true}
[CloudSync][realtime] subscribe status {"status":"SUBSCRIBED","error":null}
[CloudSync][hook] post-subscribe catch-up skipped — startup sync already in flight
[SVGAnnotationLayer] setRotInputVisible(false) reason=selectedIds.size !== 1
[CloudSync][hook] cutover-complete hydrate — reading from Y.Doc {"documentId":"70dadd86-35f0-432b-925f-c59e919a4e4d","cutoverTs":"2026-05-04T18:30:47.673+00:00"}
[Phase31 UAT] hydrate:cutover-sealed {"documentId":"70dadd86-35f0-432b-925f-c59e919a4e4d","pdfId":"Package 2 - Rev 4 -- IC.pdf-8316501","cutoverTs":"2026-05-04T18:30:47.673+00:00","yMapSize":5766,"materializedTotal":5766,"materializedDrawnByMe":5766,"materializedDrawnByOthers":0,"materializedImported":0,"pages":7,"perPage":{"1":1,"6":768,"7":291,"8":785,"9":2754,"10":654,"11":513},"currentStateCount":3059,"ydocLooksDegenerate":false}
[Phase31 UAT] hydrate:cutover-sealed:by-type {"documentId":"70dadd86-35f0-432b-925f-c59e919a4e4d","pdfFile":"Package 2 - Rev 4 -- IC.pdf-8316501","viewerUserId":"170d915c-5741-4e0b-b03f-deaeedae27bd","yMapTotal":5766,"yMapByType":{"path":5758,"rect":6,"textbox":1,"circle":1},"yMapByAuthor":{"byMe":5766,"byOthers":0,"anonymous":0},"yMapByTypeByAuthor":{"path":{"byMe":5758,"byOthers":0,"anonymous":0},"rect":{"byMe":6,"byOthers":0,"anonymous":0},"textbox":{"byMe":1,"byOthers":0,"anonymous":0},"circle":{"byMe":1,"byOthers":0,"anonymous":0}},"yMapPerTypePerPage":{"path":{"6":766,"7":290,"8":784,"9":2753,"10":653,"11":512},"rect":{"6":1,"7":1,"8":1,"9":1,"10":1,"11":1},"textbox":{"6":1},"circle":{"unknown":1}},"byPageTotal":5766,"byPageByType":{"circle":1,"path":5758,"rect":6,"textbox":1},"byPagePerPagePerType":{"1":{"circle":1},"6":{"path":766,"rect":1,"textbox":1},"7":{"rect":1,"path":290},"8":{"rect":1,"path":784},"9":{"path":2753,"rect":1},"10":{"path":653,"rect":1},"11":{"rect":1,"path":512}}}
[Counter SVG p1] dispatching renderCounter — i=0, displayNumber=1, fill=#ef4444, numberColor=unset, left=869.89, top=298.11, radius=14
[CloudSync][hook][state-obs] change {"prevCount":3059,"currentCount":5766,"delta":2707,"hydrated":true,"sameRefAsLastByPage":true}
[SVGAnnotationLayer] setRotInputVisible(false) reason=selectedIds.size !== 1
[DebugBridge +19382.8ms] zoom_start {"scale":0.67,"targetScale":0.77,"source":"zoomChange"}
[DebugBridge +20961.1ms] zoom_end {"source":"zoomChange_settle"}
[Phase31 UAT] backfill:degeneracy-probe {"documentId":"70dadd86-35f0-432b-925f-c59e919a4e4d","userId":"170d915c-5741-4e0b-b03f-deaeedae27bd","yMapSize":5766,"legacyCount":22630,"probeOk":true,"tolerance":1132,"yMapLooksHealthy":true,"dedupeRan":true,"lastGoodSize":5767}
[DebugBridge +23323.5ms] zoom_start {"scale":1.9638220267295838,"targetScale":2.063822026729584,"source":"zoomChange"}
[DebugBridge +24707.8ms] zoom_end {"source":"zoomChange_settle"}
[Counter SVG p1] dispatching renderCounter — i=0, displayNumber=1, fill=#ef4444, numberColor=unset, left=869.89, top=298.11, radius=14
[Diag] tool-switch DETECTED → select (scheduling t+1000ms capture)
[Diag select] screenshot saved (695 KB) → /Users/isaiahcalvo/Desktop/Survey-BetaSafeS2/TestLogs/testlog-screenshot-select.png
[Diag select] CAPTURED @ t+1001ms — annotations=768 callouts=0 svgWrappers=5 svgVis=[visible,visible,visible,visible,visible] svgElems=1845 svgVisElems=1845 eraserCanvases=0 svgMarkupBytes=8772110
[SVGAnnotationLayer] setRotInputVisible(false) reason=selectedIds.size !== 1
console.warn @ [CloudSync][hook][state-obs] SHRINK {"prevCount":5766,"currentCount":5765,"delta":-1,"hydrated":true,"sameRefAsLastByPage":false,"stack":"    at commitHookEffectListMount (http://localhost:5173/node_modules/.vite/deps/chunk-DSUIPI7G.js?v=d338d6e7:23793:34) |     at commitPassiveMountOnFiber (http://localhost:5173/node_modules/.vite/deps/chunk-DSUIPI7G.js?v=d338d6e7:25034:19) |     at commitPassiveMountEffects_complete (http://localhost:5173/node_modules/.vite/deps/chunk-DSUIPI7G.js?v=d338d6e7:25007:17) |     at commitPassiveMountEffects_begin (http://localhost:5173/node_modules/.vite/deps/chunk-DSUIPI7G.js?v=d338d6e7:24997:15) |     at commitPassiveMountEffects (http://localhost:5173/node_modules/.vite/deps/chunk-DSUIPI7G.js?v=d338d6e7:24987:11) |     at flushPassiveEffectsImpl (http://localhost:5173/node_modules/.vite/deps/chunk-DSUIPI7G.js?v=d338d6e7:26368:11)"}
[CloudSync][hook] fabric state changed — debounce push scheduled {"pageCount":7,"objectCount":5765,"priorObjectCount":5766,"isWipePush":false,"debounceMs":800}
console.error @ [AnnotationSync] Error upserting annotations: {"code":"57014","details":null,"hint":null,"message":"canceling statement due to statement timeout"}
console.error @ [DocumentSync] Sync failed: {"code":"57014","details":null,"hint":null,"message":"canceling statement due to statement timeout"}
[CloudSync][hook] fabric push debounce elapsed — pushing now
[Phase31 UAT] save:start {"documentId":"70dadd86-35f0-432b-925f-c59e919a4e4d","pdfId":"Package 2 - Rev 4 -- IC.pdf-8316501","userId":"170d915c-5741-4e0b-b03f-deaeedae27bd","legacyBulkUpsertEnabled":false,"crdtEnabled":true,"ydocMounted":true,"route":"crdt-only","currentTotal":5765,"currentDrawnByMe":5765,"currentDrawnByOthers":0,"currentImported":0,"priorTotal":5766,"priorDrawnByMe":5766,"priorImported":0,"deltaTotal":-1}
[CloudSync][hook] eraser/delete detected — removing rows from cloud {"count":1,"firstFew":["ink-1777522194734-7jdizljcx"]}
[Phase31 UAT] delete:fan-out done {"documentId":"70dadd86-35f0-432b-925f-c59e919a4e4d","pdfId":"Package 2 - Rev 4 -- IC.pdf-8316501","userId":"170d915c-5741-4e0b-b03f-deaeedae27bd","requested":1,"deleted":1,"yMapSizeAfter":5765}
[Phase31 UAT] save:fan-out done {"documentId":"70dadd86-35f0-432b-925f-c59e919a4e4d","pdfId":"Package 2 - Rev 4 -- IC.pdf-8316501","userId":"170d915c-5741-4e0b-b03f-deaeedae27bd","dispatched":1,"skippedHighlightOrCallout":0,"skippedOtherType":5764,"yMapSizeAfter":5765}
[CloudSync][hook] fabric push synced {"count":0}
[BboxScaleDiag] annotation-pointerdown {"ts":"2026-05-04T19:07:13.289Z","annotationIndex":389,"objType":"path","shiftKey":false,"altKey":false,"metaKey":false,"alreadySelected":false,"objSnapshot":{"left":672.518,"top":391.986,"width":18.271999999999935,"height":20.013000000000034}}
[SVGAnnotationLayer] setRotInputVisible(false) reason=selectedIds.size !== 1
console.warn @ [CloudSync][hook][state-obs] SHRINK {"prevCount":5765,"currentCount":5764,"delta":-1,"hydrated":true,"sameRefAsLastByPage":false,"stack":"    at commitHookEffectListMount (http://localhost:5173/node_modules/.vite/deps/chunk-DSUIPI7G.js?v=d338d6e7:23793:34) |     at commitPassiveMountOnFiber (http://localhost:5173/node_modules/.vite/deps/chunk-DSUIPI7G.js?v=d338d6e7:25034:19) |     at commitPassiveMountEffects_complete (http://localhost:5173/node_modules/.vite/deps/chunk-DSUIPI7G.js?v=d338d6e7:25007:17) |     at commitPassiveMountEffects_begin (http://localhost:5173/node_modules/.vite/deps/chunk-DSUIPI7G.js?v=d338d6e7:24997:15) |     at commitPassiveMountEffects (http://localhost:5173/node_modules/.vite/deps/chunk-DSUIPI7G.js?v=d338d6e7:24987:11) |     at flushPassiveEffectsImpl (http://localhost:5173/node_modules/.vite/deps/chunk-DSUIPI7G.js?v=d338d6e7:26368:11)"}
[CloudSync][hook] fabric state changed — debounce push scheduled {"pageCount":7,"objectCount":5764,"priorObjectCount":5765,"isWipePush":false,"debounceMs":800}
[CloudSync][hook] fabric push debounce elapsed — pushing now
[Phase31 UAT] save:start {"documentId":"70dadd86-35f0-432b-925f-c59e919a4e4d","pdfId":"Package 2 - Rev 4 -- IC.pdf-8316501","userId":"170d915c-5741-4e0b-b03f-deaeedae27bd","legacyBulkUpsertEnabled":false,"crdtEnabled":true,"ydocMounted":true,"route":"crdt-only","currentTotal":5764,"currentDrawnByMe":5764,"currentDrawnByOthers":0,"currentImported":0,"priorTotal":5765,"priorDrawnByMe":5765,"priorImported":0,"deltaTotal":-1}
[CloudSync][hook] eraser/delete detected — removing rows from cloud {"count":1,"firstFew":["ink-1777381799485-4cmscqyc2"]}
[Phase31 UAT] delete:fan-out done {"documentId":"70dadd86-35f0-432b-925f-c59e919a4e4d","pdfId":"Package 2 - Rev 4 -- IC.pdf-8316501","userId":"170d915c-5741-4e0b-b03f-deaeedae27bd","requested":1,"deleted":1,"yMapSizeAfter":5764}
[Phase31 UAT] save:fan-out done {"documentId":"70dadd86-35f0-432b-925f-c59e919a4e4d","pdfId":"Package 2 - Rev 4 -- IC.pdf-8316501","userId":"170d915c-5741-4e0b-b03f-deaeedae27bd","dispatched":1,"skippedHighlightOrCallout":0,"skippedOtherType":5763,"yMapSizeAfter":5764}
[CloudSync][hook] fabric push synced {"count":0}
[BboxScaleDiag] annotation-pointerdown {"ts":"2026-05-04T19:07:16.495Z","annotationIndex":2,"objType":"path","shiftKey":false,"altKey":false,"metaKey":false,"alreadySelected":false,"objSnapshot":{"left":670.799,"top":391.808,"width":20.726999999999975,"height":20.339}}
[SVGAnnotationLayer] setRotInputVisible(false) reason=selectedIds.size !== 1
console.warn @ [CloudSync][hook][state-obs] SHRINK {"prevCount":5764,"currentCount":5763,"delta":-1,"hydrated":true,"sameRefAsLastByPage":false,"stack":"    at commitHookEffectListMount (http://localhost:5173/node_modules/.vite/deps/chunk-DSUIPI7G.js?v=d338d6e7:23793:34) |     at commitPassiveMountOnFiber (http://localhost:5173/node_modules/.vite/deps/chunk-DSUIPI7G.js?v=d338d6e7:25034:19) |     at commitPassiveMountEffects_complete (http://localhost:5173/node_modules/.vite/deps/chunk-DSUIPI7G.js?v=d338d6e7:25007:17) |     at commitPassiveMountEffects_begin (http://localhost:5173/node_modules/.vite/deps/chunk-DSUIPI7G.js?v=d338d6e7:24997:15) |     at commitPassiveMountEffects (http://localhost:5173/node_modules/.vite/deps/chunk-DSUIPI7G.js?v=d338d6e7:24987:11) |     at flushPassiveEffectsImpl (http://localhost:5173/node_modules/.vite/deps/chunk-DSUIPI7G.js?v=d338d6e7:26368:11)"}
[CloudSync][hook] fabric state changed — debounce push scheduled {"pageCount":7,"objectCount":5763,"priorObjectCount":5764,"isWipePush":false,"debounceMs":800}
[CloudSync][hook] fabric push debounce elapsed — pushing now
[Phase31 UAT] save:start {"documentId":"70dadd86-35f0-432b-925f-c59e919a4e4d","pdfId":"Package 2 - Rev 4 -- IC.pdf-8316501","userId":"170d915c-5741-4e0b-b03f-deaeedae27bd","legacyBulkUpsertEnabled":false,"crdtEnabled":true,"ydocMounted":true,"route":"crdt-only","currentTotal":5763,"currentDrawnByMe":5763,"currentDrawnByOthers":0,"currentImported":0,"priorTotal":5764,"priorDrawnByMe":5764,"priorImported":0,"deltaTotal":-1}
[CloudSync][hook] eraser/delete detected — removing rows from cloud {"count":1,"firstFew":["ink-1777522194734-tgvlu57d3"]}
[Phase31 UAT] delete:fan-out done {"documentId":"70dadd86-35f0-432b-925f-c59e919a4e4d","pdfId":"Package 2 - Rev 4 -- IC.pdf-8316501","userId":"170d915c-5741-4e0b-b03f-deaeedae27bd","requested":1,"deleted":1,"yMapSizeAfter":5763}
[Phase31 UAT] save:fan-out done {"documentId":"70dadd86-35f0-432b-925f-c59e919a4e4d","pdfId":"Package 2 - Rev 4 -- IC.pdf-8316501","userId":"170d915c-5741-4e0b-b03f-deaeedae27bd","dispatched":1,"skippedHighlightOrCallout":0,"skippedOtherType":5762,"yMapSizeAfter":5763}
[CloudSync][hook] fabric push synced {"count":0}
[SVGAnnotationLayer] setRotInputVisible(false) reason=selectedIds.size !== 1
[BboxScaleDiag] annotation-pointerdown {"ts":"2026-05-04T19:07:20.140Z","annotationIndex":629,"objType":"path","shiftKey":false,"altKey":false,"metaKey":false,"alreadySelected":false,"objSnapshot":{"left":754.275,"top":486.403,"width":20.93100000000004,"height":19.58699999999999}}
[SVGAnnotationLayer] setRotInputVisible(false) reason=selectedIds.size !== 1
console.warn @ [CloudSync][hook][state-obs] SHRINK {"prevCount":5763,"currentCount":5762,"delta":-1,"hydrated":true,"sameRefAsLastByPage":false,"stack":"    at commitHookEffectListMount (http://localhost:5173/node_modules/.vite/deps/chunk-DSUIPI7G.js?v=d338d6e7:23793:34) |     at commitPassiveMountOnFiber (http://localhost:5173/node_modules/.vite/deps/chunk-DSUIPI7G.js?v=d338d6e7:25034:19) |     at commitPassiveMountEffects_complete (http://localhost:5173/node_modules/.vite/deps/chunk-DSUIPI7G.js?v=d338d6e7:25007:17) |     at commitPassiveMountEffects_begin (http://localhost:5173/node_modules/.vite/deps/chunk-DSUIPI7G.js?v=d338d6e7:24997:15) |     at commitPassiveMountEffects (http://localhost:5173/node_modules/.vite/deps/chunk-DSUIPI7G.js?v=d338d6e7:24987:11) |     at flushPassiveEffectsImpl (http://localhost:5173/node_modules/.vite/deps/chunk-DSUIPI7G.js?v=d338d6e7:26368:11)"}
[CloudSync][hook] fabric state changed — debounce push scheduled {"pageCount":7,"objectCount":5762,"priorObjectCount":5763,"isWipePush":false,"debounceMs":800}
[BboxScaleDiag] annotation-pointerdown {"ts":"2026-05-04T19:07:22.061Z","annotationIndex":223,"objType":"path","shiftKey":false,"altKey":false,"metaKey":false,"alreadySelected":false,"objSnapshot":{"left":753.739,"top":486.041,"width":21.676999999999907,"height":20.401999999999987}}
[CloudSync][hook] fabric push debounce elapsed — pushing now
[Phase31 UAT] save:start {"documentId":"70dadd86-35f0-432b-925f-c59e919a4e4d","pdfId":"Package 2 - Rev 4 -- IC.pdf-8316501","userId":"170d915c-5741-4e0b-b03f-deaeedae27bd","legacyBulkUpsertEnabled":false,"crdtEnabled":true,"ydocMounted":true,"route":"crdt-only","currentTotal":5762,"currentDrawnByMe":5762,"currentDrawnByOthers":0,"currentImported":0,"priorTotal":5763,"priorDrawnByMe":5763,"priorImported":0,"deltaTotal":-1}
[CloudSync][hook] eraser/delete detected — removing rows from cloud {"count":1,"firstFew":["ink-1777381799486-go2qc0s99"]}
[Phase31 UAT] delete:fan-out done {"documentId":"70dadd86-35f0-432b-925f-c59e919a4e4d","pdfId":"Package 2 - Rev 4 -- IC.pdf-8316501","userId":"170d915c-5741-4e0b-b03f-deaeedae27bd","requested":1,"deleted":1,"yMapSizeAfter":5762}
[Phase31 UAT] save:fan-out done {"documentId":"70dadd86-35f0-432b-925f-c59e919a4e4d","pdfId":"Package 2 - Rev 4 -- IC.pdf-8316501","userId":"170d915c-5741-4e0b-b03f-deaeedae27bd","dispatched":1,"skippedHighlightOrCallout":0,"skippedOtherType":5761,"yMapSizeAfter":5762}
[CloudSync][hook] fabric push synced {"count":0}
[SVGAnnotationLayer] setRotInputVisible(false) reason=selectedIds.size !== 1
console.warn @ [CloudSync][hook][state-obs] SHRINK {"prevCount":5762,"currentCount":5761,"delta":-1,"hydrated":true,"sameRefAsLastByPage":false,"stack":"    at commitHookEffectListMount (http://localhost:5173/node_modules/.vite/deps/chunk-DSUIPI7G.js?v=d338d6e7:23793:34) |     at commitPassiveMountOnFiber (http://localhost:5173/node_modules/.vite/deps/chunk-DSUIPI7G.js?v=d338d6e7:25034:19) |     at commitPassiveMountEffects_complete (http://localhost:5173/node_modules/.vite/deps/chunk-DSUIPI7G.js?v=d338d6e7:25007:17) |     at commitPassiveMountEffects_begin (http://localhost:5173/node_modules/.vite/deps/chunk-DSUIPI7G.js?v=d338d6e7:24997:15) |     at commitPassiveMountEffects (http://localhost:5173/node_modules/.vite/deps/chunk-DSUIPI7G.js?v=d338d6e7:24987:11) |     at flushPassiveEffectsImpl (http://localhost:5173/node_modules/.vite/deps/chunk-DSUIPI7G.js?v=d338d6e7:26368:11)"}
[CloudSync][hook] fabric state changed — debounce push scheduled {"pageCount":7,"objectCount":5761,"priorObjectCount":5762,"isWipePush":false,"debounceMs":800}
[CloudSync][hook] fabric push debounce elapsed — pushing now
[Phase31 UAT] save:start {"documentId":"70dadd86-35f0-432b-925f-c59e919a4e4d","pdfId":"Package 2 - Rev 4 -- IC.pdf-8316501","userId":"170d915c-5741-4e0b-b03f-deaeedae27bd","legacyBulkUpsertEnabled":false,"crdtEnabled":true,"ydocMounted":true,"route":"crdt-only","currentTotal":5761,"currentDrawnByMe":5761,"currentDrawnByOthers":0,"currentImported":0,"priorTotal":5762,"priorDrawnByMe":5762,"priorImported":0,"deltaTotal":-1}
[CloudSync][hook] eraser/delete detected — removing rows from cloud {"count":1,"firstFew":["ink-1777522194734-66rqy1e7q"]}
[Phase31 UAT] delete:fan-out done {"documentId":"70dadd86-35f0-432b-925f-c59e919a4e4d","pdfId":"Package 2 - Rev 4 -- IC.pdf-8316501","userId":"170d915c-5741-4e0b-b03f-deaeedae27bd","requested":1,"deleted":1,"yMapSizeAfter":5761}
[Phase31 UAT] save:fan-out done {"documentId":"70dadd86-35f0-432b-925f-c59e919a4e4d","pdfId":"Package 2 - Rev 4 -- IC.pdf-8316501","userId":"170d915c-5741-4e0b-b03f-deaeedae27bd","dispatched":1,"skippedHighlightOrCallout":0,"skippedOtherType":5760,"yMapSizeAfter":5761}
[CloudSync][hook] fabric push synced {"count":0}
[SVGAnnotationLayer] setRotInputVisible(false) reason=selectedIds.size !== 1