===== SurveyApp Save Log =====
version:   0.1.45
runtime:   dev-server
platform:  desktop
device:    Mac
os:        macOS 10.15.7
screen:    1512x982 @2x
viewport:  1200x772
locale:    en-US
timestamp: 2026-05-08T22:12:40.336Z (5/8/2026, 6:12:40 PM)
==============================
[dev-auto-login] boot {"hasDevEmail":true,"devEmailHint":"isai***","hasDevPassword":true,"hasCachedSession":false,"cachedSessionEmail":null,"cachedSessionExpiresAt":null}
[dev-auto-login] decision {"needsAutoLogin":true,"willAttemptSignIn":true}
[dev-auto-login] sign-in OK {"userId":"170d915c-5741-4e0b-b03f-deaeedae27bd","email":"isaiahcalvo123@gmail.com"}
[CloudSync][hook] session id minted {"sessionId":"289aea26-818c-45c9-b810-5718c40974be"}
[CloudSync][hook][state-obs] annotationsByPage initial {"currentCount":0,"pages":0,"hydrated":false}
[CloudSync][hook][state-obs] callouts initial {"currentCount":0,"hydrated":false}
[CloudSync][hook] hydrate effect fired {"enabled":false,"documentId":"d30ac66b-5d2e-4a93-aab3-8fdd84a0af86","userId":"170d915c-5741-4e0b-b03f-deaeedae27bd","pdfId":null}
[CloudSync][hook] hydrate skipped — missing prerequisite {"enabled":false,"hasDocumentId":true,"hasUserId":true,"hasPdfId":false}
[Local annotation cache] doc=Package 2 - Rev 4 -- IC.pdf-6291605 using local annotations immediately while first cloud migration settles — count=0.
[CSeries wipe] doc=Package 2 - Rev 4 -- IC.pdf-6291605 totalCounters=0 legacyRemoved=0 — nothing to wipe.
[Phase31 UAT] backfill:effect {"hasYdoc":true,"docId":"d30ac66b-5d2e-4a93-aab3-8fdd84a0af86","userId":null,"alreadyRanFor":null,"willRun":false}
[CloudSync][hook] hydrate effect fired {"enabled":false,"documentId":"d30ac66b-5d2e-4a93-aab3-8fdd84a0af86","userId":"170d915c-5741-4e0b-b03f-deaeedae27bd","pdfId":"Package 2 - Rev 4 -- IC.pdf-6291605"}
[CloudSync][hook] hydrate skipped — missing prerequisite {"enabled":false,"hasDocumentId":true,"hasUserId":true,"hasPdfId":true}
[Phase31 UAT] backfill:effect {"hasYdoc":true,"docId":"d30ac66b-5d2e-4a93-aab3-8fdd84a0af86","userId":"170d915c-5741-4e0b-b03f-deaeedae27bd","alreadyRanFor":null,"willRun":true}
[Phase31 UAT] backfill:start {"hasYdoc":true,"hasSupabase":true,"documentId":"d30ac66b-5d2e-4a93-aab3-8fdd84a0af86","userId":"170d915c-5741-4e0b-b03f-deaeedae27bd","markCutoverComplete":true}
[HIGHLIGHT-SYNC][load.legacy][pdf=Package 2 - Rev 4 -- IC.pdf] {"documentId":"d30ac66b-5d2e-4a93-aab3-8fdd84a0af86","totalRows":0,"fabricCarryingDropped":0,"keptCount":0,"keptIds":[]}
[PDFImport] skipped embedded PDF annotation import — cloud/Y.Doc is authoritative {"documentId":"d30ac66b-5d2e-4a93-aab3-8fdd84a0af86"}
[PrintPanel] RENDER — panel closed
[DebugBridge +8496.4ms] zoom_start {"scale":1,"targetScale":0.83,"source":"zoomChange"}
[CloudSync][hook] hydrate effect fired {"enabled":true,"documentId":"d30ac66b-5d2e-4a93-aab3-8fdd84a0af86","userId":"170d915c-5741-4e0b-b03f-deaeedae27bd","pdfId":"Package 2 - Rev 4 -- IC.pdf-6291605"}
[CloudSync][hook] stage=hydrating
[CloudSync][hook] fabric push skipped — not hydrated yet
[CloudSync][hook] callout push skipped — not hydrated yet
[CloudSync][realtime] subscribing {"documentId":"d30ac66b-5d2e-4a93-aab3-8fdd84a0af86","currentUserId":"170d915c-5741-4e0b-b03f-deaeedae27bd","currentSessionId":"289aea26-818c-45c9-b810-5718c40974be","hasFabricInsert":true,"hasFabricUpdate":true,"hasFabricDelete":true,"hasCalloutInsert":true,"hasCalloutUpdate":true,"hasCalloutDelete":true}
[DebugBridge +8983.6ms] pdf_loaded {"pageCount":36,"currentPage":1}
[CloudSync][realtime] subscribe status {"status":"SUBSCRIBED","error":null}
[CloudSync][hook] post-subscribe catch-up skipped — startup sync already in flight
[CloudSync][hook] cutover-complete hydrate — reading from Y.Doc {"documentId":"d30ac66b-5d2e-4a93-aab3-8fdd84a0af86","cutoverTs":"2026-05-05T16:30:00.778+00:00"}
[Phase31 UAT] hydrate:cutover-sealed {"documentId":"d30ac66b-5d2e-4a93-aab3-8fdd84a0af86","pdfId":"Package 2 - Rev 4 -- IC.pdf-6291605","cutoverTs":"2026-05-05T16:30:00.778+00:00","yMapSize":2899,"materializedTotal":2899,"materializedDrawnByMe":2899,"materializedDrawnByOthers":0,"materializedImported":0,"pages":7,"perPage":{"1":23,"6":360,"7":146,"8":393,"9":1390,"10":330,"11":257},"currentStateCount":0,"ydocLooksDegenerate":false}
[Phase31 UAT] hydrate:cutover-sealed:by-type {"documentId":"d30ac66b-5d2e-4a93-aab3-8fdd84a0af86","pdfFile":"Package 2 - Rev 4 -- IC.pdf-6291605","viewerUserId":"170d915c-5741-4e0b-b03f-deaeedae27bd","yMapTotal":2899,"yMapByType":{"path":2871,"rect":12,"textbox":1,"callout":11,"ellipse":3,"circle":1},"yMapByAuthor":{"byMe":2899,"byOthers":0,"anonymous":0},"yMapByTypeByAuthor":{"path":{"byMe":2871,"byOthers":0,"anonymous":0},"rect":{"byMe":12,"byOthers":0,"anonymous":0},"textbox":{"byMe":1,"byOthers":0,"anonymous":0},"callout":{"byMe":11,"byOthers":0,"anonymous":0},"ellipse":{"byMe":3,"byOthers":0,"anonymous":0},"circle":{"byMe":1,"byOthers":0,"anonymous":0}},"yMapPerTypePerPage":{"path":{"6":357,"7":145,"8":392,"9":1389,"10":329,"11":256,"unknown":3},"rect":{"6":1,"7":1,"8":1,"9":1,"10":1,"11":1,"unknown":6},"textbox":{"6":1},"callout":{"1":10,"6":1},"ellipse":{"unknown":3},"circle":{"unknown":1}},"byPageTotal":2899,"byPageByType":{"path":2871,"callout":11,"rect":12,"ellipse":3,"circle":1,"textbox":1},"byPagePerPagePerType":{"1":{"path":3,"callout":10,"rect":6,"ellipse":3,"circle":1},"6":{"path":357,"rect":1,"textbox":1,"callout":1},"7":{"path":145,"rect":1},"8":{"path":392,"rect":1},"9":{"path":1389,"rect":1},"10":{"rect":1,"path":329},"11":{"path":256,"rect":1}}}
[SVGAnnotationLayer] setRotInputVisible(false) reason=selectedIds.size !== 1
[Phase31 UAT] backfill:cutover-dedupe-anchor-skip {"documentId":"d30ac66b-5d2e-4a93-aab3-8fdd84a0af86","userId":"170d915c-5741-4e0b-b03f-deaeedae27bd","yMapSize":2899,"lastGoodSize":2899}
[HyperlinkDiag] post-load scan {"hyperlinkCount":0,"samples":[]}
[HyperlinkDiag] page 1 layers {"hyperlinkChildren":0,"layerClasses":["DIV","e-spinner-pane e-spin-show","e-pv-page-canvas","e-pv-annotation-canvas","DIV","e-pv-text-layer"]}
[HyperlinkDiag] page 2 layers {"hyperlinkChildren":0,"layerClasses":["DIV","e-spinner-pane e-spin-show","e-pv-page-canvas","e-pv-annotation-canvas","DIV","e-pv-text-layer"]}
[HyperlinkDiag] page 3 layers {"hyperlinkChildren":0,"layerClasses":["DIV","e-spinner-pane e-spin-hide","e-pv-page-canvas","e-pv-annotation-canvas","DIV","IMG","IMG","IMG","IMG","e-pv-text-layer"]}
[HyperlinkDiag] page 4 layers {"hyperlinkChildren":0,"layerClasses":["DIV","e-spinner-pane e-spin-hide","e-pv-page-canvas","e-pv-annotation-canvas","DIV","IMG","IMG","IMG","IMG"]}
[HyperlinkDiag] page 5 layers {"hyperlinkChildren":0,"layerClasses":["DIV","e-spinner-pane e-spin-hide","e-pv-page-canvas","e-pv-annotation-canvas","DIV","IMG","e-pv-text-layer","IMG"]}
[HyperlinkDiag] page 6 layers {"hyperlinkChildren":0,"layerClasses":["DIV","e-spinner-pane e-spin-show","e-pv-page-canvas","e-pv-annotation-canvas","DIV"]}
[HyperlinkDiag] page 7 layers {"hyperlinkChildren":0,"layerClasses":["DIV","e-spinner-pane e-spin-show","e-pv-page-canvas","e-pv-annotation-canvas","DIV"]}
[HyperlinkDiag] page 8 layers {"hyperlinkChildren":0,"layerClasses":["DIV","e-spinner-pane e-spin-show","e-pv-page-canvas","e-pv-annotation-canvas","DIV"]}
[HyperlinkDiag] page 9 layers {"hyperlinkChildren":0,"layerClasses":["DIV","e-spinner-pane e-spin-show","e-pv-page-canvas","e-pv-annotation-canvas","DIV"]}
[HyperlinkDiag] page 10 layers {"hyperlinkChildren":0,"layerClasses":["DIV","e-spinner-pane e-spin-show","e-pv-page-canvas","e-pv-annotation-canvas","DIV"]}
[DebugBridge +10594.2ms] zoom_end {"source":"zoomChange_settle"}
[Diag] tool-switch DETECTED → select (scheduling t+1000ms capture)
[Diag select] screenshot saved (702 KB) → /Users/isaiahcalvo/Desktop/Survey-BetaSafeS2/TestLogs/testlog-screenshot-select.png
[Diag select] CAPTURED @ t+1001ms — annotations=23 callouts=0 svgWrappers=1 svgVis=[visible] svgElems=13 svgVisElems=13 eraserCanvases=0 svgMarkupBytes=26124
[PHASE35][marquee.filter][pdf=Package 2 - Rev 4 -- IC.pdf] {"stage":"filtered","viewerId":"170d915c-5741-4e0b-b03f-deaeedae27bd","documentOwnerId":"170d915c-5741-4e0b-b03f-deaeedae27bd","role":"owner","hitsIn":10,"hitsOut":10,"droppedCount":0,"perAnnotation":[{"index":12,"present":true,"annotationId":"20c8b0de-fe22-4edd-b462-0cb7fee09278","authorId":"170d915c-5741-4e0b-b03f-deaeedae27bd","type":"rect","decision":"ALLOW"},{"index":13,"present":true,"annotationId":"5c325a0e-7fb0-4f4e-abbc-f9d230306231","authorId":"170d915c-5741-4e0b-b03f-deaeedae27bd","type":"rect","decision":"ALLOW"},{"index":14,"present":true,"annotationId":"f2166fe2-4f13-418e-b570-02db4ec18a5c","authorId":"170d915c-5741-4e0b-b03f-deaeedae27bd","type":"ellipse","decision":"ALLOW"},{"index":15,"present":true,"annotationId":"dcece14d-2316-433d-94be-b199f5d07408","authorId":"170d915c-5741-4e0b-b03f-deaeedae27bd","type":"rect","decision":"ALLOW"},{"index":17,"present":true,"annotationId":"edf6e15f-a096-4c7d-affc-1771633408b3","authorId":"170d915c-5741-4e0b-b03f-deaeedae27bd","type":"rect","decision":"ALLOW"},{"index":18,"present":true,"annotationId":"e45c2b45-75f9-4827-abd6-d22d06f45cf1","authorId":"170d915c-5741-4e0b-b03f-deaeedae27bd","type":"circle","decision":"ALLOW"},{"index":19,"present":true,"annotationId":"8220a53f-0793-4765-88c4-b32560934006","authorId":"170d915c-5741-4e0b-b03f-deaeedae27bd","type":"ellipse","decision":"ALLOW"},{"index":20,"present":true,"annotationId":"8ce64557-0533-444b-b819-d481e98e74d9","authorId":"170d915c-5741-4e0b-b03f-deaeedae27bd","type":"rect","decision":"ALLOW"},{"index":21,"present":true,"annotationId":"108a7b2b-acd9-470d-a5a0-bfc18b277aa9","authorId":"170d915c-5741-4e0b-b03f-deaeedae27bd","type":"rect","decision":"ALLOW"},{"index":22,"present":true,"annotationId":"3ed191f9-6a00-40ca-ab06-001f15d1e893","authorId":"170d915c-5741-4e0b-b03f-deaeedae27bd","type":"ellipse","decision":"ALLOW"}],"sameRefReturned":true}
[SVGAnnotationLayer] setRotInputVisible(false) reason=selectedIds.size !== 1
[SVGAnnotationLayer] setRotInputVisible(false) reason=selectedIds.size !== 1
console.warn @ [CloudSync][hook][state-obs] SHRINK {"prevCount":2899,"currentCount":2889,"delta":-10,"hydrated":true,"sameRefAsLastByPage":false,"stack":"    at commitHookEffectListMount (http://localhost:5173/node_modules/.vite/deps/chunk-DSUIPI7G.js?v=4844aadd:23793:34) |     at commitPassiveMountOnFiber (http://localhost:5173/node_modules/.vite/deps/chunk-DSUIPI7G.js?v=4844aadd:25034:19) |     at commitPassiveMountEffects_complete (http://localhost:5173/node_modules/.vite/deps/chunk-DSUIPI7G.js?v=4844aadd:25007:17) |     at commitPassiveMountEffects_begin (http://localhost:5173/node_modules/.vite/deps/chunk-DSUIPI7G.js?v=4844aadd:24997:15) |     at commitPassiveMountEffects (http://localhost:5173/node_modules/.vite/deps/chunk-DSUIPI7G.js?v=4844aadd:24987:11) |     at flushPassiveEffectsImpl (http://localhost:5173/node_modules/.vite/deps/chunk-DSUIPI7G.js?v=4844aadd:26368:11)"}
[CloudSync][hook] fabric state changed — debounce push scheduled {"pageCount":7,"objectCount":2889,"priorObjectCount":2899,"isWipePush":false,"deferredUntilPointerUp":false,"debounceMs":800}
[CloudSync][hook] fabric push debounce elapsed — pushing now
[Phase31 UAT] save:start {"documentId":"d30ac66b-5d2e-4a93-aab3-8fdd84a0af86","pdfId":"Package 2 - Rev 4 -- IC.pdf-6291605","userId":"170d915c-5741-4e0b-b03f-deaeedae27bd","legacyBulkUpsertEnabled":false,"crdtEnabled":true,"ydocMounted":true,"route":"crdt-only","currentTotal":2889,"currentDrawnByMe":2889,"currentDrawnByOthers":0,"currentImported":0,"priorTotal":2899,"priorDrawnByMe":2899,"priorImported":0,"deltaTotal":-10}
[CloudSync][hook] fabric delta prepared {"changedObjectCount":0,"totalObjectCount":2889,"priorObjectCount":2899}
[CloudSync][hook] eraser/delete detected — removing rows from cloud {"count":10,"firstFew":["20c8b0de-fe22-4edd-b462-0cb7fee09278","5c325a0e-7fb0-4f4e-abbc-f9d230306231","f2166fe2-4f13-418e-b570-02db4ec18a5c","dcece14d-2316-433d-94be-b199f5d07408","edf6e15f-a096-4c7d-affc-1771633408b3"]}
[Phase31 UAT] delete:fan-out done {"documentId":"d30ac66b-5d2e-4a93-aab3-8fdd84a0af86","pdfId":"Package 2 - Rev 4 -- IC.pdf-6291605","userId":"170d915c-5741-4e0b-b03f-deaeedae27bd","requested":10,"deleted":10,"yMapSizeAfter":2889}
[Phase31 UAT] save:fan-out done {"documentId":"d30ac66b-5d2e-4a93-aab3-8fdd84a0af86","pdfId":"Package 2 - Rev 4 -- IC.pdf-6291605","userId":"170d915c-5741-4e0b-b03f-deaeedae27bd","dispatched":0,"detected":0,"skippedHighlightOrCallout":0,"skippedOtherType":0,"rawTypeBreakdown":{},"resolvedTypeBreakdown":{},"skipReasons":{},"skipSamples":[],"yMapSizeAfter":2889}
[CloudSync][hook] fabric push synced {"count":0}
[SVGAnnotationLayer] setRotInputVisible(false) reason=selectedIds.size !== 1
[DrawCanvas p1] MOUNT — tool=rect, isShape=true, isDrawingMode=false
[DrawCanvas p1] shape effect — tool=rect, isShape=true, isDrawingMode=false
[DrawCanvas p1] shape effect — tool=rect, isShape=true, isDrawingMode=false
[DrawCanvas p1] shape mousedown at (91.3, 262.5), tool=rect
[DrawCanvas p1] shape mouseup — tool=rect, hasSize=true {"left":92.26895998023714,"top":263.515192687747,"w":241.10671936758894,"h":226.59288537549406}
[ShapeCommitDiag] commit geometry {"annotationId":"f6580dc1-ea95-4013-ae48-a60a6bd43932","pageNumber":1,"tool":"rect","pointerDown":{"x":91.269,"y":262.515},"lastMouseMove":{"x":334.376,"y":491.108},"mouseUp":{"x":334.376,"y":491.108},"previewOuterBounds":{"left":91.269,"top":262.515,"width":243.107,"height":228.593},"fabricPreviewBeforeCommit":{"type":"rect","left":92.269,"top":263.515,"width":241.107,"height":226.593,"rx":0,"ry":0,"strokeWidth":2},"serializedAnnotation":{"type":"rect","left":91.26895998023714,"top":262.515192687747,"width":243.10671936758894,"height":228.59288537549406,"rx":0,"ry":0,"strokeWidth":2},"serializedOuterBounds":{"left":91.269,"top":262.515,"width":243.107,"height":228.593},"deltaPreviewToSaved":{"left":0,"top":0,"width":0,"height":0}}
[CloudSync][hook] fabric state changed — debounce push scheduled {"pageCount":7,"objectCount":2890,"priorObjectCount":2889,"isWipePush":false,"deferredUntilPointerUp":false,"debounceMs":800}
[ShapeCommitDiag] svg rendered bbox after commit {"annotationId":"f6580dc1-ea95-4013-ae48-a60a6bd43932","pageNumber":1,"tool":"rect","pointerDown":{"x":91.269,"y":262.515},"lastMouseMove":{"x":334.376,"y":491.108},"mouseUp":{"x":334.376,"y":491.108},"previewOuterBounds":{"left":91.269,"top":262.515,"width":243.107,"height":228.593},"serializedOuterBounds":{"left":91.269,"top":262.515,"width":243.107,"height":228.593},"svgRenderedBBox":{"left":92.269,"top":263.515,"width":241.107,"height":226.593},"deltaPreviewToSaved":{"left":0,"top":0,"width":0,"height":0},"deltaSavedToSvg":{"left":1,"top":1,"width":-2,"height":-2},"deltaPreviewToSvg":{"left":1,"top":1,"width":-2,"height":-2}}
[CloudSync][hook] fabric push debounce elapsed — pushing now
[Phase31 UAT] save:start {"documentId":"d30ac66b-5d2e-4a93-aab3-8fdd84a0af86","pdfId":"Package 2 - Rev 4 -- IC.pdf-6291605","userId":"170d915c-5741-4e0b-b03f-deaeedae27bd","legacyBulkUpsertEnabled":false,"crdtEnabled":true,"ydocMounted":true,"route":"crdt-only","currentTotal":2890,"currentDrawnByMe":2889,"currentDrawnByOthers":1,"currentImported":0,"priorTotal":2889,"priorDrawnByMe":2889,"priorImported":0,"deltaTotal":1}
[CloudSync][hook] fabric delta prepared {"changedObjectCount":1,"totalObjectCount":2890,"priorObjectCount":2889}
[Phase31 UAT] save:fan-out done {"documentId":"d30ac66b-5d2e-4a93-aab3-8fdd84a0af86","pdfId":"Package 2 - Rev 4 -- IC.pdf-6291605","userId":"170d915c-5741-4e0b-b03f-deaeedae27bd","dispatched":1,"detected":1,"skippedHighlightOrCallout":0,"skippedOtherType":0,"rawTypeBreakdown":{"rect":1},"resolvedTypeBreakdown":{"square":1},"skipReasons":{},"skipSamples":[],"yMapSizeAfter":2890}
[CloudSync][hook] fabric push synced {"count":0}
[DrawCanvas p1] shape effect — tool=rect, isShape=true, isDrawingMode=false
[DrawCanvas p1] shape mousedown at (109.4, 525.0), tool=ellipse
[DrawCanvas p1] shape mouseup — tool=ellipse, hasSize=false {"left":110.41125247035572,"top":525.9736907114624,"w":0,"h":0}
[DrawCanvas p1] shape too small, discarded
[DrawCanvas p1] shape mousedown at (109.4, 525.0), tool=ellipse
[DrawCanvas p1] shape mouseup — tool=ellipse, hasSize=true {"left":110.41125247035572,"top":525.9736907114624,"w":293.1146245059289,"h":154.02371541501975}
[ShapeCommitDiag] commit geometry {"annotationId":"1caaf36e-d2ad-4939-9e22-b7e9c59c0b2a","pageNumber":1,"tool":"ellipse","pointerDown":{"x":109.411,"y":524.974},"lastMouseMove":{"x":404.526,"y":680.997},"mouseUp":{"x":404.526,"y":680.997},"previewOuterBounds":{"left":109.411,"top":524.974,"width":295.115,"height":156.024},"fabricPreviewBeforeCommit":{"type":"ellipse","left":110.411,"top":525.974,"width":293.115,"height":154.024,"rx":146.557,"ry":77.012,"strokeWidth":2},"serializedAnnotation":{"type":"ellipse","left":109.41125247035572,"top":524.9736907114624,"width":293.11,"height":154.02,"rx":147.55731225296444,"ry":78.01185770750988,"strokeWidth":2},"serializedOuterBounds":{"left":109.411,"top":524.974,"width":295.115,"height":156.024},"deltaPreviewToSaved":{"left":0,"top":0,"width":0,"height":0}}
[CloudSync][hook] fabric state changed — debounce push scheduled {"pageCount":7,"objectCount":2891,"priorObjectCount":2890,"isWipePush":false,"deferredUntilPointerUp":false,"debounceMs":800}
[ShapeCommitDiag] svg rendered bbox after commit {"annotationId":"1caaf36e-d2ad-4939-9e22-b7e9c59c0b2a","pageNumber":1,"tool":"ellipse","pointerDown":{"x":109.411,"y":524.974},"lastMouseMove":{"x":404.526,"y":680.997},"mouseUp":{"x":404.526,"y":680.997},"previewOuterBounds":{"left":109.411,"top":524.974,"width":295.115,"height":156.024},"serializedOuterBounds":{"left":109.411,"top":524.974,"width":295.115,"height":156.024},"svgRenderedBBox":{"left":110.411,"top":525.974,"width":293.115,"height":154.024},"deltaPreviewToSaved":{"left":0,"top":0,"width":0,"height":0},"deltaSavedToSvg":{"left":1,"top":1,"width":-2,"height":-2},"deltaPreviewToSvg":{"left":1,"top":1,"width":-2,"height":-2}}
[CloudSync][hook] fabric push debounce elapsed — pushing now
[Phase31 UAT] save:start {"documentId":"d30ac66b-5d2e-4a93-aab3-8fdd84a0af86","pdfId":"Package 2 - Rev 4 -- IC.pdf-6291605","userId":"170d915c-5741-4e0b-b03f-deaeedae27bd","legacyBulkUpsertEnabled":false,"crdtEnabled":true,"ydocMounted":true,"route":"crdt-only","currentTotal":2891,"currentDrawnByMe":2889,"currentDrawnByOthers":2,"currentImported":0,"priorTotal":2890,"priorDrawnByMe":2889,"priorImported":0,"deltaTotal":1}
[CloudSync][hook] fabric delta prepared {"changedObjectCount":1,"totalObjectCount":2891,"priorObjectCount":2890}
[Phase31 UAT] save:fan-out done {"documentId":"d30ac66b-5d2e-4a93-aab3-8fdd84a0af86","pdfId":"Package 2 - Rev 4 -- IC.pdf-6291605","userId":"170d915c-5741-4e0b-b03f-deaeedae27bd","dispatched":1,"detected":1,"skippedHighlightOrCallout":0,"skippedOtherType":0,"rawTypeBreakdown":{"ellipse":1},"resolvedTypeBreakdown":{"circle":1},"skipReasons":{},"skipSamples":[],"yMapSizeAfter":2891}
[CloudSync][hook] fabric push synced {"count":0}
[DrawCanvas p1] shape mousedown at (388.8, 316.9), tool=ellipse
[DrawCanvas p1] shape mouseup — tool=ellipse, hasSize=true {"left":389.8025568181818,"top":317.94207015810275,"w":92.33992094861657,"h":85.08300395256913}
[ShapeCommitDiag] commit geometry {"annotationId":"2f28b2e6-3439-43bd-b705-d7dc615ffe71","pageNumber":1,"tool":"ellipse","pointerDown":{"x":388.803,"y":316.942},"lastMouseMove":{"x":483.142,"y":404.025},"mouseUp":{"x":483.142,"y":404.025},"previewOuterBounds":{"left":388.803,"top":316.942,"width":94.34,"height":87.083},"fabricPreviewBeforeCommit":{"type":"ellipse","left":389.803,"top":317.942,"width":92.34,"height":85.083,"rx":46.17,"ry":42.542,"strokeWidth":2},"serializedAnnotation":{"type":"ellipse","left":388.8025568181818,"top":316.94207015810275,"width":92.34,"height":85.08,"rx":47.16996047430828,"ry":43.541501976284565,"strokeWidth":2},"serializedOuterBounds":{"left":388.803,"top":316.942,"width":94.34,"height":87.083},"deltaPreviewToSaved":{"left":0,"top":0,"width":0,"height":0}}
[CloudSync][hook] fabric state changed — debounce push scheduled {"pageCount":7,"objectCount":2892,"priorObjectCount":2891,"isWipePush":false,"deferredUntilPointerUp":false,"debounceMs":800}
[ShapeCommitDiag] svg rendered bbox after commit {"annotationId":"2f28b2e6-3439-43bd-b705-d7dc615ffe71","pageNumber":1,"tool":"ellipse","pointerDown":{"x":388.803,"y":316.942},"lastMouseMove":{"x":483.142,"y":404.025},"mouseUp":{"x":483.142,"y":404.025},"previewOuterBounds":{"left":388.803,"top":316.942,"width":94.34,"height":87.083},"serializedOuterBounds":{"left":388.803,"top":316.942,"width":94.34,"height":87.083},"svgRenderedBBox":{"left":389.803,"top":317.942,"width":92.34,"height":85.083},"deltaPreviewToSaved":{"left":0,"top":0,"width":0,"height":0},"deltaSavedToSvg":{"left":1,"top":1,"width":-2,"height":-2},"deltaPreviewToSvg":{"left":1,"top":1,"width":-2,"height":-2}}
[DrawCanvas p1] shape mousedown at (408.2, 216.6), tool=ellipse
[CloudSync][hook] fabric push debounce elapsed — pushing now
[Phase31 UAT] save:start {"documentId":"d30ac66b-5d2e-4a93-aab3-8fdd84a0af86","pdfId":"Package 2 - Rev 4 -- IC.pdf-6291605","userId":"170d915c-5741-4e0b-b03f-deaeedae27bd","legacyBulkUpsertEnabled":false,"crdtEnabled":true,"ydocMounted":true,"route":"crdt-only","currentTotal":2892,"currentDrawnByMe":2889,"currentDrawnByOthers":3,"currentImported":0,"priorTotal":2891,"priorDrawnByMe":2889,"priorImported":0,"deltaTotal":1}
[CloudSync][hook] fabric delta prepared {"changedObjectCount":1,"totalObjectCount":2892,"priorObjectCount":2891}
[Phase31 UAT] save:fan-out done {"documentId":"d30ac66b-5d2e-4a93-aab3-8fdd84a0af86","pdfId":"Package 2 - Rev 4 -- IC.pdf-6291605","userId":"170d915c-5741-4e0b-b03f-deaeedae27bd","dispatched":1,"detected":1,"skippedHighlightOrCallout":0,"skippedOtherType":0,"rawTypeBreakdown":{"ellipse":1},"resolvedTypeBreakdown":{"circle":1},"skipReasons":{},"skipSamples":[],"yMapSizeAfter":2892}
[CloudSync][hook] fabric push synced {"count":0}
[DrawCanvas p1] shape mouseup — tool=ellipse, hasSize=true {"left":409.15433547430825,"top":217.55471837944663,"w":123.78656126482213,"h":65.73122529644269}
[ShapeCommitDiag] commit geometry {"annotationId":"34492192-be2c-4ec9-88d5-06a6e2dfe1c4","pageNumber":1,"tool":"ellipse","pointerDown":{"x":408.154,"y":216.555},"lastMouseMove":{"x":533.941,"y":284.286},"mouseUp":{"x":533.941,"y":284.286},"previewOuterBounds":{"left":408.154,"top":216.555,"width":125.787,"height":67.731},"fabricPreviewBeforeCommit":{"type":"ellipse","left":409.154,"top":217.555,"width":123.787,"height":65.731,"rx":61.893,"ry":32.866,"strokeWidth":2},"serializedAnnotation":{"type":"ellipse","left":408.15433547430825,"top":216.55471837944663,"width":123.79,"height":65.73,"rx":62.89328063241106,"ry":33.865612648221344,"strokeWidth":2},"serializedOuterBounds":{"left":408.154,"top":216.555,"width":125.787,"height":67.731},"deltaPreviewToSaved":{"left":0,"top":0,"width":0,"height":0}}
[CloudSync][hook] fabric state changed — debounce push scheduled {"pageCount":7,"objectCount":2893,"priorObjectCount":2892,"isWipePush":false,"deferredUntilPointerUp":false,"debounceMs":800}
[ShapeCommitDiag] svg rendered bbox after commit {"annotationId":"34492192-be2c-4ec9-88d5-06a6e2dfe1c4","pageNumber":1,"tool":"ellipse","pointerDown":{"x":408.154,"y":216.555},"lastMouseMove":{"x":533.941,"y":284.286},"mouseUp":{"x":533.941,"y":284.286},"previewOuterBounds":{"left":408.154,"top":216.555,"width":125.787,"height":67.731},"serializedOuterBounds":{"left":408.154,"top":216.555,"width":125.787,"height":67.731},"svgRenderedBBox":{"left":409.154,"top":217.555,"width":123.787,"height":65.731},"deltaPreviewToSaved":{"left":0,"top":0,"width":0,"height":0},"deltaSavedToSvg":{"left":1,"top":1,"width":-2,"height":-2},"deltaPreviewToSvg":{"left":1,"top":1,"width":-2,"height":-2}}
[CloudSync][hook] fabric push debounce elapsed — pushing now
[Phase31 UAT] save:start {"documentId":"d30ac66b-5d2e-4a93-aab3-8fdd84a0af86","pdfId":"Package 2 - Rev 4 -- IC.pdf-6291605","userId":"170d915c-5741-4e0b-b03f-deaeedae27bd","legacyBulkUpsertEnabled":false,"crdtEnabled":true,"ydocMounted":true,"route":"crdt-only","currentTotal":2893,"currentDrawnByMe":2889,"currentDrawnByOthers":4,"currentImported":0,"priorTotal":2892,"priorDrawnByMe":2889,"priorImported":0,"deltaTotal":1}
[CloudSync][hook] fabric delta prepared {"changedObjectCount":1,"totalObjectCount":2893,"priorObjectCount":2892}
[Phase31 UAT] save:fan-out done {"documentId":"d30ac66b-5d2e-4a93-aab3-8fdd84a0af86","pdfId":"Package 2 - Rev 4 -- IC.pdf-6291605","userId":"170d915c-5741-4e0b-b03f-deaeedae27bd","dispatched":1,"detected":1,"skippedHighlightOrCallout":0,"skippedOtherType":0,"rawTypeBreakdown":{"ellipse":1},"resolvedTypeBreakdown":{"circle":1},"skipReasons":{},"skipSamples":[],"yMapSizeAfter":2893}
[CloudSync][hook] fabric push synced {"count":0}