===== SurveyApp Save Log =====
version:   0.1.45
runtime:   dev-server
platform:  desktop
device:    Mac
os:        macOS 10.15.7
screen:    1512x982 @2x
viewport:  1200x772
locale:    en-US
timestamp: 2026-05-04T18:33:02.529Z (5/4/2026, 2:33:02 PM)
==============================
[dev-auto-login] boot {"hasDevEmail":true,"devEmailHint":"isai***","hasDevPassword":true,"hasCachedSession":true,"cachedSessionEmail":"isaiahcalvo123@gmail.com","cachedSessionExpiresAt":1777919585}
[dev-auto-login] cached session matches dev email, keeping it
[dev-auto-login] decision {"needsAutoLogin":false,"willAttemptSignIn":false}
[CloudSync][hook] session id minted {"sessionId":"4a6763cf-7be3-4b5b-bdcf-90e38eec4313"}
[AnnotPerf] finalize idle (forced-reset) — deferring CSS transform removal, waiting for PAL confirmation
[DebugBridge +251642.9ms] zoom_start {"scale":1.1732,"targetScale":1,"source":"keyboard_toolbar"}
[CloudSync][hook][state-obs] annotationsByPage initial {"currentCount":0,"pages":0,"hydrated":false}
[CloudSync][hook][state-obs] callouts initial {"currentCount":0,"hydrated":false}
[CloudSync][hook] hydrate effect fired {"enabled":false,"documentId":"70dadd86-35f0-432b-925f-c59e919a4e4d","userId":"170d915c-5741-4e0b-b03f-deaeedae27bd","pdfId":null}
[CloudSync][hook] hydrate skipped — missing prerequisite {"enabled":false,"hasDocumentId":true,"hasUserId":true,"hasPdfId":false}
[CSeries wipe] doc=Package 2 - Rev 4 -- IC.pdf-8316501 totalCounters=1 legacyRemoved=0 — nothing to wipe.
[Phase31 UAT] backfill:effect {"hasYdoc":true,"docId":"70dadd86-35f0-432b-925f-c59e919a4e4d","userId":null,"alreadyRanFor":null,"willRun":false}
[CloudSync][hook][state-obs] change {"prevCount":0,"currentCount":3059,"delta":3059,"hydrated":false,"sameRefAsLastByPage":false}
[CloudSync][hook][state-obs] callout change {"prevCount":0,"currentCount":0,"delta":0,"hydrated":false,"sameRefAsLastCallouts":false}
[CloudSync][hook] hydrate effect fired {"enabled":false,"documentId":"70dadd86-35f0-432b-925f-c59e919a4e4d","userId":"170d915c-5741-4e0b-b03f-deaeedae27bd","pdfId":"Package 2 - Rev 4 -- IC.pdf-8316501"}
[CloudSync][hook] hydrate skipped — missing prerequisite {"enabled":false,"hasDocumentId":true,"hasUserId":true,"hasPdfId":true}
[Phase31 UAT] backfill:effect {"hasYdoc":true,"docId":"70dadd86-35f0-432b-925f-c59e919a4e4d","userId":"170d915c-5741-4e0b-b03f-deaeedae27bd","alreadyRanFor":null,"willRun":true}
[Phase31 UAT] backfill:start {"hasYdoc":true,"hasSupabase":true,"documentId":"70dadd86-35f0-432b-925f-c59e919a4e4d","userId":"170d915c-5741-4e0b-b03f-deaeedae27bd","markCutoverComplete":true}
console.warn @ [SupabaseYjsProvider] update exceeds soft cap 4038772 bytes — skipping broadcast
[CloudSync][hydrate] loadAllNonHighlightAnnotations start {"documentId":"70dadd86-35f0-432b-925f-c59e919a4e4d"}
[DebugBridge +253339.0ms] zoom_end {"source":"keyboard_toolbar_settle"}
[PrintPanel] RENDER — panel closed
[CloudSync][hook][state-obs] change {"prevCount":3059,"currentCount":3059,"delta":0,"hydrated":false,"sameRefAsLastByPage":false}
[CloudSync][hook][state-obs] callout change {"prevCount":0,"currentCount":0,"delta":0,"hydrated":false,"sameRefAsLastCallouts":false}
[Counter SVG p1] dispatching renderCounter — i=0, displayNumber=1, fill=#ef4444, numberColor=unset, left=869.89, top=298.11, radius=14
[SVGAnnotationLayer] setRotInputVisible(false) reason=selectedIds.size !== 1
[SVGAnnotationLayer] setRotInputVisible(false) reason=selectedIds.size !== 1
[SVGAnnotationLayer] setRotInputVisible(false) reason=selectedIds.size !== 1
[SVGAnnotationLayer] setRotInputVisible(false) reason=selectedIds.size !== 1
[SVGAnnotationLayer] setRotInputVisible(false) reason=selectedIds.size !== 1
[SVGAnnotationLayer] setRotInputVisible(false) reason=selectedIds.size !== 1
[DebugBridge +253998.9ms] pdf_loaded {"pageCount":36,"currentPage":1}
[DebugBridge +254100.5ms] zoom_start {"scale":0.91993,"targetScale":0.83,"source":"zoomChange"}
[HyperlinkDiag] post-load scan {"hyperlinkCount":0,"samples":[]}
[HyperlinkDiag] page 1 layers {"hyperlinkChildren":0,"layerClasses":["DIV","e-spinner-pane e-spin-show","e-pv-page-canvas","e-pv-annotation-canvas","DIV","e-pv-text-layer"]}
[HyperlinkDiag] page 2 layers {"hyperlinkChildren":0,"layerClasses":["DIV","e-spinner-pane e-spin-show","e-pv-page-canvas","e-pv-annotation-canvas","DIV","e-pv-text-layer"]}
[HyperlinkDiag] page 3 layers {"hyperlinkChildren":0,"layerClasses":["DIV","e-spinner-pane e-spin-hide","e-pv-page-canvas","e-pv-annotation-canvas","DIV","IMG","IMG","IMG","IMG","e-pv-text-layer"]}
[HyperlinkDiag] page 4 layers {"hyperlinkChildren":0,"layerClasses":["DIV","e-spinner-pane e-spin-hide","e-pv-page-canvas","e-pv-annotation-canvas","DIV","IMG","IMG"]}
[HIGHLIGHT-SYNC][load.legacy][pdf=Package 2 - Rev 4 -- IC.pdf] {"documentId":"70dadd86-35f0-432b-925f-c59e919a4e4d","totalRows":1820,"fabricCarryingDropped":1820,"keptCount":0,"keptIds":[]}
[DebugBridge +255324.6ms] zoom_end {"source":"zoomChange_settle"}
[CloudSync][hook] hydrate effect fired {"enabled":true,"documentId":"70dadd86-35f0-432b-925f-c59e919a4e4d","userId":"170d915c-5741-4e0b-b03f-deaeedae27bd","pdfId":"Package 2 - Rev 4 -- IC.pdf-8316501"}
[CloudSync][hook] stage=hydrating
[CloudSync][hook] fabric push skipped — not hydrated yet
[CloudSync][hook] callout push skipped — not hydrated yet
[CloudSync][realtime] subscribing {"documentId":"70dadd86-35f0-432b-925f-c59e919a4e4d","currentUserId":"170d915c-5741-4e0b-b03f-deaeedae27bd","currentSessionId":"4a6763cf-7be3-4b5b-bdcf-90e38eec4313","hasFabricInsert":true,"hasFabricUpdate":true,"hasFabricDelete":true,"hasCalloutInsert":true,"hasCalloutUpdate":true,"hasCalloutDelete":true}
[CloudSync][realtime] subscribe status {"status":"SUBSCRIBED","error":null}
[CloudSync][hook] post-subscribe catch-up skipped — startup sync already in flight
[SVGAnnotationLayer] setRotInputVisible(false) reason=selectedIds.size !== 1
[SVGAnnotationLayer] setRotInputVisible(false) reason=selectedIds.size !== 1
[CloudSync][hook] cutover-complete hydrate — reading from Y.Doc {"documentId":"70dadd86-35f0-432b-925f-c59e919a4e4d","cutoverTs":"2026-05-04T01:43:38.761+00:00"}
[Phase31 UAT] hydrate:cutover-sealed {"documentId":"70dadd86-35f0-432b-925f-c59e919a4e4d","pdfId":"Package 2 - Rev 4 -- IC.pdf-8316501","cutoverTs":"2026-05-04T01:43:38.761+00:00","yMapSize":3,"materializedTotal":3,"materializedDrawnByMe":3,"materializedDrawnByOthers":0,"materializedImported":0,"pages":2,"perPage":{"1":1,"6":2},"currentStateCount":3059,"ydocLooksDegenerate":true}
[Phase31 UAT] hydrate:cutover-sealed:by-type {"documentId":"70dadd86-35f0-432b-925f-c59e919a4e4d","pdfFile":"Package 2 - Rev 4 -- IC.pdf-8316501","viewerUserId":"170d915c-5741-4e0b-b03f-deaeedae27bd","yMapTotal":3,"yMapByType":{"path":2,"circle":1},"yMapByAuthor":{"byMe":3,"byOthers":0,"anonymous":0},"yMapByTypeByAuthor":{"path":{"byMe":2,"byOthers":0,"anonymous":0},"circle":{"byMe":1,"byOthers":0,"anonymous":0}},"yMapPerTypePerPage":{"path":{"6":2},"circle":{"unknown":1}},"byPageTotal":3,"byPageByType":{"circle":1,"path":2},"byPagePerPagePerType":{"1":{"circle":1},"6":{"path":2}}}
console.warn @ [CloudSync][hook] cutover hydrate skipped state replace — Y.Map smaller than current state, trusting current state until backfill recovers {"ydocCount":3,"currentStateCount":3059}
[SVGAnnotationLayer] setRotInputVisible(false) reason=selectedIds.size !== 1
[SVGAnnotationLayer] setRotInputVisible(false) reason=selectedIds.size !== 1
[DebugBridge +259353.7ms] zoom_start {"scale":0.62,"targetScale":0.72,"source":"zoomChange"}
[DebugBridge +260645.4ms] zoom_end {"source":"zoomChange_settle"}
[Phase31 UAT] backfill:degeneracy-probe {"documentId":"70dadd86-35f0-432b-925f-c59e919a4e4d","userId":"170d915c-5741-4e0b-b03f-deaeedae27bd","yMapSize":3,"legacyCount":null,"probeOk":false,"tolerance":0,"yMapLooksHealthy":false,"dedupeRan":true,"lastGoodSize":3}
console.warn @ [crdtBackfill] cutover sealed but Y.Map < legacy count — re-running import loop to recover {"yMapSize":3,"legacyCount":null}
[DebugBridge +261194.2ms] zoom_start {"scale":1.7388457715511323,"targetScale":1.8388457715511322,"source":"zoomChange"}
[Phase31 UAT] backfill:select-loop start {"documentId":"70dadd86-35f0-432b-925f-c59e919a4e4d","userId":"170d915c-5741-4e0b-b03f-deaeedae27bd","pageSize":1000}
[Phase31 UAT] backfill:select-loop page ok {"documentId":"70dadd86-35f0-432b-925f-c59e919a4e4d","page":0,"range":[0,999],"pageRows":1000,"totalSoFar":1000,"pageElapsedMs":1749}
[Phase31 UAT] backfill:select-loop page ok {"documentId":"70dadd86-35f0-432b-925f-c59e919a4e4d","page":1,"range":[1000,1999],"pageRows":1000,"totalSoFar":2000,"pageElapsedMs":1996}
[Phase31 UAT] backfill:select-loop page ok {"documentId":"70dadd86-35f0-432b-925f-c59e919a4e4d","page":2,"range":[2000,2999],"pageRows":1000,"totalSoFar":3000,"pageElapsedMs":2203}
[DebugBridge +267727.8ms] zoom_end {"source":"zoomChange_settle"}
console.error @ [AnnotationSync] Error upserting annotations: {"code":"57014","details":null,"hint":null,"message":"canceling statement due to statement timeout"}
console.error @ [DocumentSync] Sync failed: {"code":"57014","details":null,"hint":null,"message":"canceling statement due to statement timeout"}
[Counter SVG p1] dispatching renderCounter — i=0, displayNumber=1, fill=#ef4444, numberColor=unset, left=869.89, top=298.11, radius=14
[Diag] tool-switch DETECTED → select (scheduling t+1000ms capture)
[Phase31 UAT] backfill:select-loop page ok {"documentId":"70dadd86-35f0-432b-925f-c59e919a4e4d","page":3,"range":[3000,3999],"pageRows":1000,"totalSoFar":4000,"pageElapsedMs":1851}
[Diag select] screenshot saved (560 KB) → /Users/isaiahcalvo/Desktop/Survey-BetaSafeS2/TestLogs/testlog-screenshot-select.png
[Diag select] CAPTURED @ t+1107ms — annotations=412 callouts=0 svgWrappers=5 svgVis=[visible,visible,visible,visible,visible] svgElems=952 svgVisElems=952 eraserCanvases=0 svgMarkupBytes=3117291
[Phase31 UAT] backfill:select-loop page ok {"documentId":"70dadd86-35f0-432b-925f-c59e919a4e4d","page":4,"range":[4000,4999],"pageRows":1000,"totalSoFar":5000,"pageElapsedMs":957}
[SVGAnnotationLayer] setRotInputVisible(false) reason=selectedIds.size !== 1
console.warn @ [CloudSync][hook][state-obs] SHRINK {"prevCount":3059,"currentCount":3058,"delta":-1,"hydrated":true,"sameRefAsLastByPage":false,"stack":"    at commitHookEffectListMount (http://localhost:5173/node_modules/.vite/deps/chunk-DSUIPI7G.js?v=d338d6e7:23793:34) |     at commitPassiveMountOnFiber (http://localhost:5173/node_modules/.vite/deps/chunk-DSUIPI7G.js?v=d338d6e7:25034:19) |     at commitPassiveMountEffects_complete (http://localhost:5173/node_modules/.vite/deps/chunk-DSUIPI7G.js?v=d338d6e7:25007:17) |     at commitPassiveMountEffects_begin (http://localhost:5173/node_modules/.vite/deps/chunk-DSUIPI7G.js?v=d338d6e7:24997:15) |     at commitPassiveMountEffects (http://localhost:5173/node_modules/.vite/deps/chunk-DSUIPI7G.js?v=d338d6e7:24987:11) |     at flushPassiveEffectsImpl (http://localhost:5173/node_modules/.vite/deps/chunk-DSUIPI7G.js?v=d338d6e7:26368:11)"}
[CloudSync][hook] fabric state changed — debounce push scheduled {"pageCount":7,"objectCount":3058,"priorObjectCount":0,"isWipePush":false,"debounceMs":800}
[Phase31 UAT] backfill:select-loop page ok {"documentId":"70dadd86-35f0-432b-925f-c59e919a4e4d","page":5,"range":[5000,5999],"pageRows":1000,"totalSoFar":6000,"pageElapsedMs":858}
[CloudSync][hook] fabric push debounce elapsed — pushing now
[Phase31 UAT] save:start {"documentId":"70dadd86-35f0-432b-925f-c59e919a4e4d","pdfId":"Package 2 - Rev 4 -- IC.pdf-8316501","userId":"170d915c-5741-4e0b-b03f-deaeedae27bd","legacyBulkUpsertEnabled":false,"crdtEnabled":true,"ydocMounted":true,"route":"crdt-only","currentTotal":3058,"currentDrawnByMe":0,"currentDrawnByOthers":3058,"currentImported":0,"priorTotal":0,"priorDrawnByMe":0,"priorImported":0,"deltaTotal":3058}
[Phase31 UAT] save:fan-out done {"documentId":"70dadd86-35f0-432b-925f-c59e919a4e4d","pdfId":"Package 2 - Rev 4 -- IC.pdf-8316501","userId":"170d915c-5741-4e0b-b03f-deaeedae27bd","dispatched":1,"skippedHighlightOrCallout":0,"skippedOtherType":3057,"yMapSizeAfter":3}
[CloudSync][hook] fabric push synced {"count":0}
[Phase31 UAT] backfill:select-loop page ok {"documentId":"70dadd86-35f0-432b-925f-c59e919a4e4d","page":6,"range":[6000,6999],"pageRows":1000,"totalSoFar":7000,"pageElapsedMs":725}
[Phase31 UAT] backfill:select-loop page ok {"documentId":"70dadd86-35f0-432b-925f-c59e919a4e4d","page":7,"range":[7000,7999],"pageRows":1000,"totalSoFar":8000,"pageElapsedMs":1764}
[Phase31 UAT] backfill:select-loop page ok {"documentId":"70dadd86-35f0-432b-925f-c59e919a4e4d","page":8,"range":[8000,8999],"pageRows":1000,"totalSoFar":9000,"pageElapsedMs":1022}
[Phase31 UAT] backfill:select-loop page ok {"documentId":"70dadd86-35f0-432b-925f-c59e919a4e4d","page":9,"range":[9000,9999],"pageRows":1000,"totalSoFar":10000,"pageElapsedMs":1228}
[Phase31 UAT] backfill:select-loop page ok {"documentId":"70dadd86-35f0-432b-925f-c59e919a4e4d","page":10,"range":[10000,10999],"pageRows":1000,"totalSoFar":11000,"pageElapsedMs":845}
[Phase31 UAT] backfill:select-loop page ok {"documentId":"70dadd86-35f0-432b-925f-c59e919a4e4d","page":11,"range":[11000,11999],"pageRows":1000,"totalSoFar":12000,"pageElapsedMs":1240}
[Phase31 UAT] backfill:select-loop page ok {"documentId":"70dadd86-35f0-432b-925f-c59e919a4e4d","page":12,"range":[12000,12999],"pageRows":1000,"totalSoFar":13000,"pageElapsedMs":902}