===== SurveyApp Save Log =====
version:   0.1.45
runtime:   dev-server
platform:  desktop
device:    Mac
os:        macOS 10.15.7
screen:    1512x982 @2x
viewport:  1512x826
locale:    en-US
timestamp: 2026-05-13T21:47:56.256Z (5/13/2026, 5:47:56 PM)
==============================
[App-RegionEdit p1] overlay portal mounted — currentPage=1, activeTool=region-edit, hasAnnotations=true, hasRegions=false, overlayDiv=true, portalTarget=true
[App-RegionEdit p1] overlay portal mounted — currentPage=1, activeTool=region-edit, hasAnnotations=true, hasRegions=false, overlayDiv=true, portalTarget=true
[App-RegionEdit p1] overlay portal mounted — currentPage=1, activeTool=region-edit, hasAnnotations=true, hasRegions=false, overlayDiv=true, portalTarget=true
[App-RegionEdit p1] overlay portal mounted — currentPage=1, activeTool=region-edit, hasAnnotations=true, hasRegions=false, overlayDiv=true, portalTarget=true
[App-RegionEdit p1] overlay portal mounted — currentPage=1, activeTool=region-edit, hasAnnotations=true, hasRegions=false, overlayDiv=true, portalTarget=true
[App-RegionEdit p1] overlay portal mounted — currentPage=1, activeTool=region-edit, hasAnnotations=true, hasRegions=false, overlayDiv=true, portalTarget=true
[App-RegionEdit p1] overlay portal mounted — currentPage=1, activeTool=region-edit, hasAnnotations=true, hasRegions=false, overlayDiv=true, portalTarget=true
[App-RegionEdit p1] overlay portal mounted — currentPage=1, activeTool=region-edit, hasAnnotations=true, hasRegions=false, overlayDiv=true, portalTarget=true
[App-RegionEdit p1] overlay portal mounted — currentPage=1, activeTool=region-edit, hasAnnotations=true, hasRegions=false, overlayDiv=true, portalTarget=true
[App-RegionEdit p1] overlay portal mounted — currentPage=1, activeTool=region-edit, hasAnnotations=true, hasRegions=false, overlayDiv=true, portalTarget=true
[App-RegionEdit p1] overlay portal mounted — currentPage=1, activeTool=region-edit, hasAnnotations=true, hasRegions=false, overlayDiv=true, portalTarget=true
[App-RegionEdit p1] overlay portal mounted — currentPage=1, activeTool=region-edit, hasAnnotations=true, hasRegions=false, overlayDiv=true, portalTarget=true
[App-RegionEdit p1] overlay portal mounted — currentPage=1, activeTool=region-edit, hasAnnotations=true, hasRegions=false, overlayDiv=true, portalTarget=true
[App-RegionEdit p1] overlay portal mounted — currentPage=1, activeTool=region-edit, hasAnnotations=true, hasRegions=false, overlayDiv=true, portalTarget=true
[App-RegionEdit p1] overlay portal mounted — currentPage=1, activeTool=region-edit, hasAnnotations=true, hasRegions=false, overlayDiv=true, portalTarget=true
[App-RegionEdit p1] overlay portal mounted — currentPage=1, activeTool=region-edit, hasAnnotations=true, hasRegions=false, overlayDiv=true, portalTarget=true
[App-RegionEdit p1] overlay portal mounted — currentPage=1, activeTool=region-edit, hasAnnotations=true, hasRegions=false, overlayDiv=true, portalTarget=true
[App-RegionEdit p1] overlay portal mounted — currentPage=1, activeTool=region-edit, hasAnnotations=true, hasRegions=false, overlayDiv=true, portalTarget=true
[App-RegionEdit p1] overlay portal mounted — currentPage=1, activeTool=region-edit, hasAnnotations=true, hasRegions=false, overlayDiv=true, portalTarget=true
[App-RegionEdit p1] overlay portal mounted — currentPage=1, activeTool=region-edit, hasAnnotations=true, hasRegions=false, overlayDiv=true, portalTarget=true
[App-RegionEdit p1] overlay portal mounted — currentPage=1, activeTool=region-edit, hasAnnotations=true, hasRegions=false, overlayDiv=true, portalTarget=true
[App-RegionEdit p1] overlay portal mounted — currentPage=1, activeTool=region-edit, hasAnnotations=true, hasRegions=false, overlayDiv=true, portalTarget=true
[App-RegionEdit p1] overlay portal mounted — currentPage=1, activeTool=region-edit, hasAnnotations=true, hasRegions=false, overlayDiv=true, portalTarget=true
[App-RegionEdit p1] overlay portal mounted — currentPage=1, activeTool=region-edit, hasAnnotations=true, hasRegions=false, overlayDiv=true, portalTarget=true
[App-RegionEdit p1] overlay portal mounted — currentPage=1, activeTool=region-edit, hasAnnotations=true, hasRegions=false, overlayDiv=true, portalTarget=true
[App-RegionEdit p1] overlay portal mounted — currentPage=1, activeTool=region-edit, hasAnnotations=true, hasRegions=false, overlayDiv=true, portalTarget=true
[App-RegionEdit p1] overlay portal mounted — currentPage=1, activeTool=region-edit, hasAnnotations=true, hasRegions=false, overlayDiv=true, portalTarget=true
[App-RegionEdit p1] overlay portal mounted — currentPage=1, activeTool=region-edit, hasAnnotations=true, hasRegions=false, overlayDiv=true, portalTarget=true
[App-RegionEdit p1] overlay portal mounted — currentPage=1, activeTool=region-edit, hasAnnotations=true, hasRegions=false, overlayDiv=true, portalTarget=true
[App-RegionEdit p1] overlay portal mounted — currentPage=1, activeTool=region-edit, hasAnnotations=true, hasRegions=false, overlayDiv=true, portalTarget=true
[App-RegionEdit p1] overlay portal mounted — currentPage=1, activeTool=region-edit, hasAnnotations=true, hasRegions=false, overlayDiv=true, portalTarget=true
[App-RegionEdit p1] overlay portal mounted — currentPage=1, activeTool=region-edit, hasAnnotations=true, hasRegions=false, overlayDiv=true, portalTarget=true
[App-RegionEdit p1] overlay portal mounted — currentPage=1, activeTool=region-edit, hasAnnotations=true, hasRegions=false, overlayDiv=true, portalTarget=true
[App-RegionEdit p1] overlay portal mounted — currentPage=1, activeTool=region-edit, hasAnnotations=true, hasRegions=false, overlayDiv=true, portalTarget=true
[App-RegionEdit p1] overlay portal mounted — currentPage=1, activeTool=region-edit, hasAnnotations=true, hasRegions=false, overlayDiv=true, portalTarget=true
[App-RegionEdit p1] overlay portal mounted — currentPage=1, activeTool=region-edit, hasAnnotations=true, hasRegions=false, overlayDiv=true, portalTarget=true
[App-RegionEdit p1] overlay portal mounted — currentPage=1, activeTool=region-edit, hasAnnotations=true, hasRegions=false, overlayDiv=true, portalTarget=true
[App-RegionEdit p1] overlay portal mounted — currentPage=1, activeTool=region-edit, hasAnnotations=true, hasRegions=false, overlayDiv=true, portalTarget=true
[App-RegionEdit p1] overlay portal mounted — currentPage=1, activeTool=region-edit, hasAnnotations=true, hasRegions=false, overlayDiv=true, portalTarget=true
[App-RegionEdit p1] overlay portal mounted — currentPage=1, activeTool=region-edit, hasAnnotations=true, hasRegions=false, overlayDiv=true, portalTarget=true
[App-RegionEdit p1] overlay portal mounted — currentPage=1, activeTool=region-edit, hasAnnotations=true, hasRegions=false, overlayDiv=true, portalTarget=true
[App-RegionEdit p1] overlay portal mounted — currentPage=1, activeTool=region-edit, hasAnnotations=true, hasRegions=false, overlayDiv=true, portalTarget=true
[App-RegionEdit p1] overlay portal mounted — currentPage=1, activeTool=region-edit, hasAnnotations=true, hasRegions=false, overlayDiv=true, portalTarget=true
[App-RegionEdit p1] overlay portal mounted — currentPage=1, activeTool=region-edit, hasAnnotations=true, hasRegions=false, overlayDiv=true, portalTarget=true
[App-RegionEdit p1] overlay portal mounted — currentPage=1, activeTool=region-edit, hasAnnotations=true, hasRegions=false, overlayDiv=true, portalTarget=true
[App-RegionEdit p1] overlay portal mounted — currentPage=1, activeTool=region-edit, hasAnnotations=true, hasRegions=false, overlayDiv=true, portalTarget=true
[App-RegionEdit p1] overlay portal mounted — currentPage=1, activeTool=region-edit, hasAnnotations=true, hasRegions=false, overlayDiv=true, portalTarget=true
[App-RegionEdit p1] overlay portal mounted — currentPage=1, activeTool=region-edit, hasAnnotations=true, hasRegions=false, overlayDiv=true, portalTarget=true
[App-RegionEdit p1] overlay portal mounted — currentPage=1, activeTool=region-edit, hasAnnotations=true, hasRegions=false, overlayDiv=true, portalTarget=true
[App-RegionEdit p1] overlay portal mounted — currentPage=1, activeTool=region-edit, hasAnnotations=true, hasRegions=false, overlayDiv=true, portalTarget=true
[App-RegionEdit p1] overlay portal mounted — currentPage=1, activeTool=region-edit, hasAnnotations=true, hasRegions=false, overlayDiv=true, portalTarget=true
[App-RegionEdit p1] overlay portal mounted — currentPage=1, activeTool=region-edit, hasAnnotations=true, hasRegions=false, overlayDiv=true, portalTarget=true
[App-RegionEdit p1] overlay portal mounted — currentPage=1, activeTool=region-edit, hasAnnotations=true, hasRegions=false, overlayDiv=true, portalTarget=true
[App-RegionEdit p1] overlay portal mounted — currentPage=1, activeTool=region-edit, hasAnnotations=true, hasRegions=false, overlayDiv=true, portalTarget=true
[App-RegionEdit p1] overlay portal mounted — currentPage=1, activeTool=region-edit, hasAnnotations=true, hasRegions=false, overlayDiv=true, portalTarget=true
[App-RegionEdit p1] overlay portal mounted — currentPage=1, activeTool=region-edit, hasAnnotations=true, hasRegions=false, overlayDiv=true, portalTarget=true
[App-RegionEdit p1] overlay portal mounted — currentPage=1, activeTool=region-edit, hasAnnotations=true, hasRegions=false, overlayDiv=true, portalTarget=true
[App-RegionEdit p1] overlay portal mounted — currentPage=1, activeTool=region-edit, hasAnnotations=true, hasRegions=false, overlayDiv=true, portalTarget=true
[App-RegionEdit p1] overlay portal mounted — currentPage=1, activeTool=region-edit, hasAnnotations=true, hasRegions=false, overlayDiv=true, portalTarget=true
[App-RegionEdit p1] overlay portal mounted — currentPage=1, activeTool=region-edit, hasAnnotations=true, hasRegions=false, overlayDiv=true, portalTarget=true
[App-RegionEdit p1] overlay portal mounted — currentPage=1, activeTool=region-edit, hasAnnotations=true, hasRegions=false, overlayDiv=true, portalTarget=true
[App-RegionEdit p1] overlay portal mounted — currentPage=1, activeTool=region-edit, hasAnnotations=true, hasRegions=false, overlayDiv=true, portalTarget=true
[App-RegionEdit p1] overlay portal mounted — currentPage=1, activeTool=region-edit, hasAnnotations=true, hasRegions=false, overlayDiv=true, portalTarget=true
[App-RegionEdit p1] overlay portal mounted — currentPage=1, activeTool=region-edit, hasAnnotations=true, hasRegions=false, overlayDiv=true, portalTarget=true
[App-RegionEdit p1] overlay portal mounted — currentPage=1, activeTool=region-edit, hasAnnotations=true, hasRegions=false, overlayDiv=true, portalTarget=true
[App-RegionEdit p1] overlay portal mounted — currentPage=1, activeTool=region-edit, hasAnnotations=true, hasRegions=false, overlayDiv=true, portalTarget=true
[App-RegionEdit p1] overlay portal mounted — currentPage=1, activeTool=region-edit, hasAnnotations=true, hasRegions=false, overlayDiv=true, portalTarget=true
[App-RegionEdit p1] overlay portal mounted — currentPage=1, activeTool=region-edit, hasAnnotations=true, hasRegions=false, overlayDiv=true, portalTarget=true
[App-RegionEdit p1] overlay portal mounted — currentPage=1, activeTool=region-edit, hasAnnotations=true, hasRegions=false, overlayDiv=true, portalTarget=true
[App-RegionEdit p1] overlay portal mounted — currentPage=1, activeTool=region-edit, hasAnnotations=true, hasRegions=false, overlayDiv=true, portalTarget=true
[App-RegionEdit p1] overlay portal mounted — currentPage=1, activeTool=region-edit, hasAnnotations=true, hasRegions=false, overlayDiv=true, portalTarget=true
[App-RegionEdit p1] overlay portal mounted — currentPage=1, activeTool=region-edit, hasAnnotations=true, hasRegions=false, overlayDiv=true, portalTarget=true
[App-RegionEdit p1] overlay portal mounted — currentPage=1, activeTool=region-edit, hasAnnotations=true, hasRegions=false, overlayDiv=true, portalTarget=true
[App-RegionEdit p1] overlay portal mounted — currentPage=1, activeTool=region-edit, hasAnnotations=true, hasRegions=false, overlayDiv=true, portalTarget=true
[App-RegionEdit p1] overlay portal mounted — currentPage=1, activeTool=region-edit, hasAnnotations=true, hasRegions=false, overlayDiv=true, portalTarget=true
[App-RegionEdit p1] overlay portal mounted — currentPage=1, activeTool=region-edit, hasAnnotations=true, hasRegions=false, overlayDiv=true, portalTarget=true
[App-RegionEdit p1] overlay portal mounted — currentPage=1, activeTool=region-edit, hasAnnotations=true, hasRegions=false, overlayDiv=true, portalTarget=true
[App-RegionEdit p1] overlay portal mounted — currentPage=1, activeTool=region-edit, hasAnnotations=true, hasRegions=false, overlayDiv=true, portalTarget=true
[App-RegionEdit p1] overlay portal mounted — currentPage=1, activeTool=region-edit, hasAnnotations=true, hasRegions=false, overlayDiv=true, portalTarget=true
[App-RegionEdit p1] overlay portal mounted — currentPage=1, activeTool=region-edit, hasAnnotations=true, hasRegions=false, overlayDiv=true, portalTarget=true
[App-RegionEdit p1] overlay portal mounted — currentPage=1, activeTool=region-edit, hasAnnotations=true, hasRegions=false, overlayDiv=true, portalTarget=true
console.error @ Warning: Maximum update depth exceeded. This can happen when a component calls setState inside useEffect, but useEffect either doesn't have a dependency array, or one of the dependencies changes on every render.
[App-RegionEdit p1] overlay portal mounted — currentPage=1, activeTool=region-edit, hasAnnotations=true, hasRegions=false, overlayDiv=true, portalTarget=true
[App-RegionEdit p1] overlay portal mounted — currentPage=1, activeTool=region-edit, hasAnnotations=true, hasRegions=false, overlayDiv=true, portalTarget=true
[App-RegionEdit p1] overlay portal mounted — currentPage=1, activeTool=region-edit, hasAnnotations=true, hasRegions=false, overlayDiv=true, portalTarget=true
[App-RegionEdit p1] overlay portal mounted — currentPage=1, activeTool=region-edit, hasAnnotations=true, hasRegions=false, overlayDiv=true, portalTarget=true
[App-RegionEdit p1] overlay portal mounted — currentPage=1, activeTool=region-edit, hasAnnotations=true, hasRegions=false, overlayDiv=true, portalTarget=true
[App-RegionEdit p1] overlay portal mounted — currentPage=1, activeTool=region-edit, hasAnnotations=true, hasRegions=false, overlayDiv=true, portalTarget=true
[App-RegionEdit p1] overlay portal mounted — currentPage=1, activeTool=region-edit, hasAnnotations=true, hasRegions=false, overlayDiv=true, portalTarget=true
[App-RegionEdit p1] overlay portal mounted — currentPage=1, activeTool=region-edit, hasAnnotations=true, hasRegions=false, overlayDiv=true, portalTarget=true
[App-RegionEdit p1] overlay portal mounted — currentPage=1, activeTool=region-edit, hasAnnotations=true, hasRegions=false, overlayDiv=true, portalTarget=true
[App-RegionEdit p1] overlay portal mounted — currentPage=1, activeTool=region-edit, hasAnnotations=true, hasRegions=false, overlayDiv=true, portalTarget=true
[App-RegionEdit p1] overlay portal mounted — currentPage=1, activeTool=region-edit, hasAnnotations=true, hasRegions=false, overlayDiv=true, portalTarget=true
[App-RegionEdit p1] overlay portal mounted — currentPage=1, activeTool=region-edit, hasAnnotations=true, hasRegions=false, overlayDiv=true, portalTarget=true
[App-RegionEdit p1] overlay portal mounted — currentPage=1, activeTool=region-edit, hasAnnotations=true, hasRegions=false, overlayDiv=true, portalTarget=true
[App-RegionEdit p1] overlay portal mounted — currentPage=1, activeTool=region-edit, hasAnnotations=true, hasRegions=false, overlayDiv=true, portalTarget=true
[App-RegionEdit p1] overlay portal mounted — currentPage=1, activeTool=region-edit, hasAnnotations=true, hasRegions=false, overlayDiv=true, portalTarget=true
[App-RegionEdit p1] overlay portal mounted — currentPage=1, activeTool=region-edit, hasAnnotations=true, hasRegions=false, overlayDiv=true, portalTarget=true
[App-RegionEdit p1] overlay portal mounted — currentPage=1, activeTool=region-edit, hasAnnotations=true, hasRegions=false, overlayDiv=true, portalTarget=true
[App-RegionEdit p1] overlay portal mounted — currentPage=1, activeTool=region-edit, hasAnnotations=true, hasRegions=false, overlayDiv=true, portalTarget=true
[App-RegionEdit p1] overlay portal mounted — currentPage=1, activeTool=region-edit, hasAnnotations=true, hasRegions=false, overlayDiv=true, portalTarget=true
[App-RegionEdit p1] overlay portal mounted — currentPage=1, activeTool=region-edit, hasAnnotations=true, hasRegions=false, overlayDiv=true, portalTarget=true
[App-RegionEdit p1] overlay portal mounted — currentPage=1, activeTool=region-edit, hasAnnotations=true, hasRegions=false, overlayDiv=true, portalTarget=true
[SVGAnnotationLayer] setRotInputVisible(false) reason=selectedIds.size !== 1
[App-RegionEdit p1] overlay portal mounted — currentPage=1, activeTool=region-edit, hasAnnotations=true, hasRegions=false, overlayDiv=true, portalTarget=true
[RegionSelectionTool p1] target query hit — selector=[data-region-selection-target="1"], renderer=syncfusion-svg-stable
[RegionSelectionTool p1] target missing — space=1778708848542-v526ax164, tool=region-edit, rect=none
[App-RegionEdit p1] overlay portal mounted — currentPage=1, activeTool=region-edit, hasAnnotations=true, hasRegions=false, overlayDiv=true, portalTarget=true
[SVGAnnotationLayer] setRotInputVisible(false) reason=selectedIds.size !== 1
[SVGAnnotationLayer] setRotInputVisible(false) reason=selectedIds.size !== 1
[App-RegionEdit p1] overlay portal mounted — currentPage=1, activeTool=region-edit, hasAnnotations=true, hasRegions=false, overlayDiv=true, portalTarget=true
[RegionSelectionTool p1] target mounted — space=1778708848542-v526ax164, tool=region-edit, rect=618,79,539x697
[RegionSelectionTool p1] canvasRect — left=618, top=79, width=539, height=697, scale=0.88072
[App-RegionEdit p1] overlay portal mounted — currentPage=1, activeTool=region-edit, hasAnnotations=true, hasRegions=false, overlayDiv=true, portalTarget=true
[App-RegionEdit p1] overlay portal mounted — currentPage=1, activeTool=region-edit, hasAnnotations=true, hasRegions=false, overlayDiv=true, portalTarget=true
[App-RegionEdit p1] overlay portal mounted — currentPage=1, activeTool=region-edit, hasAnnotations=true, hasRegions=false, overlayDiv=true, portalTarget=true
[App-RegionEdit p1] overlay portal mounted — currentPage=1, activeTool=region-edit, hasAnnotations=true, hasRegions=false, overlayDiv=true, portalTarget=true
[App-RegionEdit p1] overlay portal mounted — currentPage=1, activeTool=region-edit, hasAnnotations=true, hasRegions=false, overlayDiv=true, portalTarget=true
[App-RegionEdit p1] overlay portal mounted — currentPage=1, activeTool=region-edit, hasAnnotations=true, hasRegions=false, overlayDiv=true, portalTarget=true
[App-RegionEdit p1] overlay portal mounted — currentPage=1, activeTool=region-edit, hasAnnotations=true, hasRegions=false, overlayDiv=true, portalTarget=true
[App-RegionEdit p1] overlay portal mounted — currentPage=1, activeTool=region-edit, hasAnnotations=true, hasRegions=false, overlayDiv=true, portalTarget=true
[App-RegionEdit p1] overlay portal mounted — currentPage=1, activeTool=region-edit, hasAnnotations=true, hasRegions=false, overlayDiv=true, portalTarget=true
[App-RegionEdit p1] overlay portal mounted — currentPage=1, activeTool=region-edit, hasAnnotations=true, hasRegions=false, overlayDiv=true, portalTarget=true
[App-RegionEdit p1] overlay portal mounted — currentPage=1, activeTool=region-edit, hasAnnotations=true, hasRegions=false, overlayDiv=true, portalTarget=true
[App-RegionEdit p1] overlay portal mounted — currentPage=1, activeTool=region-edit, hasAnnotations=true, hasRegions=false, overlayDiv=true, portalTarget=true
[App-RegionEdit p1] overlay portal mounted — currentPage=1, activeTool=region-edit, hasAnnotations=true, hasRegions=false, overlayDiv=true, portalTarget=true
[App-RegionEdit p1] overlay portal mounted — currentPage=1, activeTool=region-edit, hasAnnotations=true, hasRegions=false, overlayDiv=true, portalTarget=true
[App-RegionEdit p1] overlay portal mounted — currentPage=1, activeTool=region-edit, hasAnnotations=true, hasRegions=false, overlayDiv=true, portalTarget=true
[App-RegionEdit p1] overlay portal mounted — currentPage=1, activeTool=region-edit, hasAnnotations=true, hasRegions=false, overlayDiv=true, portalTarget=true
[App-RegionEdit p1] overlay portal mounted — currentPage=1, activeTool=region-edit, hasAnnotations=true, hasRegions=false, overlayDiv=true, portalTarget=true
[App-RegionEdit p1] overlay portal mounted — currentPage=1, activeTool=region-edit, hasAnnotations=true, hasRegions=false, overlayDiv=true, portalTarget=true
[App-RegionEdit p1] overlay portal mounted — currentPage=1, activeTool=region-edit, hasAnnotations=true, hasRegions=false, overlayDiv=true, portalTarget=true
[App-RegionEdit p1] overlay portal mounted — currentPage=1, activeTool=region-edit, hasAnnotations=true, hasRegions=false, overlayDiv=true, portalTarget=true
[App-RegionEdit p1] overlay portal mounted — currentPage=1, activeTool=region-edit, hasAnnotations=true, hasRegions=false, overlayDiv=true, portalTarget=true
[App-RegionEdit p1] overlay portal mounted — currentPage=1, activeTool=region-edit, hasAnnotations=true, hasRegions=false, overlayDiv=true, portalTarget=true
[App-RegionEdit p1] overlay portal mounted — currentPage=1, activeTool=region-edit, hasAnnotations=true, hasRegions=false, overlayDiv=true, portalTarget=true
console.error @ Warning: Maximum update depth exceeded. This can happen when a component calls setState inside useEffect, but useEffect either doesn't have a dependency array, or one of the dependencies changes on every render.
[App-RegionEdit p1] overlay portal mounted — currentPage=1, activeTool=region-edit, hasAnnotations=true, hasRegions=false, overlayDiv=true, portalTarget=true
[App-RegionEdit p1] overlay portal mounted — currentPage=1, activeTool=region-edit, hasAnnotations=true, hasRegions=false, overlayDiv=true, portalTarget=true
[App-RegionEdit p1] overlay portal mounted — currentPage=1, activeTool=region-edit, hasAnnotations=true, hasRegions=false, overlayDiv=true, portalTarget=true
[App-RegionEdit p1] overlay portal mounted — currentPage=1, activeTool=region-edit, hasAnnotations=true, hasRegions=false, overlayDiv=true, portalTarget=true
[App-RegionEdit p1] overlay portal mounted — currentPage=1, activeTool=region-edit, hasAnnotations=true, hasRegions=false, overlayDiv=true, portalTarget=true
[App-RegionEdit p1] overlay portal mounted — currentPage=1, activeTool=region-edit, hasAnnotations=true, hasRegions=false, overlayDiv=true, portalTarget=true
[App-RegionEdit p1] overlay portal mounted — currentPage=1, activeTool=region-edit, hasAnnotations=true, hasRegions=false, overlayDiv=true, portalTarget=true
[App-RegionEdit p1] overlay portal mounted — currentPage=1, activeTool=region-edit, hasAnnotations=true, hasRegions=false, overlayDiv=true, portalTarget=true
[App-RegionEdit p1] overlay portal mounted — currentPage=1, activeTool=region-edit, hasAnnotations=true, hasRegions=false, overlayDiv=true, portalTarget=true
[App-RegionEdit p1] overlay portal mounted — currentPage=1, activeTool=region-edit, hasAnnotations=true, hasRegions=false, overlayDiv=true, portalTarget=true
[App-RegionEdit p1] overlay portal mounted — currentPage=1, activeTool=region-edit, hasAnnotations=true, hasRegions=false, overlayDiv=true, portalTarget=true
[App-RegionEdit p1] overlay portal mounted — currentPage=1, activeTool=region-edit, hasAnnotations=true, hasRegions=false, overlayDiv=true, portalTarget=true
[App-RegionEdit p1] overlay portal mounted — currentPage=1, activeTool=region-edit, hasAnnotations=true, hasRegions=false, overlayDiv=true, portalTarget=true
[App-RegionEdit p1] overlay portal mounted — currentPage=1, activeTool=region-edit, hasAnnotations=true, hasRegions=false, overlayDiv=true, portalTarget=true
[App-RegionEdit p1] overlay portal mounted — currentPage=1, activeTool=region-edit, hasAnnotations=true, hasRegions=false, overlayDiv=true, portalTarget=true
[App-RegionEdit p1] overlay portal mounted — currentPage=1, activeTool=region-edit, hasAnnotations=true, hasRegions=false, overlayDiv=true, portalTarget=true
[App-RegionEdit p1] overlay portal mounted — currentPage=1, activeTool=region-edit, hasAnnotations=true, hasRegions=false, overlayDiv=true, portalTarget=true
[App-RegionEdit p1] overlay portal mounted — currentPage=1, activeTool=region-edit, hasAnnotations=true, hasRegions=false, overlayDiv=true, portalTarget=true
[App-RegionEdit p1] overlay portal mounted — currentPage=1, activeTool=region-edit, hasAnnotations=true, hasRegions=false, overlayDiv=true, portalTarget=true
[App-RegionEdit p1] overlay portal mounted — currentPage=1, activeTool=region-edit, hasAnnotations=true, hasRegions=false, overlayDiv=true, portalTarget=true
[App-RegionEdit p1] overlay portal mounted — currentPage=1, activeTool=region-edit, hasAnnotations=true, hasRegions=false, overlayDiv=true, portalTarget=true
[App-RegionEdit p1] overlay portal mounted — currentPage=1, activeTool=region-edit, hasAnnotations=true, hasRegions=false, overlayDiv=true, portalTarget=true
[App-RegionEdit p1] overlay portal mounted — currentPage=1, activeTool=region-edit, hasAnnotations=true, hasRegions=false, overlayDiv=true, portalTarget=true
[App-RegionEdit p1] overlay portal mounted — currentPage=1, activeTool=region-edit, hasAnnotations=true, hasRegions=false, overlayDiv=true, portalTarget=true
[App-RegionEdit p1] overlay portal mounted — currentPage=1, activeTool=region-edit, hasAnnotations=true, hasRegions=false, overlayDiv=true, portalTarget=true
[App-RegionEdit p1] overlay portal mounted — currentPage=1, activeTool=region-edit, hasAnnotations=true, hasRegions=false, overlayDiv=true, portalTarget=true
[App-RegionEdit p1] overlay portal mounted — currentPage=1, activeTool=region-edit, hasAnnotations=true, hasRegions=false, overlayDiv=true, portalTarget=true
[App-RegionEdit p1] overlay portal mounted — currentPage=1, activeTool=region-edit, hasAnnotations=true, hasRegions=false, overlayDiv=true, portalTarget=true
[App-RegionEdit p1] overlay portal mounted — currentPage=1, activeTool=region-edit, hasAnnotations=true, hasRegions=false, overlayDiv=true, portalTarget=true
[App-RegionEdit p1] overlay portal mounted — currentPage=1, activeTool=region-edit, hasAnnotations=true, hasRegions=false, overlayDiv=true, portalTarget=true
[App-RegionEdit p1] overlay portal mounted — currentPage=1, activeTool=region-edit, hasAnnotations=true, hasRegions=false, overlayDiv=true, portalTarget=true
[App-RegionEdit p1] overlay portal mounted — currentPage=1, activeTool=region-edit, hasAnnotations=true, hasRegions=false, overlayDiv=true, portalTarget=true
[App-RegionEdit p1] overlay portal mounted — currentPage=1, activeTool=region-edit, hasAnnotations=true, hasRegions=false, overlayDiv=true, portalTarget=true
[App-RegionEdit p1] overlay portal mounted — currentPage=1, activeTool=region-edit, hasAnnotations=true, hasRegions=false, overlayDiv=true, portalTarget=true
[App-RegionEdit p1] overlay portal mounted — currentPage=1, activeTool=region-edit, hasAnnotations=true, hasRegions=false, overlayDiv=true, portalTarget=true
[App-RegionEdit p1] overlay portal mounted — currentPage=1, activeTool=region-edit, hasAnnotations=true, hasRegions=false, overlayDiv=true, portalTarget=true
[App-RegionEdit p1] overlay portal mounted — currentPage=1, activeTool=region-edit, hasAnnotations=true, hasRegions=false, overlayDiv=true, portalTarget=true
[App-RegionEdit p1] overlay portal mounted — currentPage=1, activeTool=region-edit, hasAnnotations=true, hasRegions=false, overlayDiv=true, portalTarget=true
[App-RegionEdit p1] overlay portal mounted — currentPage=1, activeTool=region-edit, hasAnnotations=true, hasRegions=false, overlayDiv=true, portalTarget=true
[App-RegionEdit p1] overlay portal mounted — currentPage=1, activeTool=region-edit, hasAnnotations=true, hasRegions=false, overlayDiv=true, portalTarget=true
[App-RegionEdit p1] overlay portal mounted — currentPage=1, activeTool=region-edit, hasAnnotations=true, hasRegions=false, overlayDiv=true, portalTarget=true
[App-RegionEdit p1] overlay portal mounted — currentPage=1, activeTool=region-edit, hasAnnotations=true, hasRegions=false, overlayDiv=true, portalTarget=true
[App-RegionEdit p1] overlay portal mounted — currentPage=1, activeTool=region-edit, hasAnnotations=true, hasRegions=false, overlayDiv=true, portalTarget=true
[App-RegionEdit p1] overlay portal mounted — currentPage=1, activeTool=region-edit, hasAnnotations=true, hasRegions=false, overlayDiv=true, portalTarget=true
[App-RegionEdit p1] overlay portal mounted — currentPage=1, activeTool=region-edit, hasAnnotations=true, hasRegions=false, overlayDiv=true, portalTarget=true
[App-RegionEdit p1] overlay portal mounted — currentPage=1, activeTool=region-edit, hasAnnotations=true, hasRegions=false, overlayDiv=true, portalTarget=true
[App-RegionEdit p1] overlay portal mounted — currentPage=1, activeTool=region-edit, hasAnnotations=true, hasRegions=false, overlayDiv=true, portalTarget=true
[App-RegionEdit p1] overlay portal mounted — currentPage=1, activeTool=region-edit, hasAnnotations=true, hasRegions=false, overlayDiv=true, portalTarget=true
[App-RegionEdit p1] overlay portal mounted — currentPage=1, activeTool=region-edit, hasAnnotations=true, hasRegions=false, overlayDiv=true, portalTarget=true
[App-RegionEdit p1] overlay portal mounted — currentPage=1, activeTool=region-edit, hasAnnotations=true, hasRegions=false, overlayDiv=true, portalTarget=true
[App-RegionEdit p1] overlay portal mounted — currentPage=1, activeTool=region-edit, hasAnnotations=true, hasRegions=false, overlayDiv=true, portalTarget=true
[App-RegionEdit p1] overlay portal mounted — currentPage=1, activeTool=region-edit, hasAnnotations=true, hasRegions=false, overlayDiv=true, portalTarget=true
console.error @ Warning: Maximum update depth exceeded. This can happen when a component calls setState inside useEffect, but useEffect either doesn't have a dependency array, or one of the dependencies changes on every render.
[App-RegionEdit p1] overlay portal mounted — currentPage=1, activeTool=region-edit, hasAnnotations=true, hasRegions=false, overlayDiv=true, portalTarget=true
[App-RegionEdit p1] overlay portal mounted — currentPage=1, activeTool=region-edit, hasAnnotations=true, hasRegions=false, overlayDiv=true, portalTarget=true
[App-RegionEdit p1] overlay portal mounted — currentPage=1, activeTool=region-edit, hasAnnotations=true, hasRegions=false, overlayDiv=true, portalTarget=true
[App-RegionEdit p1] overlay portal mounted — currentPage=1, activeTool=region-edit, hasAnnotations=true, hasRegions=false, overlayDiv=true, portalTarget=true
[App-RegionEdit p1] overlay portal mounted — currentPage=1, activeTool=region-edit, hasAnnotations=true, hasRegions=false, overlayDiv=true, portalTarget=true
[App-RegionEdit p1] overlay portal mounted — currentPage=1, activeTool=region-edit, hasAnnotations=true, hasRegions=false, overlayDiv=true, portalTarget=true
[App-RegionEdit p1] overlay portal mounted — currentPage=1, activeTool=region-edit, hasAnnotations=true, hasRegions=false, overlayDiv=true, portalTarget=true
[App-RegionEdit p1] overlay portal mounted — currentPage=1, activeTool=region-edit, hasAnnotations=true, hasRegions=false, overlayDiv=true, portalTarget=true
[App-RegionEdit p1] overlay portal mounted — currentPage=1, activeTool=region-edit, hasAnnotations=true, hasRegions=false, overlayDiv=true, portalTarget=true
[App-RegionEdit p1] overlay portal mounted — currentPage=1, activeTool=region-edit, hasAnnotations=true, hasRegions=false, overlayDiv=true, portalTarget=true
[App-RegionEdit p1] overlay portal mounted — currentPage=1, activeTool=region-edit, hasAnnotations=true, hasRegions=false, overlayDiv=true, portalTarget=true
[App-RegionEdit p1] overlay portal mounted — currentPage=1, activeTool=region-edit, hasAnnotations=true, hasRegions=false, overlayDiv=true, portalTarget=true
[App-RegionEdit p1] overlay portal mounted — currentPage=1, activeTool=region-edit, hasAnnotations=true, hasRegions=false, overlayDiv=true, portalTarget=true
[App-RegionEdit p1] overlay portal mounted — currentPage=1, activeTool=region-edit, hasAnnotations=true, hasRegions=false, overlayDiv=true, portalTarget=true
[App-RegionEdit p1] overlay portal mounted — currentPage=1, activeTool=region-edit, hasAnnotations=true, hasRegions=false, overlayDiv=true, portalTarget=true
[App-RegionEdit p1] overlay portal mounted — currentPage=1, activeTool=region-edit, hasAnnotations=true, hasRegions=false, overlayDiv=true, portalTarget=true
[App-RegionEdit p1] overlay portal mounted — currentPage=1, activeTool=region-edit, hasAnnotations=true, hasRegions=false, overlayDiv=true, portalTarget=true
[App-RegionEdit p1] overlay portal mounted — currentPage=1, activeTool=region-edit, hasAnnotations=true, hasRegions=false, overlayDiv=true, portalTarget=true
[App-RegionEdit p1] overlay portal mounted — currentPage=1, activeTool=region-edit, hasAnnotations=true, hasRegions=false, overlayDiv=true, portalTarget=true
[App-RegionEdit p1] overlay portal mounted — currentPage=1, activeTool=region-edit, hasAnnotations=true, hasRegions=false, overlayDiv=true, portalTarget=true
[App-RegionEdit p1] overlay portal mounted — currentPage=1, activeTool=region-edit, hasAnnotations=true, hasRegions=false, overlayDiv=true, portalTarget=true
[App-RegionEdit p1] overlay portal mounted — currentPage=1, activeTool=region-edit, hasAnnotations=true, hasRegions=false, overlayDiv=true, portalTarget=true
[App-RegionEdit p1] overlay portal mounted — currentPage=1, activeTool=region-edit, hasAnnotations=true, hasRegions=false, overlayDiv=true, portalTarget=true
[App-RegionEdit p1] overlay portal mounted — currentPage=1, activeTool=region-edit, hasAnnotations=true, hasRegions=false, overlayDiv=true, portalTarget=true
[App-RegionEdit p1] overlay portal mounted — currentPage=1, activeTool=region-edit, hasAnnotations=true, hasRegions=false, overlayDiv=true, portalTarget=true
[App-RegionEdit p1] overlay portal mounted — currentPage=1, activeTool=region-edit, hasAnnotations=true, hasRegions=false, overlayDiv=true, portalTarget=true
[App-RegionEdit p1] overlay portal mounted — currentPage=1, activeTool=region-edit, hasAnnotations=true, hasRegions=false, overlayDiv=true, portalTarget=true
[App-RegionEdit p1] overlay portal mounted — currentPage=1, activeTool=region-edit, hasAnnotations=true, hasRegions=false, overlayDiv=true, portalTarget=true
[App-RegionEdit p1] overlay portal mounted — currentPage=1, activeTool=region-edit, hasAnnotations=true, hasRegions=false, overlayDiv=true, portalTarget=true
[App-RegionEdit p1] overlay portal mounted — currentPage=1, activeTool=region-edit, hasAnnotations=true, hasRegions=false, overlayDiv=true, portalTarget=true
[App-RegionEdit p1] overlay portal mounted — currentPage=1, activeTool=region-edit, hasAnnotations=true, hasRegions=false, overlayDiv=true, portalTarget=true
[App-RegionEdit p1] overlay portal mounted — currentPage=1, activeTool=region-edit, hasAnnotations=true, hasRegions=false, overlayDiv=true, portalTarget=true
[App-RegionEdit p1] overlay portal mounted — currentPage=1, activeTool=region-edit, hasAnnotations=true, hasRegions=false, overlayDiv=true, portalTarget=true
[App-RegionEdit p1] overlay portal mounted — currentPage=1, activeTool=region-edit, hasAnnotations=true, hasRegions=false, overlayDiv=true, portalTarget=true
[App-RegionEdit p1] overlay portal mounted — currentPage=1, activeTool=region-edit, hasAnnotations=true, hasRegions=false, overlayDiv=true, portalTarget=true
[App-RegionEdit p1] overlay portal mounted — currentPage=1, activeTool=region-edit, hasAnnotations=true, hasRegions=false, overlayDiv=true, portalTarget=true
[App-RegionEdit p1] overlay portal mounted — currentPage=1, activeTool=region-edit, hasAnnotations=true, hasRegions=false, overlayDiv=true, portalTarget=true
[App-RegionEdit p1] overlay portal mounted — currentPage=1, activeTool=region-edit, hasAnnotations=true, hasRegions=false, overlayDiv=true, portalTarget=true
[App-RegionEdit p1] overlay portal mounted — currentPage=1, activeTool=region-edit, hasAnnotations=true, hasRegions=false, overlayDiv=true, portalTarget=true
[App-RegionEdit p1] overlay portal mounted — currentPage=1, activeTool=region-edit, hasAnnotations=true, hasRegions=false, overlayDiv=true, portalTarget=true
[App-RegionEdit p1] overlay portal mounted — currentPage=1, activeTool=region-edit, hasAnnotations=true, hasRegions=false, overlayDiv=true, portalTarget=true
[App-RegionEdit p1] overlay portal mounted — currentPage=1, activeTool=region-edit, hasAnnotations=true, hasRegions=false, overlayDiv=true, portalTarget=true
[App-RegionEdit p1] overlay portal mounted — currentPage=1, activeTool=region-edit, hasAnnotations=true, hasRegions=false, overlayDiv=true, portalTarget=true
[App-RegionEdit p1] overlay portal mounted — currentPage=1, activeTool=region-edit, hasAnnotations=true, hasRegions=false, overlayDiv=true, portalTarget=true
[App-RegionEdit p1] overlay portal mounted — currentPage=1, activeTool=region-edit, hasAnnotations=true, hasRegions=false, overlayDiv=true, portalTarget=true
[App-RegionEdit p1] overlay portal mounted — currentPage=1, activeTool=region-edit, hasAnnotations=true, hasRegions=false, overlayDiv=true, portalTarget=true
[App-RegionEdit p1] overlay portal mounted — currentPage=1, activeTool=region-edit, hasAnnotations=true, hasRegions=false, overlayDiv=true, portalTarget=true
[App-RegionEdit p1] overlay portal mounted — currentPage=1, activeTool=region-edit, hasAnnotations=true, hasRegions=false, overlayDiv=true, portalTarget=true
[App-RegionEdit p1] overlay portal mounted — currentPage=1, activeTool=region-edit, hasAnnotations=true, hasRegions=false, overlayDiv=true, portalTarget=true
[App-RegionEdit p1] overlay portal mounted — currentPage=1, activeTool=region-edit, hasAnnotations=true, hasRegions=false, overlayDiv=true, portalTarget=true
[App-RegionEdit p1] overlay portal mounted — currentPage=1, activeTool=region-edit, hasAnnotations=true, hasRegions=false, overlayDiv=true, portalTarget=true
[App-RegionEdit p1] overlay portal mounted — currentPage=1, activeTool=region-edit, hasAnnotations=true, hasRegions=false, overlayDiv=true, portalTarget=true
console.error @ Warning: Maximum update depth exceeded. This can happen when a component calls setState inside useEffect, but useEffect either doesn't have a dependency array, or one of the dependencies changes on every render.
[App-RegionEdit p1] overlay portal mounted — currentPage=1, activeTool=region-edit, hasAnnotations=true, hasRegions=false, overlayDiv=true, portalTarget=true
[App-RegionEdit p1] overlay portal mounted — currentPage=1, activeTool=region-edit, hasAnnotations=true, hasRegions=false, overlayDiv=true, portalTarget=true
[App-RegionEdit p1] overlay portal mounted — currentPage=1, activeTool=region-edit, hasAnnotations=true, hasRegions=false, overlayDiv=true, portalTarget=true
[App-RegionEdit p1] overlay portal mounted — currentPage=1, activeTool=region-edit, hasAnnotations=true, hasRegions=false, overlayDiv=true, portalTarget=true
[App-RegionEdit p1] overlay portal mounted — currentPage=1, activeTool=region-edit, hasAnnotations=true, hasRegions=false, overlayDiv=true, portalTarget=true
[App-RegionEdit p1] overlay portal mounted — currentPage=1, activeTool=region-edit, hasAnnotations=true, hasRegions=false, overlayDiv=true, portalTarget=true
[App-RegionEdit p1] overlay portal mounted — currentPage=1, activeTool=region-edit, hasAnnotations=true, hasRegions=false, overlayDiv=true, portalTarget=true
[App-RegionEdit p1] overlay portal mounted — currentPage=1, activeTool=region-edit, hasAnnotations=true, hasRegions=false, overlayDiv=true, portalTarget=true
[App-RegionEdit p1] overlay portal mounted — currentPage=1, activeTool=region-edit, hasAnnotations=true, hasRegions=false, overlayDiv=true, portalTarget=true
[App-RegionEdit p1] overlay portal mounted — currentPage=1, activeTool=region-edit, hasAnnotations=true, hasRegions=false, overlayDiv=true, portalTarget=true
[App-RegionEdit p1] overlay portal mounted — currentPage=1, activeTool=region-edit, hasAnnotations=true, hasRegions=false, overlayDiv=true, portalTarget=true
[App-RegionEdit p1] overlay portal mounted — currentPage=1, activeTool=region-edit, hasAnnotations=true, hasRegions=false, overlayDiv=true, portalTarget=true
[App-RegionEdit p1] overlay portal mounted — currentPage=1, activeTool=region-edit, hasAnnotations=true, hasRegions=false, overlayDiv=true, portalTarget=true
[App-RegionEdit p1] overlay portal mounted — currentPage=1, activeTool=region-edit, hasAnnotations=true, hasRegions=false, overlayDiv=true, portalTarget=true
[App-RegionEdit p1] overlay portal mounted — currentPage=1, activeTool=region-edit, hasAnnotations=true, hasRegions=false, overlayDiv=true, portalTarget=true
[App-RegionEdit p1] overlay portal mounted — currentPage=1, activeTool=region-edit, hasAnnotations=true, hasRegions=false, overlayDiv=true, portalTarget=true
[App-RegionEdit p1] overlay portal mounted — currentPage=1, activeTool=region-edit, hasAnnotations=true, hasRegions=false, overlayDiv=true, portalTarget=true
[App-RegionEdit p1] overlay portal mounted — currentPage=1, activeTool=region-edit, hasAnnotations=true, hasRegions=false, overlayDiv=true, portalTarget=true
[App-RegionEdit p1] overlay portal mounted — currentPage=1, activeTool=region-edit, hasAnnotations=true, hasRegions=false, overlayDiv=true, portalTarget=true
[App-RegionEdit p1] overlay portal mounted — currentPage=1, activeTool=region-edit, hasAnnotations=true, hasRegions=false, overlayDiv=true, portalTarget=true
[App-RegionEdit p1] overlay portal mounted — currentPage=1, activeTool=region-edit, hasAnnotations=true, hasRegions=false, overlayDiv=true, portalTarget=true
[App-RegionEdit p1] overlay portal mounted — currentPage=1, activeTool=region-edit, hasAnnotations=true, hasRegions=false, overlayDiv=true, portalTarget=true
[App-RegionEdit p1] overlay portal mounted — currentPage=1, activeTool=region-edit, hasAnnotations=true, hasRegions=false, overlayDiv=true, portalTarget=true
[App-RegionEdit p1] overlay portal mounted — currentPage=1, activeTool=region-edit, hasAnnotations=true, hasRegions=false, overlayDiv=true, portalTarget=true
[App-RegionEdit p1] overlay portal mounted — currentPage=1, activeTool=region-edit, hasAnnotations=true, hasRegions=false, overlayDiv=true, portalTarget=true
[App-RegionEdit p1] overlay portal mounted — currentPage=1, activeTool=region-edit, hasAnnotations=true, hasRegions=false, overlayDiv=true, portalTarget=true
[App-RegionEdit p1] overlay portal mounted — currentPage=1, activeTool=region-edit, hasAnnotations=true, hasRegions=false, overlayDiv=true, portalTarget=true
[App-RegionEdit p1] overlay portal mounted — currentPage=1, activeTool=region-edit, hasAnnotations=true, hasRegions=false, overlayDiv=true, portalTarget=true
[App-RegionEdit p1] overlay portal mounted — currentPage=1, activeTool=region-edit, hasAnnotations=true, hasRegions=false, overlayDiv=true, portalTarget=true
[App-RegionEdit p1] overlay portal mounted — currentPage=1, activeTool=region-edit, hasAnnotations=true, hasRegions=false, overlayDiv=true, portalTarget=true
[App-RegionEdit p1] overlay portal mounted — currentPage=1, activeTool=region-edit, hasAnnotations=true, hasRegions=false, overlayDiv=true, portalTarget=true
[App-RegionEdit p1] overlay portal mounted — currentPage=1, activeTool=region-edit, hasAnnotations=true, hasRegions=false, overlayDiv=true, portalTarget=true
[App-RegionEdit p1] overlay portal mounted — currentPage=1, activeTool=region-edit, hasAnnotations=true, hasRegions=false, overlayDiv=true, portalTarget=true
[App-RegionEdit p1] overlay portal mounted — currentPage=1, activeTool=region-edit, hasAnnotations=true, hasRegions=false, overlayDiv=true, portalTarget=true
[App-RegionEdit p1] overlay portal mounted — currentPage=1, activeTool=region-edit, hasAnnotations=true, hasRegions=false, overlayDiv=true, portalTarget=true
[App-RegionEdit p1] overlay portal mounted — currentPage=1, activeTool=region-edit, hasAnnotations=true, hasRegions=false, overlayDiv=true, portalTarget=true
[App-RegionEdit p1] overlay portal mounted — currentPage=1, activeTool=region-edit, hasAnnotations=true, hasRegions=false, overlayDiv=true, portalTarget=true
[App-RegionEdit p1] overlay portal mounted — currentPage=1, activeTool=region-edit, hasAnnotations=true, hasRegions=false, overlayDiv=true, portalTarget=true
[App-RegionEdit p1] overlay portal mounted — currentPage=1, activeTool=region-edit, hasAnnotations=true, hasRegions=false, overlayDiv=true, portalTarget=true
[App-RegionEdit p1] overlay portal mounted — currentPage=1, activeTool=region-edit, hasAnnotations=true, hasRegions=false, overlayDiv=true, portalTarget=true
[App-RegionEdit p1] overlay portal mounted — currentPage=1, activeTool=region-edit, hasAnnotations=true, hasRegions=false, overlayDiv=true, portalTarget=true
[App-RegionEdit p1] overlay portal mounted — currentPage=1, activeTool=region-edit, hasAnnotations=true, hasRegions=false, overlayDiv=true, portalTarget=true
[App-RegionEdit p1] overlay portal mounted — currentPage=1, activeTool=region-edit, hasAnnotations=true, hasRegions=false, overlayDiv=true, portalTarget=true
[App-RegionEdit p1] overlay portal mounted — currentPage=1, activeTool=region-edit, hasAnnotations=true, hasRegions=false, overlayDiv=true, portalTarget=true
[App-RegionEdit p1] overlay portal mounted — currentPage=1, activeTool=region-edit, hasAnnotations=true, hasRegions=false, overlayDiv=true, portalTarget=true
[App-RegionEdit p1] overlay portal mounted — currentPage=1, activeTool=region-edit, hasAnnotations=true, hasRegions=false, overlayDiv=true, portalTarget=true
[App-RegionEdit p1] overlay portal mounted — currentPage=1, activeTool=region-edit, hasAnnotations=true, hasRegions=false, overlayDiv=true, portalTarget=true
[App-RegionEdit p1] overlay portal mounted — currentPage=1, activeTool=region-edit, hasAnnotations=true, hasRegions=false, overlayDiv=true, portalTarget=true
[App-RegionEdit p1] overlay portal mounted — currentPage=1, activeTool=region-edit, hasAnnotations=true, hasRegions=false, overlayDiv=true, portalTarget=true
[App-RegionEdit p1] overlay portal mounted — currentPage=1, activeTool=region-edit, hasAnnotations=true, hasRegions=false, overlayDiv=true, portalTarget=true
[App-RegionEdit p1] overlay portal mounted — currentPage=1, activeTool=region-edit, hasAnnotations=true, hasRegions=false, overlayDiv=true, portalTarget=true
[App-RegionEdit p1] overlay portal mounted — currentPage=1, activeTool=region-edit, hasAnnotations=true, hasRegions=false, overlayDiv=true, portalTarget=true
console.error @ Warning: Maximum update depth exceeded. This can happen when a component calls setState inside useEffect, but useEffect either doesn't have a dependency array, or one of the dependencies changes on every render.
[App-RegionEdit p1] overlay portal mounted — currentPage=1, activeTool=region-edit, hasAnnotations=true, hasRegions=false, overlayDiv=true, portalTarget=true
[App-RegionEdit p1] overlay portal mounted — currentPage=1, activeTool=region-edit, hasAnnotations=true, hasRegions=false, overlayDiv=true, portalTarget=true
[App-RegionEdit p1] overlay portal mounted — currentPage=1, activeTool=region-edit, hasAnnotations=true, hasRegions=false, overlayDiv=true, portalTarget=true
[App-RegionEdit p1] overlay portal mounted — currentPage=1, activeTool=region-edit, hasAnnotations=true, hasRegions=false, overlayDiv=true, portalTarget=true
[App-RegionEdit p1] overlay portal mounted — currentPage=1, activeTool=region-edit, hasAnnotations=true, hasRegions=false, overlayDiv=true, portalTarget=true
[App-RegionEdit p1] overlay portal mounted — currentPage=1, activeTool=region-edit, hasAnnotations=true, hasRegions=false, overlayDiv=true, portalTarget=true
[App-RegionEdit p1] overlay portal mounted — currentPage=1, activeTool=region-edit, hasAnnotations=true, hasRegions=false, overlayDiv=true, portalTarget=true
[App-RegionEdit p1] overlay portal mounted — currentPage=1, activeTool=region-edit, hasAnnotations=true, hasRegions=false, overlayDiv=true, portalTarget=true
[App-RegionEdit p1] overlay portal mounted — currentPage=1, activeTool=region-edit, hasAnnotations=true, hasRegions=false, overlayDiv=true, portalTarget=true
[App-RegionEdit p1] overlay portal mounted — currentPage=1, activeTool=region-edit, hasAnnotations=true, hasRegions=false, overlayDiv=true, portalTarget=true
[App-RegionEdit p1] overlay portal mounted — currentPage=1, activeTool=region-edit, hasAnnotations=true, hasRegions=false, overlayDiv=true, portalTarget=true
[App-RegionEdit p1] overlay portal mounted — currentPage=1, activeTool=region-edit, hasAnnotations=true, hasRegions=false, overlayDiv=true, portalTarget=true
[App-RegionEdit p1] overlay portal mounted — currentPage=1, activeTool=region-edit, hasAnnotations=true, hasRegions=false, overlayDiv=true, portalTarget=true
[App-RegionEdit p1] overlay portal mounted — currentPage=1, activeTool=region-edit, hasAnnotations=true, hasRegions=false, overlayDiv=true, portalTarget=true
[App-RegionEdit p1] overlay portal mounted — currentPage=1, activeTool=region-edit, hasAnnotations=true, hasRegions=false, overlayDiv=true, portalTarget=true
[App-RegionEdit p1] overlay portal mounted — currentPage=1, activeTool=region-edit, hasAnnotations=true, hasRegions=false, overlayDiv=true, portalTarget=true
[App-RegionEdit p1] overlay portal mounted — currentPage=1, activeTool=region-edit, hasAnnotations=true, hasRegions=false, overlayDiv=true, portalTarget=true
[App-RegionEdit p1] overlay portal mounted — currentPage=1, activeTool=region-edit, hasAnnotations=true, hasRegions=false, overlayDiv=true, portalTarget=true
[App-RegionEdit p1] overlay portal mounted — currentPage=1, activeTool=region-edit, hasAnnotations=true, hasRegions=false, overlayDiv=true, portalTarget=true
[App-RegionEdit p1] overlay portal mounted — currentPage=1, activeTool=region-edit, hasAnnotations=true, hasRegions=false, overlayDiv=true, portalTarget=true
[App-RegionEdit p1] overlay portal mounted — currentPage=1, activeTool=region-edit, hasAnnotations=true, hasRegions=false, overlayDiv=true, portalTarget=true
[App-RegionEdit p1] overlay portal mounted — currentPage=1, activeTool=region-edit, hasAnnotations=true, hasRegions=false, overlayDiv=true, portalTarget=true
[App-RegionEdit p1] overlay portal mounted — currentPage=1, activeTool=region-edit, hasAnnotations=true, hasRegions=false, overlayDiv=true, portalTarget=true
[App-RegionEdit p1] overlay portal mounted — currentPage=1, activeTool=region-edit, hasAnnotations=true, hasRegions=false, overlayDiv=true, portalTarget=true
[App-RegionEdit p1] overlay portal mounted — currentPage=1, activeTool=region-edit, hasAnnotations=true, hasRegions=false, overlayDiv=true, portalTarget=true
[App-RegionEdit p1] overlay portal mounted — currentPage=1, activeTool=region-edit, hasAnnotations=true, hasRegions=false, overlayDiv=true, portalTarget=true
[App-RegionEdit p1] overlay portal mounted — currentPage=1, activeTool=region-edit, hasAnnotations=true, hasRegions=false, overlayDiv=true, portalTarget=true
[App-RegionEdit p1] overlay portal mounted — currentPage=1, activeTool=region-edit, hasAnnotations=true, hasRegions=false, overlayDiv=true, portalTarget=true
[App-RegionEdit p1] overlay portal mounted — currentPage=1, activeTool=region-edit, hasAnnotations=true, hasRegions=false, overlayDiv=true, portalTarget=true
[App-RegionEdit p1] overlay portal mounted — currentPage=1, activeTool=region-edit, hasAnnotations=true, hasRegions=false, overlayDiv=true, portalTarget=true
[App-RegionEdit p1] overlay portal mounted — currentPage=1, activeTool=region-edit, hasAnnotations=true, hasRegions=false, overlayDiv=true, portalTarget=true
[App-RegionEdit p1] overlay portal mounted — currentPage=1, activeTool=region-edit, hasAnnotations=true, hasRegions=false, overlayDiv=true, portalTarget=true
[App-RegionEdit p1] overlay portal mounted — currentPage=1, activeTool=region-edit, hasAnnotations=true, hasRegions=false, overlayDiv=true, portalTarget=true
[App-RegionEdit p1] overlay portal mounted — currentPage=1, activeTool=region-edit, hasAnnotations=true, hasRegions=false, overlayDiv=true, portalTarget=true
[App-RegionEdit p1] overlay portal mounted — currentPage=1, activeTool=region-edit, hasAnnotations=true, hasRegions=false, overlayDiv=true, portalTarget=true
[App-RegionEdit p1] overlay portal mounted — currentPage=1, activeTool=region-edit, hasAnnotations=true, hasRegions=false, overlayDiv=true, portalTarget=true
[App-RegionEdit p1] overlay portal mounted — currentPage=1, activeTool=region-edit, hasAnnotations=true, hasRegions=false, overlayDiv=true, portalTarget=true
[App-RegionEdit p1] overlay portal mounted — currentPage=1, activeTool=region-edit, hasAnnotations=true, hasRegions=false, overlayDiv=true, portalTarget=true
[App-RegionEdit p1] overlay portal mounted — currentPage=1, activeTool=region-edit, hasAnnotations=true, hasRegions=false, overlayDiv=true, portalTarget=true
[App-RegionEdit p1] overlay portal mounted — currentPage=1, activeTool=region-edit, hasAnnotations=true, hasRegions=false, overlayDiv=true, portalTarget=true
[App-RegionEdit p1] overlay portal mounted — currentPage=1, activeTool=region-edit, hasAnnotations=true, hasRegions=false, overlayDiv=true, portalTarget=true
[App-RegionEdit p1] overlay portal mounted — currentPage=1, activeTool=region-edit, hasAnnotations=true, hasRegions=false, overlayDiv=true, portalTarget=true
[App-RegionEdit p1] overlay portal mounted — currentPage=1, activeTool=region-edit, hasAnnotations=true, hasRegions=false, overlayDiv=true, portalTarget=true
[App-RegionEdit p1] overlay portal mounted — currentPage=1, activeTool=region-edit, hasAnnotations=true, hasRegions=false, overlayDiv=true, portalTarget=true
[App-RegionEdit p1] overlay portal mounted — currentPage=1, activeTool=region-edit, hasAnnotations=true, hasRegions=false, overlayDiv=true, portalTarget=true
[App-RegionEdit p1] overlay portal mounted — currentPage=1, activeTool=region-edit, hasAnnotations=true, hasRegions=false, overlayDiv=true, portalTarget=true
[App-RegionEdit p1] overlay portal mounted — currentPage=1, activeTool=region-edit, hasAnnotations=true, hasRegions=false, overlayDiv=true, portalTarget=true
[App-RegionEdit p1] overlay portal mounted — currentPage=1, activeTool=region-edit, hasAnnotations=true, hasRegions=false, overlayDiv=true, portalTarget=true
[App-RegionEdit p1] overlay portal mounted — currentPage=1, activeTool=region-edit, hasAnnotations=true, hasRegions=false, overlayDiv=true, portalTarget=true
[App-RegionEdit p1] overlay portal mounted — currentPage=1, activeTool=region-edit, hasAnnotations=true, hasRegions=false, overlayDiv=true, portalTarget=true
[App-RegionEdit p1] overlay portal mounted — currentPage=1, activeTool=region-edit, hasAnnotations=true, hasRegions=false, overlayDiv=true, portalTarget=true
[App-RegionEdit p1] overlay portal mounted — currentPage=1, activeTool=region-edit, hasAnnotations=true, hasRegions=false, overlayDiv=true, portalTarget=true
console.error @ Warning: Maximum update depth exceeded. This can happen when a component calls setState inside useEffect, but useEffect either doesn't have a dependency array, or one of the dependencies changes on every render.
[App-RegionEdit p1] overlay portal mounted — currentPage=1, activeTool=region-edit, hasAnnotations=true, hasRegions=false, overlayDiv=true, portalTarget=true
[App-RegionEdit p1] overlay portal mounted — currentPage=1, activeTool=region-edit, hasAnnotations=true, hasRegions=false, overlayDiv=true, portalTarget=true
[App-RegionEdit p1] overlay portal mounted — currentPage=1, activeTool=region-edit, hasAnnotations=true, hasRegions=false, overlayDiv=true, portalTarget=true
[App-RegionEdit p1] overlay portal mounted — currentPage=1, activeTool=region-edit, hasAnnotations=true, hasRegions=false, overlayDiv=true, portalTarget=true
[App-RegionEdit p1] overlay portal mounted — currentPage=1, activeTool=region-edit, hasAnnotations=true, hasRegions=false, overlayDiv=true, portalTarget=true
[App-RegionEdit p1] overlay portal mounted — currentPage=1, activeTool=region-edit, hasAnnotations=true, hasRegions=false, overlayDiv=true, portalTarget=true
[App-RegionEdit p1] overlay portal mounted — currentPage=1, activeTool=region-edit, hasAnnotations=true, hasRegions=false, overlayDiv=true, portalTarget=true
[App-RegionEdit p1] overlay portal mounted — currentPage=1, activeTool=region-edit, hasAnnotations=true, hasRegions=false, overlayDiv=true, portalTarget=true
[App-RegionEdit p1] overlay portal mounted — currentPage=1, activeTool=region-edit, hasAnnotations=true, hasRegions=false, overlayDiv=true, portalTarget=true
[App-RegionEdit p1] overlay portal mounted — currentPage=1, activeTool=region-edit, hasAnnotations=true, hasRegions=false, overlayDiv=true, portalTarget=true
[App-RegionEdit p1] overlay portal mounted — currentPage=1, activeTool=region-edit, hasAnnotations=true, hasRegions=false, overlayDiv=true, portalTarget=true
[App-RegionEdit p1] overlay portal mounted — currentPage=1, activeTool=region-edit, hasAnnotations=true, hasRegions=false, overlayDiv=true, portalTarget=true
[App-RegionEdit p1] overlay portal mounted — currentPage=1, activeTool=region-edit, hasAnnotations=true, hasRegions=false, overlayDiv=true, portalTarget=true
[App-RegionEdit p1] overlay portal mounted — currentPage=1, activeTool=region-edit, hasAnnotations=true, hasRegions=false, overlayDiv=true, portalTarget=true
[App-RegionEdit p1] overlay portal mounted — currentPage=1, activeTool=region-edit, hasAnnotations=true, hasRegions=false, overlayDiv=true, portalTarget=true
[App-RegionEdit p1] overlay portal mounted — currentPage=1, activeTool=region-edit, hasAnnotations=true, hasRegions=false, overlayDiv=true, portalTarget=true
[App-RegionEdit p1] overlay portal mounted — currentPage=1, activeTool=region-edit, hasAnnotations=true, hasRegions=false, overlayDiv=true, portalTarget=true
[App-RegionEdit p1] overlay portal mounted — currentPage=1, activeTool=region-edit, hasAnnotations=true, hasRegions=false, overlayDiv=true, portalTarget=true
[App-RegionEdit p1] overlay portal mounted — currentPage=1, activeTool=region-edit, hasAnnotations=true, hasRegions=false, overlayDiv=true, portalTarget=true
[App-RegionEdit p1] overlay portal mounted — currentPage=1, activeTool=region-edit, hasAnnotations=true, hasRegions=false, overlayDiv=true, portalTarget=true
[App-RegionEdit p1] overlay portal mounted — currentPage=1, activeTool=region-edit, hasAnnotations=true, hasRegions=false, overlayDiv=true, portalTarget=true
[App-RegionEdit p1] overlay portal mounted — currentPage=1, activeTool=region-edit, hasAnnotations=true, hasRegions=false, overlayDiv=true, portalTarget=true
[App-RegionEdit p1] overlay portal mounted — currentPage=1, activeTool=region-edit, hasAnnotations=true, hasRegions=false, overlayDiv=true, portalTarget=true
[App-RegionEdit p1] overlay portal mounted — currentPage=1, activeTool=region-edit, hasAnnotations=true, hasRegions=false, overlayDiv=true, portalTarget=true
[App-RegionEdit p1] overlay portal mounted — currentPage=1, activeTool=region-edit, hasAnnotations=true, hasRegions=false, overlayDiv=true, portalTarget=true
[App-RegionEdit p1] overlay portal mounted — currentPage=1, activeTool=region-edit, hasAnnotations=true, hasRegions=false, overlayDiv=true, portalTarget=true
[App-RegionEdit p1] overlay portal mounted — currentPage=1, activeTool=region-edit, hasAnnotations=true, hasRegions=false, overlayDiv=true, portalTarget=true
[App-RegionEdit p1] overlay portal mounted — currentPage=1, activeTool=region-edit, hasAnnotations=true, hasRegions=false, overlayDiv=true, portalTarget=true
[App-RegionEdit p1] overlay portal mounted — currentPage=1, activeTool=region-edit, hasAnnotations=true, hasRegions=false, overlayDiv=true, portalTarget=true
[App-RegionEdit p1] overlay portal mounted — currentPage=1, activeTool=region-edit, hasAnnotations=true, hasRegions=false, overlayDiv=true, portalTarget=true
[App-RegionEdit p1] overlay portal mounted — currentPage=1, activeTool=region-edit, hasAnnotations=true, hasRegions=false, overlayDiv=true, portalTarget=true
[App-RegionEdit p1] overlay portal mounted — currentPage=1, activeTool=region-edit, hasAnnotations=true, hasRegions=false, overlayDiv=true, portalTarget=true
[SVGAnnotationLayer] setRotInputVisible(false) reason=selectedIds.size !== 1
console.error @ Warning: Maximum update depth exceeded. This can happen when a component calls setState inside useEffect, but useEffect either doesn't have a dependency array, or one of the dependencies changes on every render.%s 
    at PDFViewer (http://localhost:5173/src/App.jsx?t=1778707117626:11760:22)
    at YDocProviderInner (http://localhost:5173/src/components/collab/YDocProvider.jsx:119:30)
    at YDocProvider (http://localhost:5173/src/components/collab/YDocProvider.jsx:103:32)
    at div
    at div
    at div
    at div
    at App (http://localhost:5173/src/App.jsx?t=1778707117626:41538:151)
    at MSGraphProvider (http://localhost:5173/src/contexts/MSGraphContext.jsx:65:35)
    at AuthProvider (http://localhost:5173/src/contexts/AuthContext.jsx:37:32)
    at ErrorBoundary (http://localhost:5173/src/components/ErrorBoundary.jsx:16:5)
console.error @ Warning: Maximum update depth exceeded. This can happen when a component calls setState inside useEffect, but useEffect either doesn't have a dependency array, or one of the dependencies changes on every render.%s 
    at PDFViewer (http://localhost:5173/src/App.jsx?t=1778707117626:11760:22)
    at YDocProviderInner (http://localhost:5173/src/components/collab/YDocProvider.jsx:119:30)
    at YDocProvider (http://localhost:5173/src/components/collab/YDocProvider.jsx:103:32)
    at div
    at div
    at div
    at div
    at App (http://localhost:5173/src/App.jsx?t=1778707117626:41538:151)
    at MSGraphProvider (http://localhost:5173/src/contexts/MSGraphContext.jsx:65:35)
    at AuthProvider (http://localhost:5173/src/contexts/AuthContext.jsx:37:32)
    at ErrorBoundary (http://localhost:5173/src/components/ErrorBoundary.jsx:16:5)
console.error @ Warning: Maximum update depth exceeded. This can happen when a component calls setState inside useEffect, but useEffect either doesn't have a dependency array, or one of the dependencies changes on every render.%s 
    at PDFViewer (http://localhost:5173/src/App.jsx?t=1778707117626:11760:22)
    at YDocProviderInner (http://localhost:5173/src/components/collab/YDocProvider.jsx:119:30)
    at YDocProvider (http://localhost:5173/src/components/collab/YDocProvider.jsx:103:32)
    at div
    at div
    at div
    at div
    at App (http://localhost:5173/src/App.jsx?t=1778707117626:41538:151)
    at MSGraphProvider (http://localhost:5173/src/contexts/MSGraphContext.jsx:65:35)
    at AuthProvider (http://localhost:5173/src/contexts/AuthContext.jsx:37:32)
    at ErrorBoundary (http://localhost:5173/src/components/ErrorBoundary.jsx:16:5)
console.error @ Warning: Maximum update depth exceeded. This can happen when a component calls setState inside useEffect, but useEffect either doesn't have a dependency array, or one of the dependencies changes on every render.%s 
    at PDFViewer (http://localhost:5173/src/App.jsx?t=1778707117626:11760:22)
    at YDocProviderInner (http://localhost:5173/src/components/collab/YDocProvider.jsx:119:30)
    at YDocProvider (http://localhost:5173/src/components/collab/YDocProvider.jsx:103:32)
    at div
    at div
    at div
    at div
    at App (http://localhost:5173/src/App.jsx?t=1778707117626:41538:151)
    at MSGraphProvider (http://localhost:5173/src/contexts/MSGraphContext.jsx:65:35)
    at AuthProvider (http://localhost:5173/src/contexts/AuthContext.jsx:37:32)
    at ErrorBoundary (http://localhost:5173/src/components/ErrorBoundary.jsx:16:5)
console.error @ Warning: Maximum update depth exceeded. This can happen when a component calls setState inside useEffect, but useEffect either doesn't have a dependency array, or one of the dependencies changes on every render.%s 
    at PDFViewer (http://localhost:5173/src/App.jsx?t=1778707117626:11760:22)
    at YDocProviderInner (http://localhost:5173/src/components/collab/YDocProvider.jsx:119:30)
    at YDocProvider (http://localhost:5173/src/components/collab/YDocProvider.jsx:103:32)
    at div
    at div
    at div
    at div
    at App (http://localhost:5173/src/App.jsx?t=1778707117626:41538:151)
    at MSGraphProvider (http://localhost:5173/src/contexts/MSGraphContext.jsx:65:35)
    at AuthProvider (http://localhost:5173/src/contexts/AuthContext.jsx:37:32)
    at ErrorBoundary (http://localhost:5173/src/components/ErrorBoundary.jsx:16:5)

===== Undo/Redo Chronology =====
events=2
lanes=local annotation history | callout history | legacy history | Yjs/CRDT history
{"seq":1,"order":null,"at":"2026-05-13T21:46:46.393Z","event":"history_reset_for_pdf_change","actionType":"pdf:change","rawActionType":"pdf:change","annotationType":null,"annotationId":null,"pageNumber":null,"lane":null,"receivedStack":null,"chosenStack":null,"chosenLane":null,"decisionReason":null,"undoDepth":0,"redoDepth":0}
{"seq":2,"order":1,"at":"2026-05-13T21:47:28.541Z","event":"checkpoint_added","actionType":"create","rawActionType":"space:create","annotationType":null,"annotationId":null,"pageNumber":null,"lane":"legacy history","receivedStack":"legacyUndoHistory","chosenStack":null,"chosenLane":"legacy history","decisionReason":null,"undoDepth":1,"redoDepth":0}
===== End Undo/Redo Chronology =====
