===== SurveyApp Save Log =====
version:   0.1.46
runtime:   dev-server
platform:  desktop
device:    Mac
os:        macOS 10.15.7
screen:    1512x982 @2x
viewport:  1203x822
locale:    en-US
timestamp: 2026-05-19T00:55:29.086Z (5/18/2026, 8:55:29 PM)
==============================
[dev-auto-login] boot {"hasDevEmail":true,"devEmailHint":"isai***","hasDevPassword":true,"hasCachedSession":true,"cachedSessionEmail":"isaiahcalvo123@gmail.com","cachedSessionExpiresAt":1779153049}
[dev-auto-login] cached session matches dev email, keeping it
[dev-auto-login] decision {"needsAutoLogin":false,"willAttemptSignIn":false}
[CloudSync][hook] session id minted {"sessionId":"c20ce36b-80f1-4997-be6b-2a922c387af8"}
[CloudSync][hook][state-obs] annotationsByPage initial {"currentCount":0,"pages":0,"hydrated":false}
[CloudSync][hook][state-obs] callouts initial {"currentCount":0,"hydrated":false}
[CloudSync][hook] hydrate effect fired {"enabled":false,"hydrateEnabled":true,"documentId":"00e1cde9-449b-4771-9743-37bd604557a9","userId":"170d915c-5741-4e0b-b03f-deaeedae27bd","pdfId":null}
[CloudSync][hook] hydrate skipped — missing prerequisite {"hydrateEnabled":true,"hasDocumentId":true,"hasUserId":true,"hasPdfId":false}
[AnnotationHydrationGate][normal] {"documentId":"00e1cde9-449b-4771-9743-37bd604557a9","pdfId":null,"ready":false,"source":"missing-prerequisite","normalReady":false,"cutoverTs":null,"count":null,"calloutCount":null,"firstPaintGate":true}
[AnnotationHydrationGate][first-page] {"documentId":"00e1cde9-449b-4771-9743-37bd604557a9","pdfId":null,"pageNumber":1,"ready":false,"visualCoverActive":true,"normal":{"documentId":"00e1cde9-449b-4771-9743-37bd604557a9","pdfId":null,"ready":false,"source":"pending","firstPaintGate":true},"survey":{"ready":true,"source":"local"}}
[AnnotationHydrationGate][visual-cover] {"documentId":"00e1cde9-449b-4771-9743-37bd604557a9","pdfId":null,"pageNumber":1,"active":true,"reason":"annotation-hydration-gated"}
[Cloud render cache] doc=SE-011 Security Shop Drawing Rev2 - 05.06.25.pdf-26261080 painting verified cloud snapshot immediately — count=503.
[CSeries wipe] doc=SE-011 Security Shop Drawing Rev2 - 05.06.25.pdf-26261080 totalCounters=1 legacyRemoved=0 — nothing to wipe.
[Phase31 UAT] backfill:effect {"hasYdoc":true,"docId":"00e1cde9-449b-4771-9743-37bd604557a9","userId":null,"alreadyRanFor":null,"willRun":false}
[CloudSync][hook] hydrate effect fired {"enabled":false,"hydrateEnabled":true,"documentId":"00e1cde9-449b-4771-9743-37bd604557a9","userId":"170d915c-5741-4e0b-b03f-deaeedae27bd","pdfId":"SE-011 Security Shop Drawing Rev2 - 05.06.25.pdf-26261080"}
[AnnotationHydrationGate][normal] {"documentId":"00e1cde9-449b-4771-9743-37bd604557a9","pdfId":"SE-011 Security Shop Drawing Rev2 - 05.06.25.pdf-26261080","ready":false,"source":"starting","normalReady":false,"cutoverTs":null,"count":null,"calloutCount":null,"firstPaintGate":true}
[CloudSync][hook] stage=hydrating
[AnnotationHydrationGate][first-page] {"documentId":"00e1cde9-449b-4771-9743-37bd604557a9","pdfId":"SE-011 Security Shop Drawing Rev2 - 05.06.25.pdf-26261080","pageNumber":1,"ready":false,"visualCoverActive":true,"normal":{"documentId":"00e1cde9-449b-4771-9743-37bd604557a9","pdfId":null,"ready":false,"source":"missing-prerequisite","normalReady":false,"cutoverTs":null,"count":null,"calloutCount":null,"firstPaintGate":true},"survey":{"ready":false,"source":"supabase-highlight-starting","documentId":"00e1cde9-449b-4771-9743-37bd604557a9","pdfId":"SE-011 Security Shop Drawing Rev2 - 05.06.25.pdf-26261080"}}
[AnnotationHydrationGate][visual-cover] {"documentId":"00e1cde9-449b-4771-9743-37bd604557a9","pdfId":"SE-011 Security Shop Drawing Rev2 - 05.06.25.pdf-26261080","pageNumber":1,"active":true,"reason":"annotation-hydration-gated"}
[AnnotationHydrationGate][first-page] {"documentId":"00e1cde9-449b-4771-9743-37bd604557a9","pdfId":"SE-011 Security Shop Drawing Rev2 - 05.06.25.pdf-26261080","pageNumber":1,"ready":false,"visualCoverActive":true,"normal":{"documentId":"00e1cde9-449b-4771-9743-37bd604557a9","pdfId":"SE-011 Security Shop Drawing Rev2 - 05.06.25.pdf-26261080","ready":false,"source":"starting","normalReady":false,"cutoverTs":null,"count":null,"calloutCount":null,"firstPaintGate":true},"survey":{"ready":false,"source":"supabase-highlight-starting","documentId":"00e1cde9-449b-4771-9743-37bd604557a9","pdfId":"SE-011 Security Shop Drawing Rev2 - 05.06.25.pdf-26261080"}}
[AnnotationHydrationGate][visual-cover] {"documentId":"00e1cde9-449b-4771-9743-37bd604557a9","pdfId":"SE-011 Security Shop Drawing Rev2 - 05.06.25.pdf-26261080","pageNumber":1,"active":true,"reason":"annotation-hydration-gated"}
[Phase31 UAT] backfill:effect {"hasYdoc":true,"docId":"00e1cde9-449b-4771-9743-37bd604557a9","userId":"170d915c-5741-4e0b-b03f-deaeedae27bd","alreadyRanFor":null,"willRun":true}
[Phase31 UAT] backfill:start {"hasYdoc":true,"hasSupabase":true,"documentId":"00e1cde9-449b-4771-9743-37bd604557a9","userId":"170d915c-5741-4e0b-b03f-deaeedae27bd","markCutoverComplete":true}
[SURVEY-MARKER-SYNC][load.legacy][pdf=SE-011 Security Shop Drawing Rev2 - 05.06.25.pdf] {"documentId":"00e1cde9-449b-4771-9743-37bd604557a9","totalRows":6,"fabricCarryingDropped":0,"keptCount":6,"keptIds":["surveyMarker-1779149067882-re5p2wtnk","surveyMarker-1779146043258-vw4papkvg","surveyMarker-1779146054567-6bo4zxqdx","surveyMarker-1779146015119-5v5p5dbvm","surveyMarker-1779146019521-x6ll4lhbq","highlight-1779059167789-838vhdof8"]}
[AnnotationHydrationGate][survey] supabase surveyMarkers complete {"documentId":"00e1cde9-449b-4771-9743-37bd604557a9","pdfId":"SE-011 Security Shop Drawing Rev2 - 05.06.25.pdf-26261080","count":6}
[AnnotationHydrationGate][first-page] {"documentId":"00e1cde9-449b-4771-9743-37bd604557a9","pdfId":"SE-011 Security Shop Drawing Rev2 - 05.06.25.pdf-26261080","pageNumber":1,"ready":false,"visualCoverActive":true,"normal":{"documentId":"00e1cde9-449b-4771-9743-37bd604557a9","pdfId":"SE-011 Security Shop Drawing Rev2 - 05.06.25.pdf-26261080","ready":false,"source":"starting","normalReady":false,"cutoverTs":null,"count":null,"calloutCount":null,"firstPaintGate":true},"survey":{"ready":true,"source":"supabase-highlight","documentId":"00e1cde9-449b-4771-9743-37bd604557a9","pdfId":"SE-011 Security Shop Drawing Rev2 - 05.06.25.pdf-26261080","count":6}}
[AnnotationHydrationGate][visual-cover] {"documentId":"00e1cde9-449b-4771-9743-37bd604557a9","pdfId":"SE-011 Security Shop Drawing Rev2 - 05.06.25.pdf-26261080","pageNumber":1,"active":true,"reason":"annotation-hydration-gated"}
[PDFImport] skipped embedded PDF annotation import — cloud/Y.Doc is authoritative {"documentId":"00e1cde9-449b-4771-9743-37bd604557a9"}
[CloudSync][hook] cutover-complete hydrate — reading from Y.Doc {"documentId":"00e1cde9-449b-4771-9743-37bd604557a9","cutoverTs":"2026-05-18T02:05:48.746+00:00"}
[Phase31 UAT] hydrate:cutover-sealed {"documentId":"00e1cde9-449b-4771-9743-37bd604557a9","pdfId":"SE-011 Security Shop Drawing Rev2 - 05.06.25.pdf-26261080","cutoverTs":"2026-05-18T02:05:48.746+00:00","yMapSize":503,"yMapCalloutsSize":4,"materializedTotal":503,"materializedCallouts":4,"materializedDrawnByMe":503,"materializedDrawnByOthers":0,"materializedImported":0,"pages":1,"perPage":{"1":503},"currentStateCount":503,"ydocLooksDegenerate":false}
[Phase31 UAT] hydrate:cutover-sealed:by-type {"documentId":"00e1cde9-449b-4771-9743-37bd604557a9","pdfFile":"SE-011 Security Shop Drawing Rev2 - 05.06.25.pdf-26261080","viewerUserId":"170d915c-5741-4e0b-b03f-deaeedae27bd","yMapTotal":503,"yMapCalloutsTotal":4,"yMapByType":{"path":4,"polygon":1,"rect":494,"circle":1,"ellipse":1,"textbox":2},"yMapByAuthor":{"byMe":503,"byOthers":0,"anonymous":0},"yMapByTypeByAuthor":{"path":{"byMe":4,"byOthers":0,"anonymous":0},"polygon":{"byMe":1,"byOthers":0,"anonymous":0},"rect":{"byMe":494,"byOthers":0,"anonymous":0},"circle":{"byMe":1,"byOthers":0,"anonymous":0},"ellipse":{"byMe":1,"byOthers":0,"anonymous":0},"textbox":{"byMe":2,"byOthers":0,"anonymous":0}},"yMapPerTypePerPage":{"path":{"unknown":4},"polygon":{"unknown":1},"rect":{"unknown":494},"circle":{"unknown":1},"ellipse":{"unknown":1},"textbox":{"unknown":2}},"byPageTotal":503,"byPageByType":{"path":4,"polygon":1,"rect":494,"circle":1,"ellipse":1,"textbox":2},"byPagePerPagePerType":{"1":{"path":4,"polygon":1,"rect":494,"circle":1,"ellipse":1,"textbox":2}}}
[CloudSync][hydrate] loadAllNonSurveyMarkerAnnotations start {"documentId":"00e1cde9-449b-4771-9743-37bd604557a9"}
[CloudSync][hook] fabric push skipped — not hydrated yet
[CloudSync][hook] callout push skipped — not hydrated yet
[CloudSync][realtime] subscribing {"documentId":"00e1cde9-449b-4771-9743-37bd604557a9","currentUserId":"170d915c-5741-4e0b-b03f-deaeedae27bd","currentSessionId":"c20ce36b-80f1-4997-be6b-2a922c387af8","hasFabricInsert":true,"hasFabricUpdate":true,"hasFabricDelete":true,"hasCalloutInsert":true,"hasCalloutUpdate":true,"hasCalloutDelete":true}
[CloudSync][realtime] subscribe status {"status":"SUBSCRIBED","error":null}
[Phase31 UAT] post-subscribe catch-up skipped — doc is cutover-sealed, Y.Doc + realtime is source of truth {"documentId":"00e1cde9-449b-4771-9743-37bd604557a9","pdfId":"SE-011 Security Shop Drawing Rev2 - 05.06.25.pdf-26261080","cutoverTs":"2026-05-18T02:05:48.746+00:00","ydocAuthoritative":true}
[PDFCounterImport] summary {"marker":"survey-counter","metadataKey":"SurveyApp","counterAnnotationsImported":0,"plainCirclesImported":0,"counterMetadataParseFailures":0,"appCalloutMarker":"survey-callout","appCalloutMetadataKey":"SurveyAppCallout","appCalloutAnnotationsImported":0,"appCalloutPiecesSkipped":0}
[PDFAppLayerStateImport] summary {"found":false,"documentId":null,"exportId":null,"scopedAnnotationPages":0,"scopedCallouts":0,"surveyMarkers":0,"spaces":0}
[PDFImport] native layer policy {"documentId":"00e1cde9-449b-4771-9743-37bd604557a9","cloudAuthoritative":true,"reason":"cloud/Y.Doc annotations are authoritative; native PDF annotation layer is hidden when all renderable native annotations are accounted for by importer diagnostics.","pages":{"1":{"hideNativeLayer":true,"nativeRenderableAnnotationCount":2,"nativeOnlyAnnotationCount":0,"reason":"all-renderable-native-annotations-imported-as-editable-app-annotations"},"2":{"hideNativeLayer":false,"nativeRenderableAnnotationCount":0,"nativeOnlyAnnotationCount":0,"reason":"no-renderable-native-annotations"},"3":{"hideNativeLayer":false,"nativeRenderableAnnotationCount":0,"nativeOnlyAnnotationCount":0,"reason":"no-renderable-native-annotations"},"4":{"hideNativeLayer":false,"nativeRenderableAnnotationCount":0,"nativeOnlyAnnotationCount":0,"reason":"no-renderable-native-annotations"},"5":{"hideNativeLayer":false,"nativeRenderableAnnotationCount":0,"nativeOnlyAnnotationCount":0,"reason":"no-renderable-native-annotations"},"6":{"hideNativeLayer":false,"nativeRenderableAnnotationCount":0,"nativeOnlyAnnotationCount":0,"reason":"no-renderable-native-annotations"},"7":{"hideNativeLayer":false,"nativeRenderableAnnotationCount":0,"nativeOnlyAnnotationCount":0,"reason":"no-renderable-native-annotations"},"8":{"hideNativeLayer":false,"nativeRenderableAnnotationCount":0,"nativeOnlyAnnotationCount":0,"reason":"no-renderable-native-annotations"},"9":{"hideNativeLayer":false,"nativeRenderableAnnotationCount":0,"nativeOnlyAnnotationCount":0,"reason":"no-renderable-native-annotations"},"10":{"hideNativeLayer":false,"nativeRenderableAnnotationCount":0,"nativeOnlyAnnotationCount":0,"reason":"no-renderable-native-annotations"},"11":{"hideNativeLayer":false,"nativeRenderableAnnotationCount":0,"nativeOnlyAnnotationCount":0,"reason":"no-renderable-native-annotations"},"12":{"hideNativeLayer":false,"nativeRenderableAnnotationCount":0,"nativeOnlyAnnotationCount":0,"reason":"no-renderable-native-annotations"},"13":{"hideNativeLayer":false,"nativeRenderableAnnotationCount":0,"nativeOnlyAnnotationCount":0,"reason":"no-renderable-native-annotations"},"14":{"hideNativeLayer":false,"nativeRenderableAnnotationCount":0,"nativeOnlyAnnotationCount":0,"reason":"no-renderable-native-annotations"},"15":{"hideNativeLayer":false,"nativeRenderableAnnotationCount":0,"nativeOnlyAnnotationCount":0,"reason":"no-renderable-native-annotations"},"16":{"hideNativeLayer":false,"nativeRenderableAnnotationCount":0,"nativeOnlyAnnotationCount":0,"reason":"no-renderable-native-annotations"},"17":{"hideNativeLayer":false,"nativeRenderableAnnotationCount":0,"nativeOnlyAnnotationCount":0,"reason":"no-renderable-native-annotations"},"18":{"hideNativeLayer":false,"nativeRenderableAnnotationCount":0,"nativeOnlyAnnotationCount":0,"reason":"no-renderable-native-annotations"},"19":{"hideNativeLayer":false,"nativeRenderableAnnotationCount":0,"nativeOnlyAnnotationCount":0,"reason":"no-renderable-native-annotations"},"20":{"hideNativeLayer":false,"nativeRenderableAnnotationCount":0,"nativeOnlyAnnotationCount":0,"reason":"no-renderable-native-annotations"},"21":{"hideNativeLayer":false,"nativeRenderableAnnotationCount":0,"nativeOnlyAnnotationCount":0,"reason":"no-renderable-native-annotations"},"22":{"hideNativeLayer":false,"nativeRenderableAnnotationCount":0,"nativeOnlyAnnotationCount":0,"reason":"no-renderable-native-annotations"},"23":{"hideNativeLayer":false,"nativeRenderableAnnotationCount":0,"nativeOnlyAnnotationCount":0,"reason":"no-renderable-native-annotations"},"24":{"hideNativeLayer":false,"nativeRenderableAnnotationCount":0,"nativeOnlyAnnotationCount":0,"reason":"no-renderable-native-annotations"},"25":{"hideNativeLayer":false,"nativeRenderableAnnotationCount":0,"nativeOnlyAnnotationCount":0,"reason":"no-renderable-native-annotations"},"26":{"hideNativeLayer":false,"nativeRenderableAnnotationCount":0,"nativeOnlyAnnotationCount":0,"reason":"no-renderable-native-annotations"},"27":{"hideN... [truncated 24 chars]
[PrintPanel] RENDER — panel closed
[Phase31 UAT] backfill:cutover-dedupe-anchor-skip {"documentId":"00e1cde9-449b-4771-9743-37bd604557a9","userId":"170d915c-5741-4e0b-b03f-deaeedae27bd","yMapSize":503,"lastGoodSize":502}
[crdtDedupePdfImports] removed 1 duplicate PDF-imported annotations across 4 unique signatures
[CloudSync][hook] dedupe-resync — restoring state {"documentId":"00e1cde9-449b-4771-9743-37bd604557a9","removed":1,"resyncCount":502}
[CloudSync][hook][state-obs] SHRINK {"prevCount":503,"currentCount":502,"delta":-1,"hydrated":false,"sameRefAsLastByPage":true,"stack":"    at commitHookEffectListMount (http://localhost:5173/node_modules/.vite/deps/chunk-DSUIPI7G.js?v=cbd96b62:23793:34) |     at commitPassiveMountOnFiber (http://localhost:5173/node_modules/.vite/deps/chunk-DSUIPI7G.js?v=cbd96b62:25034:19) |     at commitPassiveMountEffects_complete (http://localhost:5173/node_modules/.vite/deps/chunk-DSUIPI7G.js?v=cbd96b62:25007:17) |     at commitPassiveMountEffects_begin (http://localhost:5173/node_modules/.vite/deps/chunk-DSUIPI7G.js?v=cbd96b62:24997:15) |     at commitPassiveMountEffects (http://localhost:5173/node_modules/.vite/deps/chunk-DSUIPI7G.js?v=cbd96b62:24987:11) |     at flushPassiveEffectsImpl (http://localhost:5173/node_modules/.vite/deps/chunk-DSUIPI7G.js?v=cbd96b62:26368:11)"}
[CloudSync][hook] fabric push skipped — not hydrated yet
[CloudSync][hydrate] loadAllNonSurveyMarkerAnnotations ok {"elapsedMs":544,"totalRowsScanned":507,"scanned":{"nonSurveyMarker":507,"legacyFabricSurveyMarkers":0},"totalRows":507,"rowsByType":{"polygon":1,"ink":4,"counter":1,"square":494,"circle":1,"freetext":2,"callout":4},"pagesWithObjects":26,"calloutCount":4}
[CloudSync][verify] first read summary {"contextLabel":"cutover-source-of-truth","documentId":"00e1cde9-449b-4771-9743-37bd604557a9","elapsedMs":545,"firstFabricPages":26,"firstFabricObjects":503,"firstCallouts":4,"firstEmpty":false,"localFabricCount":503,"localCalloutCount":4,"localHasData":true,"willVerify":false}
[CloudSync][source-of-truth] cutover initial hydrate selected Supabase durable snapshot {"documentId":"00e1cde9-449b-4771-9743-37bd604557a9","pdfId":"SE-011 Security Shop Drawing Rev2 - 05.06.25.pdf-26261080","cutoverTs":"2026-05-18T02:05:48.746+00:00","ydocFabricCount":503,"ydocCalloutCount":4,"supabaseFabricCount":503,"supabaseCalloutCount":4,"rule":"Supabase durable snapshot wins initial load; Y.Doc is reshaped for live collaboration"}
[Phase31 UAT] save:fan-out done {"documentId":"00e1cde9-449b-4771-9743-37bd604557a9","pdfId":"SE-011 Security Shop Drawing Rev2 - 05.06.25.pdf-26261080","userId":"170d915c-5741-4e0b-b03f-deaeedae27bd","actionType":null,"dispatched":503,"yDocUpdateCount":503,"detected":503,"skippedSurveyMarkerOrCallout":0,"skippedOtherType":0,"rawTypeBreakdown":{"pen":2,"counter":1,"rect":494,"ellipse":1,"textbox":2,"highlighter":1,"polygon":1,"path":1},"resolvedTypeBreakdown":{"ink":4,"counter":1,"square":494,"circle":1,"freetext":2,"polygon":1},"skipReasons":{},"skipSamples":[],"yMapSizeAfter":503}
[CloudSync][hook] callout Y.Doc fan-out done {"documentId":"00e1cde9-449b-4771-9743-37bd604557a9","pdfId":"SE-011 Security Shop Drawing Rev2 - 05.06.25.pdf-26261080","userId":"170d915c-5741-4e0b-b03f-deaeedae27bd","actionType":"callout:delta","upserted":4,"deleted":0,"yDocUpdateCount":4,"yMapCalloutsSizeAfter":4}
[AnnotationHydrationGate][normal] {"documentId":"00e1cde9-449b-4771-9743-37bd604557a9","pdfId":"SE-011 Security Shop Drawing Rev2 - 05.06.25.pdf-26261080","ready":true,"source":"supabase-durable-snapshot","normalReady":true,"cutoverTs":"2026-05-18T02:05:48.746+00:00","count":503,"calloutCount":4,"firstPaintGate":true}
[AnnotationHydrationGate][first-page] {"documentId":"00e1cde9-449b-4771-9743-37bd604557a9","pdfId":"SE-011 Security Shop Drawing Rev2 - 05.06.25.pdf-26261080","pageNumber":1,"ready":true,"visualCoverActive":false,"normal":{"documentId":"00e1cde9-449b-4771-9743-37bd604557a9","pdfId":"SE-011 Security Shop Drawing Rev2 - 05.06.25.pdf-26261080","ready":true,"source":"supabase-durable-snapshot","normalReady":true,"cutoverTs":"2026-05-18T02:05:48.746+00:00","count":503,"calloutCount":4,"firstPaintGate":true},"survey":{"ready":true,"source":"supabase-highlight","documentId":"00e1cde9-449b-4771-9743-37bd604557a9","pdfId":"SE-011 Security Shop Drawing Rev2 - 05.06.25.pdf-26261080","count":6}}
[AnnotationHydrationGate][visual-cover] {"documentId":"00e1cde9-449b-4771-9743-37bd604557a9","pdfId":"SE-011 Security Shop Drawing Rev2 - 05.06.25.pdf-26261080","pageNumber":1,"active":false,"reason":"hydration-ready"}
[SVGAnnotationLayer] setRotInputVisible(false) reason=no single rotation target selected
[SVGAnnotationLayer] setRotInputVisible(false) reason=no single rotation target selected
[DebugBridge +6145.5ms] pdf_loaded {"pageCount":99,"currentPage":1}
[DebugBridge +6233.9ms] zoom_start {"scale":1.13317,"targetScale":0.93,"source":"zoomChange"}
[HyperlinkDiag] post-load scan {"hyperlinkCount":0,"samples":[]}
[HyperlinkDiag] page 1 layers {"hyperlinkChildren":0,"layerClasses":["DIV","e-spinner-pane e-spin-hide","e-pv-page-canvas","e-pv-annotation-canvas","DIV","IMG","IMG","IMG","IMG","e-pv-text-layer"]}
[HyperlinkDiag] page 2 layers {"hyperlinkChildren":0,"layerClasses":["DIV","e-spinner-pane e-spin-hide","e-pv-page-canvas","e-pv-annotation-canvas","DIV","IMG","IMG","IMG","e-pv-text-layer","IMG"]}
[HyperlinkDiag] page 3 layers {"hyperlinkChildren":0,"layerClasses":["DIV","e-spinner-pane e-spin-hide","e-pv-page-canvas","e-pv-annotation-canvas","DIV","e-pv-text-layer","IMG","IMG","IMG","IMG"]}
[HyperlinkDiag] page 4 layers {"hyperlinkChildren":0,"layerClasses":["DIV","e-spinner-pane e-spin-hide","e-pv-page-canvas","e-pv-annotation-canvas","DIV","IMG","e-pv-text-layer","IMG","IMG"]}
[HyperlinkDiag] page 5 layers {"hyperlinkChildren":0,"layerClasses":["DIV","e-spinner-pane e-spin-show","e-pv-page-canvas","e-pv-annotation-canvas","DIV"]}
[HyperlinkDiag] page 6 layers {"hyperlinkChildren":0,"layerClasses":["DIV","e-spinner-pane e-spin-show","e-pv-page-canvas","e-pv-annotation-canvas","DIV"]}
[HyperlinkDiag] page 7 layers {"hyperlinkChildren":0,"layerClasses":["DIV","e-spinner-pane e-spin-show","e-pv-page-canvas","e-pv-annotation-canvas","DIV"]}
[HyperlinkDiag] page 8 layers {"hyperlinkChildren":0,"layerClasses":["DIV","e-spinner-pane e-spin-show","e-pv-page-canvas","e-pv-annotation-canvas","DIV"]}
[HyperlinkDiag] page 9 layers {"hyperlinkChildren":0,"layerClasses":["DIV","e-spinner-pane e-spin-show","e-pv-page-canvas","e-pv-annotation-canvas","DIV"]}
[HyperlinkDiag] page 10 layers {"hyperlinkChildren":0,"layerClasses":["DIV","e-spinner-pane e-spin-show","e-pv-page-canvas","e-pv-annotation-canvas","DIV"]}
[DebugBridge +7882.1ms] zoom_end {"source":"zoomChange_settle"}
[DebugBridge +9156.8ms] zoom_start {"scale":0.7,"targetScale":0.68,"source":"zoomChange"}
[Phase31 UAT] focus rehydrate skipped — doc is cutover-sealed, Y.Doc + realtime is source of truth {"documentId":"00e1cde9-449b-4771-9743-37bd604557a9","pdfId":"SE-011 Security Shop Drawing Rev2 - 05.06.25.pdf-26261080","cutoverTs":"2026-05-18T02:05:48.746+00:00","ydocAuthoritative":true}
[DrawCanvas p1] MOUNT — tool=survey-marker, isShape=true, isDrawingMode=false
[DrawCanvas p1] shape effect — tool=survey-marker, isShape=true, isDrawingMode=false
[SVGAnnotationLayer] setRotInputVisible(false) reason=no single rotation target selected
[SVGAnnotationLayer] setRotInputVisible(false) reason=no single rotation target selected
[DrawCanvas p4] MOUNT — tool=survey-marker, isShape=true, isDrawingMode=false
[DrawCanvas p4] shape effect — tool=survey-marker, isShape=true, isDrawingMode=false
[SVGAnnotationLayer] setRotInputVisible(false) reason=no single rotation target selected
[DebugBridge +11629.5ms] zoom_end {"source":"zoomChange_settle"}
[SVGAnnotationLayer] setRotInputVisible(false) reason=no single rotation target selected
[DrawCanvas p5] MOUNT — tool=survey-marker, isShape=true, isDrawingMode=false
[DrawCanvas p5] shape effect — tool=survey-marker, isShape=true, isDrawingMode=false
[SVGAnnotationLayer] setRotInputVisible(false) reason=no single rotation target selected
[Phase31 UAT] focus rehydrate skipped — doc is cutover-sealed, Y.Doc + realtime is source of truth {"documentId":"00e1cde9-449b-4771-9743-37bd604557a9","pdfId":"SE-011 Security Shop Drawing Rev2 - 05.06.25.pdf-26261080","cutoverTs":"2026-05-18T02:05:48.746+00:00","ydocAuthoritative":true}
[DebugBridge +14025.1ms] wheel_scroll_motion {"eventCount":4,"rawAbsX":4,"rawAbsY":20,"rawX":-4,"rawY":-20,"clippedAbsX":4,"clippedAbsY":20,"clippedX":-4,"clippedY":-20,"requestedAppliedX":-4.104,"requestedAppliedY":-20.844,"appliedX":-4.104,"appliedY":-16,"actualX":0,"actualY":-13.5,"sensitivity":1.026,"currentZoomForScroll":1,"maxScrollStepX":16,"maxScrollStepY":16,"diagonalEvents":2,"clippedEvents":0}
[DebugBridge +14050.8ms] wheel_scroll_motion {"eventCount":4,"rawAbsX":8,"rawAbsY":20,"rawX":-8,"rawY":-20,"clippedAbsX":8,"clippedAbsY":20,"clippedX":-8,"clippedY":-20,"requestedAppliedX":-8.208,"requestedAppliedY":-20.520000000000003,"appliedX":-8.208,"appliedY":-16,"actualX":0,"actualY":0,"sensitivity":1.026,"currentZoomForScroll":1,"maxScrollStepX":16,"maxScrollStepY":16,"diagonalEvents":4,"clippedEvents":0}
[DebugBridge +14076.7ms] wheel_scroll_motion {"eventCount":7,"rawAbsX":14,"rawAbsY":48,"rawX":-14,"rawY":-48,"clippedAbsX":14,"clippedAbsY":48,"clippedX":-14,"clippedY":-48,"requestedAppliedX":-14.363999999999999,"requestedAppliedY":-49.248,"appliedX":-14.363999999999999,"appliedY":-16,"actualX":0,"actualY":0,"sensitivity":1.026,"currentZoomForScroll":1,"maxScrollStepX":16,"maxScrollStepY":16,"diagonalEvents":7,"clippedEvents":0}
[DebugBridge +14108.6ms] wheel_scroll_motion {"eventCount":7,"rawAbsX":14,"rawAbsY":28,"rawX":-14,"rawY":-28,"clippedAbsX":14,"clippedAbsY":28,"clippedX":-14,"clippedY":-28,"requestedAppliedX":-14.363999999999999,"requestedAppliedY":-28.728,"appliedX":-14.363999999999999,"appliedY":-16,"actualX":0,"actualY":0,"sensitivity":1.026,"currentZoomForScroll":1,"maxScrollStepX":16,"maxScrollStepY":16,"diagonalEvents":7,"clippedEvents":0}
[DebugBridge +14133.9ms] wheel_scroll_motion {"eventCount":5,"rawAbsX":6,"rawAbsY":18,"rawX":-6,"rawY":-18,"clippedAbsX":6,"clippedAbsY":18,"clippedX":-6,"clippedY":-18,"requestedAppliedX":-6.156000000000001,"requestedAppliedY":-18.791999999999998,"appliedX":-6.156000000000001,"appliedY":-16,"actualX":0,"actualY":0,"sensitivity":1.026,"currentZoomForScroll":1,"maxScrollStepX":16,"maxScrollStepY":16,"diagonalEvents":3,"clippedEvents":0}
[DebugBridge +14159.2ms] wheel_scroll_motion {"eventCount":5,"rawAbsX":0,"rawAbsY":16,"rawX":0,"rawY":-16,"clippedAbsX":0,"clippedAbsY":16,"clippedX":0,"clippedY":-16,"requestedAppliedX":0,"requestedAppliedY":-17.28,"appliedX":0,"appliedY":-16,"actualX":0,"actualY":0,"sensitivity":1.08,"currentZoomForScroll":1,"maxScrollStepX":16,"maxScrollStepY":16,"diagonalEvents":0,"clippedEvents":0}
[DebugBridge +14192.8ms] wheel_scroll_motion {"eventCount":8,"rawAbsX":0,"rawAbsY":16,"rawX":0,"rawY":-16,"clippedAbsX":0,"clippedAbsY":16,"clippedX":0,"clippedY":-16,"requestedAppliedX":0,"requestedAppliedY":-17.28,"appliedX":0,"appliedY":-16,"actualX":0,"actualY":0,"sensitivity":1.08,"currentZoomForScroll":1,"maxScrollStepX":16,"maxScrollStepY":16,"diagonalEvents":0,"clippedEvents":0}
[DebugBridge +14227.2ms] wheel_scroll_motion {"eventCount":5,"rawAbsX":0,"rawAbsY":12,"rawX":0,"rawY":-12,"clippedAbsX":0,"clippedAbsY":12,"clippedX":0,"clippedY":-12,"requestedAppliedX":0,"requestedAppliedY":-12.96,"appliedX":0,"appliedY":-12.96,"actualX":0,"actualY":0,"sensitivity":1.08,"currentZoomForScroll":1,"maxScrollStepX":16,"maxScrollStepY":16,"diagonalEvents":0,"clippedEvents":0}
[DebugBridge +14301.6ms] wheel_scroll_motion {"eventCount":4,"rawAbsX":6,"rawAbsY":2,"rawX":6,"rawY":-2,"clippedAbsX":6,"clippedAbsY":2,"clippedX":6,"clippedY":-2,"requestedAppliedX":6.48,"requestedAppliedY":-2.16,"appliedX":6.48,"appliedY":-2.16,"actualX":6,"actualY":0,"sensitivity":1.08,"currentZoomForScroll":1,"maxScrollStepX":16,"maxScrollStepY":16,"diagonalEvents":0,"clippedEvents":0}
[DebugBridge +14340.9ms] wheel_scroll_motion {"eventCount":8,"rawAbsX":28,"rawAbsY":20,"rawX":28,"rawY":-20,"clippedAbsX":28,"clippedAbsY":20,"clippedX":28,"clippedY":-20,"requestedAppliedX":28.727999999999998,"requestedAppliedY":-20.52,"appliedX":16,"appliedY":-16,"actualX":16,"actualY":0,"sensitivity":1.026,"currentZoomForScroll":1,"maxScrollStepX":16,"maxScrollStepY":16,"diagonalEvents":8,"clippedEvents":0}
[DebugBridge +14367.4ms] wheel_scroll_motion {"eventCount":7,"rawAbsX":44,"rawAbsY":14,"rawX":44,"rawY":-14,"clippedAbsX":44,"clippedAbsY":14,"clippedX":44,"clippedY":-14,"requestedAppliedX":45.144000000000005,"requestedAppliedY":-14.363999999999999,"appliedX":16,"appliedY":-14.363999999999999,"actualX":16,"actualY":0,"sensitivity":1.026,"currentZoomForScroll":1,"maxScrollStepX":16,"maxScrollStepY":16,"diagonalEvents":7,"clippedEvents":0}
[DebugBridge +14400.4ms] wheel_scroll_motion {"eventCount":5,"rawAbsX":50,"rawAbsY":12,"rawX":50,"rawY":-12,"clippedAbsX":50,"clippedAbsY":12,"clippedX":50,"clippedY":-12,"requestedAppliedX":51.3,"requestedAppliedY":-12.312,"appliedX":16.416,"appliedY":-12.312,"actualX":16,"actualY":0,"sensitivity":1.026,"currentZoomForScroll":1,"maxScrollStepX":16.416,"maxScrollStepY":16,"diagonalEvents":5,"clippedEvents":0}
[DebugBridge +14436.2ms] wheel_scroll_motion {"eventCount":8,"rawAbsX":74,"rawAbsY":16,"rawX":74,"rawY":-16,"clippedAbsX":74,"clippedAbsY":16,"clippedX":74,"clippedY":-16,"requestedAppliedX":75.92399999999999,"requestedAppliedY":-16.416,"appliedX":16.416,"appliedY":-16,"actualX":16,"actualY":0,"sensitivity":1.026,"currentZoomForScroll":1,"maxScrollStepX":16.416,"maxScrollStepY":16,"diagonalEvents":8,"clippedEvents":0}
[DebugBridge +14469.1ms] wheel_scroll_motion {"eventCount":8,"rawAbsX":38,"rawAbsY":16,"rawX":38,"rawY":-16,"clippedAbsX":38,"clippedAbsY":16,"clippedX":38,"clippedY":-16,"requestedAppliedX":38.988,"requestedAppliedY":-16.416,"appliedX":16,"appliedY":-16,"actualX":16,"actualY":0,"sensitivity":1.026,"currentZoomForScroll":1,"maxScrollStepX":16,"maxScrollStepY":16,"diagonalEvents":8,"clippedEvents":0}
[DebugBridge +14501.2ms] wheel_scroll_motion {"eventCount":5,"rawAbsX":42,"rawAbsY":4,"rawX":42,"rawY":-4,"clippedAbsX":42,"clippedAbsY":4,"clippedX":42,"clippedY":-4,"requestedAppliedX":44.928,"requestedAppliedY":-4.104,"appliedX":16,"appliedY":-4.104,"actualX":16,"actualY":0,"sensitivity":1.08,"currentZoomForScroll":1,"maxScrollStepX":16,"maxScrollStepY":16,"diagonalEvents":2,"clippedEvents":0}
[DebugBridge +14542.7ms] wheel_scroll_motion {"eventCount":3,"rawAbsX":78,"rawAbsY":0,"rawX":78,"rawY":0,"clippedAbsX":78,"clippedAbsY":0,"clippedX":78,"clippedY":0,"requestedAppliedX":84.24000000000001,"requestedAppliedY":0,"appliedX":51.84,"appliedY":0,"actualX":51.5,"actualY":0,"sensitivity":1.08,"currentZoomForScroll":1,"maxScrollStepX":51.84,"maxScrollStepY":16,"diagonalEvents":0,"clippedEvents":0}
[DebugBridge +14635.8ms] wheel_scroll_motion {"eventCount":4,"rawAbsX":164,"rawAbsY":0,"rawX":164,"rawY":0,"clippedAbsX":164,"clippedAbsY":0,"clippedX":164,"clippedY":0,"requestedAppliedX":177.12,"requestedAppliedY":0,"appliedX":125.28,"appliedY":0,"actualX":125,"actualY":0,"sensitivity":1.08,"currentZoomForScroll":1,"maxScrollStepX":125.28,"maxScrollStepY":16,"diagonalEvents":0,"clippedEvents":0}
[DebugBridge +14768.1ms] wheel_scroll_motion {"eventCount":4,"rawAbsX":118,"rawAbsY":0,"rawX":118,"rawY":0,"clippedAbsX":118,"clippedAbsY":0,"clippedX":118,"clippedY":0,"requestedAppliedX":127.44000000000001,"requestedAppliedY":0,"appliedX":54,"appliedY":0,"actualX":49.5,"actualY":0,"sensitivity":1.08,"currentZoomForScroll":1,"maxScrollStepX":54,"maxScrollStepY":16,"diagonalEvents":0,"clippedEvents":0}
[DebugBridge +14828.2ms] wheel_scroll_motion {"eventCount":4,"rawAbsX":8,"rawAbsY":6,"rawX":8,"rawY":-6,"clippedAbsX":8,"clippedAbsY":6,"clippedX":8,"clippedY":-6,"requestedAppliedX":8.315999999999999,"requestedAppliedY":-6.156000000000001,"appliedX":8.315999999999999,"appliedY":-6.156000000000001,"actualX":0,"actualY":0,"sensitivity":1.026,"currentZoomForScroll":1,"maxScrollStepX":16,"maxScrollStepY":16,"diagonalEvents":3,"clippedEvents":0}
[DebugBridge +14862.8ms] wheel_scroll_motion {"eventCount":7,"rawAbsX":32,"rawAbsY":26,"rawX":32,"rawY":-26,"clippedAbsX":32,"clippedAbsY":26,"clippedX":32,"clippedY":-26,"requestedAppliedX":32.832,"requestedAppliedY":-26.676,"appliedX":16,"appliedY":-16,"actualX":0,"actualY":0,"sensitivity":1.026,"currentZoomForScroll":1,"maxScrollStepX":16,"maxScrollStepY":16,"diagonalEvents":7,"clippedEvents":0}
[DebugBridge +14894.8ms] wheel_scroll_motion {"eventCount":6,"rawAbsX":34,"rawAbsY":28,"rawX":34,"rawY":-28,"clippedAbsX":34,"clippedAbsY":28,"clippedX":34,"clippedY":-28,"requestedAppliedX":34.884,"requestedAppliedY":-28.728,"appliedX":16,"appliedY":-16,"actualX":0,"actualY":0,"sensitivity":1.026,"currentZoomForScroll":1,"maxScrollStepX":16,"maxScrollStepY":16,"diagonalEvents":6,"clippedEvents":0}
[DebugBridge +14942.8ms] wheel_scroll_motion {"eventCount":6,"rawAbsX":30,"rawAbsY":30,"rawX":30,"rawY":-30,"clippedAbsX":30,"clippedAbsY":30,"clippedX":30,"clippedY":-30,"requestedAppliedX":30.779999999999998,"requestedAppliedY":-30.779999999999998,"appliedX":16,"appliedY":-16,"actualX":0,"actualY":0,"sensitivity":1.026,"currentZoomForScroll":1,"maxScrollStepX":16,"maxScrollStepY":16,"diagonalEvents":6,"clippedEvents":0}
[DebugBridge +14967.3ms] wheel_scroll_motion {"eventCount":7,"rawAbsX":14,"rawAbsY":14,"rawX":14,"rawY":-14,"clippedAbsX":14,"clippedAbsY":14,"clippedX":14,"clippedY":-14,"requestedAppliedX":14.363999999999999,"requestedAppliedY":-14.363999999999999,"appliedX":14.363999999999999,"appliedY":-14.363999999999999,"actualX":0,"actualY":0,"sensitivity":1.026,"currentZoomForScroll":1,"maxScrollStepX":16,"maxScrollStepY":16,"diagonalEvents":7,"clippedEvents":0}
[DebugBridge +14999.8ms] wheel_scroll_motion {"eventCount":6,"rawAbsX":12,"rawAbsY":12,"rawX":12,"rawY":-12,"clippedAbsX":12,"clippedAbsY":12,"clippedX":12,"clippedY":-12,"requestedAppliedX":12.312,"requestedAppliedY":-12.312,"appliedX":12.312,"appliedY":-12.312,"actualX":0,"actualY":0,"sensitivity":1.026,"currentZoomForScroll":1,"maxScrollStepX":16,"maxScrollStepY":16,"diagonalEvents":6,"clippedEvents":0}
[DebugBridge +15032.2ms] wheel_scroll_motion {"eventCount":2,"rawAbsX":0,"rawAbsY":4,"rawX":0,"rawY":-4,"clippedAbsX":0,"clippedAbsY":4,"clippedX":0,"clippedY":-4,"requestedAppliedX":0,"requestedAppliedY":-4.32,"appliedX":0,"appliedY":-4.32,"actualX":0,"actualY":0,"sensitivity":1.08,"currentZoomForScroll":1,"maxScrollStepX":16,"maxScrollStepY":16,"diagonalEvents":0,"clippedEvents":0}
[DebugBridge +15073.8ms] wheel_scroll_motion {"eventCount":7,"rawAbsX":14,"rawAbsY":10,"rawX":-14,"rawY":-10,"clippedAbsX":14,"clippedAbsY":10,"clippedX":-14,"clippedY":-10,"requestedAppliedX":-14.579999999999998,"requestedAppliedY":-10.26,"appliedX":-14.579999999999998,"appliedY":-10.26,"actualX":-15,"actualY":0,"sensitivity":1.026,"currentZoomForScroll":1,"maxScrollStepX":16,"maxScrollStepY":16,"diagonalEvents":5,"clippedEvents":0}
[DebugBridge +15177.7ms] wheel_scroll_motion {"eventCount":10,"rawAbsX":44,"rawAbsY":40,"rawX":-44,"rawY":-40,"clippedAbsX":44,"clippedAbsY":40,"clippedX":-44,"clippedY":-40,"requestedAppliedX":-45.36,"requestedAppliedY":-41.04,"appliedX":-16,"appliedY":-16,"actualX":-16,"actualY":0,"sensitivity":1.026,"currentZoomForScroll":1,"maxScrollStepX":16,"maxScrollStepY":16,"diagonalEvents":8,"clippedEvents":0}
[DebugBridge +15207.9ms] wheel_scroll_motion {"eventCount":7,"rawAbsX":14,"rawAbsY":14,"rawX":-14,"rawY":-14,"clippedAbsX":14,"clippedAbsY":14,"clippedX":-14,"clippedY":-14,"requestedAppliedX":-14.363999999999999,"requestedAppliedY":-14.363999999999999,"appliedX":-14.363999999999999,"appliedY":-14.363999999999999,"actualX":-14.5,"actualY":0,"sensitivity":1.026,"currentZoomForScroll":1,"maxScrollStepX":16,"maxScrollStepY":16,"diagonalEvents":7,"clippedEvents":0}
[DebugBridge +15233.1ms] wheel_scroll_motion {"eventCount":6,"rawAbsX":12,"rawAbsY":12,"rawX":-12,"rawY":-12,"clippedAbsX":12,"clippedAbsY":12,"clippedX":-12,"clippedY":-12,"requestedAppliedX":-12.312,"requestedAppliedY":-12.312,"appliedX":-12.312,"appliedY":-12.312,"actualX":-12.5,"actualY":0,"sensitivity":1.026,"currentZoomForScroll":1,"maxScrollStepX":16,"maxScrollStepY":16,"diagonalEvents":6,"clippedEvents":0}
[DebugBridge +15258.7ms] wheel_scroll_motion {"eventCount":6,"rawAbsX":12,"rawAbsY":8,"rawX":-12,"rawY":-8,"clippedAbsX":12,"clippedAbsY":8,"clippedX":-12,"clippedY":-8,"requestedAppliedX":-12.527999999999999,"requestedAppliedY":-8.208,"appliedX":-12.527999999999999,"appliedY":-8.208,"actualX":-13,"actualY":0,"sensitivity":1.026,"currentZoomForScroll":1,"maxScrollStepX":16,"maxScrollStepY":16,"diagonalEvents":4,"clippedEvents":0}
[DebugBridge +15283.5ms] wheel_scroll_motion {"eventCount":5,"rawAbsX":10,"rawAbsY":2,"rawX":-10,"rawY":-2,"clippedAbsX":10,"clippedAbsY":2,"clippedX":-10,"clippedY":-2,"requestedAppliedX":-10.692,"requestedAppliedY":-2.052,"appliedX":-10.692,"appliedY":-2.052,"actualX":-11,"actualY":0,"sensitivity":1.08,"currentZoomForScroll":1,"maxScrollStepX":16,"maxScrollStepY":16,"diagonalEvents":1,"clippedEvents":0}
[DebugBridge +15324.2ms] wheel_scroll_motion {"eventCount":2,"rawAbsX":2,"rawAbsY":2,"rawX":-2,"rawY":-2,"clippedAbsX":2,"clippedAbsY":2,"clippedX":-2,"clippedY":-2,"requestedAppliedX":-2.16,"requestedAppliedY":-2.16,"appliedX":-2.16,"appliedY":-2.16,"actualX":-2.5,"actualY":0,"sensitivity":1.08,"currentZoomForScroll":1,"maxScrollStepX":16,"maxScrollStepY":16,"diagonalEvents":0,"clippedEvents":0}
[DebugBridge +15358.9ms] wheel_scroll_motion {"eventCount":3,"rawAbsX":4,"rawAbsY":2,"rawX":-4,"rawY":-2,"clippedAbsX":4,"clippedAbsY":2,"clippedX":-4,"clippedY":-2,"requestedAppliedX":-4.32,"requestedAppliedY":-2.16,"appliedX":-4.32,"appliedY":-2.16,"actualX":-4.5,"actualY":0,"sensitivity":1.08,"currentZoomForScroll":1,"maxScrollStepX":16,"maxScrollStepY":16,"diagonalEvents":0,"clippedEvents":0}
[DebugBridge +15543.6ms] wheel_scroll_motion {"eventCount":2,"rawAbsX":4,"rawAbsY":0,"rawX":-4,"rawY":0,"clippedAbsX":4,"clippedAbsY":0,"clippedX":-4,"clippedY":0,"requestedAppliedX":-4.32,"requestedAppliedY":0,"appliedX":-4.32,"appliedY":0,"actualX":-4.5,"actualY":0,"sensitivity":1.08,"currentZoomForScroll":1,"maxScrollStepX":16,"maxScrollStepY":16,"diagonalEvents":0,"clippedEvents":0}
[Diag] tool-switch DETECTED → select (scheduling t+1000ms capture)
[Diag select] screenshot saved (301 KB) → /Users/isaiahcalvo/Desktop/Survey-BetaSafeS2/TestLogs/testlog-screenshot-select.png
[Diag select] CAPTURED @ t+1003ms — annotations=10 callouts=3 svgWrappers=2 svgVis=[visible,visible] svgElems=0 svgVisElems=0 eraserCanvases=0 svgMarkupBytes=2800
[PreviewDiag] sync push {"kind":"survey-marker","count":1,"surveyMarkerCount":6}
[PreviewDiag] sync push {"kind":"survey-marker","count":1,"surveyMarkerCount":6}

===== Undo/Redo Chronology =====
events=1
lanes=local annotation history | callout history | legacy history | Yjs/CRDT history
{"seq":1,"order":null,"at":"2026-05-19T00:54:53.758Z","event":"history_reset_for_pdf_change","actionType":"pdf:change","rawActionType":"pdf:change","annotationType":null,"annotationId":null,"pageNumber":null,"lane":null,"receivedStack":null,"chosenStack":null,"chosenLane":null,"decisionReason":null,"undoDepth":0,"redoDepth":0}
===== End Undo/Redo Chronology =====
