===== SurveyApp Save Log =====
version:   0.1.46
runtime:   dev-server
platform:  desktop
device:    Mac
os:        macOS 10.15.7
screen:    1512x982 @2x
viewport:  1203x833
locale:    en-US
timestamp: 2026-06-08T20:49:12.412Z (6/8/2026, 4:49:12 PM)
==============================
%c[LOAD-TRACE +23ms] pdf.js worker ready color:#2196F3;font-weight:bold
%c[LOAD-TRACE +23ms] Starting PDF.js getDocument color:#2196F3;font-weight:bold
%c[LOAD-TRACE +211ms] PDF.js document parsed color:#2196F3;font-weight:bold
%c[LOAD-TRACE +212ms] Calculating page sizes color:#2196F3;font-weight:bold
%c[LOAD-TRACE +222ms] Page sizes calculated (3 pages) color:#2196F3;font-weight:bold
%c[LOAD-TRACE +222ms] Importing PDF annotations color:#2196F3;font-weight:bold
%c[LOAD-TRACE +222ms] PDF ready for rendering color:#2196F3;font-weight:bold
%c[LOAD-TRACE +222ms] ✅ LOAD COMPLETE — lifting the Loading curtain color:#2196F3;font-weight:bold
[InteractionDiag] interactive-ready @ 214863ms (isLoadingPDF→false; loading curtain lifted, toolbar+page now accept input)
[OpenTiming] first-marks-painted @ 214867ms pdfId=sync-test.pdf-2489
[OpenTiming] pdfid-resolve @ 241043ms sync-test.pdf-2489
%c[LOAD-TRACE +0ms] ════ OPEN START — sync-test.pdf color:#2196F3;font-weight:bold
%c[LOAD-TRACE +72ms] watchdog armed — will check in 20s color:#2196F3;font-weight:bold
%c[LOAD-TRACE +75ms] Local file to ArrayBuffer color:#2196F3;font-weight:bold
%c[LOAD-TRACE +76ms] configuring pdf.js worker (loadPdfjs) color:#2196F3;font-weight:bold
%c[LOAD-TRACE +77ms] pdf.js worker ready color:#2196F3;font-weight:bold
%c[LOAD-TRACE +82ms] Starting PDF.js getDocument color:#2196F3;font-weight:bold
%c[LOAD-TRACE +416ms] PDF.js document parsed color:#2196F3;font-weight:bold
%c[LOAD-TRACE +417ms] Calculating page sizes color:#2196F3;font-weight:bold
%c[LOAD-TRACE +425ms] Page sizes calculated (3 pages) color:#2196F3;font-weight:bold
%c[LOAD-TRACE +425ms] Importing PDF annotations color:#2196F3;font-weight:bold
%c[LOAD-TRACE +425ms] PDF ready for rendering color:#2196F3;font-weight:bold
%c[LOAD-TRACE +425ms] ✅ LOAD COMPLETE — lifting the Loading curtain color:#2196F3;font-weight:bold
[InteractionDiag] interactive-ready @ 241478ms (isLoadingPDF→false; loading curtain lifted, toolbar+page now accept input)
[OpenTiming] first-marks-painted @ 241482ms pdfId=sync-test.pdf-2489
[OpenTiming] pdfid-resolve @ 256747ms sync-test.pdf-2489
%c[LOAD-TRACE +0ms] ════ OPEN START — sync-test.pdf color:#2196F3;font-weight:bold
%c[LOAD-TRACE +1ms] watchdog armed — will check in 20s color:#2196F3;font-weight:bold
[OpenTiming] pdfid-resolve @ 256768ms sync-test.pdf-2489
%c[LOAD-TRACE +0ms] ════ OPEN START — sync-test.pdf color:#2196F3;font-weight:bold
%c[LOAD-TRACE +0ms] watchdog armed — will check in 20s color:#2196F3;font-weight:bold
[OpenTiming] pdfid-resolve @ 256775ms sync-test.pdf-2489
%c[LOAD-TRACE +11ms] Local file to ArrayBuffer color:#2196F3;font-weight:bold
%c[LOAD-TRACE +11ms] configuring pdf.js worker (loadPdfjs) color:#2196F3;font-weight:bold
%c[LOAD-TRACE +11ms] pdf.js worker ready color:#2196F3;font-weight:bold
%c[LOAD-TRACE +11ms] Starting PDF.js getDocument color:#2196F3;font-weight:bold
%c[LOAD-TRACE +26ms] Local file to ArrayBuffer color:#2196F3;font-weight:bold
%c[LOAD-TRACE +26ms] configuring pdf.js worker (loadPdfjs) color:#2196F3;font-weight:bold
%c[LOAD-TRACE +26ms] pdf.js worker ready color:#2196F3;font-weight:bold
%c[LOAD-TRACE +26ms] Starting PDF.js getDocument color:#2196F3;font-weight:bold
%c[LOAD-TRACE +194ms] PDF.js document parsed color:#2196F3;font-weight:bold
%c[LOAD-TRACE +194ms] Calculating page sizes color:#2196F3;font-weight:bold
%c[LOAD-TRACE +198ms] PDF.js document parsed color:#2196F3;font-weight:bold
%c[LOAD-TRACE +204ms] Page sizes calculated (3 pages) color:#2196F3;font-weight:bold
%c[LOAD-TRACE +204ms] Importing PDF annotations color:#2196F3;font-weight:bold
%c[LOAD-TRACE +204ms] PDF ready for rendering color:#2196F3;font-weight:bold
%c[LOAD-TRACE +204ms] ✅ LOAD COMPLETE — lifting the Loading curtain color:#2196F3;font-weight:bold
[InteractionDiag] interactive-ready @ 256976ms (isLoadingPDF→false; loading curtain lifted, toolbar+page now accept input)
[OpenTiming] first-marks-painted @ 256981ms pdfId=sync-test.pdf-2489
console.error @ [useAnnotationDoc] open failed cannot add `postgres_changes` callbacks for realtime:anno-43c92ebc-8ae9-4aec-bd6d-5281fdfcfe5d after `subscribe()`.
=== PAGE RELOAD (navigation) @ 2026-06-08T18:43:21.585Z ===
[OpenTiming] doc-click @ 2075ms sync-test.pdf
[OpenTiming] pdfid-resolve @ 3485ms sync-test.pdf-2489
%c[LOAD-TRACE +0ms] ════ OPEN START — sync-test.pdf color:#2196F3;font-weight:bold
%c[LOAD-TRACE +1ms] watchdog armed — will check in 20s color:#2196F3;font-weight:bold
[OpenTiming] pdfid-resolve @ 3503ms sync-test.pdf-2489
%c[LOAD-TRACE +19ms] Local file to ArrayBuffer color:#2196F3;font-weight:bold
%c[LOAD-TRACE +19ms] configuring pdf.js worker (loadPdfjs) color:#2196F3;font-weight:bold
%c[LOAD-TRACE +19ms] pdf.js worker ready color:#2196F3;font-weight:bold
%c[LOAD-TRACE +19ms] Starting PDF.js getDocument color:#2196F3;font-weight:bold
%c[LOAD-TRACE +355ms] PDF.js document parsed color:#2196F3;font-weight:bold
%c[LOAD-TRACE +356ms] Calculating page sizes color:#2196F3;font-weight:bold
%c[LOAD-TRACE +367ms] Page sizes calculated (3 pages) color:#2196F3;font-weight:bold
%c[LOAD-TRACE +367ms] Importing PDF annotations color:#2196F3;font-weight:bold
%c[LOAD-TRACE +367ms] PDF ready for rendering color:#2196F3;font-weight:bold
%c[LOAD-TRACE +367ms] ✅ LOAD COMPLETE — lifting the Loading curtain color:#2196F3;font-weight:bold
[InteractionDiag] interactive-ready @ 3868ms (isLoadingPDF→false; loading curtain lifted, toolbar+page now accept input)
[OpenTiming] first-marks-painted @ 3877ms pdfId=sync-test.pdf-2489
console.warn @ [crdtBackfill] cutover sealed but Y.Map < legacy count — re-running import loop to recover {"yMapSize":0,"legacyCount":0}
[InteractionDiag] tool-changed @ 8260ms from=pan to=select
[DrawCanvas p1] MOUNT — tool=survey-marker, isShape=true, isDrawingMode=false
[DrawCanvas p1] shape effect — tool=survey-marker, isShape=true, isDrawingMode=false
[DrawCanvas p2] MOUNT — tool=survey-marker, isShape=true, isDrawingMode=false
[DrawCanvas p2] shape effect — tool=survey-marker, isShape=true, isDrawingMode=false
[DrawCanvas p3] MOUNT — tool=survey-marker, isShape=true, isDrawingMode=false
[DrawCanvas p3] shape effect — tool=survey-marker, isShape=true, isDrawingMode=false
[InteractionDiag] tool-changed @ 8293ms from=select to=survey-marker
[DEBUG-toolrevert] survey-marker → pan caller:
Error
    at http://localhost:5173/src/PDFViewer.jsx?t=1780943982006:2533:74
    at http://localhost:5173/src/PDFViewer.jsx?t=1780943982006:13697:5
    at commitHookEffectListMount (http://localhost:5173/node_modules/.vite/deps/chunk-DSUIPI7G.js?v=a345567b:23793:34)
    at commitPassiveMountOnFiber (http://localhost:5173/node_modules/.vite/deps/chunk-DSUIPI7G.js?v=a345567b:25034:19)
    at commitPassiveMountEffects_complete (http://localhost:5173/node_modules/.vite/deps/chunk-DSUIPI7G.js?v=a345567b:25007:17)
    at commitPassiveMountEffects_begin (http://localhost:5173/node_modules/.vite/deps/chunk-DSUIPI7G.js?v=a345567b:24997:15)
    at commitPassiveMountEffects (http://localhost:5173/node_modules/.vite/deps/chunk-DSUIPI7G.js?v=a345567b:24987:11)
    at flushPassiveEffectsImpl (http://localhost:5173/node_modules/.vite/deps/chunk-DSUIPI7G.js?v=a345567b:26368:11)
    at flushPassiveEffects (http://localhost:5173/node_modules/.vite/deps/chunk-DSUIPI7G.js?v=a345567b:26325:22)
    at commitRootImpl (http://localhost:5173/node_modules/.vite/deps/chunk-DSUIPI7G.js?v=a345567b:26294:13)
[OpenTiming] pdfid-resolve @ 8294ms sync-test.pdf-2489
[OpenTiming] first-marks-painted @ 8296ms pdfId=sync-test.pdf-2489
[DEBUG-toolrevert] survey-marker → pan caller:
Error
    at http://localhost:5173/src/PDFViewer.jsx?t=1780943982006:2533:74
    at http://localhost:5173/src/PDFViewer.jsx?t=1780943982006:13697:5
    at commitHookEffectListMount (http://localhost:5173/node_modules/.vite/deps/chunk-DSUIPI7G.js?v=a345567b:23793:34)
    at commitPassiveMountOnFiber (http://localhost:5173/node_modules/.vite/deps/chunk-DSUIPI7G.js?v=a345567b:25034:19)
    at commitPassiveMountEffects_complete (http://localhost:5173/node_modules/.vite/deps/chunk-DSUIPI7G.js?v=a345567b:25007:17)
    at commitPassiveMountEffects_begin (http://localhost:5173/node_modules/.vite/deps/chunk-DSUIPI7G.js?v=a345567b:24997:15)
    at commitPassiveMountEffects (http://localhost:5173/node_modules/.vite/deps/chunk-DSUIPI7G.js?v=a345567b:24987:11)
    at flushPassiveEffectsImpl (http://localhost:5173/node_modules/.vite/deps/chunk-DSUIPI7G.js?v=a345567b:26368:11)
    at flushPassiveEffects (http://localhost:5173/node_modules/.vite/deps/chunk-DSUIPI7G.js?v=a345567b:26325:22)
    at performSyncWorkOnRoot (http://localhost:5173/node_modules/.vite/deps/chunk-DSUIPI7G.js?v=a345567b:25746:11)
[OpenTiming] pdfid-resolve @ 8344ms sync-test.pdf-2489
[OpenTiming] first-marks-painted @ 8348ms pdfId=sync-test.pdf-2489
[InteractionDiag] tool-changed @ 8391ms from=survey-marker to=pan (pan-active → Syncfusion interactionMode=Pan)
[InteractionDiag] viewer-pan-start @ 13809ms tool=pan button=0 target=div scrollTop=0 scrollLeft=0
[InteractionDiag] pan-drag @ 13919ms pointerDelta=(0,0) scrollDelta=(0,0) NO-SCROLL (pan gesture not moving container)
[InteractionDiag] pan-drag @ 14016ms pointerDelta=(-29,0) scrollDelta=(0,0) NO-SCROLL (pan gesture not moving container)
[InteractionDiag] pan-drag @ 14127ms pointerDelta=(-45,1) scrollDelta=(0,0) NO-SCROLL (pan gesture not moving container)
[InteractionDiag] pan-end @ 14361ms totalScrollDelta=(0,0) [PAN DID NOTHING]
[SaveLog] bulletproof local snapshot saved at /Users/isaiahcalvo/Documents/Projects/Active/Survey-BetaSafeS2/Logs/2026-06-08_18-43-37
[SaveLog] runPush start {"hasElectronApi":true,"hasPushLogFn":true,"hasGhTokenEnv":true,"payloadLength":26216}
[SaveLog] runPush start {"hasElectronApi":true,"hasPushLogFn":true,"hasGhTokenEnv":true,"payloadLength":26216}
[SaveLogBanner] GitHub push OK {"url":"https://github.com/IsaiahCalvo/Survey/blob/logs/mac-isaiahs-macbook-pro-2026-06-08T18-43-42-529Z.log","filename":"mac-isaiahs-macbook-pro-2026-06-08T18-43-42-529Z.log"}
[SaveLogBanner] GitHub push OK {"url":"https://github.com/IsaiahCalvo/Survey/blob/logs/mac-isaiahs-macbook-pro-2026-06-08T18-43-42-513Z-68962-mq5k7hsy-1.log","filename":"mac-isaiahs-macbook-pro-2026-06-08T18-43-42-513Z-68962-mq5k7hsy-1.log"}
[OpenTiming] pdfid-resolve @ 329277ms sync-test.pdf-2489
%c[LOAD-TRACE +0ms] ════ OPEN START — sync-test.pdf color:#2196F3;font-weight:bold
%c[LOAD-TRACE +1ms] watchdog armed — will check in 20s color:#2196F3;font-weight:bold
[OpenTiming] pdfid-resolve @ 329446ms sync-test.pdf-2489
%c[LOAD-TRACE +0ms] ════ OPEN START — sync-test.pdf color:#2196F3;font-weight:bold
%c[LOAD-TRACE +5ms] watchdog armed — will check in 20s color:#2196F3;font-weight:bold
%c[LOAD-TRACE +9ms] Local file to ArrayBuffer color:#2196F3;font-weight:bold
%c[LOAD-TRACE +12ms] configuring pdf.js worker (loadPdfjs) color:#2196F3;font-weight:bold
%c[LOAD-TRACE +13ms] pdf.js worker ready color:#2196F3;font-weight:bold
%c[LOAD-TRACE +13ms] Starting PDF.js getDocument color:#2196F3;font-weight:bold
%c[LOAD-TRACE +68ms] Local file to ArrayBuffer color:#2196F3;font-weight:bold
%c[LOAD-TRACE +71ms] configuring pdf.js worker (loadPdfjs) color:#2196F3;font-weight:bold
%c[LOAD-TRACE +71ms] pdf.js worker ready color:#2196F3;font-weight:bold
%c[LOAD-TRACE +71ms] Starting PDF.js getDocument color:#2196F3;font-weight:bold
%c[LOAD-TRACE +761ms] PDF.js document parsed color:#2196F3;font-weight:bold
%c[LOAD-TRACE +762ms] Calculating page sizes color:#2196F3;font-weight:bold
%c[LOAD-TRACE +771ms] PDF.js document parsed color:#2196F3;font-weight:bold
%c[LOAD-TRACE +778ms] Page sizes calculated (3 pages) color:#2196F3;font-weight:bold
%c[LOAD-TRACE +778ms] Importing PDF annotations color:#2196F3;font-weight:bold
%c[LOAD-TRACE +779ms] PDF ready for rendering color:#2196F3;font-weight:bold
%c[LOAD-TRACE +779ms] ✅ LOAD COMPLETE — lifting the Loading curtain color:#2196F3;font-weight:bold
[InteractionDiag] interactive-ready @ 330231ms (isLoadingPDF→false; loading curtain lifted, toolbar+page now accept input)
[OpenTiming] first-marks-painted @ 330240ms pdfId=sync-test.pdf-2489
console.error @ [useAnnotationDoc] open failed cannot add `postgres_changes` callbacks for realtime:anno-43c92ebc-8ae9-4aec-bd6d-5281fdfcfe5d after `subscribe()`.
[OpenTiming] pdfid-resolve @ 513100ms sync-test.pdf-2489
%c[LOAD-TRACE +0ms] ════ OPEN START — sync-test.pdf color:#2196F3;font-weight:bold
%c[LOAD-TRACE +0ms] watchdog armed — will check in 20s color:#2196F3;font-weight:bold
[OpenTiming] pdfid-resolve @ 513117ms sync-test.pdf-2489
%c[LOAD-TRACE +0ms] ════ OPEN START — sync-test.pdf color:#2196F3;font-weight:bold
%c[LOAD-TRACE +0ms] watchdog armed — will check in 20s color:#2196F3;font-weight:bold
%c[LOAD-TRACE +7ms] Local file to ArrayBuffer color:#2196F3;font-weight:bold
%c[LOAD-TRACE +7ms] configuring pdf.js worker (loadPdfjs) color:#2196F3;font-weight:bold
%c[LOAD-TRACE +7ms] pdf.js worker ready color:#2196F3;font-weight:bold
%c[LOAD-TRACE +7ms] Starting PDF.js getDocument color:#2196F3;font-weight:bold
%c[LOAD-TRACE +21ms] Local file to ArrayBuffer color:#2196F3;font-weight:bold
%c[LOAD-TRACE +21ms] configuring pdf.js worker (loadPdfjs) color:#2196F3;font-weight:bold
%c[LOAD-TRACE +21ms] pdf.js worker ready color:#2196F3;font-weight:bold
%c[LOAD-TRACE +21ms] Starting PDF.js getDocument color:#2196F3;font-weight:bold
%c[LOAD-TRACE +260ms] PDF.js document parsed color:#2196F3;font-weight:bold
%c[LOAD-TRACE +261ms] PDF.js document parsed color:#2196F3;font-weight:bold
%c[LOAD-TRACE +261ms] Calculating page sizes color:#2196F3;font-weight:bold
%c[LOAD-TRACE +271ms] Page sizes calculated (3 pages) color:#2196F3;font-weight:bold
%c[LOAD-TRACE +271ms] Importing PDF annotations color:#2196F3;font-weight:bold
%c[LOAD-TRACE +271ms] PDF ready for rendering color:#2196F3;font-weight:bold
%c[LOAD-TRACE +271ms] ✅ LOAD COMPLETE — lifting the Loading curtain color:#2196F3;font-weight:bold
[InteractionDiag] interactive-ready @ 513392ms (isLoadingPDF→false; loading curtain lifted, toolbar+page now accept input)
[OpenTiming] first-marks-painted @ 513397ms pdfId=sync-test.pdf-2489
=== PAGE RELOAD (navigation) @ 2026-06-08T19:00:43.099Z ===
[OpenTiming] doc-click @ 2147ms sync-test.pdf
[OpenTiming] pdfid-resolve @ 3553ms sync-test.pdf-2489
%c[LOAD-TRACE +0ms] ════ OPEN START — sync-test.pdf color:#2196F3;font-weight:bold
%c[LOAD-TRACE +0ms] watchdog armed — will check in 20s color:#2196F3;font-weight:bold
%c[LOAD-TRACE +23ms] Local file to ArrayBuffer color:#2196F3;font-weight:bold
%c[LOAD-TRACE +23ms] configuring pdf.js worker (loadPdfjs) color:#2196F3;font-weight:bold
%c[LOAD-TRACE +23ms] pdf.js worker ready color:#2196F3;font-weight:bold
%c[LOAD-TRACE +23ms] Starting PDF.js getDocument color:#2196F3;font-weight:bold
%c[LOAD-TRACE +409ms] PDF.js document parsed color:#2196F3;font-weight:bold
%c[LOAD-TRACE +410ms] Calculating page sizes color:#2196F3;font-weight:bold
%c[LOAD-TRACE +437ms] Page sizes calculated (3 pages) color:#2196F3;font-weight:bold
%c[LOAD-TRACE +438ms] Importing PDF annotations color:#2196F3;font-weight:bold
%c[LOAD-TRACE +438ms] PDF ready for rendering color:#2196F3;font-weight:bold
%c[LOAD-TRACE +438ms] ✅ LOAD COMPLETE — lifting the Loading curtain color:#2196F3;font-weight:bold
[InteractionDiag] interactive-ready @ 4009ms (isLoadingPDF→false; loading curtain lifted, toolbar+page now accept input)
[OpenTiming] first-marks-painted @ 4033ms pdfId=sync-test.pdf-2489
console.warn @ [crdtBackfill] cutover sealed but Y.Map < legacy count — re-running import loop to recover {"yMapSize":0,"legacyCount":0}
[InteractionDiag] tool-changed @ 6887ms from=pan to=select
[DrawCanvas p1] MOUNT — tool=survey-marker, isShape=true, isDrawingMode=false
[DrawCanvas p1] shape effect — tool=survey-marker, isShape=true, isDrawingMode=false
[DrawCanvas p2] MOUNT — tool=survey-marker, isShape=true, isDrawingMode=false
[DrawCanvas p2] shape effect — tool=survey-marker, isShape=true, isDrawingMode=false
[DrawCanvas p3] MOUNT — tool=survey-marker, isShape=true, isDrawingMode=false
[DrawCanvas p3] shape effect — tool=survey-marker, isShape=true, isDrawingMode=false
[InteractionDiag] tool-changed @ 6918ms from=select to=survey-marker
console.error @ File watcher error: EPERM: operation not permitted, watch '/Users/isaiahcalvo/Desktop/Security_export.xlsx'
[InteractionDiag] viewer-pointer-down @ 9390ms tool=survey-marker button=0 target=canvas
[DrawCanvas p1] shape mousedown at (141.6, 265.9), tool=survey-marker
[PreviewDiag] start {"pointerDown":true,"surface":"FabricDrawingCanvas","tool":"survey-marker","type":"survey-marker","action":"survey-marker-draw","pageNumber":1,"annotationId":null}
[PreviewDiag] preview {"id":"gesture-1","frames":1,"pointerDown":true,"surface":"FabricDrawingCanvas","tool":"survey-marker","type":"survey-marker","action":"survey-marker-draw","pageNumber":1,"annotationId":null}
[PreviewDiag] preview {"id":"gesture-1","frames":25,"pointerDown":true,"surface":"FabricDrawingCanvas","tool":"survey-marker","type":"survey-marker","action":"survey-marker-draw","pageNumber":1,"annotationId":null}
[InteractionDiag] pointer-end @ 9899ms tool=survey-marker
[PreviewDiag] pointer release {"id":"gesture-1","frames":30,"pointerDown":false,"surface":"FabricDrawingCanvas","tool":"survey-marker","type":"survey-marker","action":"survey-marker-draw","pageNumber":1,"annotationId":null}
[DrawCanvas p1] shape mouseup — tool=survey-marker, hasSize=true {"left":141.55102040816328,"top":265.92857142857144,"w":103.0408163265306,"h":75.9795918367347}
[PreviewDiag] final commit {"id":"gesture-1","commits":1,"pointerDown":false,"surface":"FabricDrawingCanvas","tool":"survey-marker","type":"survey-marker","action":"survey-marker-draw","pageNumber":1,"annotationId":null,"source":"survey-marker:create"}
[PreviewDiag] summary survey-marker-draw started, 30 preview frames, 0 sync writes during drag, 0 sync deferrals during drag, 0 backup writes during drag, 1 commit on release, 0 sync pushes after release, 0 backup writes after release {"id":"gesture-1","durationMs":1896.3,"pointerDown":false,"surface":"FabricDrawingCanvas","tool":"survey-marker","type":"survey-marker","action":"survey-marker-draw","pageNumber":1,"annotationId":null,"source":"survey-marker:create","reason":"settled"}
console.error @ File watcher error: EPERM: operation not permitted, watch '/Users/isaiahcalvo/Desktop/Security_export.xlsx'
console.error @ File watcher error: EPERM: operation not permitted, watch '/Users/isaiahcalvo/Desktop/Security_export.xlsx'
[InteractionDiag] viewer-pointer-down @ 13027ms tool=survey-marker button=0 target=canvas
[DrawCanvas p1] shape mousedown at (250.8, 395.0), tool=survey-marker
[PreviewDiag] start {"pointerDown":true,"surface":"FabricDrawingCanvas","tool":"survey-marker","type":"survey-marker","action":"survey-marker-draw","pageNumber":1,"annotationId":null}
[PreviewDiag] preview {"id":"gesture-2","frames":1,"pointerDown":true,"surface":"FabricDrawingCanvas","tool":"survey-marker","type":"survey-marker","action":"survey-marker-draw","pageNumber":1,"annotationId":null}
[PreviewDiag] preview {"id":"gesture-2","frames":25,"pointerDown":true,"surface":"FabricDrawingCanvas","tool":"survey-marker","type":"survey-marker","action":"survey-marker-draw","pageNumber":1,"annotationId":null}
[InteractionDiag] pointer-end @ 13409ms tool=survey-marker
[PreviewDiag] pointer release {"id":"gesture-2","frames":33,"pointerDown":false,"surface":"FabricDrawingCanvas","tool":"survey-marker","type":"survey-marker","action":"survey-marker-draw","pageNumber":1,"annotationId":null}
[DrawCanvas p1] shape mouseup — tool=survey-marker, hasSize=true {"left":250.83673469387756,"top":394.98979591836735,"w":123.85714285714286,"h":103.04081632653066}
[PreviewDiag] final commit {"id":"gesture-2","commits":1,"pointerDown":false,"surface":"FabricDrawingCanvas","tool":"survey-marker","type":"survey-marker","action":"survey-marker-draw","pageNumber":1,"annotationId":null,"source":"survey-marker:create"}
[PreviewDiag] summary survey-marker-draw started, 33 preview frames, 0 sync writes during drag, 0 sync deferrals during drag, 0 backup writes during drag, 1 commit on release, 0 sync pushes after release, 0 backup writes after release {"id":"gesture-2","durationMs":1779.6,"pointerDown":false,"surface":"FabricDrawingCanvas","tool":"survey-marker","type":"survey-marker","action":"survey-marker-draw","pageNumber":1,"annotationId":null,"source":"survey-marker:create","reason":"settled"}
console.error @ File watcher error: EPERM: operation not permitted, watch '/Users/isaiahcalvo/Desktop/Security_export.xlsx'
console.error @ File watcher error: EPERM: operation not permitted, watch '/Users/isaiahcalvo/Desktop/Security_export.xlsx'
[PreviewDiag] sync push {"kind":"survey-marker","count":1,"surveyMarkerCount":2}
[PreviewDiag] sync push {"kind":"survey-marker","count":1,"surveyMarkerCount":2}
[InteractionDiag] tool-intent @ 74671ms requested=survey-marker from=survey-marker
[InteractionDiag] tool-intent @ 75967ms requested=survey-marker from=survey-marker
[InteractionDiag] viewer-pointer-down @ 77159ms tool=survey-marker button=0 target=canvas
[DrawCanvas p1] shape mousedown at (249.8, 304.4), tool=survey-marker
[PreviewDiag] start {"pointerDown":true,"surface":"FabricDrawingCanvas","tool":"survey-marker","type":"survey-marker","action":"survey-marker-draw","pageNumber":1,"annotationId":null}
[PreviewDiag] preview {"id":"gesture-3","frames":1,"pointerDown":true,"surface":"FabricDrawingCanvas","tool":"survey-marker","type":"survey-marker","action":"survey-marker-draw","pageNumber":1,"annotationId":null}
[PreviewDiag] preview {"id":"gesture-3","frames":25,"pointerDown":true,"surface":"FabricDrawingCanvas","tool":"survey-marker","type":"survey-marker","action":"survey-marker-draw","pageNumber":1,"annotationId":null}
[InteractionDiag] pointer-end @ 77644ms tool=survey-marker
[PreviewDiag] pointer release {"id":"gesture-3","frames":34,"pointerDown":false,"surface":"FabricDrawingCanvas","tool":"survey-marker","type":"survey-marker","action":"survey-marker-draw","pageNumber":1,"annotationId":null}
[DrawCanvas p1] shape mouseup — tool=survey-marker, hasSize=true {"left":249.79591836734696,"top":304.4387755102041,"w":148.83673469387756,"h":31.224489795918373}
[PreviewDiag] final commit {"id":"gesture-3","commits":1,"pointerDown":false,"surface":"FabricDrawingCanvas","tool":"survey-marker","type":"survey-marker","action":"survey-marker-draw","pageNumber":1,"annotationId":null,"source":"survey-marker:create"}
[PreviewDiag] summary survey-marker-draw started, 34 preview frames, 0 sync writes during drag, 0 sync deferrals during drag, 0 backup writes during drag, 1 commit on release, 0 sync pushes after release, 0 backup writes after release {"id":"gesture-3","durationMs":1883.1,"pointerDown":false,"surface":"FabricDrawingCanvas","tool":"survey-marker","type":"survey-marker","action":"survey-marker-draw","pageNumber":1,"annotationId":null,"source":"survey-marker:create","reason":"settled"}
[PreviewDiag] sync push {"kind":"survey-marker","count":1,"surveyMarkerCount":3}
[PreviewDiag] sync push {"kind":"survey-marker","count":1,"surveyMarkerCount":3}
[PreviewDiag] sync push {"kind":"survey-marker","count":1,"surveyMarkerCount":3}
[PreviewDiag] sync push {"kind":"survey-marker","count":1,"surveyMarkerCount":4}
[SaveLog] bulletproof local snapshot saved at /Users/isaiahcalvo/Documents/Projects/Active/Survey-BetaSafeS2/Logs/2026-06-08_19-02-46
[SaveLog] runPush start {"hasElectronApi":true,"hasPushLogFn":true,"hasGhTokenEnv":true,"payloadLength":40117}
[SaveLog] runPush start {"hasElectronApi":true,"hasPushLogFn":true,"hasGhTokenEnv":true,"payloadLength":40117}
[SaveLogBanner] GitHub push OK {"url":"https://github.com/IsaiahCalvo/Survey/blob/logs/mac-isaiahs-macbook-pro-2026-06-08T19-02-51-012Z.log","filename":"mac-isaiahs-macbook-pro-2026-06-08T19-02-51-012Z.log"}
[SaveLogBanner] GitHub push OK {"url":"https://github.com/IsaiahCalvo/Survey/blob/logs/mac-isaiahs-macbook-pro-2026-06-08T19-02-51-018Z-68962-mq5kw41y-1.log","filename":"mac-isaiahs-macbook-pro-2026-06-08T19-02-51-018Z-68962-mq5kw41y-1.log"}
[OpenTiming] pdfid-resolve @ 965603ms sync-test.pdf-2489
%c[LOAD-TRACE +0ms] ════ OPEN START — sync-test.pdf color:#2196F3;font-weight:bold
[InteractionDiag] tool-changed @ 965642ms from=survey-marker to=pan (pan-active → Syncfusion interactionMode=Pan)
%c[LOAD-TRACE +39ms] watchdog armed — will check in 20s color:#2196F3;font-weight:bold
%c[LOAD-TRACE +83ms] Local file to ArrayBuffer color:#2196F3;font-weight:bold
%c[LOAD-TRACE +83ms] configuring pdf.js worker (loadPdfjs) color:#2196F3;font-weight:bold
%c[LOAD-TRACE +83ms] pdf.js worker ready color:#2196F3;font-weight:bold
%c[LOAD-TRACE +83ms] Starting PDF.js getDocument color:#2196F3;font-weight:bold
%c[LOAD-TRACE +324ms] PDF.js document parsed color:#2196F3;font-weight:bold
%c[LOAD-TRACE +324ms] Calculating page sizes color:#2196F3;font-weight:bold
%c[LOAD-TRACE +338ms] Page sizes calculated (3 pages) color:#2196F3;font-weight:bold
%c[LOAD-TRACE +339ms] Importing PDF annotations color:#2196F3;font-weight:bold
%c[LOAD-TRACE +339ms] PDF ready for rendering color:#2196F3;font-weight:bold
%c[LOAD-TRACE +339ms] ✅ LOAD COMPLETE — lifting the Loading curtain color:#2196F3;font-weight:bold
[InteractionDiag] interactive-ready @ 965950ms (isLoadingPDF→false; loading curtain lifted, toolbar+page now accept input)
[OpenTiming] first-marks-painted @ 965956ms pdfId=sync-test.pdf-2489
=== PAGE RELOAD (navigation) @ 2026-06-08T19:36:47.564Z ===
[OpenTiming] doc-click @ 4781ms sync-test.pdf
[OpenTiming] pdfid-resolve @ 5959ms sync-test.pdf-2489
%c[LOAD-TRACE +0ms] ════ OPEN START — sync-test.pdf color:#2196F3;font-weight:bold
%c[LOAD-TRACE +0ms] watchdog armed — will check in 20s color:#2196F3;font-weight:bold
%c[LOAD-TRACE +22ms] Local file to ArrayBuffer color:#2196F3;font-weight:bold
%c[LOAD-TRACE +22ms] configuring pdf.js worker (loadPdfjs) color:#2196F3;font-weight:bold
%c[LOAD-TRACE +22ms] pdf.js worker ready color:#2196F3;font-weight:bold
%c[LOAD-TRACE +22ms] Starting PDF.js getDocument color:#2196F3;font-weight:bold
%c[LOAD-TRACE +291ms] PDF.js document parsed color:#2196F3;font-weight:bold
%c[LOAD-TRACE +291ms] Calculating page sizes color:#2196F3;font-weight:bold
%c[LOAD-TRACE +306ms] Page sizes calculated (3 pages) color:#2196F3;font-weight:bold
%c[LOAD-TRACE +306ms] Importing PDF annotations color:#2196F3;font-weight:bold
%c[LOAD-TRACE +306ms] PDF ready for rendering color:#2196F3;font-weight:bold
%c[LOAD-TRACE +306ms] ✅ LOAD COMPLETE — lifting the Loading curtain color:#2196F3;font-weight:bold
[InteractionDiag] interactive-ready @ 6276ms (isLoadingPDF→false; loading curtain lifted, toolbar+page now accept input)
[OpenTiming] first-marks-painted @ 6284ms pdfId=sync-test.pdf-2489
console.warn @ [crdtBackfill] cutover sealed but Y.Map < legacy count — re-running import loop to recover {"yMapSize":0,"legacyCount":0}
[InteractionDiag] tool-changed @ 8199ms from=pan to=select
[DrawCanvas p1] MOUNT — tool=survey-marker, isShape=true, isDrawingMode=false
[DrawCanvas p1] shape effect — tool=survey-marker, isShape=true, isDrawingMode=false
[DrawCanvas p2] MOUNT — tool=survey-marker, isShape=true, isDrawingMode=false
[DrawCanvas p2] shape effect — tool=survey-marker, isShape=true, isDrawingMode=false
[DrawCanvas p3] MOUNT — tool=survey-marker, isShape=true, isDrawingMode=false
[DrawCanvas p3] shape effect — tool=survey-marker, isShape=true, isDrawingMode=false
[InteractionDiag] tool-changed @ 8235ms from=select to=survey-marker
[PreviewDiag] sync push {"kind":"survey-marker","count":1,"surveyMarkerCount":4}
[PreviewDiag] sync push {"kind":"survey-marker","count":1,"surveyMarkerCount":4}
[InteractionDiag] viewer-pointer-down @ 99213ms tool=survey-marker button=0 target=canvas
[DrawCanvas p1] shape mousedown at (381.3, 247.5), tool=survey-marker
[PreviewDiag] start {"pointerDown":true,"surface":"FabricDrawingCanvas","tool":"survey-marker","type":"survey-marker","action":"survey-marker-draw","pageNumber":1,"annotationId":null}
[PreviewDiag] preview {"id":"gesture-1","frames":1,"pointerDown":true,"surface":"FabricDrawingCanvas","tool":"survey-marker","type":"survey-marker","action":"survey-marker-draw","pageNumber":1,"annotationId":null}
[PreviewDiag] preview {"id":"gesture-1","frames":25,"pointerDown":true,"surface":"FabricDrawingCanvas","tool":"survey-marker","type":"survey-marker","action":"survey-marker-draw","pageNumber":1,"annotationId":null}
[InteractionDiag] pointer-end @ 99557ms tool=survey-marker
[PreviewDiag] pointer release {"id":"gesture-1","frames":37,"pointerDown":false,"surface":"FabricDrawingCanvas","tool":"survey-marker","type":"survey-marker","action":"survey-marker-draw","pageNumber":1,"annotationId":null}
[DrawCanvas p1] shape mouseup — tool=survey-marker, hasSize=true {"left":381.31497418244413,"top":247.5387263339071,"w":88.48192771084337,"h":82.16179001721173}
[PreviewDiag] final commit {"id":"gesture-1","commits":1,"pointerDown":false,"surface":"FabricDrawingCanvas","tool":"survey-marker","type":"survey-marker","action":"survey-marker-draw","pageNumber":1,"annotationId":null,"source":"survey-marker:create"}
[PreviewDiag] summary survey-marker-draw started, 37 preview frames, 0 sync writes during drag, 0 sync deferrals during drag, 0 backup writes during drag, 1 commit on release, 0 sync pushes after release, 0 backup writes after release {"id":"gesture-1","durationMs":1741.9,"pointerDown":false,"surface":"FabricDrawingCanvas","tool":"survey-marker","type":"survey-marker","action":"survey-marker-draw","pageNumber":1,"annotationId":null,"source":"survey-marker:create","reason":"settled"}
[InteractionDiag] viewer-pointer-down @ 102224ms tool=survey-marker button=0 target=canvas
[DrawCanvas p1] shape mousedown at (142.2, 527.7), tool=survey-marker
[PreviewDiag] start {"pointerDown":true,"surface":"FabricDrawingCanvas","tool":"survey-marker","type":"survey-marker","action":"survey-marker-draw","pageNumber":1,"annotationId":null}
[PreviewDiag] preview {"id":"gesture-2","frames":1,"pointerDown":true,"surface":"FabricDrawingCanvas","tool":"survey-marker","type":"survey-marker","action":"survey-marker-draw","pageNumber":1,"annotationId":null}
[PreviewDiag] preview {"id":"gesture-2","frames":25,"pointerDown":true,"surface":"FabricDrawingCanvas","tool":"survey-marker","type":"survey-marker","action":"survey-marker-draw","pageNumber":1,"annotationId":null}
[InteractionDiag] pointer-end @ 102638ms tool=survey-marker
[PreviewDiag] pointer release {"id":"gesture-2","frames":37,"pointerDown":false,"surface":"FabricDrawingCanvas","tool":"survey-marker","type":"survey-marker","action":"survey-marker-draw","pageNumber":1,"annotationId":null}
[DrawCanvas p1] shape mouseup — tool=survey-marker, hasSize=true {"left":142.2030981067126,"top":527.7314974182445,"w":81.10843373493978,"h":130.6161790017211}
[PreviewDiag] final commit {"id":"gesture-2","commits":1,"pointerDown":false,"surface":"FabricDrawingCanvas","tool":"survey-marker","type":"survey-marker","action":"survey-marker-draw","pageNumber":1,"annotationId":null,"source":"survey-marker:create"}
[PreviewDiag] summary survey-marker-draw started, 37 preview frames, 0 sync writes during drag, 0 sync deferrals during drag, 0 backup writes during drag, 1 commit on release, 0 sync pushes after release, 0 backup writes after release {"id":"gesture-2","durationMs":1812.6,"pointerDown":false,"surface":"FabricDrawingCanvas","tool":"survey-marker","type":"survey-marker","action":"survey-marker-draw","pageNumber":1,"annotationId":null,"source":"survey-marker:create","reason":"settled"}
[PreviewDiag] sync push {"kind":"survey-marker","count":1,"surveyMarkerCount":6}
[InteractionDiag] tool-changed @ 111197ms from=survey-marker to=select
[PreviewDiag] sync push {"kind":"survey-marker","count":1,"surveyMarkerCount":6}
[PreviewDiag] sync push {"kind":"survey-marker","count":1,"surveyMarkerCount":6}
[PreviewDiag] sync push {"kind":"survey-marker","count":1,"surveyMarkerCount":6}
[OpenTiming] pdfid-resolve @ 234734ms sync-test.pdf-2489
%c[LOAD-TRACE +0ms] ════ OPEN START — sync-test.pdf color:#2196F3;font-weight:bold
[InteractionDiag] tool-changed @ 234775ms from=select to=pan (pan-active → Syncfusion interactionMode=Pan)
%c[LOAD-TRACE +38ms] watchdog armed — will check in 20s color:#2196F3;font-weight:bold
%c[LOAD-TRACE +73ms] Local file to ArrayBuffer color:#2196F3;font-weight:bold
%c[LOAD-TRACE +73ms] configuring pdf.js worker (loadPdfjs) color:#2196F3;font-weight:bold
%c[LOAD-TRACE +73ms] pdf.js worker ready color:#2196F3;font-weight:bold
%c[LOAD-TRACE +73ms] Starting PDF.js getDocument color:#2196F3;font-weight:bold
%c[LOAD-TRACE +360ms] PDF.js document parsed color:#2196F3;font-weight:bold
%c[LOAD-TRACE +360ms] Calculating page sizes color:#2196F3;font-weight:bold
%c[LOAD-TRACE +372ms] Page sizes calculated (3 pages) color:#2196F3;font-weight:bold
%c[LOAD-TRACE +372ms] Importing PDF annotations color:#2196F3;font-weight:bold
%c[LOAD-TRACE +372ms] PDF ready for rendering color:#2196F3;font-weight:bold
%c[LOAD-TRACE +372ms] ✅ LOAD COMPLETE — lifting the Loading curtain color:#2196F3;font-weight:bold
[InteractionDiag] interactive-ready @ 235117ms (isLoadingPDF→false; loading curtain lifted, toolbar+page now accept input)
[OpenTiming] first-marks-painted @ 235124ms pdfId=sync-test.pdf-2489
[PreviewDiag] sync push {"kind":"survey-marker","count":1,"surveyMarkerCount":6}
[OpenTiming] pdfid-resolve @ 245073ms sync-test.pdf-2489
%c[LOAD-TRACE +0ms] ════ OPEN START — sync-test.pdf color:#2196F3;font-weight:bold
%c[LOAD-TRACE +23ms] watchdog armed — will check in 20s color:#2196F3;font-weight:bold
%c[LOAD-TRACE +29ms] Local file to ArrayBuffer color:#2196F3;font-weight:bold
%c[LOAD-TRACE +29ms] configuring pdf.js worker (loadPdfjs) color:#2196F3;font-weight:bold
%c[LOAD-TRACE +29ms] pdf.js worker ready color:#2196F3;font-weight:bold
%c[LOAD-TRACE +29ms] Starting PDF.js getDocument color:#2196F3;font-weight:bold
%c[LOAD-TRACE +226ms] PDF.js document parsed color:#2196F3;font-weight:bold
%c[LOAD-TRACE +226ms] Calculating page sizes color:#2196F3;font-weight:bold
%c[LOAD-TRACE +238ms] Page sizes calculated (3 pages) color:#2196F3;font-weight:bold
%c[LOAD-TRACE +238ms] Importing PDF annotations color:#2196F3;font-weight:bold
%c[LOAD-TRACE +238ms] PDF ready for rendering color:#2196F3;font-weight:bold
%c[LOAD-TRACE +238ms] ✅ LOAD COMPLETE — lifting the Loading curtain color:#2196F3;font-weight:bold
[InteractionDiag] interactive-ready @ 245316ms (isLoadingPDF→false; loading curtain lifted, toolbar+page now accept input)
[OpenTiming] first-marks-painted @ 245320ms pdfId=sync-test.pdf-2489
=== PAGE RELOAD (navigation) @ 2026-06-08T20:09:04.112Z ===
[OpenTiming] doc-click @ 2717ms sync-test.pdf
[OpenTiming] pdfid-resolve @ 4192ms sync-test.pdf-2489
%c[LOAD-TRACE +0ms] ════ OPEN START — sync-test.pdf color:#2196F3;font-weight:bold
%c[LOAD-TRACE +0ms] watchdog armed — will check in 20s color:#2196F3;font-weight:bold
%c[LOAD-TRACE +24ms] Local file to ArrayBuffer color:#2196F3;font-weight:bold
%c[LOAD-TRACE +24ms] configuring pdf.js worker (loadPdfjs) color:#2196F3;font-weight:bold
%c[LOAD-TRACE +24ms] pdf.js worker ready color:#2196F3;font-weight:bold
%c[LOAD-TRACE +24ms] Starting PDF.js getDocument color:#2196F3;font-weight:bold
%c[LOAD-TRACE +504ms] PDF.js document parsed color:#2196F3;font-weight:bold
%c[LOAD-TRACE +505ms] Calculating page sizes color:#2196F3;font-weight:bold
%c[LOAD-TRACE +526ms] Page sizes calculated (3 pages) color:#2196F3;font-weight:bold
%c[LOAD-TRACE +526ms] Importing PDF annotations color:#2196F3;font-weight:bold
%c[LOAD-TRACE +527ms] PDF ready for rendering color:#2196F3;font-weight:bold
%c[LOAD-TRACE +531ms] ✅ LOAD COMPLETE — lifting the Loading curtain color:#2196F3;font-weight:bold
[InteractionDiag] interactive-ready @ 4739ms (isLoadingPDF→false; loading curtain lifted, toolbar+page now accept input)
[OpenTiming] first-marks-painted @ 4753ms pdfId=sync-test.pdf-2489
console.warn @ [crdtBackfill] cutover sealed but Y.Map < legacy count — re-running import loop to recover {"yMapSize":0,"legacyCount":0}
[DrawCanvas p1] MOUNT — tool=survey-marker, isShape=true, isDrawingMode=false
[DrawCanvas p1] shape effect — tool=survey-marker, isShape=true, isDrawingMode=false
[DrawCanvas p2] MOUNT — tool=survey-marker, isShape=true, isDrawingMode=false
[DrawCanvas p2] shape effect — tool=survey-marker, isShape=true, isDrawingMode=false
[DrawCanvas p3] MOUNT — tool=survey-marker, isShape=true, isDrawingMode=false
[DrawCanvas p3] shape effect — tool=survey-marker, isShape=true, isDrawingMode=false
[InteractionDiag] tool-changed @ 7040ms from=pan to=survey-marker
[PreviewDiag] sync push {"kind":"survey-marker","count":1,"surveyMarkerCount":6}
[PreviewDiag] sync push {"kind":"survey-marker","count":1,"surveyMarkerCount":6}
[OpenTiming] pdfid-resolve @ 828014ms sync-test.pdf-2489
%c[LOAD-TRACE +0ms] ════ OPEN START — sync-test.pdf color:#2196F3;font-weight:bold
[InteractionDiag] tool-changed @ 828067ms from=survey-marker to=pan (pan-active → Syncfusion interactionMode=Pan)
%c[LOAD-TRACE +54ms] watchdog armed — will check in 20s color:#2196F3;font-weight:bold
%c[LOAD-TRACE +85ms] Local file to ArrayBuffer color:#2196F3;font-weight:bold
%c[LOAD-TRACE +86ms] configuring pdf.js worker (loadPdfjs) color:#2196F3;font-weight:bold
%c[LOAD-TRACE +86ms] pdf.js worker ready color:#2196F3;font-weight:bold
%c[LOAD-TRACE +86ms] Starting PDF.js getDocument color:#2196F3;font-weight:bold
%c[LOAD-TRACE +408ms] PDF.js document parsed color:#2196F3;font-weight:bold
%c[LOAD-TRACE +408ms] Calculating page sizes color:#2196F3;font-weight:bold
%c[LOAD-TRACE +422ms] Page sizes calculated (3 pages) color:#2196F3;font-weight:bold
%c[LOAD-TRACE +423ms] Importing PDF annotations color:#2196F3;font-weight:bold
%c[LOAD-TRACE +423ms] PDF ready for rendering color:#2196F3;font-weight:bold
%c[LOAD-TRACE +423ms] ✅ LOAD COMPLETE — lifting the Loading curtain color:#2196F3;font-weight:bold
[InteractionDiag] interactive-ready @ 828446ms (isLoadingPDF→false; loading curtain lifted, toolbar+page now accept input)
[OpenTiming] first-marks-painted @ 828453ms pdfId=sync-test.pdf-2489
=== PAGE RELOAD (navigation) @ 2026-06-08T20:46:54.769Z ===
[OpenTiming] doc-click @ 2544ms sync-test.pdf
[OpenTiming] pdfid-resolve @ 3758ms sync-test.pdf-2489
%c[LOAD-TRACE +0ms] ════ OPEN START — sync-test.pdf color:#2196F3;font-weight:bold
%c[LOAD-TRACE +0ms] watchdog armed — will check in 20s color:#2196F3;font-weight:bold
%c[LOAD-TRACE +17ms] Local file to ArrayBuffer color:#2196F3;font-weight:bold
%c[LOAD-TRACE +17ms] configuring pdf.js worker (loadPdfjs) color:#2196F3;font-weight:bold
%c[LOAD-TRACE +17ms] pdf.js worker ready color:#2196F3;font-weight:bold
%c[LOAD-TRACE +17ms] Starting PDF.js getDocument color:#2196F3;font-weight:bold
%c[LOAD-TRACE +414ms] PDF.js document parsed color:#2196F3;font-weight:bold
%c[LOAD-TRACE +414ms] Calculating page sizes color:#2196F3;font-weight:bold
%c[LOAD-TRACE +434ms] Page sizes calculated (3 pages) color:#2196F3;font-weight:bold
%c[LOAD-TRACE +434ms] Importing PDF annotations color:#2196F3;font-weight:bold
%c[LOAD-TRACE +434ms] PDF ready for rendering color:#2196F3;font-weight:bold
%c[LOAD-TRACE +434ms] ✅ LOAD COMPLETE — lifting the Loading curtain color:#2196F3;font-weight:bold
[InteractionDiag] interactive-ready @ 4203ms (isLoadingPDF→false; loading curtain lifted, toolbar+page now accept input)
[OpenTiming] first-marks-painted @ 4226ms pdfId=sync-test.pdf-2489
console.warn @ [crdtBackfill] cutover sealed but Y.Map < legacy count — re-running import loop to recover {"yMapSize":0,"legacyCount":0}
[PreviewDiag] sync push {"kind":"survey-marker","count":1,"surveyMarkerCount":6}
[InteractionDiag] tool-changed @ 6778ms from=pan to=select
[DrawCanvas p1] MOUNT — tool=survey-marker, isShape=true, isDrawingMode=false
[DrawCanvas p1] shape effect — tool=survey-marker, isShape=true, isDrawingMode=false
[DrawCanvas p2] MOUNT — tool=survey-marker, isShape=true, isDrawingMode=false
[DrawCanvas p2] shape effect — tool=survey-marker, isShape=true, isDrawingMode=false
[DrawCanvas p3] MOUNT — tool=survey-marker, isShape=true, isDrawingMode=false
[DrawCanvas p3] shape effect — tool=survey-marker, isShape=true, isDrawingMode=false
[InteractionDiag] tool-changed @ 6848ms from=select to=survey-marker
[InteractionDiag] tool-intent @ 8300ms requested=survey-marker from=survey-marker
[InteractionDiag] viewer-pointer-down @ 9333ms tool=survey-marker button=0 target=canvas
[DrawCanvas p1] shape mousedown at (423.6, 439.7), tool=survey-marker
[PreviewDiag] start {"pointerDown":true,"surface":"FabricDrawingCanvas","tool":"survey-marker","type":"survey-marker","action":"survey-marker-draw","pageNumber":1,"annotationId":null}
[PreviewDiag] preview {"id":"gesture-1","frames":1,"pointerDown":true,"surface":"FabricDrawingCanvas","tool":"survey-marker","type":"survey-marker","action":"survey-marker-draw","pageNumber":1,"annotationId":null}
[PreviewDiag] preview {"id":"gesture-1","frames":25,"pointerDown":true,"surface":"FabricDrawingCanvas","tool":"survey-marker","type":"survey-marker","action":"survey-marker-draw","pageNumber":1,"annotationId":null}
[InteractionDiag] pointer-end @ 9794ms tool=survey-marker
[PreviewDiag] pointer release {"id":"gesture-1","frames":37,"pointerDown":false,"surface":"FabricDrawingCanvas","tool":"survey-marker","type":"survey-marker","action":"survey-marker-draw","pageNumber":1,"annotationId":null}
[DrawCanvas p1] shape mouseup — tool=survey-marker, hasSize=true {"left":423.6122448979592,"top":439.7448979591837,"w":88.46938775510199,"h":94.71428571428572}
[PreviewDiag] final commit {"id":"gesture-1","commits":1,"pointerDown":false,"surface":"FabricDrawingCanvas","tool":"survey-marker","type":"survey-marker","action":"survey-marker-draw","pageNumber":1,"annotationId":null,"source":"survey-marker:create"}
[PreviewDiag] summary survey-marker-draw started, 37 preview frames, 0 sync writes during drag, 0 sync deferrals during drag, 0 backup writes during drag, 1 commit on release, 0 sync pushes after release, 0 backup writes after release {"id":"gesture-1","durationMs":1859.1,"pointerDown":false,"surface":"FabricDrawingCanvas","tool":"survey-marker","type":"survey-marker","action":"survey-marker-draw","pageNumber":1,"annotationId":null,"source":"survey-marker:create","reason":"settled"}
[PreviewDiag] sync push {"kind":"survey-marker","count":1,"surveyMarkerCount":7}
[InteractionDiag] tool-intent @ 68448ms requested=survey-marker from=survey-marker
[InteractionDiag] tool-intent @ 69940ms requested=survey-marker from=survey-marker
[InteractionDiag] tool-intent @ 73521ms requested=survey-marker from=survey-marker
=== PAGE RELOAD (navigation) @ 2026-06-08T20:48:21.566Z ===
[OpenTiming] doc-click @ 1858ms sync-test.pdf
[OpenTiming] pdfid-resolve @ 2958ms sync-test.pdf-2489
%c[LOAD-TRACE +0ms] ════ OPEN START — sync-test.pdf color:#2196F3;font-weight:bold
%c[LOAD-TRACE +0ms] watchdog armed — will check in 20s color:#2196F3;font-weight:bold
%c[LOAD-TRACE +25ms] Local file to ArrayBuffer color:#2196F3;font-weight:bold
%c[LOAD-TRACE +26ms] configuring pdf.js worker (loadPdfjs) color:#2196F3;font-weight:bold
%c[LOAD-TRACE +26ms] pdf.js worker ready color:#2196F3;font-weight:bold
%c[LOAD-TRACE +26ms] Starting PDF.js getDocument color:#2196F3;font-weight:bold
%c[LOAD-TRACE +487ms] PDF.js document parsed color:#2196F3;font-weight:bold
%c[LOAD-TRACE +488ms] Calculating page sizes color:#2196F3;font-weight:bold
%c[LOAD-TRACE +495ms] Page sizes calculated (3 pages) color:#2196F3;font-weight:bold
%c[LOAD-TRACE +496ms] Importing PDF annotations color:#2196F3;font-weight:bold
%c[LOAD-TRACE +496ms] PDF ready for rendering color:#2196F3;font-weight:bold
%c[LOAD-TRACE +496ms] ✅ LOAD COMPLETE — lifting the Loading curtain color:#2196F3;font-weight:bold
[InteractionDiag] interactive-ready @ 3462ms (isLoadingPDF→false; loading curtain lifted, toolbar+page now accept input)
[OpenTiming] first-marks-painted @ 3468ms pdfId=sync-test.pdf-2489
console.warn @ [crdtBackfill] cutover sealed but Y.Map < legacy count — re-running import loop to recover {"yMapSize":0,"legacyCount":0}
[PreviewDiag] sync push {"kind":"survey-marker","count":1,"surveyMarkerCount":7}
[InteractionDiag] tool-changed @ 5672ms from=pan to=select
[DrawCanvas p1] MOUNT — tool=survey-marker, isShape=true, isDrawingMode=false
[DrawCanvas p1] shape effect — tool=survey-marker, isShape=true, isDrawingMode=false
[InteractionDiag] tool-changed @ 5701ms from=select to=survey-marker
[DrawCanvas p2] MOUNT — tool=survey-marker, isShape=true, isDrawingMode=false
[DrawCanvas p2] shape effect — tool=survey-marker, isShape=true, isDrawingMode=false
[InteractionDiag] tool-intent @ 16963ms requested=survey-marker from=survey-marker
[InteractionDiag] tool-intent @ 17435ms requested=survey-marker from=survey-marker