===== SurveyApp Save Log =====
version:   0.1.45
runtime:   dev-server
platform:  desktop
device:    Mac
os:        macOS 10.15.7
screen:    1512x982 @2x
viewport:  1512x826
locale:    en-US
timestamp: 2026-05-11T20:42:23.092Z (5/11/2026, 4:42:23 PM)
==============================
[dev-auto-login] boot {"hasDevEmail":true,"devEmailHint":"isai***","hasDevPassword":true,"hasCachedSession":true,"cachedSessionEmail":"isaiahcalvo123@gmail.com","cachedSessionExpiresAt":1778533806}
[dev-auto-login] cached session matches dev email, keeping it
[dev-auto-login] decision {"needsAutoLogin":false,"willAttemptSignIn":false}
[CloudSync][hook] session id minted {"sessionId":"0e7150ee-3ff2-4cce-8964-554891ed5838"}
[CloudSync][hook][state-obs] annotationsByPage initial {"currentCount":0,"pages":0,"hydrated":false}
[CloudSync][hook][state-obs] callouts initial {"currentCount":0,"hydrated":false}
[CloudSync][hook] hydrate effect fired {"enabled":false,"hydrateEnabled":true,"documentId":"97f95b32-77b3-4834-a8fc-68f21543eb16","userId":"170d915c-5741-4e0b-b03f-deaeedae27bd","pdfId":null}
[CloudSync][hook] hydrate skipped — missing prerequisite {"hydrateEnabled":true,"hasDocumentId":true,"hasUserId":true,"hasPdfId":false}
[AnnotationHydrationGate][normal] {"documentId":"97f95b32-77b3-4834-a8fc-68f21543eb16","pdfId":null,"ready":false,"source":"missing-prerequisite","normalReady":false,"cutoverTs":null,"count":null,"calloutCount":null,"firstPaintGate":true}
[AnnotationHydrationGate][first-page] {"documentId":"97f95b32-77b3-4834-a8fc-68f21543eb16","pdfId":null,"pageNumber":1,"ready":false,"visualCoverActive":true,"normal":{"documentId":"97f95b32-77b3-4834-a8fc-68f21543eb16","pdfId":null,"ready":false,"source":"pending","firstPaintGate":true},"survey":{"ready":true,"source":"local"}}
[AnnotationHydrationGate][visual-cover] {"documentId":"97f95b32-77b3-4834-a8fc-68f21543eb16","pdfId":null,"pageNumber":1,"active":true,"reason":"annotation-hydration-gated"}
[Cloud render cache] doc=SE-011 Security Shop Drawing Rev2 - 05.06.25.pdf-26263753 painting verified cloud snapshot immediately — count=537.
[CSeries wipe] doc=SE-011 Security Shop Drawing Rev2 - 05.06.25.pdf-26263753 totalCounters=40 legacyRemoved=0 — nothing to wipe.
[Phase31 UAT] backfill:effect {"hasYdoc":true,"docId":"97f95b32-77b3-4834-a8fc-68f21543eb16","userId":null,"alreadyRanFor":null,"willRun":false}
[CloudSync][hook] hydrate effect fired {"enabled":false,"hydrateEnabled":true,"documentId":"97f95b32-77b3-4834-a8fc-68f21543eb16","userId":"170d915c-5741-4e0b-b03f-deaeedae27bd","pdfId":"SE-011 Security Shop Drawing Rev2 - 05.06.25.pdf-26263753"}
[AnnotationHydrationGate][normal] {"documentId":"97f95b32-77b3-4834-a8fc-68f21543eb16","pdfId":"SE-011 Security Shop Drawing Rev2 - 05.06.25.pdf-26263753","ready":false,"source":"starting","normalReady":false,"cutoverTs":null,"count":null,"calloutCount":null,"firstPaintGate":true}
[CloudSync][hook] stage=hydrating
[AnnotationHydrationGate][first-page] {"documentId":"97f95b32-77b3-4834-a8fc-68f21543eb16","pdfId":"SE-011 Security Shop Drawing Rev2 - 05.06.25.pdf-26263753","pageNumber":1,"ready":false,"visualCoverActive":true,"normal":{"documentId":"97f95b32-77b3-4834-a8fc-68f21543eb16","pdfId":null,"ready":false,"source":"missing-prerequisite","normalReady":false,"cutoverTs":null,"count":null,"calloutCount":null,"firstPaintGate":true},"survey":{"ready":false,"source":"supabase-highlight-starting","documentId":"97f95b32-77b3-4834-a8fc-68f21543eb16","pdfId":"SE-011 Security Shop Drawing Rev2 - 05.06.25.pdf-26263753"}}
[AnnotationHydrationGate][visual-cover] {"documentId":"97f95b32-77b3-4834-a8fc-68f21543eb16","pdfId":"SE-011 Security Shop Drawing Rev2 - 05.06.25.pdf-26263753","pageNumber":1,"active":true,"reason":"annotation-hydration-gated"}
[AnnotationHydrationGate][first-page] {"documentId":"97f95b32-77b3-4834-a8fc-68f21543eb16","pdfId":"SE-011 Security Shop Drawing Rev2 - 05.06.25.pdf-26263753","pageNumber":1,"ready":false,"visualCoverActive":true,"normal":{"documentId":"97f95b32-77b3-4834-a8fc-68f21543eb16","pdfId":"SE-011 Security Shop Drawing Rev2 - 05.06.25.pdf-26263753","ready":false,"source":"starting","normalReady":false,"cutoverTs":null,"count":null,"calloutCount":null,"firstPaintGate":true},"survey":{"ready":false,"source":"supabase-highlight-starting","documentId":"97f95b32-77b3-4834-a8fc-68f21543eb16","pdfId":"SE-011 Security Shop Drawing Rev2 - 05.06.25.pdf-26263753"}}
[AnnotationHydrationGate][visual-cover] {"documentId":"97f95b32-77b3-4834-a8fc-68f21543eb16","pdfId":"SE-011 Security Shop Drawing Rev2 - 05.06.25.pdf-26263753","pageNumber":1,"active":true,"reason":"annotation-hydration-gated"}
[Phase31 UAT] backfill:effect {"hasYdoc":true,"docId":"97f95b32-77b3-4834-a8fc-68f21543eb16","userId":"170d915c-5741-4e0b-b03f-deaeedae27bd","alreadyRanFor":null,"willRun":true}
[Phase31 UAT] backfill:start {"hasYdoc":true,"hasSupabase":true,"documentId":"97f95b32-77b3-4834-a8fc-68f21543eb16","userId":"170d915c-5741-4e0b-b03f-deaeedae27bd","markCutoverComplete":true}
[CloudSync][hook] cutover-complete hydrate — reading from Y.Doc {"documentId":"97f95b32-77b3-4834-a8fc-68f21543eb16","cutoverTs":"2026-05-11T20:01:34.065+00:00"}
[Phase31 UAT] hydrate:cutover-sealed {"documentId":"97f95b32-77b3-4834-a8fc-68f21543eb16","pdfId":"SE-011 Security Shop Drawing Rev2 - 05.06.25.pdf-26263753","cutoverTs":"2026-05-11T20:01:34.065+00:00","yMapSize":556,"yMapCalloutsSize":3,"materializedTotal":556,"materializedCallouts":3,"materializedDrawnByMe":556,"materializedDrawnByOthers":0,"materializedImported":0,"pages":1,"perPage":{"1":556},"currentStateCount":537,"ydocLooksDegenerate":false}
[Phase31 UAT] hydrate:cutover-sealed:by-type {"documentId":"97f95b32-77b3-4834-a8fc-68f21543eb16","pdfFile":"SE-011 Security Shop Drawing Rev2 - 05.06.25.pdf-26263753","viewerUserId":"170d915c-5741-4e0b-b03f-deaeedae27bd","yMapTotal":556,"yMapCalloutsTotal":3,"yMapByType":{"circle":55,"path":6,"rect":494,"polygon":1},"yMapByAuthor":{"byMe":556,"byOthers":0,"anonymous":0},"yMapByTypeByAuthor":{"circle":{"byMe":55,"byOthers":0,"anonymous":0},"path":{"byMe":6,"byOthers":0,"anonymous":0},"rect":{"byMe":494,"byOthers":0,"anonymous":0},"polygon":{"byMe":1,"byOthers":0,"anonymous":0}},"yMapPerTypePerPage":{"circle":{"unknown":55},"path":{"unknown":6},"rect":{"unknown":494},"polygon":{"unknown":1}},"byPageTotal":556,"byPageByType":{"circle":55,"path":6,"rect":494,"polygon":1},"byPagePerPagePerType":{"1":{"circle":55,"path":6,"rect":494,"polygon":1}}}
[CloudSync][hydrate] loadAllNonHighlightAnnotations start {"documentId":"97f95b32-77b3-4834-a8fc-68f21543eb16"}
[PDFImport] skipped embedded PDF annotation import — cloud/Y.Doc is authoritative {"documentId":"97f95b32-77b3-4834-a8fc-68f21543eb16"}
[PrintPanel] RENDER — panel closed
[DebugBridge +4048.9ms] zoom_start {"scale":0.68,"targetScale":0.9,"source":"zoomChange"}
[Phase31 UAT] backfill:cutover-dedupe-anchor-skip {"documentId":"97f95b32-77b3-4834-a8fc-68f21543eb16","userId":"170d915c-5741-4e0b-b03f-deaeedae27bd","yMapSize":556,"lastGoodSize":558}
[crdtDedupePdfImports] removed 1 duplicate PDF-imported annotations across 5 unique signatures
[CloudSync][hook] dedupe-resync — restoring state {"documentId":"97f95b32-77b3-4834-a8fc-68f21543eb16","removed":1,"resyncCount":555}
[HIGHLIGHT-SYNC][load.legacy][pdf=SE-011 Security Shop Drawing Rev2 - 05.06.25.pdf] {"documentId":"97f95b32-77b3-4834-a8fc-68f21543eb16","totalRows":1576,"fabricCarryingDropped":1235,"keptCount":341,"keptIds":["highlight-1776867816974-fx7v4ppmw","highlight-1776867821835-qquf9z5e8","polygon-1777170644432-5wvs89hb1","highlight-1777061477539-mmy879aei","highlight-1777061482852-6krcz3p7j","callout-l58ra8eqd-moendxzj","highlight-1778529819153-ft6dwm5sk","highlight-1778529770366-t5606bkyy","ink-1777170644432-z0hdzaq5y","square-1777170644432-khupb332c","square-1777170644432-1sj3ae4d7","square-1777170644432-7haxql9sl","square-1777170644432-31ermsbux","square-1777170644432-bvt9h5qva","square-1777170644432-7wfag62vn","square-1777170644432-w6yd283b0","square-1777170644432-vb6lwdwnv","square-1777170644432-s0tcp4grf","square-1777170644432-nowpwivwi","square-1777170644432-9yjmewx9l","square-1777170644432-d96rz5jyo","square-1777170644432-8ivovq4fa","square-1777170644432-mkbufe21u","square-1777170644432-ljbi0ndty","square-1777170644432-sb5bxgn9z","square-1777170644432-i318t9041","square-1777170644432-j5m7voke3","square-1777170644432-dn0xrr8zv","square-1777170644432-z40b9v7l3","square-1777170644432-ty1vlf72p","square-1777170644432-o232p4tx8","square-1777170644432-7cde21112","square-1777170644432-onp93lsek","square-1777170644432-mnfocibcc","square-1777170644432-8doljnzss","square-1777170644432-um7p7zozw","square-1777170644432-knyolydqy","square-1777170644432-fbi9km83d","square-1777170644432-mdlcvebet","square-1777170644432-rms4kazik","square-1777170644432-fqgygzfl1","square-1777170644432-i97czidrb","square-1777170644432-mn7pa1l1l","square-1777170644432-r3icyh6z8","square-1777170644432-3par86kyr","square-1777170644432-qe5cpjtzl","square-1777170644432-esz3ysm2f","square-1777170644432-y4zf59uyo","highlight-1777521733209-y564l9kli","square-1777170644432-cvjqq5gly","highlight-1777521709071-sfq2166a2","highlight-1777521739119-qaeb3gfxl","highlight-1777521697370-ffaje9mqf","square-1777170644432-6s736b9y2","square-1777170644432-y7y14xvmk","square-1777170644432-eijg0n3lk","square-1777170644432-e933y8riz","square-1777170644432-s9fj2804v","square-1777170644432-qa1rsne0t","square-1777170644432-z5xuln1hq","square-1777170644432-fna4ndlwi","square-1777170644432-5cw9n4hai","square-1777170644432-ux2f671j4","square-1777170644432-xdum710ug","square-1777170644432-0soc7uanb","square-1777170644432-nymdwk5dx","square-1777170644432-sje6v34ms","square-1777170644432-pvafybq8c","square-1777170644432-hc24ika26","square-1777170644432-vz1lgt6ct","square-1777170644432-6keqphmo0","square-1777170644432-lmvwmrnz6","square-1777170644432-h8suuaa51","square-1777170644432-h1njjb3vr","square-1777170644432-31mx7swmc","square-1777170644432-q007fyzh1","square-1777170644432-ozyeypoae","square-1777170644432-eb7qe8a2w","square-1777170644432-kveqxg1lq","square-1777170644432-z10bes97y","square-1777170644432-efhhzjsy9","square-1777170644432-kl4uadnp6","square-1777170644432-atct52k6g","square-1777170644432-peg63gm1h","square-1777170644432-x5irblr8i","square-1777170644432-m6ez0dd5u","square-1777170644432-fqg2f5zwf","square-1777170644432-8kvq2szjp","square-1777170644432-mu8ronefe","square-1777170644432-p67692gh5","square-1777170644432-6fnf7fi8o","square-1777170644432-h7xuxr99c","square-1777170644432-3r9bv9zzi","square-1777170644432-vnsk6ucfh","square-1777170644432-xhgaf50mc","square-1777170644432-7lpixocwq","square-1777170644432-fi32e44ai","square-1777170644432-fs678j84g","square-1777170644432-4qeq2x0je","square-1777170644432-u3quepigk","square-1777170644432-yhw1zxqhf","square-1777170644432-2dog5cp8y","square-1777170644432-1h0e9a3zv","square-1777170644432-stoxbabri","square-1777170644432-a1qw2rpjp","square-1777170644432-wkxfpunqz","square-1777170644432-j9l7efrn2","square-1777170644432-erfkuqtyd","square-1777170644432-nlq0n7835","square-1777170644432-ysrn2kmhs","square-1777170644432-0l23k2t72","square-1777170644432-mda35fgil","square-1777170644432-aszfpehvt","square-1777170644432-0zi6ppu8a","squ... [truncated 24 chars]
[AnnotationHydrationGate][survey] supabase highlights complete {"documentId":"97f95b32-77b3-4834-a8fc-68f21543eb16","pdfId":"SE-011 Security Shop Drawing Rev2 - 05.06.25.pdf-26263753","count":341}
[AnnotationHydrationGate][first-page] {"documentId":"97f95b32-77b3-4834-a8fc-68f21543eb16","pdfId":"SE-011 Security Shop Drawing Rev2 - 05.06.25.pdf-26263753","pageNumber":1,"ready":false,"visualCoverActive":true,"normal":{"documentId":"97f95b32-77b3-4834-a8fc-68f21543eb16","pdfId":"SE-011 Security Shop Drawing Rev2 - 05.06.25.pdf-26263753","ready":false,"source":"starting","normalReady":false,"cutoverTs":null,"count":null,"calloutCount":null,"firstPaintGate":true},"survey":{"ready":true,"source":"supabase-highlight","documentId":"97f95b32-77b3-4834-a8fc-68f21543eb16","pdfId":"SE-011 Security Shop Drawing Rev2 - 05.06.25.pdf-26263753","count":341}}
[AnnotationHydrationGate][visual-cover] {"documentId":"97f95b32-77b3-4834-a8fc-68f21543eb16","pdfId":"SE-011 Security Shop Drawing Rev2 - 05.06.25.pdf-26263753","pageNumber":1,"active":true,"reason":"annotation-hydration-gated"}
[SVGAnnotationLayer] setRotInputVisible(false) reason=selectedIds.size !== 1
[DebugBridge +5490.0ms] pdf_loaded {"pageCount":99,"currentPage":1}
[CloudSync][hydrate] loadAllNonHighlightAnnotations ok {"elapsedMs":1711,"totalRowsScanned":1775,"scanned":{"nonHighlight":540,"legacyFabricHighlights":1235},"totalRows":1775,"rowsByType":{"counter":40,"ink":3,"callout":3,"polygon":1,"square":493,"highlight":1235},"pagesWithObjects":26,"calloutCount":3}
[CloudSync][verify] first read summary {"contextLabel":"cutover-source-of-truth","documentId":"97f95b32-77b3-4834-a8fc-68f21543eb16","elapsedMs":1712,"firstFabricPages":26,"firstFabricObjects":539,"firstCallouts":3,"firstEmpty":false,"localFabricCount":556,"localCalloutCount":3,"localHasData":true,"willVerify":false}
[CloudSync][source-of-truth] cutover initial hydrate selected Supabase durable snapshot {"documentId":"97f95b32-77b3-4834-a8fc-68f21543eb16","pdfId":"SE-011 Security Shop Drawing Rev2 - 05.06.25.pdf-26263753","cutoverTs":"2026-05-11T20:01:34.065+00:00","ydocFabricCount":556,"ydocCalloutCount":3,"supabaseFabricCount":539,"supabaseCalloutCount":3,"rule":"Supabase durable snapshot wins initial load; Y.Doc is reshaped for live collaboration"}
[Phase31 UAT] save:fan-out done {"documentId":"97f95b32-77b3-4834-a8fc-68f21543eb16","pdfId":"SE-011 Security Shop Drawing Rev2 - 05.06.25.pdf-26263753","userId":"170d915c-5741-4e0b-b03f-deaeedae27bd","dispatched":539,"detected":539,"skippedHighlightOrCallout":0,"skippedOtherType":0,"rawTypeBreakdown":{"counter":40,"path":3,"pen":1,"polygon":1,"rect":494},"resolvedTypeBreakdown":{"counter":40,"ink":4,"polygon":1,"square":494},"skipReasons":{},"skipSamples":[],"yMapSizeAfter":539}
[CloudSync][hook] callout Y.Doc fan-out done {"documentId":"97f95b32-77b3-4834-a8fc-68f21543eb16","pdfId":"SE-011 Security Shop Drawing Rev2 - 05.06.25.pdf-26263753","userId":"170d915c-5741-4e0b-b03f-deaeedae27bd","upserted":3,"deleted":0,"yMapCalloutsSizeAfter":3}
[AnnotationHydrationGate][normal] {"documentId":"97f95b32-77b3-4834-a8fc-68f21543eb16","pdfId":"SE-011 Security Shop Drawing Rev2 - 05.06.25.pdf-26263753","ready":true,"source":"supabase-durable-snapshot","normalReady":true,"cutoverTs":"2026-05-11T20:01:34.065+00:00","count":539,"calloutCount":3,"firstPaintGate":true}
console.warn @ [CloudSync][hook][state-obs] SHRINK {"prevCount":555,"currentCount":539,"delta":-16,"hydrated":true,"sameRefAsLastByPage":true,"stack":"    at commitHookEffectListMount (http://localhost:5173/node_modules/.vite/deps/chunk-DSUIPI7G.js?v=4844aadd:23793:34) |     at commitPassiveMountOnFiber (http://localhost:5173/node_modules/.vite/deps/chunk-DSUIPI7G.js?v=4844aadd:25034:19) |     at commitPassiveMountEffects_complete (http://localhost:5173/node_modules/.vite/deps/chunk-DSUIPI7G.js?v=4844aadd:25007:17) |     at commitPassiveMountEffects_begin (http://localhost:5173/node_modules/.vite/deps/chunk-DSUIPI7G.js?v=4844aadd:24997:15) |     at commitPassiveMountEffects (http://localhost:5173/node_modules/.vite/deps/chunk-DSUIPI7G.js?v=4844aadd:24987:11) |     at flushPassiveEffectsImpl (http://localhost:5173/node_modules/.vite/deps/chunk-DSUIPI7G.js?v=4844aadd:26368:11)"}
[AnnotationHydrationGate][first-page] {"documentId":"97f95b32-77b3-4834-a8fc-68f21543eb16","pdfId":"SE-011 Security Shop Drawing Rev2 - 05.06.25.pdf-26263753","pageNumber":1,"ready":true,"visualCoverActive":false,"normal":{"documentId":"97f95b32-77b3-4834-a8fc-68f21543eb16","pdfId":"SE-011 Security Shop Drawing Rev2 - 05.06.25.pdf-26263753","ready":true,"source":"supabase-durable-snapshot","normalReady":true,"cutoverTs":"2026-05-11T20:01:34.065+00:00","count":539,"calloutCount":3,"firstPaintGate":true},"survey":{"ready":true,"source":"supabase-highlight","documentId":"97f95b32-77b3-4834-a8fc-68f21543eb16","pdfId":"SE-011 Security Shop Drawing Rev2 - 05.06.25.pdf-26263753","count":341}}
[AnnotationHydrationGate][visual-cover] {"documentId":"97f95b32-77b3-4834-a8fc-68f21543eb16","pdfId":"SE-011 Security Shop Drawing Rev2 - 05.06.25.pdf-26263753","pageNumber":1,"active":false,"reason":"hydration-ready"}
[CloudSync][realtime] subscribing {"documentId":"97f95b32-77b3-4834-a8fc-68f21543eb16","currentUserId":"170d915c-5741-4e0b-b03f-deaeedae27bd","currentSessionId":"0e7150ee-3ff2-4cce-8964-554891ed5838","hasFabricInsert":true,"hasFabricUpdate":true,"hasFabricDelete":true,"hasCalloutInsert":true,"hasCalloutUpdate":true,"hasCalloutDelete":true}
[CloudSync][realtime] subscribe status {"status":"SUBSCRIBED","error":null}
[Phase31 UAT] post-subscribe catch-up skipped — doc is cutover-sealed, Y.Doc + realtime is source of truth {"documentId":"97f95b32-77b3-4834-a8fc-68f21543eb16","pdfId":"SE-011 Security Shop Drawing Rev2 - 05.06.25.pdf-26263753","cutoverTs":"2026-05-11T20:01:34.065+00:00","ydocAuthoritative":true}
[HyperlinkDiag] post-load scan {"hyperlinkCount":0,"samples":[]}
[HyperlinkDiag] page 1 layers {"hyperlinkChildren":0,"layerClasses":["DIV","e-spinner-pane e-spin-hide","e-pv-page-canvas","e-pv-annotation-canvas","DIV","IMG","IMG","IMG","IMG","e-pv-text-layer"]}
[HyperlinkDiag] page 2 layers {"hyperlinkChildren":0,"layerClasses":["DIV","e-spinner-pane e-spin-hide","e-pv-page-canvas","e-pv-annotation-canvas","DIV","IMG","IMG","IMG","IMG","e-pv-text-layer"]}
[HyperlinkDiag] page 3 layers {"hyperlinkChildren":0,"layerClasses":["DIV","e-spinner-pane e-spin-hide","e-pv-page-canvas","e-pv-annotation-canvas","DIV","IMG","e-pv-text-layer","IMG","IMG","IMG"]}
[HyperlinkDiag] page 4 layers {"hyperlinkChildren":0,"layerClasses":["DIV","e-spinner-pane e-spin-show","e-pv-page-canvas","e-pv-annotation-canvas","DIV"]}
[HyperlinkDiag] page 5 layers {"hyperlinkChildren":0,"layerClasses":["DIV","e-spinner-pane e-spin-show","e-pv-page-canvas","e-pv-annotation-canvas","DIV"]}
[HyperlinkDiag] page 6 layers {"hyperlinkChildren":0,"layerClasses":["DIV","e-spinner-pane e-spin-show","e-pv-page-canvas","e-pv-annotation-canvas","DIV"]}
[HyperlinkDiag] page 7 layers {"hyperlinkChildren":0,"layerClasses":["DIV","e-spinner-pane e-spin-show","e-pv-page-canvas","e-pv-annotation-canvas","DIV"]}
[HyperlinkDiag] page 8 layers {"hyperlinkChildren":0,"layerClasses":["DIV","e-spinner-pane e-spin-show","e-pv-page-canvas","e-pv-annotation-canvas","DIV"]}
[HyperlinkDiag] page 9 layers {"hyperlinkChildren":0,"layerClasses":["DIV","e-spinner-pane e-spin-show","e-pv-page-canvas","e-pv-annotation-canvas","DIV"]}
[HyperlinkDiag] page 10 layers {"hyperlinkChildren":0,"layerClasses":["DIV","e-spinner-pane e-spin-show","e-pv-page-canvas","e-pv-annotation-canvas","DIV"]}
[DebugBridge +7147.2ms] zoom_end {"source":"zoomChange_settle"}
[Diag] tool-switch DETECTED → select (scheduling t+1000ms capture)
[PHASE35][marquee.filter][pdf=SE-011 Security Shop Drawing Rev2 - 05.06.25.pdf] {"stage":"filtered","viewerId":"170d915c-5741-4e0b-b03f-deaeedae27bd","documentOwnerId":"170d915c-5741-4e0b-b03f-deaeedae27bd","role":"owner","hitsIn":1,"hitsOut":1,"droppedCount":0,"perAnnotation":[{"index":33,"present":true,"annotationId":null,"authorId":null,"type":"rect","decision":"ALLOW"}],"sameRefReturned":true}
[Diag select] screenshot saved (411 KB) → /Users/isaiahcalvo/Desktop/Survey-BetaSafeS2/TestLogs/testlog-screenshot-select.png
[Diag select] CAPTURED @ t+1001ms — annotations=35 callouts=3 svgWrappers=1 svgVis=[visible] svgElems=31 svgVisElems=31 eraserCanvases=0 svgMarkupBytes=38161
[SVGAnnotationLayer] setRotInputVisible(false) reason=selectedIds.size !== 1
[SVGAnnotationLayer] setRotInputVisible(false) reason=selectedIds.size !== 1
[PreviewDiag] start {"pointerDown":true,"surface":"SVGAnnotationLayer","tool":"select","type":"callout","action":"callout-part","annotationId":"callout-qo2f1f8hs-mom74xkf"}
[PreviewDiag] preview {"id":"gesture-1","frames":1,"pointerDown":true,"surface":"SVGAnnotationLayer","tool":"select","type":"callout","action":"callout-part","annotationId":"callout-qo2f1f8hs-mom74xkf","handleId":null,"partType":"textBox"}
[PreviewDiag] pointer release {"id":"gesture-1","frames":1,"pointerDown":false,"surface":"SVGAnnotationLayer","tool":"select","type":"callout","action":"callout-part","annotationId":"callout-qo2f1f8hs-mom74xkf","handleId":null,"partType":"textBox"}
[PreviewDiag] final commit {"id":"gesture-1","commits":1,"pointerDown":false,"surface":"App.handleUpdateCallout","tool":"select","type":"callout","action":"callout-commit","annotationId":"callout-qo2f1f8hs-mom74xkf","handleId":null,"partType":"textBox","source":"callout:update","calloutId":"callout-qo2f1f8hs-mom74xkf","fieldNames":["textBoxPosition"]}
[UndoDiag] {"seq":2,"order":1,"at":"2026-05-11T20:41:41.464Z","event":"checkpoint_added","actionType":"callout edit","rawActionType":"callouts:update","annotationType":"callout","annotationId":"callout-qo2f1f8hs-mom74xkf","pageNumber":null,"lane":"callout history","receivedStack":"legacyUndoHistory","chosenStack":null,"chosenLane":"callout history","decisionReason":null,"undoDepth":1,"redoDepth":0}
[CloudSync][hook] callout state changed — debounce push scheduled {"count":3,"priorCount":3,"isCalloutWipePush":false,"deferredUntilPointerUp":false,"debounceMs":800}
[CloudSync][hook] callout push debounce elapsed — pushing now
[CloudSync][hook] callout Supabase upsert start {"count":3,"deletedCount":0}
[CloudSync][push] upsertCallouts start {"documentId":"97f95b32-77b3-4834-a8fc-68f21543eb16","userId":"170d915c-5741-4e0b-b03f-deaeedae27bd","count":3}
[SVGAnnotationLayer] setRotInputVisible(false) reason=selectedIds.size !== 1
[CloudSync][push] upsertCallouts ok {"elapsedMs":150,"rowsReturned":3}
[CloudSync][hook] callout Supabase upsert ok {"count":3}
[CloudSync][hook] callout Y.Doc fan-out start after Supabase success {"count":3,"deletedCount":0}
[UndoDiag] {"seq":3,"order":null,"at":"2026-05-11T20:41:42.431Z","event":"yjs_history_added","actionType":"undo","rawActionType":"undo","annotationType":null,"annotationId":null,"pageNumber":1,"lane":"Yjs/CRDT history","receivedStack":"yjsUndoStack","chosenStack":null,"chosenLane":"Yjs/CRDT history","decisionReason":null,"undoDepth":1,"redoDepth":0}
[CloudSync][hook] callout Y.Doc fan-out done {"documentId":"97f95b32-77b3-4834-a8fc-68f21543eb16","pdfId":"SE-011 Security Shop Drawing Rev2 - 05.06.25.pdf-26263753","userId":"170d915c-5741-4e0b-b03f-deaeedae27bd","upserted":3,"deleted":0,"yMapCalloutsSizeAfter":3}
[CloudSync][hook] callout push synced {"count":3}
[PreviewDiag] sync push {"gestureId":"gesture-1","totalAfterRelease":1,"kind":"callout","count":1,"calloutCount":3,"priorCalloutCount":3,"deletedCount":0}
[SVGAnnotationLayer] setRotInputVisible(false) reason=selectedIds.size !== 1
[PreviewDiag] start {"pointerDown":true,"surface":"SVGAnnotationLayer","tool":"select","type":"callout","action":"callout-part","annotationId":"callout-ys5vk1icj-mom758re"}
[PreviewDiag] preview {"id":"gesture-2","frames":1,"pointerDown":true,"surface":"SVGAnnotationLayer","tool":"select","type":"callout","action":"callout-part","annotationId":"callout-ys5vk1icj-mom758re","handleId":null,"partType":"textBox"}
[CloudSync][realtime] echo-filtered UPDATE {"highlightId":"callout-qo2f1f8hs-mom74xkf","annotationType":"callout","lastModifiedBy":"170d915c-5741-4e0b-b03f-deaeedae27bd","rowSessionId":"0e7150ee-3ff2-4cce-8964-554891ed5838","currentSessionId":"0e7150ee-3ff2-4cce-8964-554891ed5838","reason":"same-session"}
[CloudSync][realtime] echo-filtered UPDATE {"highlightId":"callout-y1vltawo3-momawklj","annotationType":"callout","lastModifiedBy":"170d915c-5741-4e0b-b03f-deaeedae27bd","rowSessionId":"0e7150ee-3ff2-4cce-8964-554891ed5838","currentSessionId":"0e7150ee-3ff2-4cce-8964-554891ed5838","reason":"same-session"}
[CloudSync][realtime] echo-filtered UPDATE {"highlightId":"callout-ys5vk1icj-mom758re","annotationType":"callout","lastModifiedBy":"170d915c-5741-4e0b-b03f-deaeedae27bd","rowSessionId":"0e7150ee-3ff2-4cce-8964-554891ed5838","currentSessionId":"0e7150ee-3ff2-4cce-8964-554891ed5838","reason":"same-session"}
[PreviewDiag] pointer release {"id":"gesture-2","frames":1,"pointerDown":false,"surface":"SVGAnnotationLayer","tool":"select","type":"callout","action":"callout-part","annotationId":"callout-ys5vk1icj-mom758re","handleId":null,"partType":"textBox"}
[PreviewDiag] final commit {"id":"gesture-2","commits":1,"pointerDown":false,"surface":"App.handleUpdateCallout","tool":"select","type":"callout","action":"callout-commit","annotationId":"callout-ys5vk1icj-mom758re","handleId":null,"partType":"textBox","source":"callout:update","calloutId":"callout-ys5vk1icj-mom758re","fieldNames":["textBoxPosition"]}
[UndoDiag] {"seq":4,"order":2,"at":"2026-05-11T20:41:42.906Z","event":"checkpoint_added","actionType":"callout edit","rawActionType":"callouts:update","annotationType":"callout","annotationId":"callout-ys5vk1icj-mom758re","pageNumber":null,"lane":"callout history","receivedStack":"legacyUndoHistory","chosenStack":null,"chosenLane":"callout history","decisionReason":null,"undoDepth":2,"redoDepth":0}
[CloudSync][hook] callout state changed — debounce push scheduled {"count":3,"priorCount":3,"isCalloutWipePush":false,"deferredUntilPointerUp":false,"debounceMs":800}
[SVGAnnotationLayer] setRotInputVisible(false) reason=selectedIds.size !== 1
[CloudSync][hook] callout push debounce elapsed — pushing now
[CloudSync][hook] callout Supabase upsert start {"count":3,"deletedCount":0}
[CloudSync][push] upsertCallouts start {"documentId":"97f95b32-77b3-4834-a8fc-68f21543eb16","userId":"170d915c-5741-4e0b-b03f-deaeedae27bd","count":3}
[PreviewDiag] summary callout-commit started, 1 preview frames, 0 sync writes during drag, 0 sync deferrals during drag, 0 backup writes during drag, 1 commit on release, 1 sync push after release, 0 backup writes after release {"id":"gesture-1","durationMs":2495.8,"pointerDown":false,"surface":"App.handleUpdateCallout","tool":"select","type":"callout","action":"callout-commit","annotationId":"callout-qo2f1f8hs-mom74xkf","handleId":null,"partType":"textBox","source":"callout:update","calloutId":"callout-qo2f1f8hs-mom74xkf","fieldNames":["textBoxPosition"],"reason":"settled"}
[CloudSync][push] upsertCallouts ok {"elapsedMs":157,"rowsReturned":3}
[CloudSync][hook] callout Supabase upsert ok {"count":3}
[CloudSync][hook] callout Y.Doc fan-out start after Supabase success {"count":3,"deletedCount":0}
[UndoDiag] {"seq":5,"order":null,"at":"2026-05-11T20:41:43.872Z","event":"yjs_history_added","actionType":"undo","rawActionType":"undo","annotationType":null,"annotationId":null,"pageNumber":1,"lane":"Yjs/CRDT history","receivedStack":"yjsUndoStack","chosenStack":null,"chosenLane":"Yjs/CRDT history","decisionReason":null,"undoDepth":2,"redoDepth":0}
[CloudSync][hook] callout Y.Doc fan-out done {"documentId":"97f95b32-77b3-4834-a8fc-68f21543eb16","pdfId":"SE-011 Security Shop Drawing Rev2 - 05.06.25.pdf-26263753","userId":"170d915c-5741-4e0b-b03f-deaeedae27bd","upserted":3,"deleted":0,"yMapCalloutsSizeAfter":3}
[CloudSync][hook] callout push synced {"count":3}
[PreviewDiag] sync push {"gestureId":"gesture-2","totalAfterRelease":1,"kind":"callout","count":1,"calloutCount":3,"priorCalloutCount":3,"deletedCount":0}
[CloudSync][realtime] echo-filtered UPDATE {"highlightId":"callout-qo2f1f8hs-mom74xkf","annotationType":"callout","lastModifiedBy":"170d915c-5741-4e0b-b03f-deaeedae27bd","rowSessionId":"0e7150ee-3ff2-4cce-8964-554891ed5838","currentSessionId":"0e7150ee-3ff2-4cce-8964-554891ed5838","reason":"same-session"}
[CloudSync][realtime] echo-filtered UPDATE {"highlightId":"callout-y1vltawo3-momawklj","annotationType":"callout","lastModifiedBy":"170d915c-5741-4e0b-b03f-deaeedae27bd","rowSessionId":"0e7150ee-3ff2-4cce-8964-554891ed5838","currentSessionId":"0e7150ee-3ff2-4cce-8964-554891ed5838","reason":"same-session"}
[CloudSync][realtime] echo-filtered UPDATE {"highlightId":"callout-ys5vk1icj-mom758re","annotationType":"callout","lastModifiedBy":"170d915c-5741-4e0b-b03f-deaeedae27bd","rowSessionId":"0e7150ee-3ff2-4cce-8964-554891ed5838","currentSessionId":"0e7150ee-3ff2-4cce-8964-554891ed5838","reason":"same-session"}
[SVGAnnotationLayer] setRotInputVisible(false) reason=selectedIds.size !== 1
[SVGAnnotationLayer] setRotInputVisible(false) reason=selectedIds.size !== 1
[PreviewDiag] summary callout-commit started, 1 preview frames, 0 sync writes during drag, 0 sync deferrals during drag, 0 backup writes during drag, 1 commit on release, 1 sync push after release, 0 backup writes after release {"id":"gesture-2","durationMs":2470.4,"pointerDown":false,"surface":"App.handleUpdateCallout","tool":"select","type":"callout","action":"callout-commit","annotationId":"callout-ys5vk1icj-mom758re","handleId":null,"partType":"textBox","source":"callout:update","calloutId":"callout-ys5vk1icj-mom758re","fieldNames":["textBoxPosition"],"reason":"settled"}
[SVGAnnotationLayer] setRotInputVisible(false) reason=selectedIds.size !== 1
[SVGAnnotationLayer] setRotInputVisible(false) reason=selectedIds.size !== 1
[CalloutEditCanvasDiag] {"effectiveScale":0.8929738562091504,"effectiveScaleY":0.8939393939393939,"useNonUniform":true,"canvasWidth":164,"canvasHeight":85,"parentOffset":{"w":1093,"h":708},"pageSize":{"w":1224,"h":792},"vpt":[0.8929738562091504,0,0,0.8939393939393939,0,0],"zoom":0.8929738562091504}
[EditCanvas] COMMIT pre-convert — text="" fontSize=14 width=108 height=15.82 scaleX=1 scaleY=1 left=38 top=42.54 isNewText=false
[EditCanvas] COMMIT post-convert — text="" fontSize=14 width=120 height=31.999968000000003 scaleX=1 scaleY=1 left=713.5859699022577 top=278.9167287434465
[UndoDiag] {"seq":6,"order":3,"at":"2026-05-11T20:41:46.604Z","event":"checkpoint_added","actionType":"delete","rawActionType":"callouts:delete-blank","annotationType":"callout","annotationId":"callout-ys5vk1icj-mom758re","pageNumber":null,"lane":"callout history","receivedStack":"legacyUndoHistory","chosenStack":null,"chosenLane":"callout history","decisionReason":null,"undoDepth":3,"redoDepth":0}
[CloudSync][hook][state-obs] callout shrink explained {"prevCount":3,"currentCount":2,"delta":-1,"hydrated":true,"sameRefAsLastCallouts":false,"deletedCalloutIds":["callout-ys5vk1icj-mom758re"],"intent":{"source":"delete-blank","reason":"callouts:delete-blank","calloutIds":["callout-ys5vk1icj-mom758re"],"count":1,"atMs":1778532106605},"classification":{"level":"normal","expected":true,"reason":"explained-by-delete-blank"},"stack":"    at commitHookEffectListMount (http://localhost:5173/node_modules/.vite/deps/chunk-DSUIPI7G.js?v=4844aadd:23793:34) |     at commitPassiveMountOnFiber (http://localhost:5173/node_modules/.vite/deps/chunk-DSUIPI7G.js?v=4844aadd:25034:19) |     at commitPassiveMountEffects_complete (http://localhost:5173/node_modules/.vite/deps/chunk-DSUIPI7G.js?v=4844aadd:25007:17) |     at commitPassiveMountEffects_begin (http://localhost:5173/node_modules/.vite/deps/chunk-DSUIPI7G.js?v=4844aadd:24997:15) |     at commitPassiveMountEffects (http://localhost:5173/node_modules/.vite/deps/chunk-DSUIPI7G.js?v=4844aadd:24987:11) |     at flushPassiveEffectsImpl (http://localhost:5173/node_modules/.vite/deps/chunk-DSUIPI7G.js?v=4844aadd:26368:11)"}
[CloudSync][hook] callout state changed — debounce push scheduled {"count":2,"priorCount":3,"isCalloutWipePush":false,"deferredUntilPointerUp":true,"debounceMs":800}
[PreviewDiag] sync attempted while pointer down {"gestureId":null,"deferred":true,"kind":"callout","pointerDown":true,"count":1,"calloutCount":2,"priorCalloutCount":3}
[CloudSync][hook] callout push deferred — pointer is down {"count":2,"priorCount":3}
[CloudSync][hook] callout state changed — debounce push scheduled {"count":2,"priorCount":3,"isCalloutWipePush":false,"deferredUntilPointerUp":false,"debounceMs":800}
[CloudSync][hook] callout push debounce elapsed — pushing now
[CloudSync][hook] callout Supabase delete start {"count":1,"firstFew":["callout-ys5vk1icj-mom758re"]}
[CloudSync][hook] callout Supabase delete ok {"count":1,"firstFew":["callout-ys5vk1icj-mom758re"]}
[CloudSync][hook] callout Supabase upsert start {"count":2,"deletedCount":1}
[CloudSync][push] upsertCallouts start {"documentId":"97f95b32-77b3-4834-a8fc-68f21543eb16","userId":"170d915c-5741-4e0b-b03f-deaeedae27bd","count":2}
[CloudSync][push] upsertCallouts ok {"elapsedMs":128,"rowsReturned":2}
[CloudSync][hook] callout Supabase upsert ok {"count":2}
[CloudSync][hook] callout Y.Doc fan-out start after Supabase success {"count":2,"deletedCount":1}
[UndoDiag] {"seq":7,"order":null,"at":"2026-05-11T20:41:47.682Z","event":"yjs_history_added","actionType":"undo","rawActionType":"undo","annotationType":"callout","annotationId":"callout-ys5vk1icj-mom758re","pageNumber":null,"lane":"Yjs/CRDT history","receivedStack":"yjsUndoStack","chosenStack":null,"chosenLane":"Yjs/CRDT history","decisionReason":null,"undoDepth":3,"redoDepth":0}
[CloudSync][hook] callout Y.Doc fan-out done {"documentId":"97f95b32-77b3-4834-a8fc-68f21543eb16","pdfId":"SE-011 Security Shop Drawing Rev2 - 05.06.25.pdf-26263753","userId":"170d915c-5741-4e0b-b03f-deaeedae27bd","upserted":2,"deleted":1,"yMapCalloutsSizeAfter":2}
[CloudSync][hook] callout push synced {"count":2}
[PreviewDiag] sync push {"kind":"callout","count":1,"calloutCount":2,"priorCalloutCount":3,"deletedCount":1}
[SVGAnnotationLayer] setRotInputVisible(false) reason=selectedIds.size !== 1
[CloudSync][realtime] applying DELETE {"payloadKeys":["id"]}
[Phase31 UAT] delete-fallback refetch skipped — doc is cutover-sealed, Y.Doc + realtime is source of truth {"documentId":"97f95b32-77b3-4834-a8fc-68f21543eb16","pdfId":"SE-011 Security Shop Drawing Rev2 - 05.06.25.pdf-26263753","cutoverTs":"2026-05-11T20:01:34.065+00:00","ydocAuthoritative":true}
[CloudSync][realtime] echo-filtered UPDATE {"highlightId":"callout-qo2f1f8hs-mom74xkf","annotationType":"callout","lastModifiedBy":"170d915c-5741-4e0b-b03f-deaeedae27bd","rowSessionId":"0e7150ee-3ff2-4cce-8964-554891ed5838","currentSessionId":"0e7150ee-3ff2-4cce-8964-554891ed5838","reason":"same-session"}
[CloudSync][realtime] echo-filtered UPDATE {"highlightId":"callout-y1vltawo3-momawklj","annotationType":"callout","lastModifiedBy":"170d915c-5741-4e0b-b03f-deaeedae27bd","rowSessionId":"0e7150ee-3ff2-4cce-8964-554891ed5838","currentSessionId":"0e7150ee-3ff2-4cce-8964-554891ed5838","reason":"same-session"}
[SVGAnnotationLayer] setRotInputVisible(false) reason=selectedIds.size !== 1
[SVGAnnotationLayer] setRotInputVisible(false) reason=selectedIds.size !== 1
[CalloutEditCanvasDiag] {"effectiveScale":0.8929738562091504,"effectiveScaleY":0.8939393939393939,"useNonUniform":true,"canvasWidth":164,"canvasHeight":85,"parentOffset":{"w":1093,"h":708},"pageSize":{"w":1224,"h":792},"vpt":[0.8929738562091504,0,0,0.8939393939393939,0,0],"zoom":0.8929738562091504}
[EditCanvas] COMMIT pre-convert — text="" fontSize=14 width=108 height=15.82 scaleX=1 scaleY=1 left=38 top=42.54 isNewText=false
[EditCanvas] COMMIT post-convert — text="" fontSize=14 width=120 height=31.999968000000003 scaleX=1 scaleY=1 left=1007.1217543709633 top=337.6696647434465
[UndoDiag] {"seq":8,"order":4,"at":"2026-05-11T20:41:49.492Z","event":"checkpoint_added","actionType":"delete","rawActionType":"callouts:delete-blank","annotationType":"callout","annotationId":"callout-qo2f1f8hs-mom74xkf","pageNumber":null,"lane":"callout history","receivedStack":"legacyUndoHistory","chosenStack":null,"chosenLane":"callout history","decisionReason":null,"undoDepth":4,"redoDepth":0}
[CloudSync][hook][state-obs] callout shrink explained {"prevCount":2,"currentCount":1,"delta":-1,"hydrated":true,"sameRefAsLastCallouts":false,"deletedCalloutIds":["callout-qo2f1f8hs-mom74xkf"],"intent":{"source":"delete-blank","reason":"callouts:delete-blank","calloutIds":["callout-qo2f1f8hs-mom74xkf"],"count":1,"atMs":1778532109492},"classification":{"level":"normal","expected":true,"reason":"explained-by-delete-blank"},"stack":"    at commitHookEffectListMount (http://localhost:5173/node_modules/.vite/deps/chunk-DSUIPI7G.js?v=4844aadd:23793:34) |     at commitPassiveMountOnFiber (http://localhost:5173/node_modules/.vite/deps/chunk-DSUIPI7G.js?v=4844aadd:25034:19) |     at commitPassiveMountEffects_complete (http://localhost:5173/node_modules/.vite/deps/chunk-DSUIPI7G.js?v=4844aadd:25007:17) |     at commitPassiveMountEffects_begin (http://localhost:5173/node_modules/.vite/deps/chunk-DSUIPI7G.js?v=4844aadd:24997:15) |     at commitPassiveMountEffects (http://localhost:5173/node_modules/.vite/deps/chunk-DSUIPI7G.js?v=4844aadd:24987:11) |     at flushPassiveEffectsImpl (http://localhost:5173/node_modules/.vite/deps/chunk-DSUIPI7G.js?v=4844aadd:26368:11)"}
[CloudSync][hook] callout state changed — debounce push scheduled {"count":1,"priorCount":2,"isCalloutWipePush":false,"deferredUntilPointerUp":true,"debounceMs":800}
[PreviewDiag] sync attempted while pointer down {"gestureId":null,"deferred":true,"kind":"callout","pointerDown":true,"count":1,"calloutCount":1,"priorCalloutCount":2}
[CloudSync][hook] callout push deferred — pointer is down {"count":1,"priorCount":2}
[CloudSync][hook] callout state changed — debounce push scheduled {"count":1,"priorCount":2,"isCalloutWipePush":false,"deferredUntilPointerUp":false,"debounceMs":800}
[CloudSync][hook] callout push debounce elapsed — pushing now
[CloudSync][hook] callout Supabase delete start {"count":1,"firstFew":["callout-qo2f1f8hs-mom74xkf"]}
[CloudSync][realtime] applying DELETE {"payloadKeys":["id"]}
[Phase31 UAT] delete-fallback refetch skipped — doc is cutover-sealed, Y.Doc + realtime is source of truth {"documentId":"97f95b32-77b3-4834-a8fc-68f21543eb16","pdfId":"SE-011 Security Shop Drawing Rev2 - 05.06.25.pdf-26263753","cutoverTs":"2026-05-11T20:01:34.065+00:00","ydocAuthoritative":true}
[CloudSync][hook] callout Supabase delete ok {"count":1,"firstFew":["callout-qo2f1f8hs-mom74xkf"]}
[CloudSync][hook] callout Supabase upsert start {"count":1,"deletedCount":1}
[CloudSync][push] upsertCallouts start {"documentId":"97f95b32-77b3-4834-a8fc-68f21543eb16","userId":"170d915c-5741-4e0b-b03f-deaeedae27bd","count":1}
[CloudSync][push] upsertCallouts ok {"elapsedMs":138,"rowsReturned":1}
[CloudSync][hook] callout Supabase upsert ok {"count":1}
[CloudSync][hook] callout Y.Doc fan-out start after Supabase success {"count":1,"deletedCount":1}
[UndoDiag] {"seq":9,"order":null,"at":"2026-05-11T20:41:50.733Z","event":"yjs_history_added","actionType":"undo","rawActionType":"undo","annotationType":"callout","annotationId":"callout-qo2f1f8hs-mom74xkf","pageNumber":null,"lane":"Yjs/CRDT history","receivedStack":"yjsUndoStack","chosenStack":null,"chosenLane":"Yjs/CRDT history","decisionReason":null,"undoDepth":4,"redoDepth":0}
[CloudSync][hook] callout Y.Doc fan-out done {"documentId":"97f95b32-77b3-4834-a8fc-68f21543eb16","pdfId":"SE-011 Security Shop Drawing Rev2 - 05.06.25.pdf-26263753","userId":"170d915c-5741-4e0b-b03f-deaeedae27bd","upserted":1,"deleted":1,"yMapCalloutsSizeAfter":1}
[CloudSync][hook] callout push synced {"count":1}
[PreviewDiag] sync push {"kind":"callout","count":1,"calloutCount":1,"priorCalloutCount":2,"deletedCount":1}
[CloudSync][realtime] echo-filtered UPDATE {"highlightId":"callout-y1vltawo3-momawklj","annotationType":"callout","lastModifiedBy":"170d915c-5741-4e0b-b03f-deaeedae27bd","rowSessionId":"0e7150ee-3ff2-4cce-8964-554891ed5838","currentSessionId":"0e7150ee-3ff2-4cce-8964-554891ed5838","reason":"same-session"}
[PHASE35][marquee.filter][pdf=SE-011 Security Shop Drawing Rev2 - 05.06.25.pdf] {"stage":"filtered","viewerId":"170d915c-5741-4e0b-b03f-deaeedae27bd","documentOwnerId":"170d915c-5741-4e0b-b03f-deaeedae27bd","role":"owner","hitsIn":2,"hitsOut":2,"droppedCount":0,"perAnnotation":[{"index":1,"present":true,"annotationId":null,"authorId":"170d915c-5741-4e0b-b03f-deaeedae27bd","type":"path","decision":"ALLOW"},{"index":33,"present":true,"annotationId":null,"authorId":null,"type":"rect","decision":"ALLOW"}],"sameRefReturned":true}
[SVGAnnotationLayer] setRotInputVisible(false) reason=selectedIds.size !== 1
[SVGAnnotationLayer] setRotInputVisible(false) reason=selectedIds.size !== 1
[PHASE35][marquee.filter][pdf=SE-011 Security Shop Drawing Rev2 - 05.06.25.pdf] {"stage":"filtered","viewerId":"170d915c-5741-4e0b-b03f-deaeedae27bd","documentOwnerId":"170d915c-5741-4e0b-b03f-deaeedae27bd","role":"owner","hitsIn":1,"hitsOut":1,"droppedCount":0,"perAnnotation":[{"index":33,"present":true,"annotationId":null,"authorId":null,"type":"rect","decision":"ALLOW"}],"sameRefReturned":true}
[SVGAnnotationLayer] setRotInputVisible(false) reason=selectedIds.size !== 1
[App p1] edit SKIPPED — stroke type=path, idx=1
[SVGAnnotationLayer] setRotInputVisible(false) reason=selectedIds.size !== 1
[SVGAnnotationLayer] setRotInputVisible(false) reason=selectedIds.size !== 1
[App p1] edit SKIPPED — stroke type=path, idx=1
[SVGAnnotationLayer] setRotInputVisible(false) reason=selectedIds.size !== 1
[SVGAnnotationLayer] setRotInputVisible(false) reason=selectedIds.size !== 1
[SVGAnnotationLayer] setRotInputVisible(false) reason=selectedIds.size !== 1
[CalloutEditCanvasDiag] {"effectiveScale":0.8929738562091504,"effectiveScaleY":0.8939393939393939,"useNonUniform":true,"canvasWidth":164,"canvasHeight":85,"parentOffset":{"w":1093,"h":708},"pageSize":{"w":1224,"h":792},"vpt":[0.8929738562091504,0,0,0.8939393939393939,0,0],"zoom":0.8929738562091504}
[EditCanvas] COMMIT pre-convert — text="jhvj" fontSize=14 width=108 height=15.82 scaleX=1 scaleY=1 left=38 top=42.54 isNewText=false
[EditCanvas] COMMIT post-convert — text="jhvj" fontSize=14 width=120 height=31.999968000000003 scaleX=1 scaleY=1 left=94.90039200000001 top=511.358776
[UndoDiag] {"seq":10,"order":5,"at":"2026-05-11T20:42:05.007Z","event":"checkpoint_added","actionType":"callout edit","rawActionType":"callouts:edit-commit","annotationType":"callout","annotationId":"callout-y1vltawo3-momawklj","pageNumber":null,"lane":"callout history","receivedStack":"legacyUndoHistory","chosenStack":null,"chosenLane":"callout history","decisionReason":null,"undoDepth":5,"redoDepth":0}
[SVGAnnotationLayer] setRotInputVisible(false) reason=selectedIds.size !== 1
[SVGAnnotationLayer] setRotInputVisible(false) reason=selectedIds.size !== 1
[PreviewDiag] start {"pointerDown":true,"surface":"SVGAnnotationLayer","tool":"select","type":"callout","action":"callout-part","annotationId":"callout-y1vltawo3-momawklj"}
[PreviewDiag] preview {"id":"gesture-3","frames":1,"pointerDown":true,"surface":"SVGAnnotationLayer","tool":"select","type":"callout","action":"callout-part","annotationId":"callout-y1vltawo3-momawklj","handleId":null,"partType":"textBox"}
[PreviewDiag] pointer release {"id":"gesture-3","frames":1,"pointerDown":false,"surface":"SVGAnnotationLayer","tool":"select","type":"callout","action":"callout-part","annotationId":"callout-y1vltawo3-momawklj","handleId":null,"partType":"textBox"}
[PreviewDiag] final commit {"id":"gesture-3","commits":1,"pointerDown":false,"surface":"App.handleUpdateCallout","tool":"select","type":"callout","action":"callout-commit","annotationId":"callout-y1vltawo3-momawklj","handleId":null,"partType":"textBox","source":"callout:update","calloutId":"callout-y1vltawo3-momawklj","fieldNames":["textBoxPosition"]}
[CloudSync][hook] callout state changed — debounce push scheduled {"count":1,"priorCount":1,"isCalloutWipePush":false,"deferredUntilPointerUp":false,"debounceMs":800}
[SVGAnnotationLayer] setRotInputVisible(false) reason=selectedIds.size !== 1
[CalloutEditCanvasDiag] {"effectiveScale":0.8929738562091504,"effectiveScaleY":0.8939393939393939,"useNonUniform":true,"canvasWidth":164,"canvasHeight":85,"parentOffset":{"w":1093,"h":708},"pageSize":{"w":1224,"h":792},"vpt":[0.8929738562091504,0,0,0.8939393939393939,0,0],"zoom":0.8929738562091504}
[EditCanvas] COMMIT pre-convert — text="jhvj" fontSize=14 width=108 height=15.82 scaleX=1 scaleY=1 left=38 top=42.54 isNewText=false
[EditCanvas] COMMIT post-convert — text="jhvj" fontSize=14 width=120 height=31.999968000000003 scaleX=1 scaleY=1 left=94.76046630694486 top=511.21884976162187
[UndoDiag] {"seq":12,"order":6,"at":"2026-05-11T20:42:07.009Z","event":"checkpoint_added","actionType":"callout edit","rawActionType":"callouts:edit-commit","annotationType":"callout","annotationId":"callout-y1vltawo3-momawklj","pageNumber":null,"lane":"callout history","receivedStack":"legacyUndoHistory","chosenStack":null,"chosenLane":"callout history","decisionReason":null,"undoDepth":6,"redoDepth":0}
[CloudSync][hook] callout push debounce elapsed — pushing now
[CloudSync][hook] callout Supabase upsert start {"count":1,"deletedCount":0}
[CloudSync][push] upsertCallouts start {"documentId":"97f95b32-77b3-4834-a8fc-68f21543eb16","userId":"170d915c-5741-4e0b-b03f-deaeedae27bd","count":1}
[PreviewDiag] summary callout-commit started, 1 preview frames, 0 sync writes during drag, 0 sync deferrals during drag, 0 backup writes during drag, 1 commit on release, 0 sync pushes after release, 0 backup writes after release {"id":"gesture-3","durationMs":1404.6,"pointerDown":false,"surface":"App.handleUpdateCallout","tool":"select","type":"callout","action":"callout-commit","annotationId":"callout-y1vltawo3-momawklj","handleId":null,"partType":"textBox","source":"callout:update","calloutId":"callout-y1vltawo3-momawklj","fieldNames":["textBoxPosition"],"reason":"settled"}
[CloudSync][push] upsertCallouts ok {"elapsedMs":329,"rowsReturned":1}
[CloudSync][hook] callout Supabase upsert ok {"count":1}
[CloudSync][hook] callout Y.Doc fan-out start after Supabase success {"count":1,"deletedCount":0}
[UndoDiag] {"seq":13,"order":null,"at":"2026-05-11T20:42:07.898Z","event":"yjs_history_added","actionType":"undo","rawActionType":"undo","annotationType":null,"annotationId":null,"pageNumber":1,"lane":"Yjs/CRDT history","receivedStack":"yjsUndoStack","chosenStack":null,"chosenLane":"Yjs/CRDT history","decisionReason":null,"undoDepth":5,"redoDepth":0}
[CloudSync][hook] callout Y.Doc fan-out done {"documentId":"97f95b32-77b3-4834-a8fc-68f21543eb16","pdfId":"SE-011 Security Shop Drawing Rev2 - 05.06.25.pdf-26263753","userId":"170d915c-5741-4e0b-b03f-deaeedae27bd","upserted":1,"deleted":0,"yMapCalloutsSizeAfter":1}
[CloudSync][hook] callout push synced {"count":1}
[PreviewDiag] sync push {"gestureId":"gesture-3","totalAfterRelease":1,"kind":"callout","count":1,"calloutCount":1,"priorCalloutCount":1,"deletedCount":0}
[CloudSync][realtime] echo-filtered UPDATE {"highlightId":"callout-y1vltawo3-momawklj","annotationType":"callout","lastModifiedBy":"170d915c-5741-4e0b-b03f-deaeedae27bd","rowSessionId":"0e7150ee-3ff2-4cce-8964-554891ed5838","currentSessionId":"0e7150ee-3ff2-4cce-8964-554891ed5838","reason":"same-session"}
[App p1] edit START — type=circle, editType=bbox, idx=22, fill=#ef4444, stroke=#ffffff
[SVGAnnotationLayer] setRotInputVisible(false) reason=selectedIds.size !== 1
[SVGAnnotationLayer] setRotInputVisible(false) reason=selectedIds.size !== 1
[SVGAnnotationLayer] setRotInputVisible(false) reason=selectedIds.size !== 1
[PHASE35][marquee.filter][pdf=SE-011 Security Shop Drawing Rev2 - 05.06.25.pdf] {"stage":"filtered","viewerId":"170d915c-5741-4e0b-b03f-deaeedae27bd","documentOwnerId":"170d915c-5741-4e0b-b03f-deaeedae27bd","role":"owner","hitsIn":1,"hitsOut":1,"droppedCount":0,"perAnnotation":[{"index":22,"present":true,"annotationId":null,"authorId":"170d915c-5741-4e0b-b03f-deaeedae27bd","type":"circle","decision":"ALLOW"}],"sameRefReturned":true}
[PHASE35][marquee.filter][pdf=SE-011 Security Shop Drawing Rev2 - 05.06.25.pdf] {"stage":"filtered","viewerId":"170d915c-5741-4e0b-b03f-deaeedae27bd","documentOwnerId":"170d915c-5741-4e0b-b03f-deaeedae27bd","role":"owner","hitsIn":26,"hitsOut":26,"droppedCount":0,"perAnnotation":[{"index":0,"present":true,"annotationId":null,"authorId":"170d915c-5741-4e0b-b03f-deaeedae27bd","type":"circle","decision":"ALLOW"},{"index":2,"present":true,"annotationId":null,"authorId":"170d915c-5741-4e0b-b03f-deaeedae27bd","type":"circle","decision":"ALLOW"},{"index":3,"present":true,"annotationId":null,"authorId":"170d915c-5741-4e0b-b03f-deaeedae27bd","type":"circle","decision":"ALLOW"},{"index":4,"present":true,"annotationId":null,"authorId":"170d915c-5741-4e0b-b03f-deaeedae27bd","type":"circle","decision":"ALLOW"},{"index":5,"present":true,"annotationId":null,"authorId":"170d915c-5741-4e0b-b03f-deaeedae27bd","type":"circle","decision":"ALLOW"},{"index":6,"present":true,"annotationId":null,"authorId":"170d915c-5741-4e0b-b03f-deaeedae27bd","type":"circle","decision":"ALLOW"},{"index":7,"present":true,"annotationId":null,"authorId":"170d915c-5741-4e0b-b03f-deaeedae27bd","type":"circle","decision":"ALLOW"},{"index":10,"present":true,"annotationId":null,"authorId":"170d915c-5741-4e0b-b03f-deaeedae27bd","type":"circle","decision":"ALLOW"},{"index":11,"present":true,"annotationId":null,"authorId":"170d915c-5741-4e0b-b03f-deaeedae27bd","type":"circle","decision":"ALLOW"},{"index":12,"present":true,"annotationId":null,"authorId":"170d915c-5741-4e0b-b03f-deaeedae27bd","type":"circle","decision":"ALLOW"},{"index":13,"present":true,"annotationId":null,"authorId":"170d915c-5741-4e0b-b03f-deaeedae27bd","type":"circle","decision":"ALLOW"},{"index":15,"present":true,"annotationId":null,"authorId":"170d915c-5741-4e0b-b03f-deaeedae27bd","type":"circle","decision":"ALLOW"},{"index":16,"present":true,"annotationId":null,"authorId":"170d915c-5741-4e0b-b03f-deaeedae27bd","type":"circle","decision":"ALLOW"},{"index":17,"present":true,"annotationId":null,"authorId":"170d915c-5741-4e0b-b03f-deaeedae27bd","type":"circle","decision":"ALLOW"},{"index":19,"present":true,"annotationId":null,"authorId":"170d915c-5741-4e0b-b03f-deaeedae27bd","type":"circle","decision":"ALLOW"},{"index":20,"present":true,"annotationId":null,"authorId":"170d915c-5741-4e0b-b03f-deaeedae27bd","type":"circle","decision":"ALLOW"},{"index":21,"present":true,"annotationId":null,"authorId":"170d915c-5741-4e0b-b03f-deaeedae27bd","type":"circle","decision":"ALLOW"},{"index":23,"present":true,"annotationId":null,"authorId":"170d915c-5741-4e0b-b03f-deaeedae27bd","type":"circle","decision":"ALLOW"},{"index":24,"present":true,"annotationId":null,"authorId":"170d915c-5741-4e0b-b03f-deaeedae27bd","type":"circle","decision":"ALLOW"},{"index":25,"present":true,"annotationId":null,"authorId":"170d915c-5741-4e0b-b03f-deaeedae27bd","type":"circle","decision":"ALLOW"},{"index":26,"present":true,"annotationId":null,"authorId":"170d915c-5741-4e0b-b03f-deaeedae27bd","type":"circle","decision":"ALLOW"},{"index":27,"present":true,"annotationId":null,"authorId":"170d915c-5741-4e0b-b03f-deaeedae27bd","type":"circle","decision":"ALLOW"},{"index":28,"present":true,"annotationId":null,"authorId":"170d915c-5741-4e0b-b03f-deaeedae27bd","type":"circle","decision":"ALLOW"},{"index":30,"present":true,"annotationId":null,"authorId":"170d915c-5741-4e0b-b03f-deaeedae27bd","type":"circle","decision":"ALLOW"},{"index":31,"present":true,"annotationId":null,"authorId":"170d915c-5741-4e0b-b03f-deaeedae27bd","type":"circle","decision":"ALLOW"},{"index":34,"present":true,"annotationId":null,"authorId":null,"type":"path","decision":"ALLOW"}],"sameRefReturned":true}
[SVGAnnotationLayer] setRotInputVisible(false) reason=selectedIds.size !== 1
[SVGAnnotationLayer] setRotInputVisible(false) reason=selectedIds.size !== 1

===== Undo/Redo Chronology =====
events=13
lanes=local annotation history | callout history | legacy history | Yjs/CRDT history
{"seq":1,"order":null,"at":"2026-05-11T20:41:33.521Z","event":"history_reset_for_pdf_change","actionType":"pdf:change","rawActionType":"pdf:change","annotationType":null,"annotationId":null,"pageNumber":null,"lane":null,"receivedStack":null,"chosenStack":null,"chosenLane":null,"decisionReason":null,"undoDepth":0,"redoDepth":0}
{"seq":2,"order":1,"at":"2026-05-11T20:41:41.464Z","event":"checkpoint_added","actionType":"callout edit","rawActionType":"callouts:update","annotationType":"callout","annotationId":"callout-qo2f1f8hs-mom74xkf","pageNumber":null,"lane":"callout history","receivedStack":"legacyUndoHistory","chosenStack":null,"chosenLane":"callout history","decisionReason":null,"undoDepth":1,"redoDepth":0}
{"seq":3,"order":null,"at":"2026-05-11T20:41:42.431Z","event":"yjs_history_added","actionType":"undo","rawActionType":"undo","annotationType":null,"annotationId":null,"pageNumber":1,"lane":"Yjs/CRDT history","receivedStack":"yjsUndoStack","chosenStack":null,"chosenLane":"Yjs/CRDT history","decisionReason":null,"undoDepth":1,"redoDepth":0}
{"seq":4,"order":2,"at":"2026-05-11T20:41:42.906Z","event":"checkpoint_added","actionType":"callout edit","rawActionType":"callouts:update","annotationType":"callout","annotationId":"callout-ys5vk1icj-mom758re","pageNumber":null,"lane":"callout history","receivedStack":"legacyUndoHistory","chosenStack":null,"chosenLane":"callout history","decisionReason":null,"undoDepth":2,"redoDepth":0}
{"seq":5,"order":null,"at":"2026-05-11T20:41:43.872Z","event":"yjs_history_added","actionType":"undo","rawActionType":"undo","annotationType":null,"annotationId":null,"pageNumber":1,"lane":"Yjs/CRDT history","receivedStack":"yjsUndoStack","chosenStack":null,"chosenLane":"Yjs/CRDT history","decisionReason":null,"undoDepth":2,"redoDepth":0}
{"seq":6,"order":3,"at":"2026-05-11T20:41:46.604Z","event":"checkpoint_added","actionType":"delete","rawActionType":"callouts:delete-blank","annotationType":"callout","annotationId":"callout-ys5vk1icj-mom758re","pageNumber":null,"lane":"callout history","receivedStack":"legacyUndoHistory","chosenStack":null,"chosenLane":"callout history","decisionReason":null,"undoDepth":3,"redoDepth":0}
{"seq":7,"order":null,"at":"2026-05-11T20:41:47.682Z","event":"yjs_history_added","actionType":"undo","rawActionType":"undo","annotationType":"callout","annotationId":"callout-ys5vk1icj-mom758re","pageNumber":null,"lane":"Yjs/CRDT history","receivedStack":"yjsUndoStack","chosenStack":null,"chosenLane":"Yjs/CRDT history","decisionReason":null,"undoDepth":3,"redoDepth":0}
{"seq":8,"order":4,"at":"2026-05-11T20:41:49.492Z","event":"checkpoint_added","actionType":"delete","rawActionType":"callouts:delete-blank","annotationType":"callout","annotationId":"callout-qo2f1f8hs-mom74xkf","pageNumber":null,"lane":"callout history","receivedStack":"legacyUndoHistory","chosenStack":null,"chosenLane":"callout history","decisionReason":null,"undoDepth":4,"redoDepth":0}
{"seq":9,"order":null,"at":"2026-05-11T20:41:50.733Z","event":"yjs_history_added","actionType":"undo","rawActionType":"undo","annotationType":"callout","annotationId":"callout-qo2f1f8hs-mom74xkf","pageNumber":null,"lane":"Yjs/CRDT history","receivedStack":"yjsUndoStack","chosenStack":null,"chosenLane":"Yjs/CRDT history","decisionReason":null,"undoDepth":4,"redoDepth":0}
{"seq":10,"order":5,"at":"2026-05-11T20:42:05.007Z","event":"checkpoint_added","actionType":"callout edit","rawActionType":"callouts:edit-commit","annotationType":"callout","annotationId":"callout-y1vltawo3-momawklj","pageNumber":null,"lane":"callout history","receivedStack":"legacyUndoHistory","chosenStack":null,"chosenLane":"callout history","decisionReason":null,"undoDepth":5,"redoDepth":0}
{"seq":11,"order":null,"at":"2026-05-11T20:42:06.475Z","event":"checkpoint_skipped_duplicate_fast","actionType":"callout edit","rawActionType":"callouts:update","annotationType":null,"annotationId":null,"pageNumber":null,"lane":null,"receivedStack":null,"chosenStack":null,"chosenLane":null,"decisionReason":null,"undoDepth":5,"redoDepth":0}
{"seq":12,"order":6,"at":"2026-05-11T20:42:07.009Z","event":"checkpoint_added","actionType":"callout edit","rawActionType":"callouts:edit-commit","annotationType":"callout","annotationId":"callout-y1vltawo3-momawklj","pageNumber":null,"lane":"callout history","receivedStack":"legacyUndoHistory","chosenStack":null,"chosenLane":"callout history","decisionReason":null,"undoDepth":6,"redoDepth":0}
{"seq":13,"order":null,"at":"2026-05-11T20:42:07.898Z","event":"yjs_history_added","actionType":"undo","rawActionType":"undo","annotationType":null,"annotationId":null,"pageNumber":1,"lane":"Yjs/CRDT history","receivedStack":"yjsUndoStack","chosenStack":null,"chosenLane":"Yjs/CRDT history","decisionReason":null,"undoDepth":5,"redoDepth":0}
===== End Undo/Redo Chronology =====
