===== SurveyApp Save Log =====
version:   0.1.46
runtime:   dev-server
platform:  desktop
device:    Mac
os:        macOS 10.15.7
screen:    1512x982 @2x
viewport:  1203x833
locale:    en-US
timestamp: 2026-06-02T17:10:53.224Z (6/2/2026, 1:10:53 PM)
==============================
console.error @ [CloudSync][push] upsertAnnotationsByPage failed {"elapsedMs":166,"pdfId":"SE-011 Security Shop Drawing Rev2 - 05.06.25.pdf-26261080","documentId":"00e1cde9-449b-4771-9743-37bd604557a9","totalRows":2,"userDrawnObjects":2,"importedObjects":0,"error":"ON CONFLICT DO UPDATE command cannot affect row a second time"}
console.error @ [CloudSync][push] upsertAnnotationsByPage failed {"elapsedMs":274,"pdfId":"SE-011 Security Shop Drawing Rev2 - 05.06.25.pdf-26261080","documentId":"00e1cde9-449b-4771-9743-37bd604557a9","totalRows":2,"userDrawnObjects":2,"importedObjects":0,"error":"ON CONFLICT DO UPDATE command cannot affect row a second time"}
console.warn @ [CloudSync][source-of-truth] cutover initial hydrate kept Y.Doc snapshot {"documentId":"00e1cde9-449b-4771-9743-37bd604557a9","pdfId":"SE-011 Security Shop Drawing Rev2 - 05.06.25.pdf-26261080","cutoverTs":"2026-05-29T13:14:41.426+00:00","ydocFabricCount":531,"ydocCalloutCount":0,"supabaseFabricCount":541,"supabaseCalloutCount":1,"cloudError":null,"legacyQueueSize":4,"dualWriteQueueSize":0,"rule":"Y.Doc used temporarily because local writes are still queued"}
console.error @ [CloudSync][push] upsertAnnotationsByPage failed {"elapsedMs":83,"pdfId":"SE-011 Security Shop Drawing Rev2 - 05.06.25.pdf-26261080","documentId":"00e1cde9-449b-4771-9743-37bd604557a9","totalRows":2,"userDrawnObjects":2,"importedObjects":0,"error":"ON CONFLICT DO UPDATE command cannot affect row a second time"}
console.error @ [CloudSync][push] upsertAnnotationsByPage failed {"elapsedMs":138,"pdfId":"SE-011 Security Shop Drawing Rev2 - 05.06.25.pdf-26261080","documentId":"00e1cde9-449b-4771-9743-37bd604557a9","totalRows":2,"userDrawnObjects":2,"importedObjects":0,"error":"ON CONFLICT DO UPDATE command cannot affect row a second time"}
[TextSearchDiag] document_key_ready {"at":"2026-06-02T17:09:54.092Z","documentKey":"explicit:a742d7a7-2902-4bf7-b8f5-08f2a741e546:clickable-link-test.pdf-23183:1","numPages":1}
[TextSearchDiag] search_clear_empty_query {"at":"2026-06-02T17:09:54.444Z","previousResultCount":0,"previousIndex":-1,"documentKey":"explicit:a742d7a7-2902-4bf7-b8f5-08f2a741e546:clickable-link-test.pdf-23183:1"}
[TextSearchDiag] document_key_changed_clear_search {"at":"2026-06-02T17:09:55.450Z","previousDocumentKey":"explicit:a742d7a7-2902-4bf7-b8f5-08f2a741e546:clickable-link-test.pdf-23183:1","nextDocumentKey":"explicit:00e1cde9-449b-4771-9743-37bd604557a9:SE-011 Security Shop Drawing Rev2 - 05.06.25.pdf-26261080:99","query":"","previousResultCount":0}
[TextSearchDiag] search_clear_empty_query {"at":"2026-06-02T17:09:56.279Z","previousResultCount":0,"previousIndex":-1,"documentKey":"explicit:00e1cde9-449b-4771-9743-37bd604557a9:SE-011 Security Shop Drawing Rev2 - 05.06.25.pdf-26261080:99"}
console.error @ [CloudSync][push] upsertAnnotationsByPage failed {"elapsedMs":1368,"pdfId":"SE-011 Security Shop Drawing Rev2 - 05.06.25.pdf-26261080","documentId":"00e1cde9-449b-4771-9743-37bd604557a9","totalRows":2,"userDrawnObjects":2,"importedObjects":0,"error":"ON CONFLICT DO UPDATE command cannot affect row a second time"}
console.error @ [CloudSync][push] upsertAnnotationsByPage failed {"elapsedMs":3188,"pdfId":"SE-011 Security Shop Drawing Rev2 - 05.06.25.pdf-26261080","documentId":"00e1cde9-449b-4771-9743-37bd604557a9","totalRows":2,"userDrawnObjects":2,"importedObjects":0,"error":"ON CONFLICT DO UPDATE command cannot affect row a second time"}
console.error @ [CloudSync][push] upsertAnnotationsByPage failed {"elapsedMs":131,"pdfId":"SE-011 Security Shop Drawing Rev2 - 05.06.25.pdf-26261080","documentId":"00e1cde9-449b-4771-9743-37bd604557a9","totalRows":2,"userDrawnObjects":2,"importedObjects":0,"error":"ON CONFLICT DO UPDATE command cannot affect row a second time"}
console.error @ [CloudSync][push] upsertAnnotationsByPage failed {"elapsedMs":150,"pdfId":"SE-011 Security Shop Drawing Rev2 - 05.06.25.pdf-26261080","documentId":"00e1cde9-449b-4771-9743-37bd604557a9","totalRows":2,"userDrawnObjects":2,"importedObjects":0,"error":"ON CONFLICT DO UPDATE command cannot affect row a second time"}
console.warn @ @supabase/gotrue-js: Lock "lock:sb-cvamwtpsuvxvjdnotbeg-auth-token" was not released within 5000ms. This may indicate an orphaned lock from a component unmount (e.g., React Strict Mode). Forcefully acquiring the lock to recover.
console.warn @ @supabase/gotrue-js: Lock "lock:sb-cvamwtpsuvxvjdnotbeg-auth-token" was not released within 5000ms. This may indicate an orphaned lock from a component unmount (e.g., React Strict Mode). Forcefully acquiring the lock to recover.
console.warn @ @supabase/gotrue-js: Lock "lock:sb-cvamwtpsuvxvjdnotbeg-auth-token" was not released within 5000ms. This may indicate an orphaned lock from a component unmount (e.g., React Strict Mode). Forcefully acquiring the lock to recover.
console.warn @ @supabase/gotrue-js: Lock "lock:sb-cvamwtpsuvxvjdnotbeg-auth-token" was not released within 5000ms. This may indicate an orphaned lock from a component unmount (e.g., React Strict Mode). Forcefully acquiring the lock to recover.
console.warn @ @supabase/gotrue-js: Lock "lock:sb-cvamwtpsuvxvjdnotbeg-auth-token" was not released within 5000ms. This may indicate an orphaned lock from a component unmount (e.g., React Strict Mode). Forcefully acquiring the lock to recover.
console.warn @ @supabase/gotrue-js: Lock "lock:sb-cvamwtpsuvxvjdnotbeg-auth-token" was not released within 5000ms. This may indicate an orphaned lock from a component unmount (e.g., React Strict Mode). Forcefully acquiring the lock to recover.
console.warn @ @supabase/gotrue-js: Lock "lock:sb-cvamwtpsuvxvjdnotbeg-auth-token" was not released within 5000ms. This may indicate an orphaned lock from a component unmount (e.g., React Strict Mode). Forcefully acquiring the lock to recover.
console.warn @ @supabase/gotrue-js: Lock "lock:sb-cvamwtpsuvxvjdnotbeg-auth-token" was not released within 5000ms. This may indicate an orphaned lock from a component unmount (e.g., React Strict Mode). Forcefully acquiring the lock to recover.
console.warn @ @supabase/gotrue-js: Lock "lock:sb-cvamwtpsuvxvjdnotbeg-auth-token" was not released within 5000ms. This may indicate an orphaned lock from a component unmount (e.g., React Strict Mode). Forcefully acquiring the lock to recover.
console.warn @ @supabase/gotrue-js: Lock "lock:sb-cvamwtpsuvxvjdnotbeg-auth-token" was not released within 5000ms. This may indicate an orphaned lock from a component unmount (e.g., React Strict Mode). Forcefully acquiring the lock to recover.
console.warn @ @supabase/gotrue-js: Lock "lock:sb-cvamwtpsuvxvjdnotbeg-auth-token" was not released within 5000ms. This may indicate an orphaned lock from a component unmount (e.g., React Strict Mode). Forcefully acquiring the lock to recover.
console.warn @ @supabase/gotrue-js: Lock "lock:sb-cvamwtpsuvxvjdnotbeg-auth-token" was not released within 5000ms. This may indicate an orphaned lock from a component unmount (e.g., React Strict Mode). Forcefully acquiring the lock to recover.
console.warn @ @supabase/gotrue-js: Lock "lock:sb-cvamwtpsuvxvjdnotbeg-auth-token" was not released within 5000ms. This may indicate an orphaned lock from a component unmount (e.g., React Strict Mode). Forcefully acquiring the lock to recover.
console.warn @ @supabase/gotrue-js: Lock "lock:sb-cvamwtpsuvxvjdnotbeg-auth-token" was not released within 5000ms. This may indicate an orphaned lock from a component unmount (e.g., React Strict Mode). Forcefully acquiring the lock to recover.
console.warn @ @supabase/gotrue-js: Lock "lock:sb-cvamwtpsuvxvjdnotbeg-auth-token" was not released within 5000ms. This may indicate an orphaned lock from a component unmount (e.g., React Strict Mode). Forcefully acquiring the lock to recover.
console.warn @ @supabase/gotrue-js: Lock "lock:sb-cvamwtpsuvxvjdnotbeg-auth-token" was not released within 5000ms. This may indicate an orphaned lock from a component unmount (e.g., React Strict Mode). Forcefully acquiring the lock to recover.
console.warn @ @supabase/gotrue-js: Lock "lock:sb-cvamwtpsuvxvjdnotbeg-auth-token" was not released within 5000ms. This may indicate an orphaned lock from a component unmount (e.g., React Strict Mode). Forcefully acquiring the lock to recover.
console.warn @ @supabase/gotrue-js: Lock "lock:sb-cvamwtpsuvxvjdnotbeg-auth-token" was not released within 5000ms. This may indicate an orphaned lock from a component unmount (e.g., React Strict Mode). Forcefully acquiring the lock to recover.
console.warn @ @supabase/gotrue-js: Lock "lock:sb-cvamwtpsuvxvjdnotbeg-auth-token" was not released within 5000ms. This may indicate an orphaned lock from a component unmount (e.g., React Strict Mode). Forcefully acquiring the lock to recover.
console.warn @ @supabase/gotrue-js: Lock "lock:sb-cvamwtpsuvxvjdnotbeg-auth-token" was not released within 5000ms. This may indicate an orphaned lock from a component unmount (e.g., React Strict Mode). Forcefully acquiring the lock to recover.
console.warn @ @supabase/gotrue-js: Lock "lock:sb-cvamwtpsuvxvjdnotbeg-auth-token" was not released within 5000ms. This may indicate an orphaned lock from a component unmount (e.g., React Strict Mode). Forcefully acquiring the lock to recover.
console.warn @ @supabase/gotrue-js: Lock "lock:sb-cvamwtpsuvxvjdnotbeg-auth-token" was not released within 5000ms. This may indicate an orphaned lock from a component unmount (e.g., React Strict Mode). Forcefully acquiring the lock to recover.
console.warn @ @supabase/gotrue-js: Lock "lock:sb-cvamwtpsuvxvjdnotbeg-auth-token" was not released within 5000ms. This may indicate an orphaned lock from a component unmount (e.g., React Strict Mode). Forcefully acquiring the lock to recover.
console.warn @ @supabase/gotrue-js: Lock "lock:sb-cvamwtpsuvxvjdnotbeg-auth-token" was not released within 5000ms. This may indicate an orphaned lock from a component unmount (e.g., React Strict Mode). Forcefully acquiring the lock to recover.
console.warn @ @supabase/gotrue-js: Lock "lock:sb-cvamwtpsuvxvjdnotbeg-auth-token" was not released within 5000ms. This may indicate an orphaned lock from a component unmount (e.g., React Strict Mode). Forcefully acquiring the lock to recover.

===== Text Search Diagnostics =====
[TextSearchDiag] document_key_ready {"at":"2026-06-02T17:09:54.092Z","documentKey":"explicit:a742d7a7-2902-4bf7-b8f5-08f2a741e546:clickable-link-test.pdf-23183:1","numPages":1}
[TextSearchDiag] search_clear_empty_query {"at":"2026-06-02T17:09:54.444Z","previousResultCount":0,"previousIndex":-1,"documentKey":"explicit:a742d7a7-2902-4bf7-b8f5-08f2a741e546:clickable-link-test.pdf-23183:1"}
[TextSearchDiag] document_key_changed_clear_search {"at":"2026-06-02T17:09:55.450Z","previousDocumentKey":"explicit:a742d7a7-2902-4bf7-b8f5-08f2a741e546:clickable-link-test.pdf-23183:1","nextDocumentKey":"explicit:00e1cde9-449b-4771-9743-37bd604557a9:SE-011 Security Shop Drawing Rev2 - 05.06.25.pdf-26261080:99","query":"","previousResultCount":0}
[TextSearchDiag] search_clear_empty_query {"at":"2026-06-02T17:09:56.279Z","previousResultCount":0,"previousIndex":-1,"documentKey":"explicit:00e1cde9-449b-4771-9743-37bd604557a9:SE-011 Security Shop Drawing Rev2 - 05.06.25.pdf-26261080:99"}
===== End Text Search Diagnostics =====