===== SurveyApp Save Log =====
version:   0.1.45
runtime:   dev-server
platform:  desktop
device:    Mac
os:        macOS 10.15.7
screen:    1512x982 @2x
viewport:  1203x826
locale:    en-US
timestamp: 2026-05-12T13:49:26.833Z (5/12/2026, 9:49:26 AM)
==============================
[CloudSync][realtime] echo-filtered UPDATE {"highlightId":"f6da66ed-fd32-41d3-a13d-bf82c3322ee5","annotationType":"ink","lastModifiedBy":"170d915c-5741-4e0b-b03f-deaeedae27bd","rowSessionId":"64c7b2f8-1aa6-4f8e-b205-04ef09f20658","currentSessionId":"64c7b2f8-1aa6-4f8e-b205-04ef09f20658","reason":"same-session"}
[CloudSync][realtime] echo-filtered UPDATE {"highlightId":"bbdc9108-bb96-49f9-87e0-73154011859e","annotationType":"ink","lastModifiedBy":"170d915c-5741-4e0b-b03f-deaeedae27bd","rowSessionId":"64c7b2f8-1aa6-4f8e-b205-04ef09f20658","currentSessionId":"64c7b2f8-1aa6-4f8e-b205-04ef09f20658","reason":"same-session"}
[CloudSync][realtime] echo-filtered UPDATE {"highlightId":"callout-y538t3l2r-mowlwupu","annotationType":"callout","lastModifiedBy":"170d915c-5741-4e0b-b03f-deaeedae27bd","rowSessionId":"64c7b2f8-1aa6-4f8e-b205-04ef09f20658","currentSessionId":"64c7b2f8-1aa6-4f8e-b205-04ef09f20658","reason":"same-session"}
[SaveLog] bulletproof local snapshot saved at /Users/isaiahcalvo/Desktop/Survey-BetaSafeS2/Logs/2026-05-12_13-08-24
[SaveLog] runPush start {"hasElectronApi":true,"hasPushLogFn":true,"hasGhTokenEnv":true,"payloadLength":137350}
[SaveLog] runPush start {"hasElectronApi":true,"hasPushLogFn":true,"hasGhTokenEnv":true,"payloadLength":137350}
[SaveLogBanner] GitHub push OK {"url":"https://github.com/IsaiahCalvo/Survey/blob/logs/mac-isaiahs-macbook-pro-2026-05-12T13-08-29-633Z.log","filename":"mac-isaiahs-macbook-pro-2026-05-12T13-08-29-633Z.log"}
[SaveLogBanner] GitHub push OK {"url":"https://github.com/IsaiahCalvo/Survey/blob/logs/mac-isaiahs-macbook-pro-2026-05-12T13-08-29-640Z.log","filename":"mac-isaiahs-macbook-pro-2026-05-12T13-08-29-640Z.log"}
[CloudSync][realtime] unsubscribing {"documentId":"484e4280-bca3-4ebe-bde7-d9371da0f528"}
[CloudSync][realtime] subscribe status {"status":"CLOSED","error":null}
[CloudSync][hook] hydrate effect fired {"enabled":true,"hydrateEnabled":true,"documentId":"484e4280-bca3-4ebe-bde7-d9371da0f528","userId":"170d915c-5741-4e0b-b03f-deaeedae27bd","pdfId":"test.pdf-2462"}
[AnnotationHydrationGate][normal] {"documentId":"484e4280-bca3-4ebe-bde7-d9371da0f528","pdfId":"test.pdf-2462","ready":false,"source":"starting","normalReady":false,"cutoverTs":"2026-05-10T04:21:04.376+00:00","count":null,"calloutCount":null,"firstPaintGate":true}
[CloudSync][hook] stage=hydrating
[CloudSync][hook] fabric push skipped — not hydrated yet
[CloudSync][hook] callout push skipped — not hydrated yet
[CloudSync][realtime] subscribing {"documentId":"484e4280-bca3-4ebe-bde7-d9371da0f528","currentUserId":"170d915c-5741-4e0b-b03f-deaeedae27bd","currentSessionId":"64c7b2f8-1aa6-4f8e-b205-04ef09f20658","hasFabricInsert":true,"hasFabricUpdate":true,"hasFabricDelete":true,"hasCalloutInsert":true,"hasCalloutUpdate":true,"hasCalloutDelete":true}
[AnnotationHydrationGate][first-page] {"documentId":"484e4280-bca3-4ebe-bde7-d9371da0f528","pdfId":"test.pdf-2462","pageNumber":1,"ready":true,"visualCoverActive":false,"normal":{"documentId":"484e4280-bca3-4ebe-bde7-d9371da0f528","pdfId":"test.pdf-2462","ready":true,"source":"supabase-durable-snapshot","normalReady":true,"cutoverTs":"2026-05-10T04:21:04.376+00:00","count":113,"calloutCount":1,"firstPaintGate":true},"survey":{"ready":true,"source":"supabase-highlight","documentId":"484e4280-bca3-4ebe-bde7-d9371da0f528","pdfId":"test.pdf-2462","count":0}}
[AnnotationHydrationGate][visual-cover] {"documentId":"484e4280-bca3-4ebe-bde7-d9371da0f528","pdfId":"test.pdf-2462","pageNumber":1,"active":false,"reason":"hydration-ready"}
[Cloud render cache] doc=test.pdf-2462 painting verified cloud snapshot immediately — count=115.
[CSeries wipe] doc=test.pdf-2462 skip — wipe already ran this session.
[CloudSync][realtime] unsubscribing {"documentId":"484e4280-bca3-4ebe-bde7-d9371da0f528"}
[CloudSync][realtime] subscribe status {"status":"CLOSED","error":null}
console.warn @ [CloudSync][hook][state-obs] callout SHRINK suspicious {"prevCount":1,"currentCount":0,"delta":-1,"hydrated":false,"sameRefAsLastCallouts":false,"deletedCalloutIds":["callout-y538t3l2r-mowlwupu"],"intent":null,"classification":{"level":"warning","expected":false,"reason":"callouts-shrank-without-intent"},"stack":"    at commitHookEffectListMount (http://localhost:5173/node_modules/.vite/deps/chunk-DSUIPI7G.js?v=4844aadd:23793:34) |     at commitPassiveMountOnFiber (http://localhost:5173/node_modules/.vite/deps/chunk-DSUIPI7G.js?v=4844aadd:25034:19) |     at commitPassiveMountEffects_complete (http://localhost:5173/node_modules/.vite/deps/chunk-DSUIPI7G.js?v=4844aadd:25007:17) |     at commitPassiveMountEffects_begin (http://localhost:5173/node_modules/.vite/deps/chunk-DSUIPI7G.js?v=4844aadd:24997:15) |     at commitPassiveMountEffects (http://localhost:5173/node_modules/.vite/deps/chunk-DSUIPI7G.js?v=4844aadd:24987:11) |     at flushPassiveEffectsImpl (http://localhost:5173/node_modules/.vite/deps/chunk-DSUIPI7G.js?v=4844aadd:26368:11)"}
[AnnotationHydrationGate][first-page] {"documentId":"484e4280-bca3-4ebe-bde7-d9371da0f528","pdfId":"test.pdf-2462","pageNumber":1,"ready":false,"visualCoverActive":true,"normal":{"documentId":"484e4280-bca3-4ebe-bde7-d9371da0f528","pdfId":"test.pdf-2462","ready":false,"source":"starting","normalReady":false,"cutoverTs":"2026-05-10T04:21:04.376+00:00","count":null,"calloutCount":null,"firstPaintGate":true},"survey":{"ready":false,"source":"supabase-highlight-starting","documentId":"484e4280-bca3-4ebe-bde7-d9371da0f528","pdfId":"test.pdf-2462"}}
[AnnotationHydrationGate][visual-cover] {"documentId":"484e4280-bca3-4ebe-bde7-d9371da0f528","pdfId":"test.pdf-2462","pageNumber":1,"active":true,"reason":"annotation-hydration-gated"}
[CloudSync][hook] cutover-complete hydrate — reading from Y.Doc {"documentId":"484e4280-bca3-4ebe-bde7-d9371da0f528","cutoverTs":"2026-05-10T04:21:04.376+00:00"}
[Phase31 UAT] hydrate:cutover-sealed {"documentId":"484e4280-bca3-4ebe-bde7-d9371da0f528","pdfId":"test.pdf-2462","cutoverTs":"2026-05-10T04:21:04.376+00:00","yMapSize":115,"yMapCalloutsSize":1,"materializedTotal":115,"materializedCallouts":1,"materializedDrawnByMe":115,"materializedDrawnByOthers":0,"materializedImported":0,"pages":1,"perPage":{"1":115},"currentStateCount":115,"ydocLooksDegenerate":false}
[Phase31 UAT] hydrate:cutover-sealed:by-type {"documentId":"484e4280-bca3-4ebe-bde7-d9371da0f528","pdfFile":"test.pdf-2462","viewerUserId":"170d915c-5741-4e0b-b03f-deaeedae27bd","yMapTotal":115,"yMapCalloutsTotal":1,"yMapByType":{"path":3,"circle":112},"yMapByAuthor":{"byMe":115,"byOthers":0,"anonymous":0},"yMapByTypeByAuthor":{"path":{"byMe":3,"byOthers":0,"anonymous":0},"circle":{"byMe":112,"byOthers":0,"anonymous":0}},"yMapPerTypePerPage":{"path":{"unknown":3},"circle":{"unknown":112}},"byPageTotal":115,"byPageByType":{"path":3,"circle":112},"byPagePerPagePerType":{"1":{"path":3,"circle":112}}}
[CloudSync][hydrate] loadAllNonHighlightAnnotations start {"documentId":"484e4280-bca3-4ebe-bde7-d9371da0f528"}
[PDFImport] skipped embedded PDF annotation import — cloud/Y.Doc is authoritative {"documentId":"484e4280-bca3-4ebe-bde7-d9371da0f528"}
[PrintPanel] RENDER — panel closed
[HIGHLIGHT-SYNC][load.legacy][pdf=test.pdf] {"documentId":"484e4280-bca3-4ebe-bde7-d9371da0f528","totalRows":0,"fabricCarryingDropped":0,"keptCount":0,"keptIds":[]}
[AnnotationHydrationGate][survey] supabase highlights complete {"documentId":"484e4280-bca3-4ebe-bde7-d9371da0f528","pdfId":"test.pdf-2462","count":0}
[AnnotationHydrationGate][first-page] {"documentId":"484e4280-bca3-4ebe-bde7-d9371da0f528","pdfId":"test.pdf-2462","pageNumber":1,"ready":false,"visualCoverActive":true,"normal":{"documentId":"484e4280-bca3-4ebe-bde7-d9371da0f528","pdfId":"test.pdf-2462","ready":false,"source":"starting","normalReady":false,"cutoverTs":"2026-05-10T04:21:04.376+00:00","count":null,"calloutCount":null,"firstPaintGate":true},"survey":{"ready":true,"source":"supabase-highlight","documentId":"484e4280-bca3-4ebe-bde7-d9371da0f528","pdfId":"test.pdf-2462","count":0}}
[AnnotationHydrationGate][visual-cover] {"documentId":"484e4280-bca3-4ebe-bde7-d9371da0f528","pdfId":"test.pdf-2462","pageNumber":1,"active":true,"reason":"annotation-hydration-gated"}
[CloudSync][hook] fabric push skipped — not hydrated yet
[CloudSync][hook] callout push skipped — not hydrated yet
[CloudSync][realtime] subscribing {"documentId":"484e4280-bca3-4ebe-bde7-d9371da0f528","currentUserId":"170d915c-5741-4e0b-b03f-deaeedae27bd","currentSessionId":"64c7b2f8-1aa6-4f8e-b205-04ef09f20658","hasFabricInsert":true,"hasFabricUpdate":true,"hasFabricDelete":true,"hasCalloutInsert":true,"hasCalloutUpdate":true,"hasCalloutDelete":true}
[CloudSync][realtime] subscribe status {"status":"SUBSCRIBED","error":null}
[Phase31 UAT] post-subscribe catch-up skipped — doc is cutover-sealed, Y.Doc + realtime is source of truth {"documentId":"484e4280-bca3-4ebe-bde7-d9371da0f528","pdfId":"test.pdf-2462","cutoverTs":"2026-05-10T04:21:04.376+00:00","ydocAuthoritative":true}
[CloudSync][hydrate] loadAllNonHighlightAnnotations ok {"elapsedMs":277,"totalRowsScanned":116,"scanned":{"nonHighlight":116,"legacyFabricHighlights":0},"totalRows":116,"rowsByType":{"counter":112,"callout":1,"ink":3},"pagesWithObjects":1,"calloutCount":1}
[CloudSync][verify] first read summary {"contextLabel":"cutover-source-of-truth","documentId":"484e4280-bca3-4ebe-bde7-d9371da0f528","elapsedMs":278,"firstFabricPages":1,"firstFabricObjects":115,"firstCallouts":1,"firstEmpty":false,"localFabricCount":115,"localCalloutCount":1,"localHasData":true,"willVerify":false}
[CloudSync][source-of-truth] cutover initial hydrate selected Supabase durable snapshot {"documentId":"484e4280-bca3-4ebe-bde7-d9371da0f528","pdfId":"test.pdf-2462","cutoverTs":"2026-05-10T04:21:04.376+00:00","ydocFabricCount":115,"ydocCalloutCount":1,"supabaseFabricCount":115,"supabaseCalloutCount":1,"rule":"Supabase durable snapshot wins initial load; Y.Doc is reshaped for live collaboration"}
[UndoDiag] {"seq":13,"order":null,"at":"2026-05-12T13:27:18.454Z","event":"yjs_history_added","actionType":"undo","rawActionType":"undo","annotationType":"fabric","annotationId":"ink-1777596993810-jmtlhkn2g","pageNumber":null,"lane":"Yjs/CRDT history","receivedStack":"yjsUndoStack","chosenStack":null,"chosenLane":"Yjs/CRDT history","decisionReason":null,"undoDepth":5,"redoDepth":0}
[Phase31 UAT] save:fan-out done {"documentId":"484e4280-bca3-4ebe-bde7-d9371da0f528","pdfId":"test.pdf-2462","userId":"170d915c-5741-4e0b-b03f-deaeedae27bd","dispatched":115,"detected":115,"skippedHighlightOrCallout":0,"skippedOtherType":0,"rawTypeBreakdown":{"counter":112,"pen":2,"path":1},"resolvedTypeBreakdown":{"counter":112,"ink":3},"skipReasons":{},"skipSamples":[],"yMapSizeAfter":115}
[CloudSync][hook] callout Y.Doc fan-out done {"documentId":"484e4280-bca3-4ebe-bde7-d9371da0f528","pdfId":"test.pdf-2462","userId":"170d915c-5741-4e0b-b03f-deaeedae27bd","upserted":1,"deleted":0,"yMapCalloutsSizeAfter":1}
[AnnotationHydrationGate][normal] {"documentId":"484e4280-bca3-4ebe-bde7-d9371da0f528","pdfId":"test.pdf-2462","ready":true,"source":"supabase-durable-snapshot","normalReady":true,"cutoverTs":"2026-05-10T04:21:04.376+00:00","count":115,"calloutCount":1,"firstPaintGate":true}
[AnnotationHydrationGate][first-page] {"documentId":"484e4280-bca3-4ebe-bde7-d9371da0f528","pdfId":"test.pdf-2462","pageNumber":1,"ready":true,"visualCoverActive":false,"normal":{"documentId":"484e4280-bca3-4ebe-bde7-d9371da0f528","pdfId":"test.pdf-2462","ready":true,"source":"supabase-durable-snapshot","normalReady":true,"cutoverTs":"2026-05-10T04:21:04.376+00:00","count":115,"calloutCount":1,"firstPaintGate":true},"survey":{"ready":true,"source":"supabase-highlight","documentId":"484e4280-bca3-4ebe-bde7-d9371da0f528","pdfId":"test.pdf-2462","count":0}}
[AnnotationHydrationGate][visual-cover] {"documentId":"484e4280-bca3-4ebe-bde7-d9371da0f528","pdfId":"test.pdf-2462","pageNumber":1,"active":false,"reason":"hydration-ready"}
[DebugBridge +1242142.3ms] pdf_loaded {"pageCount":3,"currentPage":1}
[HyperlinkDiag] post-load scan {"hyperlinkCount":0,"samples":[]}
[HyperlinkDiag] page 1 layers {"hyperlinkChildren":0,"layerClasses":["e-spinner-pane e-spin-hide","e-pv-page-canvas","e-pv-text-layer"]}
[HyperlinkDiag] page 2 layers {"hyperlinkChildren":0,"layerClasses":["e-spinner-pane e-spin-hide","e-pv-page-canvas","e-pv-text-layer"]}
[HyperlinkDiag] page 3 layers {"hyperlinkChildren":0,"layerClasses":["e-spinner-pane e-spin-hide","e-pv-page-canvas","e-pv-text-layer"]}
[CloudSync][realtime] unsubscribing {"documentId":"484e4280-bca3-4ebe-bde7-d9371da0f528"}
[CloudSync][realtime] subscribe status {"status":"CLOSED","error":null}
[CloudSync][hook] hydrate effect fired {"enabled":true,"hydrateEnabled":true,"documentId":"484e4280-bca3-4ebe-bde7-d9371da0f528","userId":"170d915c-5741-4e0b-b03f-deaeedae27bd","pdfId":"test.pdf-2462"}
[AnnotationHydrationGate][normal] {"documentId":"484e4280-bca3-4ebe-bde7-d9371da0f528","pdfId":"test.pdf-2462","ready":false,"source":"starting","normalReady":false,"cutoverTs":"2026-05-10T04:21:04.376+00:00","count":null,"calloutCount":null,"firstPaintGate":true}
[CloudSync][hook] stage=hydrating
[CloudSync][hook] fabric push skipped — not hydrated yet
[CloudSync][hook] callout push skipped — not hydrated yet
[CloudSync][realtime] subscribing {"documentId":"484e4280-bca3-4ebe-bde7-d9371da0f528","currentUserId":"170d915c-5741-4e0b-b03f-deaeedae27bd","currentSessionId":"64c7b2f8-1aa6-4f8e-b205-04ef09f20658","hasFabricInsert":true,"hasFabricUpdate":true,"hasFabricDelete":true,"hasCalloutInsert":true,"hasCalloutUpdate":true,"hasCalloutDelete":true}
[AnnotationHydrationGate][first-page] {"documentId":"484e4280-bca3-4ebe-bde7-d9371da0f528","pdfId":"test.pdf-2462","pageNumber":1,"ready":true,"visualCoverActive":false,"normal":{"documentId":"484e4280-bca3-4ebe-bde7-d9371da0f528","pdfId":"test.pdf-2462","ready":true,"source":"supabase-durable-snapshot","normalReady":true,"cutoverTs":"2026-05-10T04:21:04.376+00:00","count":115,"calloutCount":1,"firstPaintGate":true},"survey":{"ready":true,"source":"supabase-highlight","documentId":"484e4280-bca3-4ebe-bde7-d9371da0f528","pdfId":"test.pdf-2462","count":0}}
[AnnotationHydrationGate][visual-cover] {"documentId":"484e4280-bca3-4ebe-bde7-d9371da0f528","pdfId":"test.pdf-2462","pageNumber":1,"active":false,"reason":"hydration-ready"}
[Cloud render cache] doc=test.pdf-2462 painting verified cloud snapshot immediately — count=115.
[CSeries wipe] doc=test.pdf-2462 skip — wipe already ran this session.
[CloudSync][realtime] unsubscribing {"documentId":"484e4280-bca3-4ebe-bde7-d9371da0f528"}
[CloudSync][realtime] subscribe status {"status":"CLOSED","error":null}
console.warn @ [CloudSync][hook][state-obs] callout SHRINK suspicious {"prevCount":1,"currentCount":0,"delta":-1,"hydrated":false,"sameRefAsLastCallouts":false,"deletedCalloutIds":["callout-y538t3l2r-mowlwupu"],"intent":null,"classification":{"level":"warning","expected":false,"reason":"callouts-shrank-without-intent"},"stack":"    at commitHookEffectListMount (http://localhost:5173/node_modules/.vite/deps/chunk-DSUIPI7G.js?v=4844aadd:23793:34) |     at commitPassiveMountOnFiber (http://localhost:5173/node_modules/.vite/deps/chunk-DSUIPI7G.js?v=4844aadd:25034:19) |     at commitPassiveMountEffects_complete (http://localhost:5173/node_modules/.vite/deps/chunk-DSUIPI7G.js?v=4844aadd:25007:17) |     at commitPassiveMountEffects_begin (http://localhost:5173/node_modules/.vite/deps/chunk-DSUIPI7G.js?v=4844aadd:24997:15) |     at commitPassiveMountEffects (http://localhost:5173/node_modules/.vite/deps/chunk-DSUIPI7G.js?v=4844aadd:24987:11) |     at flushPassiveEffectsImpl (http://localhost:5173/node_modules/.vite/deps/chunk-DSUIPI7G.js?v=4844aadd:26368:11)"}
[AnnotationHydrationGate][first-page] {"documentId":"484e4280-bca3-4ebe-bde7-d9371da0f528","pdfId":"test.pdf-2462","pageNumber":1,"ready":false,"visualCoverActive":true,"normal":{"documentId":"484e4280-bca3-4ebe-bde7-d9371da0f528","pdfId":"test.pdf-2462","ready":false,"source":"starting","normalReady":false,"cutoverTs":"2026-05-10T04:21:04.376+00:00","count":null,"calloutCount":null,"firstPaintGate":true},"survey":{"ready":false,"source":"supabase-highlight-starting","documentId":"484e4280-bca3-4ebe-bde7-d9371da0f528","pdfId":"test.pdf-2462"}}
[AnnotationHydrationGate][visual-cover] {"documentId":"484e4280-bca3-4ebe-bde7-d9371da0f528","pdfId":"test.pdf-2462","pageNumber":1,"active":true,"reason":"annotation-hydration-gated"}
[CloudSync][hook] cutover-complete hydrate — reading from Y.Doc {"documentId":"484e4280-bca3-4ebe-bde7-d9371da0f528","cutoverTs":"2026-05-10T04:21:04.376+00:00"}
[Phase31 UAT] hydrate:cutover-sealed {"documentId":"484e4280-bca3-4ebe-bde7-d9371da0f528","pdfId":"test.pdf-2462","cutoverTs":"2026-05-10T04:21:04.376+00:00","yMapSize":115,"yMapCalloutsSize":1,"materializedTotal":115,"materializedCallouts":1,"materializedDrawnByMe":115,"materializedDrawnByOthers":0,"materializedImported":0,"pages":1,"perPage":{"1":115},"currentStateCount":115,"ydocLooksDegenerate":false}
[Phase31 UAT] hydrate:cutover-sealed:by-type {"documentId":"484e4280-bca3-4ebe-bde7-d9371da0f528","pdfFile":"test.pdf-2462","viewerUserId":"170d915c-5741-4e0b-b03f-deaeedae27bd","yMapTotal":115,"yMapCalloutsTotal":1,"yMapByType":{"path":3,"circle":112},"yMapByAuthor":{"byMe":115,"byOthers":0,"anonymous":0},"yMapByTypeByAuthor":{"path":{"byMe":3,"byOthers":0,"anonymous":0},"circle":{"byMe":112,"byOthers":0,"anonymous":0}},"yMapPerTypePerPage":{"path":{"unknown":3},"circle":{"unknown":112}},"byPageTotal":115,"byPageByType":{"path":3,"circle":112},"byPagePerPagePerType":{"1":{"path":3,"circle":112}}}
[CloudSync][hydrate] loadAllNonHighlightAnnotations start {"documentId":"484e4280-bca3-4ebe-bde7-d9371da0f528"}
[HIGHLIGHT-SYNC][load.legacy][pdf=test.pdf] {"documentId":"484e4280-bca3-4ebe-bde7-d9371da0f528","totalRows":0,"fabricCarryingDropped":0,"keptCount":0,"keptIds":[]}
[AnnotationHydrationGate][survey] supabase highlights complete {"documentId":"484e4280-bca3-4ebe-bde7-d9371da0f528","pdfId":"test.pdf-2462","count":0}
[AnnotationHydrationGate][first-page] {"documentId":"484e4280-bca3-4ebe-bde7-d9371da0f528","pdfId":"test.pdf-2462","pageNumber":1,"ready":false,"visualCoverActive":true,"normal":{"documentId":"484e4280-bca3-4ebe-bde7-d9371da0f528","pdfId":"test.pdf-2462","ready":false,"source":"starting","normalReady":false,"cutoverTs":"2026-05-10T04:21:04.376+00:00","count":null,"calloutCount":null,"firstPaintGate":true},"survey":{"ready":true,"source":"supabase-highlight","documentId":"484e4280-bca3-4ebe-bde7-d9371da0f528","pdfId":"test.pdf-2462","count":0}}
[AnnotationHydrationGate][visual-cover] {"documentId":"484e4280-bca3-4ebe-bde7-d9371da0f528","pdfId":"test.pdf-2462","pageNumber":1,"active":true,"reason":"annotation-hydration-gated"}
[CloudSync][hook] fabric push skipped — not hydrated yet
[CloudSync][hook] callout push skipped — not hydrated yet
[CloudSync][realtime] subscribing {"documentId":"484e4280-bca3-4ebe-bde7-d9371da0f528","currentUserId":"170d915c-5741-4e0b-b03f-deaeedae27bd","currentSessionId":"64c7b2f8-1aa6-4f8e-b205-04ef09f20658","hasFabricInsert":true,"hasFabricUpdate":true,"hasFabricDelete":true,"hasCalloutInsert":true,"hasCalloutUpdate":true,"hasCalloutDelete":true}
[PDFImport] skipped embedded PDF annotation import — cloud/Y.Doc is authoritative {"documentId":"484e4280-bca3-4ebe-bde7-d9371da0f528"}
[PrintPanel] RENDER — panel closed
[CloudSync][realtime] subscribe status {"status":"SUBSCRIBED","error":null}
[Phase31 UAT] post-subscribe catch-up skipped — doc is cutover-sealed, Y.Doc + realtime is source of truth {"documentId":"484e4280-bca3-4ebe-bde7-d9371da0f528","pdfId":"test.pdf-2462","cutoverTs":"2026-05-10T04:21:04.376+00:00","ydocAuthoritative":true}
[CloudSync][hydrate] loadAllNonHighlightAnnotations ok {"elapsedMs":151,"totalRowsScanned":116,"scanned":{"nonHighlight":116,"legacyFabricHighlights":0},"totalRows":116,"rowsByType":{"counter":112,"callout":1,"ink":3},"pagesWithObjects":1,"calloutCount":1}
[CloudSync][verify] first read summary {"contextLabel":"cutover-source-of-truth","documentId":"484e4280-bca3-4ebe-bde7-d9371da0f528","elapsedMs":151,"firstFabricPages":1,"firstFabricObjects":115,"firstCallouts":1,"firstEmpty":false,"localFabricCount":115,"localCalloutCount":1,"localHasData":true,"willVerify":false}
[CloudSync][source-of-truth] cutover initial hydrate selected Supabase durable snapshot {"documentId":"484e4280-bca3-4ebe-bde7-d9371da0f528","pdfId":"test.pdf-2462","cutoverTs":"2026-05-10T04:21:04.376+00:00","ydocFabricCount":115,"ydocCalloutCount":1,"supabaseFabricCount":115,"supabaseCalloutCount":1,"rule":"Supabase durable snapshot wins initial load; Y.Doc is reshaped for live collaboration"}
[UndoDiag] {"seq":15,"order":null,"at":"2026-05-12T13:27:31.192Z","event":"yjs_history_added","actionType":"undo","rawActionType":"undo","annotationType":"fabric","annotationId":"ink-1777596993810-jmtlhkn2g","pageNumber":null,"lane":"Yjs/CRDT history","receivedStack":"yjsUndoStack","chosenStack":null,"chosenLane":"Yjs/CRDT history","decisionReason":null,"undoDepth":6,"redoDepth":0}
[Phase31 UAT] save:fan-out done {"documentId":"484e4280-bca3-4ebe-bde7-d9371da0f528","pdfId":"test.pdf-2462","userId":"170d915c-5741-4e0b-b03f-deaeedae27bd","dispatched":115,"detected":115,"skippedHighlightOrCallout":0,"skippedOtherType":0,"rawTypeBreakdown":{"counter":112,"pen":2,"path":1},"resolvedTypeBreakdown":{"counter":112,"ink":3},"skipReasons":{},"skipSamples":[],"yMapSizeAfter":115}
[CloudSync][hook] callout Y.Doc fan-out done {"documentId":"484e4280-bca3-4ebe-bde7-d9371da0f528","pdfId":"test.pdf-2462","userId":"170d915c-5741-4e0b-b03f-deaeedae27bd","upserted":1,"deleted":0,"yMapCalloutsSizeAfter":1}
[AnnotationHydrationGate][normal] {"documentId":"484e4280-bca3-4ebe-bde7-d9371da0f528","pdfId":"test.pdf-2462","ready":true,"source":"supabase-durable-snapshot","normalReady":true,"cutoverTs":"2026-05-10T04:21:04.376+00:00","count":115,"calloutCount":1,"firstPaintGate":true}
[AnnotationHydrationGate][first-page] {"documentId":"484e4280-bca3-4ebe-bde7-d9371da0f528","pdfId":"test.pdf-2462","pageNumber":1,"ready":true,"visualCoverActive":false,"normal":{"documentId":"484e4280-bca3-4ebe-bde7-d9371da0f528","pdfId":"test.pdf-2462","ready":true,"source":"supabase-durable-snapshot","normalReady":true,"cutoverTs":"2026-05-10T04:21:04.376+00:00","count":115,"calloutCount":1,"firstPaintGate":true},"survey":{"ready":true,"source":"supabase-highlight","documentId":"484e4280-bca3-4ebe-bde7-d9371da0f528","pdfId":"test.pdf-2462","count":0}}
[AnnotationHydrationGate][visual-cover] {"documentId":"484e4280-bca3-4ebe-bde7-d9371da0f528","pdfId":"test.pdf-2462","pageNumber":1,"active":false,"reason":"hydration-ready"}
[DebugBridge +1255162.1ms] pdf_loaded {"pageCount":3,"currentPage":1}
[HyperlinkDiag] post-load scan {"hyperlinkCount":0,"samples":[]}
[HyperlinkDiag] page 1 layers {"hyperlinkChildren":0,"layerClasses":["e-spinner-pane e-spin-hide","e-pv-page-canvas","e-pv-text-layer"]}
[HyperlinkDiag] page 2 layers {"hyperlinkChildren":0,"layerClasses":["e-spinner-pane e-spin-hide","e-pv-page-canvas","e-pv-text-layer"]}
[HyperlinkDiag] page 3 layers {"hyperlinkChildren":0,"layerClasses":["e-spinner-pane e-spin-hide","e-pv-page-canvas","e-pv-text-layer"]}
[CloudSync][realtime] unsubscribing {"documentId":"484e4280-bca3-4ebe-bde7-d9371da0f528"}
[CloudSync][realtime] subscribe status {"status":"CLOSED","error":null}
[CloudSync][hook] hydrate effect fired {"enabled":true,"hydrateEnabled":true,"documentId":"484e4280-bca3-4ebe-bde7-d9371da0f528","userId":"170d915c-5741-4e0b-b03f-deaeedae27bd","pdfId":"test.pdf-2462"}
[AnnotationHydrationGate][normal] {"documentId":"484e4280-bca3-4ebe-bde7-d9371da0f528","pdfId":"test.pdf-2462","ready":false,"source":"starting","normalReady":false,"cutoverTs":"2026-05-10T04:21:04.376+00:00","count":null,"calloutCount":null,"firstPaintGate":true}
[CloudSync][hook] stage=hydrating
[CloudSync][hook] fabric push skipped — not hydrated yet
[CloudSync][hook] callout push skipped — not hydrated yet
[CloudSync][realtime] subscribing {"documentId":"484e4280-bca3-4ebe-bde7-d9371da0f528","currentUserId":"170d915c-5741-4e0b-b03f-deaeedae27bd","currentSessionId":"64c7b2f8-1aa6-4f8e-b205-04ef09f20658","hasFabricInsert":true,"hasFabricUpdate":true,"hasFabricDelete":true,"hasCalloutInsert":true,"hasCalloutUpdate":true,"hasCalloutDelete":true}
[AnnotationHydrationGate][first-page] {"documentId":"484e4280-bca3-4ebe-bde7-d9371da0f528","pdfId":"test.pdf-2462","pageNumber":1,"ready":true,"visualCoverActive":false,"normal":{"documentId":"484e4280-bca3-4ebe-bde7-d9371da0f528","pdfId":"test.pdf-2462","ready":true,"source":"supabase-durable-snapshot","normalReady":true,"cutoverTs":"2026-05-10T04:21:04.376+00:00","count":115,"calloutCount":1,"firstPaintGate":true},"survey":{"ready":true,"source":"supabase-highlight","documentId":"484e4280-bca3-4ebe-bde7-d9371da0f528","pdfId":"test.pdf-2462","count":0}}
[AnnotationHydrationGate][visual-cover] {"documentId":"484e4280-bca3-4ebe-bde7-d9371da0f528","pdfId":"test.pdf-2462","pageNumber":1,"active":false,"reason":"hydration-ready"}
[Cloud render cache] doc=test.pdf-2462 painting verified cloud snapshot immediately — count=115.
[CSeries wipe] doc=test.pdf-2462 skip — wipe already ran this session.
[CloudSync][realtime] unsubscribing {"documentId":"484e4280-bca3-4ebe-bde7-d9371da0f528"}
[CloudSync][realtime] subscribe status {"status":"CLOSED","error":null}
console.warn @ [CloudSync][hook][state-obs] callout SHRINK suspicious {"prevCount":1,"currentCount":0,"delta":-1,"hydrated":false,"sameRefAsLastCallouts":false,"deletedCalloutIds":["callout-y538t3l2r-mowlwupu"],"intent":null,"classification":{"level":"warning","expected":false,"reason":"callouts-shrank-without-intent"},"stack":"    at commitHookEffectListMount (http://localhost:5173/node_modules/.vite/deps/chunk-DSUIPI7G.js?v=4844aadd:23793:34) |     at commitPassiveMountOnFiber (http://localhost:5173/node_modules/.vite/deps/chunk-DSUIPI7G.js?v=4844aadd:25034:19) |     at commitPassiveMountEffects_complete (http://localhost:5173/node_modules/.vite/deps/chunk-DSUIPI7G.js?v=4844aadd:25007:17) |     at commitPassiveMountEffects_begin (http://localhost:5173/node_modules/.vite/deps/chunk-DSUIPI7G.js?v=4844aadd:24997:15) |     at commitPassiveMountEffects (http://localhost:5173/node_modules/.vite/deps/chunk-DSUIPI7G.js?v=4844aadd:24987:11) |     at flushPassiveEffectsImpl (http://localhost:5173/node_modules/.vite/deps/chunk-DSUIPI7G.js?v=4844aadd:26368:11)"}
[AnnotationHydrationGate][first-page] {"documentId":"484e4280-bca3-4ebe-bde7-d9371da0f528","pdfId":"test.pdf-2462","pageNumber":1,"ready":false,"visualCoverActive":true,"normal":{"documentId":"484e4280-bca3-4ebe-bde7-d9371da0f528","pdfId":"test.pdf-2462","ready":false,"source":"starting","normalReady":false,"cutoverTs":"2026-05-10T04:21:04.376+00:00","count":null,"calloutCount":null,"firstPaintGate":true},"survey":{"ready":false,"source":"supabase-highlight-starting","documentId":"484e4280-bca3-4ebe-bde7-d9371da0f528","pdfId":"test.pdf-2462"}}
[AnnotationHydrationGate][visual-cover] {"documentId":"484e4280-bca3-4ebe-bde7-d9371da0f528","pdfId":"test.pdf-2462","pageNumber":1,"active":true,"reason":"annotation-hydration-gated"}
[CloudSync][hook] cutover-complete hydrate — reading from Y.Doc {"documentId":"484e4280-bca3-4ebe-bde7-d9371da0f528","cutoverTs":"2026-05-10T04:21:04.376+00:00"}
[Phase31 UAT] hydrate:cutover-sealed {"documentId":"484e4280-bca3-4ebe-bde7-d9371da0f528","pdfId":"test.pdf-2462","cutoverTs":"2026-05-10T04:21:04.376+00:00","yMapSize":115,"yMapCalloutsSize":1,"materializedTotal":115,"materializedCallouts":1,"materializedDrawnByMe":115,"materializedDrawnByOthers":0,"materializedImported":0,"pages":1,"perPage":{"1":115},"currentStateCount":115,"ydocLooksDegenerate":false}
[Phase31 UAT] hydrate:cutover-sealed:by-type {"documentId":"484e4280-bca3-4ebe-bde7-d9371da0f528","pdfFile":"test.pdf-2462","viewerUserId":"170d915c-5741-4e0b-b03f-deaeedae27bd","yMapTotal":115,"yMapCalloutsTotal":1,"yMapByType":{"path":3,"circle":112},"yMapByAuthor":{"byMe":115,"byOthers":0,"anonymous":0},"yMapByTypeByAuthor":{"path":{"byMe":3,"byOthers":0,"anonymous":0},"circle":{"byMe":112,"byOthers":0,"anonymous":0}},"yMapPerTypePerPage":{"path":{"unknown":3},"circle":{"unknown":112}},"byPageTotal":115,"byPageByType":{"path":3,"circle":112},"byPagePerPagePerType":{"1":{"path":3,"circle":112}}}
[CloudSync][hydrate] loadAllNonHighlightAnnotations start {"documentId":"484e4280-bca3-4ebe-bde7-d9371da0f528"}
[HIGHLIGHT-SYNC][load.legacy][pdf=test.pdf] {"documentId":"484e4280-bca3-4ebe-bde7-d9371da0f528","totalRows":0,"fabricCarryingDropped":0,"keptCount":0,"keptIds":[]}
[AnnotationHydrationGate][survey] supabase highlights complete {"documentId":"484e4280-bca3-4ebe-bde7-d9371da0f528","pdfId":"test.pdf-2462","count":0}
[AnnotationHydrationGate][first-page] {"documentId":"484e4280-bca3-4ebe-bde7-d9371da0f528","pdfId":"test.pdf-2462","pageNumber":1,"ready":false,"visualCoverActive":true,"normal":{"documentId":"484e4280-bca3-4ebe-bde7-d9371da0f528","pdfId":"test.pdf-2462","ready":false,"source":"starting","normalReady":false,"cutoverTs":"2026-05-10T04:21:04.376+00:00","count":null,"calloutCount":null,"firstPaintGate":true},"survey":{"ready":true,"source":"supabase-highlight","documentId":"484e4280-bca3-4ebe-bde7-d9371da0f528","pdfId":"test.pdf-2462","count":0}}
[AnnotationHydrationGate][visual-cover] {"documentId":"484e4280-bca3-4ebe-bde7-d9371da0f528","pdfId":"test.pdf-2462","pageNumber":1,"active":true,"reason":"annotation-hydration-gated"}
[CloudSync][hook] fabric push skipped — not hydrated yet
[CloudSync][hook] callout push skipped — not hydrated yet
[CloudSync][realtime] subscribing {"documentId":"484e4280-bca3-4ebe-bde7-d9371da0f528","currentUserId":"170d915c-5741-4e0b-b03f-deaeedae27bd","currentSessionId":"64c7b2f8-1aa6-4f8e-b205-04ef09f20658","hasFabricInsert":true,"hasFabricUpdate":true,"hasFabricDelete":true,"hasCalloutInsert":true,"hasCalloutUpdate":true,"hasCalloutDelete":true}
[PDFImport] skipped embedded PDF annotation import — cloud/Y.Doc is authoritative {"documentId":"484e4280-bca3-4ebe-bde7-d9371da0f528"}
[CloudSync][realtime] subscribe status {"status":"SUBSCRIBED","error":null}
[Phase31 UAT] post-subscribe catch-up skipped — doc is cutover-sealed, Y.Doc + realtime is source of truth {"documentId":"484e4280-bca3-4ebe-bde7-d9371da0f528","pdfId":"test.pdf-2462","cutoverTs":"2026-05-10T04:21:04.376+00:00","ydocAuthoritative":true}
[PrintPanel] RENDER — panel closed
[CloudSync][hydrate] loadAllNonHighlightAnnotations ok {"elapsedMs":549,"totalRowsScanned":116,"scanned":{"nonHighlight":116,"legacyFabricHighlights":0},"totalRows":116,"rowsByType":{"counter":112,"callout":1,"ink":3},"pagesWithObjects":1,"calloutCount":1}
[CloudSync][verify] first read summary {"contextLabel":"cutover-source-of-truth","documentId":"484e4280-bca3-4ebe-bde7-d9371da0f528","elapsedMs":550,"firstFabricPages":1,"firstFabricObjects":115,"firstCallouts":1,"firstEmpty":false,"localFabricCount":115,"localCalloutCount":1,"localHasData":true,"willVerify":false}
[CloudSync][source-of-truth] cutover initial hydrate selected Supabase durable snapshot {"documentId":"484e4280-bca3-4ebe-bde7-d9371da0f528","pdfId":"test.pdf-2462","cutoverTs":"2026-05-10T04:21:04.376+00:00","ydocFabricCount":115,"ydocCalloutCount":1,"supabaseFabricCount":115,"supabaseCalloutCount":1,"rule":"Supabase durable snapshot wins initial load; Y.Doc is reshaped for live collaboration"}
[UndoDiag] {"seq":17,"order":null,"at":"2026-05-12T13:27:53.597Z","event":"yjs_history_added","actionType":"undo","rawActionType":"undo","annotationType":"fabric","annotationId":"ink-1777596993810-jmtlhkn2g","pageNumber":null,"lane":"Yjs/CRDT history","receivedStack":"yjsUndoStack","chosenStack":null,"chosenLane":"Yjs/CRDT history","decisionReason":null,"undoDepth":7,"redoDepth":0}
[Phase31 UAT] save:fan-out done {"documentId":"484e4280-bca3-4ebe-bde7-d9371da0f528","pdfId":"test.pdf-2462","userId":"170d915c-5741-4e0b-b03f-deaeedae27bd","dispatched":115,"detected":115,"skippedHighlightOrCallout":0,"skippedOtherType":0,"rawTypeBreakdown":{"counter":112,"pen":2,"path":1},"resolvedTypeBreakdown":{"counter":112,"ink":3},"skipReasons":{},"skipSamples":[],"yMapSizeAfter":115}
[CloudSync][hook] callout Y.Doc fan-out done {"documentId":"484e4280-bca3-4ebe-bde7-d9371da0f528","pdfId":"test.pdf-2462","userId":"170d915c-5741-4e0b-b03f-deaeedae27bd","upserted":1,"deleted":0,"yMapCalloutsSizeAfter":1}
[AnnotationHydrationGate][normal] {"documentId":"484e4280-bca3-4ebe-bde7-d9371da0f528","pdfId":"test.pdf-2462","ready":true,"source":"supabase-durable-snapshot","normalReady":true,"cutoverTs":"2026-05-10T04:21:04.376+00:00","count":115,"calloutCount":1,"firstPaintGate":true}
[AnnotationHydrationGate][first-page] {"documentId":"484e4280-bca3-4ebe-bde7-d9371da0f528","pdfId":"test.pdf-2462","pageNumber":1,"ready":true,"visualCoverActive":false,"normal":{"documentId":"484e4280-bca3-4ebe-bde7-d9371da0f528","pdfId":"test.pdf-2462","ready":true,"source":"supabase-durable-snapshot","normalReady":true,"cutoverTs":"2026-05-10T04:21:04.376+00:00","count":115,"calloutCount":1,"firstPaintGate":true},"survey":{"ready":true,"source":"supabase-highlight","documentId":"484e4280-bca3-4ebe-bde7-d9371da0f528","pdfId":"test.pdf-2462","count":0}}
[AnnotationHydrationGate][visual-cover] {"documentId":"484e4280-bca3-4ebe-bde7-d9371da0f528","pdfId":"test.pdf-2462","pageNumber":1,"active":false,"reason":"hydration-ready"}
[DebugBridge +1277088.6ms] pdf_loaded {"pageCount":3,"currentPage":1}
[HyperlinkDiag] post-load scan {"hyperlinkCount":0,"samples":[]}
[HyperlinkDiag] page 1 layers {"hyperlinkChildren":0,"layerClasses":["e-spinner-pane e-spin-hide","e-pv-page-canvas","e-pv-text-layer"]}
[HyperlinkDiag] page 2 layers {"hyperlinkChildren":0,"layerClasses":["e-spinner-pane e-spin-hide","e-pv-page-canvas","e-pv-text-layer"]}
[HyperlinkDiag] page 3 layers {"hyperlinkChildren":0,"layerClasses":["e-spinner-pane e-spin-hide","e-pv-page-canvas","e-pv-text-layer"]}
[SVGAnnotationLayer] setRotInputVisible(false) reason=selectedIds.size !== 1
[CloudSync][realtime] unsubscribing {"documentId":"484e4280-bca3-4ebe-bde7-d9371da0f528"}
[CloudSync][realtime] subscribe status {"status":"CLOSED","error":null}
[SVGAnnotationLayer] setRotInputVisible(false) reason=selectedIds.size !== 1
[CloudSync][hook] hydrate effect fired {"enabled":true,"hydrateEnabled":true,"documentId":"484e4280-bca3-4ebe-bde7-d9371da0f528","userId":"170d915c-5741-4e0b-b03f-deaeedae27bd","pdfId":"test.pdf-2462"}
[AnnotationHydrationGate][normal] {"documentId":"484e4280-bca3-4ebe-bde7-d9371da0f528","pdfId":"test.pdf-2462","ready":false,"source":"starting","normalReady":false,"cutoverTs":"2026-05-10T04:21:04.376+00:00","count":null,"calloutCount":null,"firstPaintGate":true}
[CloudSync][hook] stage=hydrating
[CloudSync][hook] fabric push skipped — not hydrated yet
[CloudSync][hook] callout push skipped — not hydrated yet
[CloudSync][realtime] subscribing {"documentId":"484e4280-bca3-4ebe-bde7-d9371da0f528","currentUserId":"170d915c-5741-4e0b-b03f-deaeedae27bd","currentSessionId":"64c7b2f8-1aa6-4f8e-b205-04ef09f20658","hasFabricInsert":true,"hasFabricUpdate":true,"hasFabricDelete":true,"hasCalloutInsert":true,"hasCalloutUpdate":true,"hasCalloutDelete":true}
[AnnotationHydrationGate][first-page] {"documentId":"484e4280-bca3-4ebe-bde7-d9371da0f528","pdfId":"test.pdf-2462","pageNumber":1,"ready":true,"visualCoverActive":false,"normal":{"documentId":"484e4280-bca3-4ebe-bde7-d9371da0f528","pdfId":"test.pdf-2462","ready":true,"source":"supabase-durable-snapshot","normalReady":true,"cutoverTs":"2026-05-10T04:21:04.376+00:00","count":115,"calloutCount":1,"firstPaintGate":true},"survey":{"ready":true,"source":"supabase-highlight","documentId":"484e4280-bca3-4ebe-bde7-d9371da0f528","pdfId":"test.pdf-2462","count":0}}
[AnnotationHydrationGate][visual-cover] {"documentId":"484e4280-bca3-4ebe-bde7-d9371da0f528","pdfId":"test.pdf-2462","pageNumber":1,"active":false,"reason":"hydration-ready"}
[Cloud render cache] doc=test.pdf-2462 painting verified cloud snapshot immediately — count=115.
[CSeries wipe] doc=test.pdf-2462 skip — wipe already ran this session.
[CloudSync][realtime] unsubscribing {"documentId":"484e4280-bca3-4ebe-bde7-d9371da0f528"}
[CloudSync][realtime] subscribe status {"status":"CLOSED","error":null}
console.warn @ [CloudSync][hook][state-obs] callout SHRINK suspicious {"prevCount":1,"currentCount":0,"delta":-1,"hydrated":false,"sameRefAsLastCallouts":false,"deletedCalloutIds":["callout-y538t3l2r-mowlwupu"],"intent":null,"classification":{"level":"warning","expected":false,"reason":"callouts-shrank-without-intent"},"stack":"    at commitHookEffectListMount (http://localhost:5173/node_modules/.vite/deps/chunk-DSUIPI7G.js?v=4844aadd:23793:34) |     at commitPassiveMountOnFiber (http://localhost:5173/node_modules/.vite/deps/chunk-DSUIPI7G.js?v=4844aadd:25034:19) |     at commitPassiveMountEffects_complete (http://localhost:5173/node_modules/.vite/deps/chunk-DSUIPI7G.js?v=4844aadd:25007:17) |     at commitPassiveMountEffects_begin (http://localhost:5173/node_modules/.vite/deps/chunk-DSUIPI7G.js?v=4844aadd:24997:15) |     at commitPassiveMountEffects (http://localhost:5173/node_modules/.vite/deps/chunk-DSUIPI7G.js?v=4844aadd:24987:11) |     at flushPassiveEffectsImpl (http://localhost:5173/node_modules/.vite/deps/chunk-DSUIPI7G.js?v=4844aadd:26368:11)"}
[AnnotationHydrationGate][first-page] {"documentId":"484e4280-bca3-4ebe-bde7-d9371da0f528","pdfId":"test.pdf-2462","pageNumber":1,"ready":false,"visualCoverActive":true,"normal":{"documentId":"484e4280-bca3-4ebe-bde7-d9371da0f528","pdfId":"test.pdf-2462","ready":false,"source":"starting","normalReady":false,"cutoverTs":"2026-05-10T04:21:04.376+00:00","count":null,"calloutCount":null,"firstPaintGate":true},"survey":{"ready":false,"source":"supabase-highlight-starting","documentId":"484e4280-bca3-4ebe-bde7-d9371da0f528","pdfId":"test.pdf-2462"}}
[AnnotationHydrationGate][visual-cover] {"documentId":"484e4280-bca3-4ebe-bde7-d9371da0f528","pdfId":"test.pdf-2462","pageNumber":1,"active":true,"reason":"annotation-hydration-gated"}
[HIGHLIGHT-SYNC][load.legacy][pdf=test.pdf] {"documentId":"484e4280-bca3-4ebe-bde7-d9371da0f528","totalRows":0,"fabricCarryingDropped":0,"keptCount":0,"keptIds":[]}
[AnnotationHydrationGate][survey] supabase highlights complete {"documentId":"484e4280-bca3-4ebe-bde7-d9371da0f528","pdfId":"test.pdf-2462","count":0}
[CloudSync][hook] cutover-complete hydrate — reading from Y.Doc {"documentId":"484e4280-bca3-4ebe-bde7-d9371da0f528","cutoverTs":"2026-05-10T04:21:04.376+00:00"}
[Phase31 UAT] hydrate:cutover-sealed {"documentId":"484e4280-bca3-4ebe-bde7-d9371da0f528","pdfId":"test.pdf-2462","cutoverTs":"2026-05-10T04:21:04.376+00:00","yMapSize":115,"yMapCalloutsSize":1,"materializedTotal":115,"materializedCallouts":1,"materializedDrawnByMe":115,"materializedDrawnByOthers":0,"materializedImported":0,"pages":1,"perPage":{"1":115},"currentStateCount":115,"ydocLooksDegenerate":false}
[Phase31 UAT] hydrate:cutover-sealed:by-type {"documentId":"484e4280-bca3-4ebe-bde7-d9371da0f528","pdfFile":"test.pdf-2462","viewerUserId":"170d915c-5741-4e0b-b03f-deaeedae27bd","yMapTotal":115,"yMapCalloutsTotal":1,"yMapByType":{"path":3,"circle":112},"yMapByAuthor":{"byMe":115,"byOthers":0,"anonymous":0},"yMapByTypeByAuthor":{"path":{"byMe":3,"byOthers":0,"anonymous":0},"circle":{"byMe":112,"byOthers":0,"anonymous":0}},"yMapPerTypePerPage":{"path":{"unknown":3},"circle":{"unknown":112}},"byPageTotal":115,"byPageByType":{"path":3,"circle":112},"byPagePerPagePerType":{"1":{"path":3,"circle":112}}}
[CloudSync][hydrate] loadAllNonHighlightAnnotations start {"documentId":"484e4280-bca3-4ebe-bde7-d9371da0f528"}
[AnnotationHydrationGate][first-page] {"documentId":"484e4280-bca3-4ebe-bde7-d9371da0f528","pdfId":"test.pdf-2462","pageNumber":1,"ready":false,"visualCoverActive":true,"normal":{"documentId":"484e4280-bca3-4ebe-bde7-d9371da0f528","pdfId":"test.pdf-2462","ready":false,"source":"starting","normalReady":false,"cutoverTs":"2026-05-10T04:21:04.376+00:00","count":null,"calloutCount":null,"firstPaintGate":true},"survey":{"ready":true,"source":"supabase-highlight","documentId":"484e4280-bca3-4ebe-bde7-d9371da0f528","pdfId":"test.pdf-2462","count":0}}
[AnnotationHydrationGate][visual-cover] {"documentId":"484e4280-bca3-4ebe-bde7-d9371da0f528","pdfId":"test.pdf-2462","pageNumber":1,"active":true,"reason":"annotation-hydration-gated"}
[PDFImport] skipped embedded PDF annotation import — cloud/Y.Doc is authoritative {"documentId":"484e4280-bca3-4ebe-bde7-d9371da0f528"}
[CloudSync][hook] fabric push skipped — not hydrated yet
[CloudSync][hook] callout push skipped — not hydrated yet
[CloudSync][realtime] subscribing {"documentId":"484e4280-bca3-4ebe-bde7-d9371da0f528","currentUserId":"170d915c-5741-4e0b-b03f-deaeedae27bd","currentSessionId":"64c7b2f8-1aa6-4f8e-b205-04ef09f20658","hasFabricInsert":true,"hasFabricUpdate":true,"hasFabricDelete":true,"hasCalloutInsert":true,"hasCalloutUpdate":true,"hasCalloutDelete":true}
[PDFCounterImport] summary {"marker":"survey-counter","metadataKey":"SurveyApp","counterAnnotationsImported":0,"plainCirclesImported":0,"counterMetadataParseFailures":0}
[PrintPanel] RENDER — panel closed
[CloudSync][realtime] subscribe status {"status":"SUBSCRIBED","error":null}
[Phase31 UAT] post-subscribe catch-up skipped — doc is cutover-sealed, Y.Doc + realtime is source of truth {"documentId":"484e4280-bca3-4ebe-bde7-d9371da0f528","pdfId":"test.pdf-2462","cutoverTs":"2026-05-10T04:21:04.376+00:00","ydocAuthoritative":true}
[CloudSync][hydrate] loadAllNonHighlightAnnotations ok {"elapsedMs":440,"totalRowsScanned":116,"scanned":{"nonHighlight":116,"legacyFabricHighlights":0},"totalRows":116,"rowsByType":{"counter":112,"callout":1,"ink":3},"pagesWithObjects":1,"calloutCount":1}
[CloudSync][verify] first read summary {"contextLabel":"cutover-source-of-truth","documentId":"484e4280-bca3-4ebe-bde7-d9371da0f528","elapsedMs":441,"firstFabricPages":1,"firstFabricObjects":115,"firstCallouts":1,"firstEmpty":false,"localFabricCount":115,"localCalloutCount":1,"localHasData":true,"willVerify":false}
[CloudSync][source-of-truth] cutover initial hydrate selected Supabase durable snapshot {"documentId":"484e4280-bca3-4ebe-bde7-d9371da0f528","pdfId":"test.pdf-2462","cutoverTs":"2026-05-10T04:21:04.376+00:00","ydocFabricCount":115,"ydocCalloutCount":1,"supabaseFabricCount":115,"supabaseCalloutCount":1,"rule":"Supabase durable snapshot wins initial load; Y.Doc is reshaped for live collaboration"}
[UndoDiag] {"seq":19,"order":null,"at":"2026-05-12T13:28:09.444Z","event":"yjs_history_added","actionType":"undo","rawActionType":"undo","annotationType":"fabric","annotationId":"ink-1777596993810-jmtlhkn2g","pageNumber":null,"lane":"Yjs/CRDT history","receivedStack":"yjsUndoStack","chosenStack":null,"chosenLane":"Yjs/CRDT history","decisionReason":null,"undoDepth":8,"redoDepth":0}
[Phase31 UAT] save:fan-out done {"documentId":"484e4280-bca3-4ebe-bde7-d9371da0f528","pdfId":"test.pdf-2462","userId":"170d915c-5741-4e0b-b03f-deaeedae27bd","dispatched":115,"detected":115,"skippedHighlightOrCallout":0,"skippedOtherType":0,"rawTypeBreakdown":{"counter":112,"pen":2,"path":1},"resolvedTypeBreakdown":{"counter":112,"ink":3},"skipReasons":{},"skipSamples":[],"yMapSizeAfter":115}
[CloudSync][hook] callout Y.Doc fan-out done {"documentId":"484e4280-bca3-4ebe-bde7-d9371da0f528","pdfId":"test.pdf-2462","userId":"170d915c-5741-4e0b-b03f-deaeedae27bd","upserted":1,"deleted":0,"yMapCalloutsSizeAfter":1}
[AnnotationHydrationGate][normal] {"documentId":"484e4280-bca3-4ebe-bde7-d9371da0f528","pdfId":"test.pdf-2462","ready":true,"source":"supabase-durable-snapshot","normalReady":true,"cutoverTs":"2026-05-10T04:21:04.376+00:00","count":115,"calloutCount":1,"firstPaintGate":true}
[AnnotationHydrationGate][first-page] {"documentId":"484e4280-bca3-4ebe-bde7-d9371da0f528","pdfId":"test.pdf-2462","pageNumber":1,"ready":true,"visualCoverActive":false,"normal":{"documentId":"484e4280-bca3-4ebe-bde7-d9371da0f528","pdfId":"test.pdf-2462","ready":true,"source":"supabase-durable-snapshot","normalReady":true,"cutoverTs":"2026-05-10T04:21:04.376+00:00","count":115,"calloutCount":1,"firstPaintGate":true},"survey":{"ready":true,"source":"supabase-highlight","documentId":"484e4280-bca3-4ebe-bde7-d9371da0f528","pdfId":"test.pdf-2462","count":0}}
[AnnotationHydrationGate][visual-cover] {"documentId":"484e4280-bca3-4ebe-bde7-d9371da0f528","pdfId":"test.pdf-2462","pageNumber":1,"active":false,"reason":"hydration-ready"}
[SVGAnnotationLayer] setRotInputVisible(false) reason=selectedIds.size !== 1
[DebugBridge +1293011.3ms] pdf_loaded {"pageCount":3,"currentPage":1}
[HyperlinkDiag] post-load scan {"hyperlinkCount":0,"samples":[]}
[HyperlinkDiag] page 1 layers {"hyperlinkChildren":0,"layerClasses":["e-spinner-pane e-spin-hide","e-pv-page-canvas","e-pv-text-layer","DIV"]}
[HyperlinkDiag] page 2 layers {"hyperlinkChildren":0,"layerClasses":["e-spinner-pane e-spin-hide","e-pv-page-canvas","e-pv-text-layer","DIV"]}
[HyperlinkDiag] page 3 layers {"hyperlinkChildren":0,"layerClasses":["e-spinner-pane e-spin-hide","e-pv-page-canvas","e-pv-text-layer","DIV"]}
[CloudSync][realtime] unsubscribing {"documentId":"484e4280-bca3-4ebe-bde7-d9371da0f528"}
[CloudSync][realtime] subscribe status {"status":"CLOSED","error":null}
[SVGAnnotationLayer] setRotInputVisible(false) reason=selectedIds.size !== 1
[CloudSync][hook] hydrate effect fired {"enabled":true,"hydrateEnabled":true,"documentId":"484e4280-bca3-4ebe-bde7-d9371da0f528","userId":"170d915c-5741-4e0b-b03f-deaeedae27bd","pdfId":"test.pdf-2462"}
[AnnotationHydrationGate][normal] {"documentId":"484e4280-bca3-4ebe-bde7-d9371da0f528","pdfId":"test.pdf-2462","ready":false,"source":"starting","normalReady":false,"cutoverTs":"2026-05-10T04:21:04.376+00:00","count":null,"calloutCount":null,"firstPaintGate":true}
[CloudSync][hook] stage=hydrating
[CloudSync][hook] fabric push skipped — not hydrated yet
[CloudSync][hook] callout push skipped — not hydrated yet
[CloudSync][realtime] subscribing {"documentId":"484e4280-bca3-4ebe-bde7-d9371da0f528","currentUserId":"170d915c-5741-4e0b-b03f-deaeedae27bd","currentSessionId":"64c7b2f8-1aa6-4f8e-b205-04ef09f20658","hasFabricInsert":true,"hasFabricUpdate":true,"hasFabricDelete":true,"hasCalloutInsert":true,"hasCalloutUpdate":true,"hasCalloutDelete":true}
[AnnotationHydrationGate][first-page] {"documentId":"484e4280-bca3-4ebe-bde7-d9371da0f528","pdfId":"test.pdf-2462","pageNumber":1,"ready":true,"visualCoverActive":false,"normal":{"documentId":"484e4280-bca3-4ebe-bde7-d9371da0f528","pdfId":"test.pdf-2462","ready":true,"source":"supabase-durable-snapshot","normalReady":true,"cutoverTs":"2026-05-10T04:21:04.376+00:00","count":115,"calloutCount":1,"firstPaintGate":true},"survey":{"ready":true,"source":"supabase-highlight","documentId":"484e4280-bca3-4ebe-bde7-d9371da0f528","pdfId":"test.pdf-2462","count":0}}
[AnnotationHydrationGate][visual-cover] {"documentId":"484e4280-bca3-4ebe-bde7-d9371da0f528","pdfId":"test.pdf-2462","pageNumber":1,"active":false,"reason":"hydration-ready"}
[Cloud render cache] doc=test.pdf-2462 painting verified cloud snapshot immediately — count=115.
[CSeries wipe] doc=test.pdf-2462 skip — wipe already ran this session.
[CloudSync][realtime] unsubscribing {"documentId":"484e4280-bca3-4ebe-bde7-d9371da0f528"}
[CloudSync][realtime] subscribe status {"status":"CLOSED","error":null}
console.warn @ [CloudSync][hook][state-obs] callout SHRINK suspicious {"prevCount":1,"currentCount":0,"delta":-1,"hydrated":false,"sameRefAsLastCallouts":false,"deletedCalloutIds":["callout-y538t3l2r-mowlwupu"],"intent":null,"classification":{"level":"warning","expected":false,"reason":"callouts-shrank-without-intent"},"stack":"    at commitHookEffectListMount (http://localhost:5173/node_modules/.vite/deps/chunk-DSUIPI7G.js?v=4844aadd:23793:34) |     at commitPassiveMountOnFiber (http://localhost:5173/node_modules/.vite/deps/chunk-DSUIPI7G.js?v=4844aadd:25034:19) |     at commitPassiveMountEffects_complete (http://localhost:5173/node_modules/.vite/deps/chunk-DSUIPI7G.js?v=4844aadd:25007:17) |     at commitPassiveMountEffects_begin (http://localhost:5173/node_modules/.vite/deps/chunk-DSUIPI7G.js?v=4844aadd:24997:15) |     at commitPassiveMountEffects (http://localhost:5173/node_modules/.vite/deps/chunk-DSUIPI7G.js?v=4844aadd:24987:11) |     at flushPassiveEffectsImpl (http://localhost:5173/node_modules/.vite/deps/chunk-DSUIPI7G.js?v=4844aadd:26368:11)"}
[AnnotationHydrationGate][first-page] {"documentId":"484e4280-bca3-4ebe-bde7-d9371da0f528","pdfId":"test.pdf-2462","pageNumber":1,"ready":false,"visualCoverActive":true,"normal":{"documentId":"484e4280-bca3-4ebe-bde7-d9371da0f528","pdfId":"test.pdf-2462","ready":false,"source":"starting","normalReady":false,"cutoverTs":"2026-05-10T04:21:04.376+00:00","count":null,"calloutCount":null,"firstPaintGate":true},"survey":{"ready":false,"source":"supabase-highlight-starting","documentId":"484e4280-bca3-4ebe-bde7-d9371da0f528","pdfId":"test.pdf-2462"}}
[AnnotationHydrationGate][visual-cover] {"documentId":"484e4280-bca3-4ebe-bde7-d9371da0f528","pdfId":"test.pdf-2462","pageNumber":1,"active":true,"reason":"annotation-hydration-gated"}
[CloudSync][hook] cutover-complete hydrate — reading from Y.Doc {"documentId":"484e4280-bca3-4ebe-bde7-d9371da0f528","cutoverTs":"2026-05-10T04:21:04.376+00:00"}
[Phase31 UAT] hydrate:cutover-sealed {"documentId":"484e4280-bca3-4ebe-bde7-d9371da0f528","pdfId":"test.pdf-2462","cutoverTs":"2026-05-10T04:21:04.376+00:00","yMapSize":115,"yMapCalloutsSize":1,"materializedTotal":115,"materializedCallouts":1,"materializedDrawnByMe":115,"materializedDrawnByOthers":0,"materializedImported":0,"pages":1,"perPage":{"1":115},"currentStateCount":115,"ydocLooksDegenerate":false}
[Phase31 UAT] hydrate:cutover-sealed:by-type {"documentId":"484e4280-bca3-4ebe-bde7-d9371da0f528","pdfFile":"test.pdf-2462","viewerUserId":"170d915c-5741-4e0b-b03f-deaeedae27bd","yMapTotal":115,"yMapCalloutsTotal":1,"yMapByType":{"path":3,"circle":112},"yMapByAuthor":{"byMe":115,"byOthers":0,"anonymous":0},"yMapByTypeByAuthor":{"path":{"byMe":3,"byOthers":0,"anonymous":0},"circle":{"byMe":112,"byOthers":0,"anonymous":0}},"yMapPerTypePerPage":{"path":{"unknown":3},"circle":{"unknown":112}},"byPageTotal":115,"byPageByType":{"path":3,"circle":112},"byPagePerPagePerType":{"1":{"path":3,"circle":112}}}
[CloudSync][hydrate] loadAllNonHighlightAnnotations start {"documentId":"484e4280-bca3-4ebe-bde7-d9371da0f528"}
[HIGHLIGHT-SYNC][load.legacy][pdf=test.pdf] {"documentId":"484e4280-bca3-4ebe-bde7-d9371da0f528","totalRows":0,"fabricCarryingDropped":0,"keptCount":0,"keptIds":[]}
[AnnotationHydrationGate][survey] supabase highlights complete {"documentId":"484e4280-bca3-4ebe-bde7-d9371da0f528","pdfId":"test.pdf-2462","count":0}
[AnnotationHydrationGate][first-page] {"documentId":"484e4280-bca3-4ebe-bde7-d9371da0f528","pdfId":"test.pdf-2462","pageNumber":1,"ready":false,"visualCoverActive":true,"normal":{"documentId":"484e4280-bca3-4ebe-bde7-d9371da0f528","pdfId":"test.pdf-2462","ready":false,"source":"starting","normalReady":false,"cutoverTs":"2026-05-10T04:21:04.376+00:00","count":null,"calloutCount":null,"firstPaintGate":true},"survey":{"ready":true,"source":"supabase-highlight","documentId":"484e4280-bca3-4ebe-bde7-d9371da0f528","pdfId":"test.pdf-2462","count":0}}
[AnnotationHydrationGate][visual-cover] {"documentId":"484e4280-bca3-4ebe-bde7-d9371da0f528","pdfId":"test.pdf-2462","pageNumber":1,"active":true,"reason":"annotation-hydration-gated"}
[PDFImport] skipped embedded PDF annotation import — cloud/Y.Doc is authoritative {"documentId":"484e4280-bca3-4ebe-bde7-d9371da0f528"}
[PDFCounterImport] summary {"marker":"survey-counter","metadataKey":"SurveyApp","counterAnnotationsImported":0,"plainCirclesImported":0,"counterMetadataParseFailures":0}
[PrintPanel] RENDER — panel closed
[CloudSync][hook] fabric push skipped — not hydrated yet
[CloudSync][hook] callout push skipped — not hydrated yet
[CloudSync][realtime] subscribing {"documentId":"484e4280-bca3-4ebe-bde7-d9371da0f528","currentUserId":"170d915c-5741-4e0b-b03f-deaeedae27bd","currentSessionId":"64c7b2f8-1aa6-4f8e-b205-04ef09f20658","hasFabricInsert":true,"hasFabricUpdate":true,"hasFabricDelete":true,"hasCalloutInsert":true,"hasCalloutUpdate":true,"hasCalloutDelete":true}
[CloudSync][realtime] subscribe status {"status":"SUBSCRIBED","error":null}
[Phase31 UAT] post-subscribe catch-up skipped — doc is cutover-sealed, Y.Doc + realtime is source of truth {"documentId":"484e4280-bca3-4ebe-bde7-d9371da0f528","pdfId":"test.pdf-2462","cutoverTs":"2026-05-10T04:21:04.376+00:00","ydocAuthoritative":true}
[CloudSync][hydrate] loadAllNonHighlightAnnotations ok {"elapsedMs":217,"totalRowsScanned":116,"scanned":{"nonHighlight":116,"legacyFabricHighlights":0},"totalRows":116,"rowsByType":{"counter":112,"callout":1,"ink":3},"pagesWithObjects":1,"calloutCount":1}
[CloudSync][verify] first read summary {"contextLabel":"cutover-source-of-truth","documentId":"484e4280-bca3-4ebe-bde7-d9371da0f528","elapsedMs":217,"firstFabricPages":1,"firstFabricObjects":115,"firstCallouts":1,"firstEmpty":false,"localFabricCount":115,"localCalloutCount":1,"localHasData":true,"willVerify":false}
[CloudSync][source-of-truth] cutover initial hydrate selected Supabase durable snapshot {"documentId":"484e4280-bca3-4ebe-bde7-d9371da0f528","pdfId":"test.pdf-2462","cutoverTs":"2026-05-10T04:21:04.376+00:00","ydocFabricCount":115,"ydocCalloutCount":1,"supabaseFabricCount":115,"supabaseCalloutCount":1,"rule":"Supabase durable snapshot wins initial load; Y.Doc is reshaped for live collaboration"}
[UndoDiag] {"seq":21,"order":null,"at":"2026-05-12T13:30:11.375Z","event":"yjs_history_added","actionType":"undo","rawActionType":"undo","annotationType":"fabric","annotationId":"ink-1777596993810-jmtlhkn2g","pageNumber":null,"lane":"Yjs/CRDT history","receivedStack":"yjsUndoStack","chosenStack":null,"chosenLane":"Yjs/CRDT history","decisionReason":null,"undoDepth":9,"redoDepth":0}
[Phase31 UAT] save:fan-out done {"documentId":"484e4280-bca3-4ebe-bde7-d9371da0f528","pdfId":"test.pdf-2462","userId":"170d915c-5741-4e0b-b03f-deaeedae27bd","dispatched":115,"detected":115,"skippedHighlightOrCallout":0,"skippedOtherType":0,"rawTypeBreakdown":{"counter":112,"pen":2,"path":1},"resolvedTypeBreakdown":{"counter":112,"ink":3},"skipReasons":{},"skipSamples":[],"yMapSizeAfter":115}
[CloudSync][hook] callout Y.Doc fan-out done {"documentId":"484e4280-bca3-4ebe-bde7-d9371da0f528","pdfId":"test.pdf-2462","userId":"170d915c-5741-4e0b-b03f-deaeedae27bd","upserted":1,"deleted":0,"yMapCalloutsSizeAfter":1}
[AnnotationHydrationGate][normal] {"documentId":"484e4280-bca3-4ebe-bde7-d9371da0f528","pdfId":"test.pdf-2462","ready":true,"source":"supabase-durable-snapshot","normalReady":true,"cutoverTs":"2026-05-10T04:21:04.376+00:00","count":115,"calloutCount":1,"firstPaintGate":true}
[AnnotationHydrationGate][first-page] {"documentId":"484e4280-bca3-4ebe-bde7-d9371da0f528","pdfId":"test.pdf-2462","pageNumber":1,"ready":true,"visualCoverActive":false,"normal":{"documentId":"484e4280-bca3-4ebe-bde7-d9371da0f528","pdfId":"test.pdf-2462","ready":true,"source":"supabase-durable-snapshot","normalReady":true,"cutoverTs":"2026-05-10T04:21:04.376+00:00","count":115,"calloutCount":1,"firstPaintGate":true},"survey":{"ready":true,"source":"supabase-highlight","documentId":"484e4280-bca3-4ebe-bde7-d9371da0f528","pdfId":"test.pdf-2462","count":0}}
[AnnotationHydrationGate][visual-cover] {"documentId":"484e4280-bca3-4ebe-bde7-d9371da0f528","pdfId":"test.pdf-2462","pageNumber":1,"active":false,"reason":"hydration-ready"}
[DebugBridge +1415111.5ms] pdf_loaded {"pageCount":3,"currentPage":1}
[HyperlinkDiag] post-load scan {"hyperlinkCount":0,"samples":[]}
[HyperlinkDiag] page 1 layers {"hyperlinkChildren":0,"layerClasses":["e-spinner-pane e-spin-hide","e-pv-page-canvas","e-pv-text-layer"]}
[HyperlinkDiag] page 2 layers {"hyperlinkChildren":0,"layerClasses":["e-spinner-pane e-spin-hide","e-pv-page-canvas","e-pv-text-layer"]}
[HyperlinkDiag] page 3 layers {"hyperlinkChildren":0,"layerClasses":["e-spinner-pane e-spin-hide","e-pv-page-canvas","e-pv-text-layer"]}
[SVGAnnotationLayer] setRotInputVisible(false) reason=selectedIds.size !== 1
[Phase31 UAT] focus rehydrate skipped — doc is cutover-sealed, Y.Doc + realtime is source of truth {"documentId":"484e4280-bca3-4ebe-bde7-d9371da0f528","pdfId":"test.pdf-2462","cutoverTs":"2026-05-10T04:21:04.376+00:00","ydocAuthoritative":true}
[CloudSync][realtime] unsubscribing {"documentId":"484e4280-bca3-4ebe-bde7-d9371da0f528"}
[CloudSync][realtime] subscribe status {"status":"CLOSED","error":null}
[CloudSync][hook] session id minted {"sessionId":"29144a45-4079-4415-8db3-6943a00e6949"}
[CloudSync][hook] session id minted {"sessionId":"0bc57cbc-c39b-4c7c-ac4e-b36ab04f9a0c"}
[CloudSync][hook][state-obs] annotationsByPage initial {"currentCount":0,"pages":0,"hydrated":false}
[CloudSync][hook][state-obs] callouts initial {"currentCount":0,"hydrated":false}
[CloudSync][hook] hydrate effect fired {"enabled":false,"hydrateEnabled":true,"documentId":"484e4280-bca3-4ebe-bde7-d9371da0f528","userId":"170d915c-5741-4e0b-b03f-deaeedae27bd","pdfId":null}
[CloudSync][hook] hydrate skipped — missing prerequisite {"hydrateEnabled":true,"hasDocumentId":true,"hasUserId":true,"hasPdfId":false}
[AnnotationHydrationGate][normal] {"documentId":"484e4280-bca3-4ebe-bde7-d9371da0f528","pdfId":null,"ready":false,"source":"missing-prerequisite","normalReady":false,"cutoverTs":null,"count":null,"calloutCount":null,"firstPaintGate":true}
[AnnotationHydrationGate][first-page] {"documentId":"484e4280-bca3-4ebe-bde7-d9371da0f528","pdfId":null,"pageNumber":1,"ready":false,"visualCoverActive":true,"normal":{"documentId":"484e4280-bca3-4ebe-bde7-d9371da0f528","pdfId":null,"ready":false,"source":"pending","firstPaintGate":true},"survey":{"ready":true,"source":"local"}}
[AnnotationHydrationGate][visual-cover] {"documentId":"484e4280-bca3-4ebe-bde7-d9371da0f528","pdfId":null,"pageNumber":1,"active":true,"reason":"annotation-hydration-gated"}
[Cloud render cache] doc=test.pdf-2462 painting verified cloud snapshot immediately — count=115.
[CSeries wipe] doc=test.pdf-2462 totalCounters=112 legacyRemoved=0 — nothing to wipe.
[Phase31 UAT] backfill:effect {"hasYdoc":true,"docId":"484e4280-bca3-4ebe-bde7-d9371da0f528","userId":null,"alreadyRanFor":null,"willRun":false}
[CloudSync][hook][state-obs] annotationsByPage initial {"currentCount":0,"pages":0,"hydrated":false}
[CloudSync][hook][state-obs] callouts initial {"currentCount":0,"hydrated":false}
[CloudSync][hook] hydrate effect fired {"enabled":false,"hydrateEnabled":true,"documentId":"eddb45fc-3a0c-49fd-9615-124dd5434d96","userId":"170d915c-5741-4e0b-b03f-deaeedae27bd","pdfId":null}
[CloudSync][hook] hydrate skipped — missing prerequisite {"hydrateEnabled":true,"hasDocumentId":true,"hasUserId":true,"hasPdfId":false}
[AnnotationHydrationGate][normal] {"documentId":"eddb45fc-3a0c-49fd-9615-124dd5434d96","pdfId":null,"ready":false,"source":"missing-prerequisite","normalReady":false,"cutoverTs":null,"count":null,"calloutCount":null,"firstPaintGate":true}
[AnnotationHydrationGate][first-page] {"documentId":"eddb45fc-3a0c-49fd-9615-124dd5434d96","pdfId":null,"pageNumber":1,"ready":false,"visualCoverActive":true,"normal":{"documentId":"eddb45fc-3a0c-49fd-9615-124dd5434d96","pdfId":null,"ready":false,"source":"pending","firstPaintGate":true},"survey":{"ready":true,"source":"local"}}
[AnnotationHydrationGate][visual-cover] {"documentId":"eddb45fc-3a0c-49fd-9615-124dd5434d96","pdfId":null,"pageNumber":1,"active":true,"reason":"annotation-hydration-gated"}
[Cloud render cache] doc=3.pdf-26264537 painting verified cloud snapshot immediately — count=540.
[CSeries wipe] doc=3.pdf-26264537 totalCounters=0 legacyRemoved=0 — nothing to wipe.
[Phase31 UAT] backfill:effect {"hasYdoc":true,"docId":"eddb45fc-3a0c-49fd-9615-124dd5434d96","userId":null,"alreadyRanFor":null,"willRun":false}
[CloudSync][hook] hydrate effect fired {"enabled":false,"hydrateEnabled":true,"documentId":"484e4280-bca3-4ebe-bde7-d9371da0f528","userId":"170d915c-5741-4e0b-b03f-deaeedae27bd","pdfId":"test.pdf-2462"}
[AnnotationHydrationGate][normal] {"documentId":"484e4280-bca3-4ebe-bde7-d9371da0f528","pdfId":"test.pdf-2462","ready":false,"source":"starting","normalReady":false,"cutoverTs":null,"count":null,"calloutCount":null,"firstPaintGate":true}
[CloudSync][hook] stage=hydrating
[AnnotationHydrationGate][first-page] {"documentId":"484e4280-bca3-4ebe-bde7-d9371da0f528","pdfId":"test.pdf-2462","pageNumber":1,"ready":false,"visualCoverActive":true,"normal":{"documentId":"484e4280-bca3-4ebe-bde7-d9371da0f528","pdfId":null,"ready":false,"source":"missing-prerequisite","normalReady":false,"cutoverTs":null,"count":null,"calloutCount":null,"firstPaintGate":true},"survey":{"ready":false,"source":"supabase-highlight-starting","documentId":"484e4280-bca3-4ebe-bde7-d9371da0f528","pdfId":"test.pdf-2462"}}
[AnnotationHydrationGate][visual-cover] {"documentId":"484e4280-bca3-4ebe-bde7-d9371da0f528","pdfId":"test.pdf-2462","pageNumber":1,"active":true,"reason":"annotation-hydration-gated"}
[CloudSync][hook] hydrate effect fired {"enabled":false,"hydrateEnabled":true,"documentId":"eddb45fc-3a0c-49fd-9615-124dd5434d96","userId":"170d915c-5741-4e0b-b03f-deaeedae27bd","pdfId":"3.pdf-26264537"}
[AnnotationHydrationGate][normal] {"documentId":"eddb45fc-3a0c-49fd-9615-124dd5434d96","pdfId":"3.pdf-26264537","ready":false,"source":"starting","normalReady":false,"cutoverTs":null,"count":null,"calloutCount":null,"firstPaintGate":true}
[CloudSync][hook] stage=hydrating
[AnnotationHydrationGate][first-page] {"documentId":"eddb45fc-3a0c-49fd-9615-124dd5434d96","pdfId":"3.pdf-26264537","pageNumber":1,"ready":false,"visualCoverActive":true,"normal":{"documentId":"eddb45fc-3a0c-49fd-9615-124dd5434d96","pdfId":null,"ready":false,"source":"missing-prerequisite","normalReady":false,"cutoverTs":null,"count":null,"calloutCount":null,"firstPaintGate":true},"survey":{"ready":false,"source":"supabase-highlight-starting","documentId":"eddb45fc-3a0c-49fd-9615-124dd5434d96","pdfId":"3.pdf-26264537"}}
[AnnotationHydrationGate][visual-cover] {"documentId":"eddb45fc-3a0c-49fd-9615-124dd5434d96","pdfId":"3.pdf-26264537","pageNumber":1,"active":true,"reason":"annotation-hydration-gated"}
[AnnotationHydrationGate][first-page] {"documentId":"484e4280-bca3-4ebe-bde7-d9371da0f528","pdfId":"test.pdf-2462","pageNumber":1,"ready":false,"visualCoverActive":true,"normal":{"documentId":"484e4280-bca3-4ebe-bde7-d9371da0f528","pdfId":"test.pdf-2462","ready":false,"source":"starting","normalReady":false,"cutoverTs":null,"count":null,"calloutCount":null,"firstPaintGate":true},"survey":{"ready":false,"source":"supabase-highlight-starting","documentId":"484e4280-bca3-4ebe-bde7-d9371da0f528","pdfId":"test.pdf-2462"}}
[AnnotationHydrationGate][visual-cover] {"documentId":"484e4280-bca3-4ebe-bde7-d9371da0f528","pdfId":"test.pdf-2462","pageNumber":1,"active":true,"reason":"annotation-hydration-gated"}
[AnnotationHydrationGate][first-page] {"documentId":"eddb45fc-3a0c-49fd-9615-124dd5434d96","pdfId":"3.pdf-26264537","pageNumber":1,"ready":false,"visualCoverActive":true,"normal":{"documentId":"eddb45fc-3a0c-49fd-9615-124dd5434d96","pdfId":"3.pdf-26264537","ready":false,"source":"starting","normalReady":false,"cutoverTs":null,"count":null,"calloutCount":null,"firstPaintGate":true},"survey":{"ready":false,"source":"supabase-highlight-starting","documentId":"eddb45fc-3a0c-49fd-9615-124dd5434d96","pdfId":"3.pdf-26264537"}}
[AnnotationHydrationGate][visual-cover] {"documentId":"eddb45fc-3a0c-49fd-9615-124dd5434d96","pdfId":"3.pdf-26264537","pageNumber":1,"active":true,"reason":"annotation-hydration-gated"}
[Phase31 UAT] backfill:effect {"hasYdoc":true,"docId":"484e4280-bca3-4ebe-bde7-d9371da0f528","userId":"170d915c-5741-4e0b-b03f-deaeedae27bd","alreadyRanFor":null,"willRun":true}
[Phase31 UAT] backfill:start {"hasYdoc":true,"hasSupabase":true,"documentId":"484e4280-bca3-4ebe-bde7-d9371da0f528","userId":"170d915c-5741-4e0b-b03f-deaeedae27bd","markCutoverComplete":true}
[Phase31 UAT] backfill:effect {"hasYdoc":true,"docId":"eddb45fc-3a0c-49fd-9615-124dd5434d96","userId":"170d915c-5741-4e0b-b03f-deaeedae27bd","alreadyRanFor":null,"willRun":true}
[Phase31 UAT] backfill:start {"hasYdoc":true,"hasSupabase":true,"documentId":"eddb45fc-3a0c-49fd-9615-124dd5434d96","userId":"170d915c-5741-4e0b-b03f-deaeedae27bd","markCutoverComplete":true}
[CloudSync][hook] cutover-complete hydrate — reading from Y.Doc {"documentId":"eddb45fc-3a0c-49fd-9615-124dd5434d96","cutoverTs":"2026-05-12T13:06:45.603+00:00"}
[Phase31 UAT] hydrate:cutover-sealed {"documentId":"eddb45fc-3a0c-49fd-9615-124dd5434d96","pdfId":"3.pdf-26264537","cutoverTs":"2026-05-12T13:06:45.603+00:00","yMapSize":0,"yMapCalloutsSize":0,"materializedTotal":0,"materializedCallouts":0,"materializedDrawnByMe":0,"materializedDrawnByOthers":0,"materializedImported":0,"pages":0,"perPage":{},"currentStateCount":540,"ydocLooksDegenerate":true}
[Phase31 UAT] hydrate:cutover-sealed:by-type {"documentId":"eddb45fc-3a0c-49fd-9615-124dd5434d96","pdfFile":"3.pdf-26264537","viewerUserId":"170d915c-5741-4e0b-b03f-deaeedae27bd","yMapTotal":0,"yMapCalloutsTotal":0,"yMapByType":{},"yMapByAuthor":{"byMe":0,"byOthers":0,"anonymous":0},"yMapByTypeByAuthor":{},"yMapPerTypePerPage":{},"byPageTotal":0,"byPageByType":{},"byPagePerPagePerType":{}}
[CloudSync][hydrate] loadAllNonHighlightAnnotations start {"documentId":"eddb45fc-3a0c-49fd-9615-124dd5434d96"}
[CloudSync][hook] cutover-complete hydrate — reading from Y.Doc {"documentId":"484e4280-bca3-4ebe-bde7-d9371da0f528","cutoverTs":"2026-05-10T04:21:04.376+00:00"}
[Phase31 UAT] hydrate:cutover-sealed {"documentId":"484e4280-bca3-4ebe-bde7-d9371da0f528","pdfId":"test.pdf-2462","cutoverTs":"2026-05-10T04:21:04.376+00:00","yMapSize":115,"yMapCalloutsSize":1,"materializedTotal":115,"materializedCallouts":1,"materializedDrawnByMe":115,"materializedDrawnByOthers":0,"materializedImported":0,"pages":1,"perPage":{"1":115},"currentStateCount":115,"ydocLooksDegenerate":false}
[Phase31 UAT] hydrate:cutover-sealed:by-type {"documentId":"484e4280-bca3-4ebe-bde7-d9371da0f528","pdfFile":"test.pdf-2462","viewerUserId":"170d915c-5741-4e0b-b03f-deaeedae27bd","yMapTotal":115,"yMapCalloutsTotal":1,"yMapByType":{"path":3,"circle":112},"yMapByAuthor":{"byMe":115,"byOthers":0,"anonymous":0},"yMapByTypeByAuthor":{"path":{"byMe":3,"byOthers":0,"anonymous":0},"circle":{"byMe":112,"byOthers":0,"anonymous":0}},"yMapPerTypePerPage":{"path":{"unknown":3},"circle":{"unknown":112}},"byPageTotal":115,"byPageByType":{"path":3,"circle":112},"byPagePerPagePerType":{"1":{"path":3,"circle":112}}}
[CloudSync][hydrate] loadAllNonHighlightAnnotations start {"documentId":"484e4280-bca3-4ebe-bde7-d9371da0f528"}
[PDFImport] skipped embedded PDF annotation import — cloud/Y.Doc is authoritative {"documentId":"484e4280-bca3-4ebe-bde7-d9371da0f528"}
[HIGHLIGHT-SYNC][load.legacy][pdf=3.pdf] {"documentId":"484e4280-bca3-4ebe-bde7-d9371da0f528","totalRows":0,"fabricCarryingDropped":0,"keptCount":0,"keptIds":[]}
[AnnotationHydrationGate][survey] supabase highlights complete {"documentId":"484e4280-bca3-4ebe-bde7-d9371da0f528","pdfId":"test.pdf-2462","count":0}
[PDFCounterImport] summary {"marker":"survey-counter","metadataKey":"SurveyApp","counterAnnotationsImported":0,"plainCirclesImported":0,"counterMetadataParseFailures":0}
[AnnotationHydrationGate][first-page] {"documentId":"484e4280-bca3-4ebe-bde7-d9371da0f528","pdfId":"test.pdf-2462","pageNumber":1,"ready":false,"visualCoverActive":true,"normal":{"documentId":"484e4280-bca3-4ebe-bde7-d9371da0f528","pdfId":"test.pdf-2462","ready":false,"source":"starting","normalReady":false,"cutoverTs":null,"count":null,"calloutCount":null,"firstPaintGate":true},"survey":{"ready":true,"source":"supabase-highlight","documentId":"484e4280-bca3-4ebe-bde7-d9371da0f528","pdfId":"test.pdf-2462","count":0}}
[AnnotationHydrationGate][visual-cover] {"documentId":"484e4280-bca3-4ebe-bde7-d9371da0f528","pdfId":"test.pdf-2462","pageNumber":1,"active":true,"reason":"annotation-hydration-gated"}
[HIGHLIGHT-SYNC][load.legacy][pdf=3.pdf] {"documentId":"eddb45fc-3a0c-49fd-9615-124dd5434d96","totalRows":0,"fabricCarryingDropped":0,"keptCount":0,"keptIds":[]}
[AnnotationHydrationGate][survey] supabase highlights complete {"documentId":"eddb45fc-3a0c-49fd-9615-124dd5434d96","pdfId":"3.pdf-26264537","count":0}
[PrintPanel] RENDER — panel closed
[AnnotationHydrationGate][first-page] {"documentId":"eddb45fc-3a0c-49fd-9615-124dd5434d96","pdfId":"3.pdf-26264537","pageNumber":1,"ready":false,"visualCoverActive":true,"normal":{"documentId":"eddb45fc-3a0c-49fd-9615-124dd5434d96","pdfId":"3.pdf-26264537","ready":false,"source":"starting","normalReady":false,"cutoverTs":null,"count":null,"calloutCount":null,"firstPaintGate":true},"survey":{"ready":true,"source":"supabase-highlight","documentId":"eddb45fc-3a0c-49fd-9615-124dd5434d96","pdfId":"3.pdf-26264537","count":0}}
[AnnotationHydrationGate][visual-cover] {"documentId":"eddb45fc-3a0c-49fd-9615-124dd5434d96","pdfId":"3.pdf-26264537","pageNumber":1,"active":true,"reason":"annotation-hydration-gated"}
[Phase31 UAT] backfill:cutover-dedupe-anchor-skip {"documentId":"484e4280-bca3-4ebe-bde7-d9371da0f528","userId":"170d915c-5741-4e0b-b03f-deaeedae27bd","yMapSize":115,"lastGoodSize":133}
[SVGAnnotationLayer] setRotInputVisible(false) reason=selectedIds.size !== 1
[CloudSync][hook] fabric push skipped — not hydrated yet
[CloudSync][hook] callout push skipped — not hydrated yet
[CloudSync][realtime] subscribing {"documentId":"484e4280-bca3-4ebe-bde7-d9371da0f528","currentUserId":"170d915c-5741-4e0b-b03f-deaeedae27bd","currentSessionId":"29144a45-4079-4415-8db3-6943a00e6949","hasFabricInsert":true,"hasFabricUpdate":true,"hasFabricDelete":true,"hasCalloutInsert":true,"hasCalloutUpdate":true,"hasCalloutDelete":true}
[CloudSync][hook] fabric push skipped — not hydrated yet
[CloudSync][hook] callout push skipped — not hydrated yet
[CloudSync][realtime] subscribing {"documentId":"eddb45fc-3a0c-49fd-9615-124dd5434d96","currentUserId":"170d915c-5741-4e0b-b03f-deaeedae27bd","currentSessionId":"0bc57cbc-c39b-4c7c-ac4e-b36ab04f9a0c","hasFabricInsert":true,"hasFabricUpdate":true,"hasFabricDelete":true,"hasCalloutInsert":true,"hasCalloutUpdate":true,"hasCalloutDelete":true}
[PDFImport] skipped embedded PDF annotation import — cloud/Y.Doc is authoritative {"documentId":"eddb45fc-3a0c-49fd-9615-124dd5434d96"}
[DebugBridge +2537856.8ms] pdf_loaded {"pageCount":3,"currentPage":1}
[CloudSync][realtime] subscribe status {"status":"SUBSCRIBED","error":null}
[Phase31 UAT] post-subscribe catch-up skipped — doc is cutover-sealed, Y.Doc + realtime is source of truth {"documentId":"484e4280-bca3-4ebe-bde7-d9371da0f528","pdfId":"test.pdf-2462","cutoverTs":"2026-05-10T04:21:04.376+00:00","ydocAuthoritative":true}
[CloudSync][realtime] subscribe status {"status":"SUBSCRIBED","error":null}
[Phase31 UAT] post-subscribe catch-up skipped — doc is cutover-sealed, Y.Doc + realtime is source of truth {"documentId":"eddb45fc-3a0c-49fd-9615-124dd5434d96","pdfId":"3.pdf-26264537","cutoverTs":"2026-05-12T13:06:45.603+00:00","ydocAuthoritative":true}
[CloudSync][hydrate] loadAllNonHighlightAnnotations ok {"elapsedMs":1065,"totalRowsScanned":540,"scanned":{"nonHighlight":540,"legacyFabricHighlights":0},"totalRows":540,"rowsByType":{"ink":5,"square":494,"polygon":1,"circle":40},"pagesWithObjects":26,"calloutCount":0}
[CloudSync][verify] first read summary {"contextLabel":"cutover-source-of-truth","documentId":"eddb45fc-3a0c-49fd-9615-124dd5434d96","elapsedMs":1066,"firstFabricPages":26,"firstFabricObjects":540,"firstCallouts":0,"firstEmpty":false,"localFabricCount":0,"localCalloutCount":0,"localHasData":false,"willVerify":false}
[CloudSync][source-of-truth] cutover initial hydrate selected Supabase durable snapshot {"documentId":"eddb45fc-3a0c-49fd-9615-124dd5434d96","pdfId":"3.pdf-26264537","cutoverTs":"2026-05-12T13:06:45.603+00:00","ydocFabricCount":0,"ydocCalloutCount":0,"supabaseFabricCount":540,"supabaseCalloutCount":0,"rule":"Supabase durable snapshot wins initial load; Y.Doc is reshaped for live collaboration"}
[Phase31 UAT] save:fan-out done {"documentId":"eddb45fc-3a0c-49fd-9615-124dd5434d96","pdfId":"3.pdf-26264537","userId":"170d915c-5741-4e0b-b03f-deaeedae27bd","dispatched":540,"detected":540,"skippedHighlightOrCallout":0,"skippedOtherType":0,"rawTypeBreakdown":{"path":5,"rect":494,"polygon":1,"circle":40},"resolvedTypeBreakdown":{"ink":5,"square":494,"polygon":1,"circle":40},"skipReasons":{},"skipSamples":[],"yMapSizeAfter":540}
[CloudSync][hook] callout Y.Doc fan-out done {"documentId":"eddb45fc-3a0c-49fd-9615-124dd5434d96","pdfId":"3.pdf-26264537","userId":"170d915c-5741-4e0b-b03f-deaeedae27bd","upserted":0,"deleted":0,"yMapCalloutsSizeAfter":0}
[AnnotationHydrationGate][normal] {"documentId":"eddb45fc-3a0c-49fd-9615-124dd5434d96","pdfId":"3.pdf-26264537","ready":true,"source":"supabase-durable-snapshot","normalReady":true,"cutoverTs":"2026-05-12T13:06:45.603+00:00","count":540,"calloutCount":0,"firstPaintGate":true}
[AnnotationHydrationGate][first-page] {"documentId":"eddb45fc-3a0c-49fd-9615-124dd5434d96","pdfId":"3.pdf-26264537","pageNumber":1,"ready":true,"visualCoverActive":false,"normal":{"documentId":"eddb45fc-3a0c-49fd-9615-124dd5434d96","pdfId":"3.pdf-26264537","ready":true,"source":"supabase-durable-snapshot","normalReady":true,"cutoverTs":"2026-05-12T13:06:45.603+00:00","count":540,"calloutCount":0,"firstPaintGate":true},"survey":{"ready":true,"source":"supabase-highlight","documentId":"eddb45fc-3a0c-49fd-9615-124dd5434d96","pdfId":"3.pdf-26264537","count":0}}
[AnnotationHydrationGate][visual-cover] {"documentId":"eddb45fc-3a0c-49fd-9615-124dd5434d96","pdfId":"3.pdf-26264537","pageNumber":1,"active":false,"reason":"hydration-ready"}
[CloudSync][hydrate] loadAllNonHighlightAnnotations ok {"elapsedMs":1389,"totalRowsScanned":116,"scanned":{"nonHighlight":116,"legacyFabricHighlights":0},"totalRows":116,"rowsByType":{"counter":112,"callout":1,"ink":3},"pagesWithObjects":1,"calloutCount":1}
[CloudSync][verify] first read summary {"contextLabel":"cutover-source-of-truth","documentId":"484e4280-bca3-4ebe-bde7-d9371da0f528","elapsedMs":1390,"firstFabricPages":1,"firstFabricObjects":115,"firstCallouts":1,"firstEmpty":false,"localFabricCount":115,"localCalloutCount":1,"localHasData":true,"willVerify":false}
[CloudSync][source-of-truth] cutover initial hydrate selected Supabase durable snapshot {"documentId":"484e4280-bca3-4ebe-bde7-d9371da0f528","pdfId":"test.pdf-2462","cutoverTs":"2026-05-10T04:21:04.376+00:00","ydocFabricCount":115,"ydocCalloutCount":1,"supabaseFabricCount":115,"supabaseCalloutCount":1,"rule":"Supabase durable snapshot wins initial load; Y.Doc is reshaped for live collaboration"}
[Phase31 UAT] save:fan-out done {"documentId":"484e4280-bca3-4ebe-bde7-d9371da0f528","pdfId":"test.pdf-2462","userId":"170d915c-5741-4e0b-b03f-deaeedae27bd","dispatched":115,"detected":115,"skippedHighlightOrCallout":0,"skippedOtherType":0,"rawTypeBreakdown":{"counter":112,"pen":2,"path":1},"resolvedTypeBreakdown":{"counter":112,"ink":3},"skipReasons":{},"skipSamples":[],"yMapSizeAfter":115}
[CloudSync][hook] callout Y.Doc fan-out done {"documentId":"484e4280-bca3-4ebe-bde7-d9371da0f528","pdfId":"test.pdf-2462","userId":"170d915c-5741-4e0b-b03f-deaeedae27bd","upserted":1,"deleted":0,"yMapCalloutsSizeAfter":1}
[AnnotationHydrationGate][normal] {"documentId":"484e4280-bca3-4ebe-bde7-d9371da0f528","pdfId":"test.pdf-2462","ready":true,"source":"supabase-durable-snapshot","normalReady":true,"cutoverTs":"2026-05-10T04:21:04.376+00:00","count":115,"calloutCount":1,"firstPaintGate":true}
[AnnotationHydrationGate][first-page] {"documentId":"484e4280-bca3-4ebe-bde7-d9371da0f528","pdfId":"test.pdf-2462","pageNumber":1,"ready":true,"visualCoverActive":false,"normal":{"documentId":"484e4280-bca3-4ebe-bde7-d9371da0f528","pdfId":"test.pdf-2462","ready":true,"source":"supabase-durable-snapshot","normalReady":true,"cutoverTs":"2026-05-10T04:21:04.376+00:00","count":115,"calloutCount":1,"firstPaintGate":true},"survey":{"ready":true,"source":"supabase-highlight","documentId":"484e4280-bca3-4ebe-bde7-d9371da0f528","pdfId":"test.pdf-2462","count":0}}
[AnnotationHydrationGate][visual-cover] {"documentId":"484e4280-bca3-4ebe-bde7-d9371da0f528","pdfId":"test.pdf-2462","pageNumber":1,"active":false,"reason":"hydration-ready"}
[Phase31 UAT] backfill:cutover-dedupe-anchor-skip {"documentId":"eddb45fc-3a0c-49fd-9615-124dd5434d96","userId":"170d915c-5741-4e0b-b03f-deaeedae27bd","yMapSize":540,"lastGoodSize":0}
[HyperlinkDiag] post-load scan {"hyperlinkCount":0,"samples":[]}
[HyperlinkDiag] page 1 layers {"hyperlinkChildren":0,"layerClasses":["e-spinner-pane e-spin-hide","e-pv-page-canvas","e-pv-text-layer","DIV"]}
[HyperlinkDiag] page 2 layers {"hyperlinkChildren":0,"layerClasses":["e-spinner-pane e-spin-hide","e-pv-page-canvas","e-pv-text-layer","DIV"]}
[HyperlinkDiag] page 3 layers {"hyperlinkChildren":0,"layerClasses":["e-spinner-pane e-spin-hide","e-pv-page-canvas","e-pv-text-layer","DIV"]}
[PDFCounterImport] summary {"marker":"survey-counter","metadataKey":"SurveyApp","counterAnnotationsImported":0,"plainCirclesImported":40,"counterMetadataParseFailures":0}
[PrintPanel] RENDER — panel closed
[SVGAnnotationLayer] setRotInputVisible(false) reason=selectedIds.size !== 1
[DebugBridge +2539872.0ms] pdf_loaded {"pageCount":99,"currentPage":1}
[DebugBridge +2539946.6ms] zoom_start {"scale":0.91993,"targetScale":0.9,"source":"zoomChange"}
[SVGAnnotationLayer] setRotInputVisible(false) reason=selectedIds.size !== 1
[HyperlinkDiag] post-load scan {"hyperlinkCount":0,"samples":[]}
[HyperlinkDiag] page 1 layers {"hyperlinkChildren":0,"layerClasses":["DIV","e-spinner-pane e-spin-hide","e-pv-page-canvas","e-pv-annotation-canvas","DIV","IMG","IMG","IMG","IMG","e-pv-text-layer"]}
[HyperlinkDiag] page 2 layers {"hyperlinkChildren":0,"layerClasses":["DIV","e-spinner-pane e-spin-hide","e-pv-page-canvas","e-pv-annotation-canvas","DIV","IMG","e-pv-text-layer","IMG","IMG","IMG"]}
[HyperlinkDiag] page 3 layers {"hyperlinkChildren":0,"layerClasses":["DIV","e-spinner-pane e-spin-hide","e-pv-page-canvas","e-pv-annotation-canvas","DIV","e-pv-text-layer","IMG","IMG","IMG","IMG"]}
[HyperlinkDiag] page 4 layers {"hyperlinkChildren":0,"layerClasses":["DIV","e-spinner-pane e-spin-hide","e-pv-page-canvas","e-pv-annotation-canvas","DIV","IMG","e-pv-text-layer","IMG"]}
[HyperlinkDiag] page 5 layers {"hyperlinkChildren":0,"layerClasses":["DIV","e-spinner-pane e-spin-show","e-pv-page-canvas","e-pv-annotation-canvas","DIV"]}
[HyperlinkDiag] page 6 layers {"hyperlinkChildren":0,"layerClasses":["DIV","e-spinner-pane e-spin-show","e-pv-page-canvas","e-pv-annotation-canvas","DIV"]}
[HyperlinkDiag] page 7 layers {"hyperlinkChildren":0,"layerClasses":["DIV","e-spinner-pane e-spin-show","e-pv-page-canvas","e-pv-annotation-canvas","DIV"]}
[HyperlinkDiag] page 8 layers {"hyperlinkChildren":0,"layerClasses":["DIV","e-spinner-pane e-spin-show","e-pv-page-canvas","e-pv-annotation-canvas","DIV"]}
[HyperlinkDiag] page 9 layers {"hyperlinkChildren":0,"layerClasses":["DIV","e-spinner-pane e-spin-show","e-pv-page-canvas","e-pv-annotation-canvas","DIV"]}
[HyperlinkDiag] page 10 layers {"hyperlinkChildren":0,"layerClasses":["DIV","e-spinner-pane e-spin-show","e-pv-page-canvas","e-pv-annotation-canvas","DIV"]}
[DebugBridge +2541576.8ms] zoom_end {"source":"zoomChange_settle"}
[CloudSync][realtime] unsubscribing {"documentId":"eddb45fc-3a0c-49fd-9615-124dd5434d96"}
[CloudSync][realtime] subscribe status {"status":"CLOSED","error":null}
[PDFSaveExport] action start {"actionType":"pdf-export","documentId":"484e4280-bca3-4ebe-bde7-d9371da0f528","supabaseAnnotationSaveRan":false,"pdfBytesGenerated":false,"localFilesystemWrite":false,"outputPath":null,"annotationCountsByType":{"circle":112,"path":3,"callout":1},"annotationCountSummary":{"totalObjects":115,"calloutCount":1,"highlightCount":0,"importedPdfObjects":0,"byType":{"circle":112,"path":3,"callout":1}},"embeddedPdfNativeAnnotationHandling":"preserve-native-layer-and-skip-imported-app-copies","note":"Explicit export generates a PDF copy. Imported PDF-native annotations remain in the source PDF and their app-imported copies are skipped during export to avoid duplication."}
[PDFSaveExport] pdf bytes generated {"actionType":"pdf-export","documentId":"484e4280-bca3-4ebe-bde7-d9371da0f528","pdfBytesGenerated":true,"byteLength":20031,"appObjectsSeen":115,"pdfAnnotationsAdded":115,"annotationCountsByType":{"counter":112,"path":3},"embeddedPdfNativeAnnotationHandling":"preserve-native-layer-and-skip-imported-app-copies","importedAppAnnotationsSkipped":0,"countersExported":112,"counterMetadataMarker":"survey-counter","counterMetadataKeys":["SurveyApp","Subj","NM","Contents"],"counterMetadataFailures":0,"localFilesystemWrite":false,"outputPath":null}
[Phase31 UAT] focus rehydrate skipped — doc is cutover-sealed, Y.Doc + realtime is source of truth {"documentId":"484e4280-bca3-4ebe-bde7-d9371da0f528","pdfId":"test.pdf-2462","cutoverTs":"2026-05-10T04:21:04.376+00:00","ydocAuthoritative":true}
[PDFSaveExport] action complete {"actionType":"pdf-export","documentId":"484e4280-bca3-4ebe-bde7-d9371da0f528","supabaseAnnotationSaveRan":false,"pdfBytesGenerated":true,"localFilesystemWrite":true,"outputPath":"/Users/isaiahcalvo/Desktop/5.pdf","annotationCountsByType":{"circle":112,"path":3,"callout":1},"annotationCountSummary":{"totalObjects":115,"calloutCount":1,"highlightCount":0,"importedPdfObjects":0,"byType":{"circle":112,"path":3,"callout":1}},"embeddedPdfNativeAnnotationHandling":"preserve-native-layer-and-skip-imported-app-copies"}
[Phase31 UAT] focus rehydrate skipped — doc is cutover-sealed, Y.Doc + realtime is source of truth {"documentId":"484e4280-bca3-4ebe-bde7-d9371da0f528","pdfId":"test.pdf-2462","cutoverTs":"2026-05-10T04:21:04.376+00:00","ydocAuthoritative":true}
[CloudSync][realtime] unsubscribing {"documentId":"484e4280-bca3-4ebe-bde7-d9371da0f528"}
[CloudSync][realtime] subscribe status {"status":"CLOSED","error":null}
[CloudSync][hook] session id minted {"sessionId":"8c301912-c3ba-40fb-9b65-87946cff2fd2"}
[CloudSync][hook] session id minted {"sessionId":"941c1658-f640-499d-a599-cab1ef57fe3b"}
[CloudSync][hook][state-obs] annotationsByPage initial {"currentCount":0,"pages":0,"hydrated":false}
[CloudSync][hook][state-obs] callouts initial {"currentCount":0,"hydrated":false}
[CloudSync][hook] hydrate effect fired {"enabled":false,"hydrateEnabled":true,"documentId":"484e4280-bca3-4ebe-bde7-d9371da0f528","userId":"170d915c-5741-4e0b-b03f-deaeedae27bd","pdfId":null}
[CloudSync][hook] hydrate skipped — missing prerequisite {"hydrateEnabled":true,"hasDocumentId":true,"hasUserId":true,"hasPdfId":false}
[AnnotationHydrationGate][normal] {"documentId":"484e4280-bca3-4ebe-bde7-d9371da0f528","pdfId":null,"ready":false,"source":"missing-prerequisite","normalReady":false,"cutoverTs":null,"count":null,"calloutCount":null,"firstPaintGate":true}
[AnnotationHydrationGate][first-page] {"documentId":"484e4280-bca3-4ebe-bde7-d9371da0f528","pdfId":null,"pageNumber":1,"ready":false,"visualCoverActive":true,"normal":{"documentId":"484e4280-bca3-4ebe-bde7-d9371da0f528","pdfId":null,"ready":false,"source":"pending","firstPaintGate":true},"survey":{"ready":true,"source":"local"}}
[AnnotationHydrationGate][visual-cover] {"documentId":"484e4280-bca3-4ebe-bde7-d9371da0f528","pdfId":null,"pageNumber":1,"active":true,"reason":"annotation-hydration-gated"}
[Cloud render cache] doc=test.pdf-2462 painting verified cloud snapshot immediately — count=115.
[CSeries wipe] doc=test.pdf-2462 totalCounters=112 legacyRemoved=0 — nothing to wipe.
[Phase31 UAT] backfill:effect {"hasYdoc":true,"docId":"484e4280-bca3-4ebe-bde7-d9371da0f528","userId":null,"alreadyRanFor":null,"willRun":false}
[CloudSync][hook][state-obs] annotationsByPage initial {"currentCount":0,"pages":0,"hydrated":false}
[CloudSync][hook][state-obs] callouts initial {"currentCount":0,"hydrated":false}
[CloudSync][hook] hydrate effect fired {"enabled":false,"hydrateEnabled":false,"documentId":null,"userId":"170d915c-5741-4e0b-b03f-deaeedae27bd","pdfId":null}
[CloudSync][hook] hydrate skipped — missing prerequisite {"hydrateEnabled":false,"hasDocumentId":false,"hasUserId":true,"hasPdfId":false}
[AnnotationHydrationGate][normal] {"documentId":null,"pdfId":null,"ready":true,"source":"disabled","normalReady":true,"cutoverTs":null,"count":null,"calloutCount":null,"firstPaintGate":true}
[CSeries wipe] doc=5.pdf-20031 totalCounters=0 legacyRemoved=0 — nothing to wipe.
[CloudSync][hook] hydrate effect fired {"enabled":false,"hydrateEnabled":true,"documentId":"484e4280-bca3-4ebe-bde7-d9371da0f528","userId":"170d915c-5741-4e0b-b03f-deaeedae27bd","pdfId":"test.pdf-2462"}
[AnnotationHydrationGate][normal] {"documentId":"484e4280-bca3-4ebe-bde7-d9371da0f528","pdfId":"test.pdf-2462","ready":false,"source":"starting","normalReady":false,"cutoverTs":null,"count":null,"calloutCount":null,"firstPaintGate":true}
[CloudSync][hook] stage=hydrating
[AnnotationHydrationGate][first-page] {"documentId":"484e4280-bca3-4ebe-bde7-d9371da0f528","pdfId":"test.pdf-2462","pageNumber":1,"ready":false,"visualCoverActive":true,"normal":{"documentId":"484e4280-bca3-4ebe-bde7-d9371da0f528","pdfId":null,"ready":false,"source":"missing-prerequisite","normalReady":false,"cutoverTs":null,"count":null,"calloutCount":null,"firstPaintGate":true},"survey":{"ready":false,"source":"supabase-highlight-starting","documentId":"484e4280-bca3-4ebe-bde7-d9371da0f528","pdfId":"test.pdf-2462"}}
[AnnotationHydrationGate][visual-cover] {"documentId":"484e4280-bca3-4ebe-bde7-d9371da0f528","pdfId":"test.pdf-2462","pageNumber":1,"active":true,"reason":"annotation-hydration-gated"}
[CloudSync][hook] hydrate effect fired {"enabled":false,"hydrateEnabled":false,"documentId":null,"userId":"170d915c-5741-4e0b-b03f-deaeedae27bd","pdfId":"5.pdf-20031"}
[CloudSync][hook] hydrate skipped — missing prerequisite {"hydrateEnabled":false,"hasDocumentId":false,"hasUserId":true,"hasPdfId":true}
[AnnotationHydrationGate][normal] {"documentId":null,"pdfId":"5.pdf-20031","ready":true,"source":"disabled","normalReady":true,"cutoverTs":null,"count":null,"calloutCount":null,"firstPaintGate":true}
[PreviewDiag] backup write {"kind":"callout-localStorage","count":1,"calloutCount":0,"bytes":2}
[AnnotationHydrationGate][first-page] {"documentId":"484e4280-bca3-4ebe-bde7-d9371da0f528","pdfId":"test.pdf-2462","pageNumber":1,"ready":false,"visualCoverActive":true,"normal":{"documentId":"484e4280-bca3-4ebe-bde7-d9371da0f528","pdfId":"test.pdf-2462","ready":false,"source":"starting","normalReady":false,"cutoverTs":null,"count":null,"calloutCount":null,"firstPaintGate":true},"survey":{"ready":false,"source":"supabase-highlight-starting","documentId":"484e4280-bca3-4ebe-bde7-d9371da0f528","pdfId":"test.pdf-2462"}}
[AnnotationHydrationGate][visual-cover] {"documentId":"484e4280-bca3-4ebe-bde7-d9371da0f528","pdfId":"test.pdf-2462","pageNumber":1,"active":true,"reason":"annotation-hydration-gated"}
[Phase31 UAT] backfill:effect {"hasYdoc":true,"docId":"484e4280-bca3-4ebe-bde7-d9371da0f528","userId":"170d915c-5741-4e0b-b03f-deaeedae27bd","alreadyRanFor":null,"willRun":true}
[Phase31 UAT] backfill:start {"hasYdoc":true,"hasSupabase":true,"documentId":"484e4280-bca3-4ebe-bde7-d9371da0f528","userId":"170d915c-5741-4e0b-b03f-deaeedae27bd","markCutoverComplete":true}
[CloudSync][hook] cutover-complete hydrate — reading from Y.Doc {"documentId":"484e4280-bca3-4ebe-bde7-d9371da0f528","cutoverTs":"2026-05-10T04:21:04.376+00:00"}
[Phase31 UAT] hydrate:cutover-sealed {"documentId":"484e4280-bca3-4ebe-bde7-d9371da0f528","pdfId":"test.pdf-2462","cutoverTs":"2026-05-10T04:21:04.376+00:00","yMapSize":115,"yMapCalloutsSize":1,"materializedTotal":115,"materializedCallouts":1,"materializedDrawnByMe":0,"materializedDrawnByOthers":115,"materializedImported":0,"pages":1,"perPage":{"1":115},"currentStateCount":115,"ydocLooksDegenerate":false}
[Phase31 UAT] hydrate:cutover-sealed:by-type {"documentId":"484e4280-bca3-4ebe-bde7-d9371da0f528","pdfFile":"test.pdf-2462","viewerUserId":"170d915c-5741-4e0b-b03f-deaeedae27bd","yMapTotal":115,"yMapCalloutsTotal":1,"yMapByType":{"path":3,"circle":112},"yMapByAuthor":{"byMe":0,"byOthers":0,"anonymous":115},"yMapByTypeByAuthor":{"path":{"byMe":0,"byOthers":0,"anonymous":3},"circle":{"byMe":0,"byOthers":0,"anonymous":112}},"yMapPerTypePerPage":{"path":{"unknown":3},"circle":{"unknown":112}},"byPageTotal":115,"byPageByType":{"path":3,"circle":112},"byPagePerPagePerType":{"1":{"path":3,"circle":112}}}
[CloudSync][hydrate] loadAllNonHighlightAnnotations start {"documentId":"484e4280-bca3-4ebe-bde7-d9371da0f528"}
[HIGHLIGHT-SYNC][load.legacy][pdf=5.pdf] {"documentId":"484e4280-bca3-4ebe-bde7-d9371da0f528","totalRows":0,"fabricCarryingDropped":0,"keptCount":0,"keptIds":[]}
[AnnotationHydrationGate][survey] supabase highlights complete {"documentId":"484e4280-bca3-4ebe-bde7-d9371da0f528","pdfId":"test.pdf-2462","count":0}
[AnnotationHydrationGate][first-page] {"documentId":"484e4280-bca3-4ebe-bde7-d9371da0f528","pdfId":"test.pdf-2462","pageNumber":1,"ready":false,"visualCoverActive":true,"normal":{"documentId":"484e4280-bca3-4ebe-bde7-d9371da0f528","pdfId":"test.pdf-2462","ready":false,"source":"starting","normalReady":false,"cutoverTs":null,"count":null,"calloutCount":null,"firstPaintGate":true},"survey":{"ready":true,"source":"supabase-highlight","documentId":"484e4280-bca3-4ebe-bde7-d9371da0f528","pdfId":"test.pdf-2462","count":0}}
[AnnotationHydrationGate][visual-cover] {"documentId":"484e4280-bca3-4ebe-bde7-d9371da0f528","pdfId":"test.pdf-2462","pageNumber":1,"active":true,"reason":"annotation-hydration-gated"}
[PDFImport] skipped embedded PDF annotation import — cloud/Y.Doc is authoritative {"documentId":"484e4280-bca3-4ebe-bde7-d9371da0f528"}
[PDFCounterImport] summary {"marker":"survey-counter","metadataKey":"SurveyApp","counterAnnotationsImported":0,"plainCirclesImported":0,"counterMetadataParseFailures":0}
[PDFCounterImport] summary {"marker":"survey-counter","metadataKey":"SurveyApp","counterAnnotationsImported":112,"plainCirclesImported":0,"counterMetadataParseFailures":0}
[PrintPanel] RENDER — panel closed
[PrintPanel] RENDER — panel closed
[SVGAnnotationLayer] setRotInputVisible(false) reason=selectedIds.size !== 1
[DebugBridge +2557543.8ms] pdf_loaded {"pageCount":3,"currentPage":1}
[Phase31 UAT] backfill:cutover-dedupe-anchor-skip {"documentId":"484e4280-bca3-4ebe-bde7-d9371da0f528","userId":"170d915c-5741-4e0b-b03f-deaeedae27bd","yMapSize":115,"lastGoodSize":133}
[DebugBridge +2557606.5ms] pdf_loaded {"pageCount":3,"currentPage":1}
[SVGAnnotationLayer] setRotInputVisible(false) reason=selectedIds.size !== 1
[DebugBridge +2557773.9ms] zoom_start {"scale":0.1,"targetScale":0.9,"source":"zoomChange"}
[CloudSync][hook] fabric push skipped — not hydrated yet
[CloudSync][hook] callout push skipped — not hydrated yet
[CloudSync][realtime] subscribing {"documentId":"484e4280-bca3-4ebe-bde7-d9371da0f528","currentUserId":"170d915c-5741-4e0b-b03f-deaeedae27bd","currentSessionId":"8c301912-c3ba-40fb-9b65-87946cff2fd2","hasFabricInsert":true,"hasFabricUpdate":true,"hasFabricDelete":true,"hasCalloutInsert":true,"hasCalloutUpdate":true,"hasCalloutDelete":true}
[CloudSync][realtime] subscribe status {"status":"SUBSCRIBED","error":null}
[Phase31 UAT] post-subscribe catch-up skipped — doc is cutover-sealed, Y.Doc + realtime is source of truth {"documentId":"484e4280-bca3-4ebe-bde7-d9371da0f528","pdfId":"test.pdf-2462","cutoverTs":"2026-05-10T04:21:04.376+00:00","ydocAuthoritative":true}
[CloudSync][hydrate] loadAllNonHighlightAnnotations ok {"elapsedMs":1475,"totalRowsScanned":116,"scanned":{"nonHighlight":116,"legacyFabricHighlights":0},"totalRows":116,"rowsByType":{"counter":112,"callout":1,"ink":3},"pagesWithObjects":1,"calloutCount":1}
[CloudSync][verify] first read summary {"contextLabel":"cutover-source-of-truth","documentId":"484e4280-bca3-4ebe-bde7-d9371da0f528","elapsedMs":1477,"firstFabricPages":1,"firstFabricObjects":115,"firstCallouts":1,"firstEmpty":false,"localFabricCount":115,"localCalloutCount":1,"localHasData":true,"willVerify":false}
[CloudSync][source-of-truth] cutover initial hydrate selected Supabase durable snapshot {"documentId":"484e4280-bca3-4ebe-bde7-d9371da0f528","pdfId":"test.pdf-2462","cutoverTs":"2026-05-10T04:21:04.376+00:00","ydocFabricCount":115,"ydocCalloutCount":1,"supabaseFabricCount":115,"supabaseCalloutCount":1,"rule":"Supabase durable snapshot wins initial load; Y.Doc is reshaped for live collaboration"}
[Phase31 UAT] save:fan-out done {"documentId":"484e4280-bca3-4ebe-bde7-d9371da0f528","pdfId":"test.pdf-2462","userId":"170d915c-5741-4e0b-b03f-deaeedae27bd","dispatched":115,"detected":115,"skippedHighlightOrCallout":0,"skippedOtherType":0,"rawTypeBreakdown":{"counter":112,"pen":2,"path":1},"resolvedTypeBreakdown":{"counter":112,"ink":3},"skipReasons":{},"skipSamples":[],"yMapSizeAfter":115}
[CloudSync][hook] callout Y.Doc fan-out done {"documentId":"484e4280-bca3-4ebe-bde7-d9371da0f528","pdfId":"test.pdf-2462","userId":"170d915c-5741-4e0b-b03f-deaeedae27bd","upserted":1,"deleted":0,"yMapCalloutsSizeAfter":1}
[AnnotationHydrationGate][normal] {"documentId":"484e4280-bca3-4ebe-bde7-d9371da0f528","pdfId":"test.pdf-2462","ready":true,"source":"supabase-durable-snapshot","normalReady":true,"cutoverTs":"2026-05-10T04:21:04.376+00:00","count":115,"calloutCount":1,"firstPaintGate":true}
[AnnotationHydrationGate][first-page] {"documentId":"484e4280-bca3-4ebe-bde7-d9371da0f528","pdfId":"test.pdf-2462","pageNumber":1,"ready":true,"visualCoverActive":false,"normal":{"documentId":"484e4280-bca3-4ebe-bde7-d9371da0f528","pdfId":"test.pdf-2462","ready":true,"source":"supabase-durable-snapshot","normalReady":true,"cutoverTs":"2026-05-10T04:21:04.376+00:00","count":115,"calloutCount":1,"firstPaintGate":true},"survey":{"ready":true,"source":"supabase-highlight","documentId":"484e4280-bca3-4ebe-bde7-d9371da0f528","pdfId":"test.pdf-2462","count":0}}
[AnnotationHydrationGate][visual-cover] {"documentId":"484e4280-bca3-4ebe-bde7-d9371da0f528","pdfId":"test.pdf-2462","pageNumber":1,"active":false,"reason":"hydration-ready"}
[HyperlinkDiag] post-load scan {"hyperlinkCount":0,"samples":[]}
[HyperlinkDiag] page 1 layers {"hyperlinkChildren":0,"layerClasses":["DIV","e-spinner-pane e-spin-show","e-pv-page-canvas","DIV","e-pv-annotation-canvas","e-pv-text-layer"]}
[HyperlinkDiag] page 2 layers {"hyperlinkChildren":0,"layerClasses":["DIV","e-spinner-pane e-spin-show","e-pv-page-canvas","DIV","e-pv-annotation-canvas","e-pv-text-layer"]}
[HyperlinkDiag] page 3 layers {"hyperlinkChildren":0,"layerClasses":["DIV","e-spinner-pane e-spin-show","e-pv-page-canvas","DIV","e-pv-annotation-canvas","e-pv-text-layer"]}
[HyperlinkDiag] post-load scan {"hyperlinkCount":0,"samples":[]}
[HyperlinkDiag] page 1 layers {"hyperlinkChildren":0,"layerClasses":["e-spinner-pane e-spin-hide","e-pv-page-canvas","e-pv-text-layer","DIV"]}
[HyperlinkDiag] page 2 layers {"hyperlinkChildren":0,"layerClasses":["e-spinner-pane e-spin-hide","e-pv-page-canvas","e-pv-text-layer","DIV"]}
[HyperlinkDiag] page 3 layers {"hyperlinkChildren":0,"layerClasses":["e-spinner-pane e-spin-hide","e-pv-page-canvas","e-pv-text-layer","DIV"]}
[DebugBridge +2559341.6ms] zoom_end {"source":"zoomChange_settle"}
[Counter] TOOL ACTIVATED — activeTool=counter, lastShapeTool=counter, ref will sync next render
[CSeries popup] chevron click — open=true seriesCount=1 activeSeriesId=null

===== Undo/Redo Chronology =====
events=1
lanes=local annotation history | callout history | legacy history | Yjs/CRDT history
{"seq":1,"order":null,"at":"2026-05-12T13:49:13.242Z","event":"history_reset_for_pdf_change","actionType":"pdf:change","rawActionType":"pdf:change","annotationType":null,"annotationId":null,"pageNumber":null,"lane":null,"receivedStack":null,"chosenStack":null,"chosenLane":null,"decisionReason":null,"undoDepth":0,"redoDepth":0}
===== End Undo/Redo Chronology =====
