===== SurveyApp Save Log =====
version:   0.1.46
runtime:   dev-server
platform:  desktop
device:    Mac
os:        macOS 10.15.7
screen:    1512x982 @2x
viewport:  1512x826
locale:    en-US
timestamp: 2026-05-19T00:08:34.679Z (5/18/2026, 8:08:34 PM)
==============================
[DebugBridge +47614.7ms] survey_locate_start {"pageNumber":1,"highlightId":"surveyMarker-1779146054567-6bo4zxqdx","currentScale":0.7004069571195256,"targetScale":1.5,"shouldZoom":true}
[DebugBridge +47768.2ms] survey_locate_zoom_center {"pageNumber":1,"highlightId":"surveyMarker-1779146054567-6bo4zxqdx","targetScale":1.5,"renderedScale":2,"scrollReady":false,"toolbarReady":true,"attempt":0,"centered":true}
[DebugBridge +57919.1ms] survey_locate_start {"pageNumber":1,"highlightId":"surveyMarker-1779146015119-5v5p5dbvm","currentScale":1.5,"targetScale":1.5,"shouldZoom":false}
[DebugBridge +57919.2ms] survey_locate_direct_center {"pageNumber":1,"highlightId":"surveyMarker-1779146015119-5v5p5dbvm","targetScale":1.5}
[DebugBridge +62245.3ms] survey_locate_start {"pageNumber":1,"highlightId":"surveyMarker-1779146025603-hk5nsh8rz","currentScale":1.5,"targetScale":1.5,"shouldZoom":false}
[DebugBridge +62245.5ms] survey_locate_direct_center {"pageNumber":1,"highlightId":"surveyMarker-1779146025603-hk5nsh8rz","targetScale":1.5}
[DebugBridge +67830.6ms] survey_locate_start {"pageNumber":1,"highlightId":"surveyMarker-1779146015119-5v5p5dbvm","currentScale":1.5,"targetScale":1.5,"shouldZoom":false}
[DebugBridge +67830.7ms] survey_locate_direct_center {"pageNumber":1,"highlightId":"surveyMarker-1779146015119-5v5p5dbvm","targetScale":1.5}
[DebugBridge +74338.8ms] survey_locate_start {"pageNumber":1,"highlightId":"surveyMarker-1779146025603-hk5nsh8rz","currentScale":1.5,"targetScale":1.5,"shouldZoom":false}
[DebugBridge +74339.0ms] survey_locate_direct_center {"pageNumber":1,"highlightId":"surveyMarker-1779146025603-hk5nsh8rz","targetScale":1.5}
[DebugBridge +76446.9ms] survey_locate_start {"pageNumber":1,"highlightId":"surveyMarker-1779146025603-hk5nsh8rz","currentScale":1.5,"targetScale":1.5,"shouldZoom":false}
[DebugBridge +76447.0ms] survey_locate_direct_center {"pageNumber":1,"highlightId":"surveyMarker-1779146025603-hk5nsh8rz","targetScale":1.5}
[DebugBridge +208026.9ms] survey_locate_start {"pageNumber":1,"highlightId":"surveyMarker-1779146054567-6bo4zxqdx","currentScale":1.5,"targetScale":1.5,"shouldZoom":false}
[DebugBridge +208027.0ms] survey_locate_direct_center {"pageNumber":1,"highlightId":"surveyMarker-1779146054567-6bo4zxqdx","targetScale":1.5}
[DebugBridge +230252.7ms] survey_locate_start {"pageNumber":1,"highlightId":"surveyMarker-1779146043258-vw4papkvg","currentScale":0.8214338093465325,"targetScale":1.5,"shouldZoom":true}
[DebugBridge +230318.3ms] survey_locate_zoom_center {"pageNumber":1,"highlightId":"surveyMarker-1779146043258-vw4papkvg","targetScale":1.5,"renderedScale":null,"scrollReady":false,"toolbarReady":true,"attempt":0,"centered":false}
[DebugBridge +231018.9ms] survey_locate_start {"pageNumber":1,"highlightId":"surveyMarker-1779146043258-vw4papkvg","currentScale":1.5,"targetScale":1.5,"shouldZoom":false}
[DebugBridge +231019.0ms] survey_locate_direct_center {"pageNumber":1,"highlightId":"surveyMarker-1779146043258-vw4papkvg","targetScale":1.5}
[DebugBridge +231195.9ms] survey_locate_start {"pageNumber":1,"highlightId":"surveyMarker-1779146043258-vw4papkvg","currentScale":1.5,"targetScale":1.5,"shouldZoom":false}
[DebugBridge +231195.9ms] survey_locate_direct_center {"pageNumber":1,"highlightId":"surveyMarker-1779146043258-vw4papkvg","targetScale":1.5}
[dev-auto-login] boot {"hasDevEmail":true,"devEmailHint":"isai***","hasDevPassword":true,"hasCachedSession":true,"cachedSessionEmail":"isaiahcalvo123@gmail.com","cachedSessionExpiresAt":1779149562}
[dev-auto-login] cached session matches dev email, keeping it
[dev-auto-login] decision {"needsAutoLogin":false,"willAttemptSignIn":false}
[CloudSync][hook] session id minted {"sessionId":"ba6d028c-feb1-420a-a168-cbfcff112ea4"}
[CloudSync][hook][state-obs] annotationsByPage initial {"currentCount":0,"pages":0,"hydrated":false}
[CloudSync][hook][state-obs] callouts initial {"currentCount":0,"hydrated":false}
[CloudSync][hook] hydrate effect fired {"enabled":false,"hydrateEnabled":true,"documentId":"00e1cde9-449b-4771-9743-37bd604557a9","userId":"170d915c-5741-4e0b-b03f-deaeedae27bd","pdfId":null}
[CloudSync][hook] hydrate skipped — missing prerequisite {"hydrateEnabled":true,"hasDocumentId":true,"hasUserId":true,"hasPdfId":false}
[AnnotationHydrationGate][normal] {"documentId":"00e1cde9-449b-4771-9743-37bd604557a9","pdfId":null,"ready":false,"source":"missing-prerequisite","normalReady":false,"cutoverTs":null,"count":null,"calloutCount":null,"firstPaintGate":true}
[AnnotationHydrationGate][first-page] {"documentId":"00e1cde9-449b-4771-9743-37bd604557a9","pdfId":null,"pageNumber":1,"ready":false,"visualCoverActive":true,"normal":{"documentId":"00e1cde9-449b-4771-9743-37bd604557a9","pdfId":null,"ready":false,"source":"pending","firstPaintGate":true},"survey":{"ready":true,"source":"local"}}
[AnnotationHydrationGate][visual-cover] {"documentId":"00e1cde9-449b-4771-9743-37bd604557a9","pdfId":null,"pageNumber":1,"active":true,"reason":"annotation-hydration-gated"}
[Cloud render cache] doc=SE-011 Security Shop Drawing Rev2 - 05.06.25.pdf-26261080 painting verified cloud snapshot immediately — count=503.
[CSeries wipe] doc=SE-011 Security Shop Drawing Rev2 - 05.06.25.pdf-26261080 totalCounters=1 legacyRemoved=0 — nothing to wipe.
[Phase31 UAT] backfill:effect {"hasYdoc":true,"docId":"00e1cde9-449b-4771-9743-37bd604557a9","userId":null,"alreadyRanFor":null,"willRun":false}
[CloudSync][hook] hydrate effect fired {"enabled":false,"hydrateEnabled":true,"documentId":"00e1cde9-449b-4771-9743-37bd604557a9","userId":"170d915c-5741-4e0b-b03f-deaeedae27bd","pdfId":"SE-011 Security Shop Drawing Rev2 - 05.06.25.pdf-26261080"}
[AnnotationHydrationGate][normal] {"documentId":"00e1cde9-449b-4771-9743-37bd604557a9","pdfId":"SE-011 Security Shop Drawing Rev2 - 05.06.25.pdf-26261080","ready":false,"source":"starting","normalReady":false,"cutoverTs":null,"count":null,"calloutCount":null,"firstPaintGate":true}
[CloudSync][hook] stage=hydrating
[AnnotationHydrationGate][first-page] {"documentId":"00e1cde9-449b-4771-9743-37bd604557a9","pdfId":"SE-011 Security Shop Drawing Rev2 - 05.06.25.pdf-26261080","pageNumber":1,"ready":false,"visualCoverActive":true,"normal":{"documentId":"00e1cde9-449b-4771-9743-37bd604557a9","pdfId":null,"ready":false,"source":"missing-prerequisite","normalReady":false,"cutoverTs":null,"count":null,"calloutCount":null,"firstPaintGate":true},"survey":{"ready":false,"source":"supabase-highlight-starting","documentId":"00e1cde9-449b-4771-9743-37bd604557a9","pdfId":"SE-011 Security Shop Drawing Rev2 - 05.06.25.pdf-26261080"}}
[AnnotationHydrationGate][visual-cover] {"documentId":"00e1cde9-449b-4771-9743-37bd604557a9","pdfId":"SE-011 Security Shop Drawing Rev2 - 05.06.25.pdf-26261080","pageNumber":1,"active":true,"reason":"annotation-hydration-gated"}
[AnnotationHydrationGate][first-page] {"documentId":"00e1cde9-449b-4771-9743-37bd604557a9","pdfId":"SE-011 Security Shop Drawing Rev2 - 05.06.25.pdf-26261080","pageNumber":1,"ready":false,"visualCoverActive":true,"normal":{"documentId":"00e1cde9-449b-4771-9743-37bd604557a9","pdfId":"SE-011 Security Shop Drawing Rev2 - 05.06.25.pdf-26261080","ready":false,"source":"starting","normalReady":false,"cutoverTs":null,"count":null,"calloutCount":null,"firstPaintGate":true},"survey":{"ready":false,"source":"supabase-highlight-starting","documentId":"00e1cde9-449b-4771-9743-37bd604557a9","pdfId":"SE-011 Security Shop Drawing Rev2 - 05.06.25.pdf-26261080"}}
[AnnotationHydrationGate][visual-cover] {"documentId":"00e1cde9-449b-4771-9743-37bd604557a9","pdfId":"SE-011 Security Shop Drawing Rev2 - 05.06.25.pdf-26261080","pageNumber":1,"active":true,"reason":"annotation-hydration-gated"}
[Phase31 UAT] backfill:effect {"hasYdoc":true,"docId":"00e1cde9-449b-4771-9743-37bd604557a9","userId":"170d915c-5741-4e0b-b03f-deaeedae27bd","alreadyRanFor":null,"willRun":true}
[Phase31 UAT] backfill:start {"hasYdoc":true,"hasSupabase":true,"documentId":"00e1cde9-449b-4771-9743-37bd604557a9","userId":"170d915c-5741-4e0b-b03f-deaeedae27bd","markCutoverComplete":true}
[CloudSync][hook] cutover-complete hydrate — reading from Y.Doc {"documentId":"00e1cde9-449b-4771-9743-37bd604557a9","cutoverTs":"2026-05-18T02:05:48.746+00:00"}
[Phase31 UAT] hydrate:cutover-sealed {"documentId":"00e1cde9-449b-4771-9743-37bd604557a9","pdfId":"SE-011 Security Shop Drawing Rev2 - 05.06.25.pdf-26261080","cutoverTs":"2026-05-18T02:05:48.746+00:00","yMapSize":503,"yMapCalloutsSize":4,"materializedTotal":503,"materializedCallouts":4,"materializedDrawnByMe":503,"materializedDrawnByOthers":0,"materializedImported":0,"pages":1,"perPage":{"1":503},"currentStateCount":503,"ydocLooksDegenerate":false}
[Phase31 UAT] hydrate:cutover-sealed:by-type {"documentId":"00e1cde9-449b-4771-9743-37bd604557a9","pdfFile":"SE-011 Security Shop Drawing Rev2 - 05.06.25.pdf-26261080","viewerUserId":"170d915c-5741-4e0b-b03f-deaeedae27bd","yMapTotal":503,"yMapCalloutsTotal":4,"yMapByType":{"path":4,"polygon":1,"rect":494,"circle":1,"ellipse":1,"textbox":2},"yMapByAuthor":{"byMe":503,"byOthers":0,"anonymous":0},"yMapByTypeByAuthor":{"path":{"byMe":4,"byOthers":0,"anonymous":0},"polygon":{"byMe":1,"byOthers":0,"anonymous":0},"rect":{"byMe":494,"byOthers":0,"anonymous":0},"circle":{"byMe":1,"byOthers":0,"anonymous":0},"ellipse":{"byMe":1,"byOthers":0,"anonymous":0},"textbox":{"byMe":2,"byOthers":0,"anonymous":0}},"yMapPerTypePerPage":{"path":{"unknown":4},"polygon":{"unknown":1},"rect":{"unknown":494},"circle":{"unknown":1},"ellipse":{"unknown":1},"textbox":{"unknown":2}},"byPageTotal":503,"byPageByType":{"path":4,"polygon":1,"rect":494,"circle":1,"ellipse":1,"textbox":2},"byPagePerPagePerType":{"1":{"path":4,"polygon":1,"rect":494,"circle":1,"ellipse":1,"textbox":2}}}
[CloudSync][hydrate] loadAllNonSurveyMarkerAnnotations start {"documentId":"00e1cde9-449b-4771-9743-37bd604557a9"}
[PDFImport] skipped embedded PDF annotation import — cloud/Y.Doc is authoritative {"documentId":"00e1cde9-449b-4771-9743-37bd604557a9"}
[SURVEY-MARKER-SYNC][load.legacy][pdf=SE-011 Security Shop Drawing Rev2 - 05.06.25.pdf] {"documentId":"00e1cde9-449b-4771-9743-37bd604557a9","totalRows":7,"fabricCarryingDropped":0,"keptCount":7,"keptIds":["surveyMarker-1779146019521-x6ll4lhbq","surveyMarker-1779146054567-6bo4zxqdx","surveyMarker-1779146015119-5v5p5dbvm","highlight-1779059140949-frj1f728o","surveyMarker-1779146025603-hk5nsh8rz","surveyMarker-1779146043258-vw4papkvg","highlight-1779059167789-838vhdof8"]}
[AnnotationHydrationGate][survey] supabase surveyMarkers complete {"documentId":"00e1cde9-449b-4771-9743-37bd604557a9","pdfId":"SE-011 Security Shop Drawing Rev2 - 05.06.25.pdf-26261080","count":7}
[AnnotationHydrationGate][first-page] {"documentId":"00e1cde9-449b-4771-9743-37bd604557a9","pdfId":"SE-011 Security Shop Drawing Rev2 - 05.06.25.pdf-26261080","pageNumber":1,"ready":false,"visualCoverActive":true,"normal":{"documentId":"00e1cde9-449b-4771-9743-37bd604557a9","pdfId":"SE-011 Security Shop Drawing Rev2 - 05.06.25.pdf-26261080","ready":false,"source":"starting","normalReady":false,"cutoverTs":null,"count":null,"calloutCount":null,"firstPaintGate":true},"survey":{"ready":true,"source":"supabase-highlight","documentId":"00e1cde9-449b-4771-9743-37bd604557a9","pdfId":"SE-011 Security Shop Drawing Rev2 - 05.06.25.pdf-26261080","count":7}}
[AnnotationHydrationGate][visual-cover] {"documentId":"00e1cde9-449b-4771-9743-37bd604557a9","pdfId":"SE-011 Security Shop Drawing Rev2 - 05.06.25.pdf-26261080","pageNumber":1,"active":true,"reason":"annotation-hydration-gated"}
[CloudSync][hook] fabric push skipped — not hydrated yet
[CloudSync][hook] callout push skipped — not hydrated yet
[CloudSync][realtime] subscribing {"documentId":"00e1cde9-449b-4771-9743-37bd604557a9","currentUserId":"170d915c-5741-4e0b-b03f-deaeedae27bd","currentSessionId":"ba6d028c-feb1-420a-a168-cbfcff112ea4","hasFabricInsert":true,"hasFabricUpdate":true,"hasFabricDelete":true,"hasCalloutInsert":true,"hasCalloutUpdate":true,"hasCalloutDelete":true}
[CloudSync][realtime] subscribe status {"status":"SUBSCRIBED","error":null}
[Phase31 UAT] post-subscribe catch-up skipped — doc is cutover-sealed, Y.Doc + realtime is source of truth {"documentId":"00e1cde9-449b-4771-9743-37bd604557a9","pdfId":"SE-011 Security Shop Drawing Rev2 - 05.06.25.pdf-26261080","cutoverTs":"2026-05-18T02:05:48.746+00:00","ydocAuthoritative":true}
[Phase31 UAT] backfill:cutover-dedupe-anchor-skip {"documentId":"00e1cde9-449b-4771-9743-37bd604557a9","userId":"170d915c-5741-4e0b-b03f-deaeedae27bd","yMapSize":503,"lastGoodSize":502}
[crdtDedupePdfImports] removed 1 duplicate PDF-imported annotations across 4 unique signatures
[CloudSync][hook] dedupe-resync — restoring state {"documentId":"00e1cde9-449b-4771-9743-37bd604557a9","removed":1,"resyncCount":502}
[CloudSync][hook][state-obs] SHRINK {"prevCount":503,"currentCount":502,"delta":-1,"hydrated":false,"sameRefAsLastByPage":true,"stack":"    at commitHookEffectListMount (http://localhost:5173/node_modules/.vite/deps/chunk-DSUIPI7G.js?v=cbd96b62:23793:34) |     at commitPassiveMountOnFiber (http://localhost:5173/node_modules/.vite/deps/chunk-DSUIPI7G.js?v=cbd96b62:25034:19) |     at commitPassiveMountEffects_complete (http://localhost:5173/node_modules/.vite/deps/chunk-DSUIPI7G.js?v=cbd96b62:25007:17) |     at commitPassiveMountEffects_begin (http://localhost:5173/node_modules/.vite/deps/chunk-DSUIPI7G.js?v=cbd96b62:24997:15) |     at commitPassiveMountEffects (http://localhost:5173/node_modules/.vite/deps/chunk-DSUIPI7G.js?v=cbd96b62:24987:11) |     at flushPassiveEffectsImpl (http://localhost:5173/node_modules/.vite/deps/chunk-DSUIPI7G.js?v=cbd96b62:26368:11)"}
[CloudSync][hook] fabric push skipped — not hydrated yet
[CloudSync][hydrate] loadAllNonSurveyMarkerAnnotations ok {"elapsedMs":429,"totalRowsScanned":507,"scanned":{"nonSurveyMarker":507,"legacyFabricSurveyMarkers":0},"totalRows":507,"rowsByType":{"polygon":1,"ink":4,"counter":1,"square":494,"circle":1,"freetext":2,"callout":4},"pagesWithObjects":26,"calloutCount":4}
[CloudSync][verify] first read summary {"contextLabel":"cutover-source-of-truth","documentId":"00e1cde9-449b-4771-9743-37bd604557a9","elapsedMs":431,"firstFabricPages":26,"firstFabricObjects":503,"firstCallouts":4,"firstEmpty":false,"localFabricCount":503,"localCalloutCount":4,"localHasData":true,"willVerify":false}
[CloudSync][source-of-truth] cutover initial hydrate selected Supabase durable snapshot {"documentId":"00e1cde9-449b-4771-9743-37bd604557a9","pdfId":"SE-011 Security Shop Drawing Rev2 - 05.06.25.pdf-26261080","cutoverTs":"2026-05-18T02:05:48.746+00:00","ydocFabricCount":503,"ydocCalloutCount":4,"supabaseFabricCount":503,"supabaseCalloutCount":4,"rule":"Supabase durable snapshot wins initial load; Y.Doc is reshaped for live collaboration"}
[Phase31 UAT] save:fan-out done {"documentId":"00e1cde9-449b-4771-9743-37bd604557a9","pdfId":"SE-011 Security Shop Drawing Rev2 - 05.06.25.pdf-26261080","userId":"170d915c-5741-4e0b-b03f-deaeedae27bd","actionType":null,"dispatched":503,"yDocUpdateCount":503,"detected":503,"skippedSurveyMarkerOrCallout":0,"skippedOtherType":0,"rawTypeBreakdown":{"pen":2,"counter":1,"rect":494,"ellipse":1,"textbox":2,"highlighter":1,"polygon":1,"path":1},"resolvedTypeBreakdown":{"ink":4,"counter":1,"square":494,"circle":1,"freetext":2,"polygon":1},"skipReasons":{},"skipSamples":[],"yMapSizeAfter":503}
[CloudSync][hook] callout Y.Doc fan-out done {"documentId":"00e1cde9-449b-4771-9743-37bd604557a9","pdfId":"SE-011 Security Shop Drawing Rev2 - 05.06.25.pdf-26261080","userId":"170d915c-5741-4e0b-b03f-deaeedae27bd","actionType":"callout:delta","upserted":4,"deleted":0,"yDocUpdateCount":4,"yMapCalloutsSizeAfter":4}
[AnnotationHydrationGate][normal] {"documentId":"00e1cde9-449b-4771-9743-37bd604557a9","pdfId":"SE-011 Security Shop Drawing Rev2 - 05.06.25.pdf-26261080","ready":true,"source":"supabase-durable-snapshot","normalReady":true,"cutoverTs":"2026-05-18T02:05:48.746+00:00","count":503,"calloutCount":4,"firstPaintGate":true}
[AnnotationHydrationGate][first-page] {"documentId":"00e1cde9-449b-4771-9743-37bd604557a9","pdfId":"SE-011 Security Shop Drawing Rev2 - 05.06.25.pdf-26261080","pageNumber":1,"ready":true,"visualCoverActive":false,"normal":{"documentId":"00e1cde9-449b-4771-9743-37bd604557a9","pdfId":"SE-011 Security Shop Drawing Rev2 - 05.06.25.pdf-26261080","ready":true,"source":"supabase-durable-snapshot","normalReady":true,"cutoverTs":"2026-05-18T02:05:48.746+00:00","count":503,"calloutCount":4,"firstPaintGate":true},"survey":{"ready":true,"source":"supabase-highlight","documentId":"00e1cde9-449b-4771-9743-37bd604557a9","pdfId":"SE-011 Security Shop Drawing Rev2 - 05.06.25.pdf-26261080","count":7}}
[AnnotationHydrationGate][visual-cover] {"documentId":"00e1cde9-449b-4771-9743-37bd604557a9","pdfId":"SE-011 Security Shop Drawing Rev2 - 05.06.25.pdf-26261080","pageNumber":1,"active":false,"reason":"hydration-ready"}
[PDFCounterImport] summary {"marker":"survey-counter","metadataKey":"SurveyApp","counterAnnotationsImported":0,"plainCirclesImported":0,"counterMetadataParseFailures":0,"appCalloutMarker":"survey-callout","appCalloutMetadataKey":"SurveyAppCallout","appCalloutAnnotationsImported":0,"appCalloutPiecesSkipped":0}
[PDFAppLayerStateImport] summary {"found":false,"documentId":null,"exportId":null,"scopedAnnotationPages":0,"scopedCallouts":0,"surveyMarkers":0,"spaces":0}
[PDFImport] native layer policy {"documentId":"00e1cde9-449b-4771-9743-37bd604557a9","cloudAuthoritative":true,"reason":"cloud/Y.Doc annotations are authoritative; native PDF annotation layer is hidden when all renderable native annotations are accounted for by importer diagnostics.","pages":{"1":{"hideNativeLayer":true,"nativeRenderableAnnotationCount":2,"nativeOnlyAnnotationCount":0,"reason":"all-renderable-native-annotations-imported-as-editable-app-annotations"},"2":{"hideNativeLayer":false,"nativeRenderableAnnotationCount":0,"nativeOnlyAnnotationCount":0,"reason":"no-renderable-native-annotations"},"3":{"hideNativeLayer":false,"nativeRenderableAnnotationCount":0,"nativeOnlyAnnotationCount":0,"reason":"no-renderable-native-annotations"},"4":{"hideNativeLayer":false,"nativeRenderableAnnotationCount":0,"nativeOnlyAnnotationCount":0,"reason":"no-renderable-native-annotations"},"5":{"hideNativeLayer":false,"nativeRenderableAnnotationCount":0,"nativeOnlyAnnotationCount":0,"reason":"no-renderable-native-annotations"},"6":{"hideNativeLayer":false,"nativeRenderableAnnotationCount":0,"nativeOnlyAnnotationCount":0,"reason":"no-renderable-native-annotations"},"7":{"hideNativeLayer":false,"nativeRenderableAnnotationCount":0,"nativeOnlyAnnotationCount":0,"reason":"no-renderable-native-annotations"},"8":{"hideNativeLayer":false,"nativeRenderableAnnotationCount":0,"nativeOnlyAnnotationCount":0,"reason":"no-renderable-native-annotations"},"9":{"hideNativeLayer":false,"nativeRenderableAnnotationCount":0,"nativeOnlyAnnotationCount":0,"reason":"no-renderable-native-annotations"},"10":{"hideNativeLayer":false,"nativeRenderableAnnotationCount":0,"nativeOnlyAnnotationCount":0,"reason":"no-renderable-native-annotations"},"11":{"hideNativeLayer":false,"nativeRenderableAnnotationCount":0,"nativeOnlyAnnotationCount":0,"reason":"no-renderable-native-annotations"},"12":{"hideNativeLayer":false,"nativeRenderableAnnotationCount":0,"nativeOnlyAnnotationCount":0,"reason":"no-renderable-native-annotations"},"13":{"hideNativeLayer":false,"nativeRenderableAnnotationCount":0,"nativeOnlyAnnotationCount":0,"reason":"no-renderable-native-annotations"},"14":{"hideNativeLayer":false,"nativeRenderableAnnotationCount":0,"nativeOnlyAnnotationCount":0,"reason":"no-renderable-native-annotations"},"15":{"hideNativeLayer":false,"nativeRenderableAnnotationCount":0,"nativeOnlyAnnotationCount":0,"reason":"no-renderable-native-annotations"},"16":{"hideNativeLayer":false,"nativeRenderableAnnotationCount":0,"nativeOnlyAnnotationCount":0,"reason":"no-renderable-native-annotations"},"17":{"hideNativeLayer":false,"nativeRenderableAnnotationCount":0,"nativeOnlyAnnotationCount":0,"reason":"no-renderable-native-annotations"},"18":{"hideNativeLayer":false,"nativeRenderableAnnotationCount":0,"nativeOnlyAnnotationCount":0,"reason":"no-renderable-native-annotations"},"19":{"hideNativeLayer":false,"nativeRenderableAnnotationCount":0,"nativeOnlyAnnotationCount":0,"reason":"no-renderable-native-annotations"},"20":{"hideNativeLayer":false,"nativeRenderableAnnotationCount":0,"nativeOnlyAnnotationCount":0,"reason":"no-renderable-native-annotations"},"21":{"hideNativeLayer":false,"nativeRenderableAnnotationCount":0,"nativeOnlyAnnotationCount":0,"reason":"no-renderable-native-annotations"},"22":{"hideNativeLayer":false,"nativeRenderableAnnotationCount":0,"nativeOnlyAnnotationCount":0,"reason":"no-renderable-native-annotations"},"23":{"hideNativeLayer":false,"nativeRenderableAnnotationCount":0,"nativeOnlyAnnotationCount":0,"reason":"no-renderable-native-annotations"},"24":{"hideNativeLayer":false,"nativeRenderableAnnotationCount":0,"nativeOnlyAnnotationCount":0,"reason":"no-renderable-native-annotations"},"25":{"hideNativeLayer":false,"nativeRenderableAnnotationCount":0,"nativeOnlyAnnotationCount":0,"reason":"no-renderable-native-annotations"},"26":{"hideNativeLayer":false,"nativeRenderableAnnotationCount":0,"nativeOnlyAnnotationCount":0,"reason":"no-renderable-native-annotations"},"27":{"hideN... [truncated 24 chars]
[PrintPanel] RENDER — panel closed
[SVGAnnotationLayer] setRotInputVisible(false) reason=no single rotation target selected
[SVGAnnotationLayer] setRotInputVisible(false) reason=no single rotation target selected
[DebugBridge +33800.1ms] pdf_loaded {"pageCount":99,"currentPage":1}
[DebugBridge +33912.6ms] zoom_start {"scale":0.1,"targetScale":0.94,"source":"zoomChange"}
[HyperlinkDiag] post-load scan {"hyperlinkCount":0,"samples":[]}
[HyperlinkDiag] page 1 layers {"hyperlinkChildren":0,"layerClasses":["DIV","e-spinner-pane e-spin-hide","e-pv-page-canvas","e-pv-annotation-canvas","DIV","IMG","IMG","IMG","IMG","e-pv-text-layer"]}
[HyperlinkDiag] page 2 layers {"hyperlinkChildren":0,"layerClasses":["DIV","e-spinner-pane e-spin-hide","e-pv-page-canvas","e-pv-annotation-canvas","DIV","IMG","IMG","IMG","e-pv-text-layer","IMG"]}
[HyperlinkDiag] page 3 layers {"hyperlinkChildren":0,"layerClasses":["DIV","e-spinner-pane e-spin-hide","e-pv-page-canvas","e-pv-annotation-canvas","DIV","e-pv-text-layer","IMG","IMG","IMG","IMG"]}
[HyperlinkDiag] page 4 layers {"hyperlinkChildren":0,"layerClasses":["DIV","e-spinner-pane e-spin-hide","e-pv-page-canvas","e-pv-annotation-canvas","DIV","IMG","e-pv-text-layer"]}
[HyperlinkDiag] page 5 layers {"hyperlinkChildren":0,"layerClasses":["DIV","e-spinner-pane e-spin-show","e-pv-page-canvas","e-pv-annotation-canvas","DIV"]}
[HyperlinkDiag] page 6 layers {"hyperlinkChildren":0,"layerClasses":["DIV","e-spinner-pane e-spin-show","e-pv-page-canvas","e-pv-annotation-canvas","DIV"]}
[HyperlinkDiag] page 7 layers {"hyperlinkChildren":0,"layerClasses":["DIV","e-spinner-pane e-spin-show","e-pv-page-canvas","e-pv-annotation-canvas","DIV"]}
[HyperlinkDiag] page 8 layers {"hyperlinkChildren":0,"layerClasses":["DIV","e-spinner-pane e-spin-show","e-pv-page-canvas","e-pv-annotation-canvas","DIV"]}
[HyperlinkDiag] page 9 layers {"hyperlinkChildren":0,"layerClasses":["DIV","e-spinner-pane e-spin-show","e-pv-page-canvas","e-pv-annotation-canvas","DIV"]}
[HyperlinkDiag] page 10 layers {"hyperlinkChildren":0,"layerClasses":["DIV","e-spinner-pane e-spin-show","e-pv-page-canvas","e-pv-annotation-canvas","DIV"]}
[DebugBridge +35544.0ms] zoom_end {"source":"zoomChange_settle"}
[Diag] tool-switch DETECTED → select (scheduling t+1000ms capture)
[DrawCanvas p1] MOUNT — tool=survey-marker, isShape=true, isDrawingMode=false
[DrawCanvas p1] shape effect — tool=survey-marker, isShape=true, isDrawingMode=false
[SVGAnnotationLayer] setRotInputVisible(false) reason=no single rotation target selected
[SVGAnnotationLayer] setRotInputVisible(false) reason=no single rotation target selected
[DrawCanvas p4] MOUNT — tool=survey-marker, isShape=true, isDrawingMode=false
[DrawCanvas p4] shape effect — tool=survey-marker, isShape=true, isDrawingMode=false
[SVGAnnotationLayer] setRotInputVisible(false) reason=no single rotation target selected
[DrawCanvas p1] shape mousedown at (780.5, 367.5), tool=survey-marker
[PreviewDiag] start {"pointerDown":true,"surface":"FabricDrawingCanvas","tool":"survey-marker","type":"survey-marker","action":"survey-marker-draw","pageNumber":1,"annotationId":null}
[PreviewDiag] preview {"id":"gesture-1","frames":1,"pointerDown":true,"surface":"FabricDrawingCanvas","tool":"survey-marker","type":"survey-marker","action":"survey-marker-draw","pageNumber":1,"annotationId":null}
[PreviewDiag] preview {"id":"gesture-1","frames":25,"pointerDown":true,"surface":"FabricDrawingCanvas","tool":"survey-marker","type":"survey-marker","action":"survey-marker-draw","pageNumber":1,"annotationId":null}
[PreviewDiag] pointer release {"id":"gesture-1","frames":42,"pointerDown":false,"surface":"FabricDrawingCanvas","tool":"survey-marker","type":"survey-marker","action":"survey-marker-draw","pageNumber":1,"annotationId":null}
[DrawCanvas p1] shape mouseup — tool=survey-marker, hasSize=true {"left":780.4909150612959,"top":367.52823992994746,"w":102.89316987740801,"h":83.60070052539402}
[PreviewDiag] final commit {"id":"gesture-1","commits":1,"pointerDown":false,"surface":"FabricDrawingCanvas","tool":"survey-marker","type":"survey-marker","action":"survey-marker-draw","pageNumber":1,"annotationId":null,"source":"survey-marker:create"}
[UndoDiag] {"seq":2,"order":1,"at":"2026-05-19T00:04:27.882Z","event":"checkpoint_added","actionType":"create","rawActionType":"highlight:create","annotationType":"fabric","annotationId":null,"pageNumber":1,"lane":"legacy history","receivedStack":"legacyUndoHistory","chosenStack":null,"chosenLane":"legacy history","decisionReason":null,"undoDepth":1,"redoDepth":0}
[PreviewDiag] summary survey-marker-draw started, 42 preview frames, 0 sync writes during drag, 0 sync deferrals during drag, 0 backup writes during drag, 1 commit on release, 0 sync pushes after release, 0 backup writes after release {"id":"gesture-1","durationMs":2133,"pointerDown":false,"surface":"FabricDrawingCanvas","tool":"survey-marker","type":"survey-marker","action":"survey-marker-draw","pageNumber":1,"annotationId":null,"source":"survey-marker:create","reason":"settled"}
[DocumentSync] unmount flush — pushing pending highlight sync
[PreviewDiag] sync push {"kind":"survey-marker","count":1,"surveyMarkerCount":8}
[DebugBridge +47615.0ms] zoom_start {"scale":0.7004069571195256,"targetScale":1.5,"source":"keyboard_toolbar"}
[Diag] tool-switch DETECTED → select (scheduling t+1000ms capture)
[DebugBridge +49299.7ms] zoom_end {"source":"zoomChange_settle"}
[Diag select] screenshot saved (405 KB) → /Users/isaiahcalvo/Desktop/Survey-BetaSafeS2/TestLogs/testlog-screenshot-select.png
[Diag select] CAPTURED @ t+1357ms — annotations=10 callouts=3 svgWrappers=1 svgVis=[visible] svgElems=0 svgVisElems=0 eraserCanvases=0 svgMarkupBytes=2693
[PreviewDiag] sync push {"kind":"survey-marker","count":1,"surveyMarkerCount":8}
[PreviewDiag] sync push {"kind":"survey-marker","count":1,"surveyMarkerCount":8}
[PreviewDiag] sync push {"kind":"survey-marker","count":1,"surveyMarkerCount":8}
[PreviewDiag] sync push {"kind":"survey-marker","count":1,"surveyMarkerCount":8}
[PreviewDiag] sync push {"kind":"survey-marker","count":1,"surveyMarkerCount":8}
[DebugBridge +86510.0ms] wheel_scroll_motion {"eventCount":4,"rawAbsX":46,"rawAbsY":12,"rawX":46,"rawY":-12,"clippedAbsX":46,"clippedAbsY":12,"clippedX":46,"clippedY":-12,"requestedAppliedX":44.536893386588645,"requestedAppliedY":-11.591794169112113,"appliedX":28.979485422780286,"appliedY":-11.591794169112113,"actualX":28.5,"actualY":0,"sensitivity":0.9659828474260095,"currentZoomForScroll":1.5,"maxScrollStepX":28.979485422780286,"maxScrollStepY":16,"diagonalEvents":3,"clippedEvents":0}
[DebugBridge +86542.3ms] wheel_scroll_motion {"eventCount":3,"rawAbsX":90,"rawAbsY":6,"rawX":90,"rawY":-6,"clippedAbsX":90,"clippedAbsY":6,"clippedX":90,"clippedY":-6,"requestedAppliedX":88.1586451282474,"requestedAppliedY":-5.7958970845560565,"appliedX":32.84341681248432,"appliedY":-5.7958970845560565,"actualX":32.5,"actualY":0,"sensitivity":1.0168240499221153,"currentZoomForScroll":1.5,"maxScrollStepX":32.84341681248432,"maxScrollStepY":16,"diagonalEvents":2,"clippedEvents":0}
[DebugBridge +86570.4ms] wheel_scroll_motion {"eventCount":4,"rawAbsX":110,"rawAbsY":14,"rawX":110,"rawY":14,"clippedAbsX":110,"clippedAbsY":14,"clippedX":110,"clippedY":14,"requestedAppliedX":106.25811321686105,"requestedAppliedY":13.523759863964134,"appliedX":48.299142371300476,"appliedY":13.523759863964134,"actualX":48,"actualY":13.5,"sensitivity":0.9659828474260095,"currentZoomForScroll":1.5,"maxScrollStepX":48.299142371300476,"maxScrollStepY":16,"diagonalEvents":4,"clippedEvents":0}
[DebugBridge +86602.5ms] wheel_scroll_motion {"eventCount":4,"rawAbsX":84,"rawAbsY":16,"rawX":84,"rawY":16,"clippedAbsX":84,"clippedAbsY":16,"clippedX":84,"clippedY":16,"requestedAppliedX":81.1425591837848,"requestedAppliedY":15.455725558816154,"appliedX":32.84341681248432,"appliedY":15.455725558816154,"actualX":32.5,"actualY":15,"sensitivity":0.9659828474260095,"currentZoomForScroll":1.5,"maxScrollStepX":32.84341681248432,"maxScrollStepY":16,"diagonalEvents":4,"clippedEvents":0}
[DebugBridge +86634.1ms] wheel_scroll_motion {"eventCount":3,"rawAbsX":38,"rawAbsY":12,"rawX":38,"rawY":12,"clippedAbsX":38,"clippedAbsY":12,"clippedX":38,"clippedY":12,"requestedAppliedX":36.70734820218836,"requestedAppliedY":11.591794169112113,"appliedX":16,"appliedY":11.591794169112113,"actualX":16,"actualY":11.5,"sensitivity":0.9659828474260095,"currentZoomForScroll":1.5,"maxScrollStepX":16,"maxScrollStepY":16,"diagonalEvents":3,"clippedEvents":0}
[DebugBridge +86658.8ms] wheel_scroll_motion {"eventCount":3,"rawAbsX":22,"rawAbsY":10,"rawX":22,"rawY":10,"clippedAbsX":22,"clippedAbsY":10,"clippedX":22,"clippedY":10,"requestedAppliedX":21.25162264337221,"requestedAppliedY":9.659828474260095,"appliedX":16,"appliedY":9.659828474260095,"actualX":16,"actualY":9.5,"sensitivity":0.9659828474260095,"currentZoomForScroll":1.5,"maxScrollStepX":16,"maxScrollStepY":16,"diagonalEvents":3,"clippedEvents":0}
[DebugBridge +86686.3ms] wheel_scroll_motion {"eventCount":4,"rawAbsX":14,"rawAbsY":8,"rawX":14,"rawY":8,"clippedAbsX":14,"clippedAbsY":8,"clippedX":14,"clippedY":8,"requestedAppliedX":13.625442268956345,"requestedAppliedY":7.727862779408076,"appliedX":13.625442268956345,"appliedY":7.727862779408076,"actualX":13.5,"actualY":7.5,"sensitivity":0.9659828474260095,"currentZoomForScroll":1.5,"maxScrollStepX":16,"maxScrollStepY":16,"diagonalEvents":3,"clippedEvents":0}
[DebugBridge +86717.4ms] wheel_scroll_motion {"eventCount":4,"rawAbsX":0,"rawAbsY":8,"rawX":0,"rawY":8,"clippedAbsX":0,"clippedAbsY":8,"clippedX":0,"clippedY":8,"requestedAppliedX":0,"requestedAppliedY":8.134592399376922,"appliedX":0,"appliedY":8.134592399376922,"actualX":0,"actualY":8,"sensitivity":1.0168240499221153,"currentZoomForScroll":1.5,"maxScrollStepX":16,"maxScrollStepY":16,"diagonalEvents":0,"clippedEvents":0}
[DebugBridge +86758.5ms] wheel_scroll_motion {"eventCount":3,"rawAbsX":8,"rawAbsY":4,"rawX":-8,"rawY":4,"clippedAbsX":8,"clippedAbsY":4,"clippedX":-8,"clippedY":4,"requestedAppliedX":-7.931227589392499,"requestedAppliedY":3.863931389704038,"appliedX":-7.931227589392499,"appliedY":3.863931389704038,"actualX":-8,"actualY":3.5,"sensitivity":1.0168240499221153,"currentZoomForScroll":1.5,"maxScrollStepX":16,"maxScrollStepY":16,"diagonalEvents":2,"clippedEvents":0}
[Phase31 UAT] focus rehydrate skipped — doc is cutover-sealed, Y.Doc + realtime is source of truth {"documentId":"00e1cde9-449b-4771-9743-37bd604557a9","pdfId":"SE-011 Security Shop Drawing Rev2 - 05.06.25.pdf-26261080","cutoverTs":"2026-05-18T02:05:48.746+00:00","ydocAuthoritative":true}
[Phase31 UAT] focus rehydrate skipped — doc is cutover-sealed, Y.Doc + realtime is source of truth {"documentId":"00e1cde9-449b-4771-9743-37bd604557a9","pdfId":"SE-011 Security Shop Drawing Rev2 - 05.06.25.pdf-26261080","cutoverTs":"2026-05-18T02:05:48.746+00:00","ydocAuthoritative":true}
[PreviewDiag] sync push {"kind":"survey-marker","count":1,"surveyMarkerCount":8}
[DocumentSync] unmount flush — pushing pending highlight sync
[DocumentSync] unmount flush — pushing pending highlight sync
[SVGAnnotationLayer] setRotInputVisible(false) reason=no single rotation target selected
[SVGAnnotationLayer] setRotInputVisible(false) reason=no single rotation target selected
[PreviewDiag] sync push {"kind":"survey-marker","count":1,"surveyMarkerCount":8}
[SVGAnnotationLayer] setRotInputVisible(false) reason=no single rotation target selected
[SVGAnnotationLayer] setRotInputVisible(false) reason=no single rotation target selected
[PreviewDiag] sync push {"kind":"survey-marker","count":1,"surveyMarkerCount":8}
[PreviewDiag] sync push {"kind":"survey-marker","count":1,"surveyMarkerCount":8}
[SVGAnnotationLayer] setRotInputVisible(false) reason=no single rotation target selected
[SVGAnnotationLayer] setRotInputVisible(false) reason=no single rotation target selected
[DebugBridge +226918.8ms] wheel_scroll_motion {"eventCount":5,"rawAbsX":6,"rawAbsY":22,"rawX":-6,"rawY":22,"clippedAbsX":6,"clippedAbsY":22,"clippedX":-6,"clippedY":22,"requestedAppliedX":-5.7958970845560565,"requestedAppliedY":21.76003466833327,"appliedX":-5.7958970845560565,"appliedY":16,"actualX":-6,"actualY":16,"sensitivity":0.9659828474260095,"currentZoomForScroll":1.5,"maxScrollStepX":16,"maxScrollStepY":16,"diagonalEvents":3,"clippedEvents":0}
[DebugBridge +226974.9ms] wheel_scroll_motion {"eventCount":4,"rawAbsX":16,"rawAbsY":86,"rawX":-16,"rawY":86,"clippedAbsX":16,"clippedAbsY":86,"clippedX":-16,"clippedY":86,"requestedAppliedX":-15.455725558816152,"requestedAppliedY":83.07452487863682,"appliedX":-15.455725558816152,"appliedY":56.02700515070855,"actualX":-15.5,"actualY":56,"sensitivity":0.9659828474260095,"currentZoomForScroll":1.5,"maxScrollStepX":16,"maxScrollStepY":56.02700515070855,"diagonalEvents":4,"clippedEvents":0}
[DebugBridge +227010.4ms] wheel_scroll_motion {"eventCount":4,"rawAbsX":8,"rawAbsY":38,"rawX":-8,"rawY":38,"clippedAbsX":8,"clippedAbsY":38,"clippedX":-8,"clippedY":38,"requestedAppliedX":-7.727862779408076,"requestedAppliedY":37.41912503713384,"appliedX":-7.727862779408076,"appliedY":16,"actualX":-8,"actualY":16,"sensitivity":0.9659828474260095,"currentZoomForScroll":1.5,"maxScrollStepX":16,"maxScrollStepY":16,"diagonalEvents":2,"clippedEvents":0}
[DebugBridge +227042.1ms] wheel_scroll_motion {"eventCount":4,"rawAbsX":4,"rawAbsY":34,"rawX":-4,"rawY":34,"clippedAbsX":4,"clippedAbsY":34,"clippedX":-4,"clippedY":34,"requestedAppliedX":-3.863931389704038,"requestedAppliedY":33.656876052422014,"appliedX":-3.863931389704038,"appliedY":17.38769125366817,"actualX":-4,"actualY":17,"sensitivity":1.0168240499221153,"currentZoomForScroll":1.5,"maxScrollStepX":16,"maxScrollStepY":17.38769125366817,"diagonalEvents":1,"clippedEvents":0}
[DebugBridge +227077.7ms] wheel_scroll_motion {"eventCount":4,"rawAbsX":4,"rawAbsY":24,"rawX":4,"rawY":24,"clippedAbsX":4,"clippedAbsY":24,"clippedX":4,"clippedY":24,"requestedAppliedX":3.863931389704038,"requestedAppliedY":23.895365173169704,"appliedX":3.863931389704038,"appliedY":16,"actualX":3.5,"actualY":16,"sensitivity":0.9659828474260095,"currentZoomForScroll":1.5,"maxScrollStepX":16,"maxScrollStepY":16,"diagonalEvents":2,"clippedEvents":0}
[SVGAnnotationLayer] setRotInputVisible(false) reason=no single rotation target selected
[SVGAnnotationLayer] setRotInputVisible(false) reason=no single rotation target selected
[DebugBridge +227110.8ms] wheel_scroll_motion {"eventCount":4,"rawAbsX":8,"rawAbsY":16,"rawX":8,"rawY":16,"clippedAbsX":8,"clippedAbsY":16,"clippedX":8,"clippedY":16,"requestedAppliedX":7.727862779408076,"requestedAppliedY":15.557407963808364,"appliedX":7.727862779408076,"appliedY":15.557407963808364,"actualX":7.5,"actualY":15.5,"sensitivity":0.9659828474260095,"currentZoomForScroll":1.5,"maxScrollStepX":16,"maxScrollStepY":16,"diagonalEvents":3,"clippedEvents":0}
[DebugBridge +227142.0ms] wheel_scroll_motion {"eventCount":3,"rawAbsX":0,"rawAbsY":12,"rawX":0,"rawY":12,"clippedAbsX":0,"clippedAbsY":12,"clippedX":0,"clippedY":12,"requestedAppliedX":0,"requestedAppliedY":12.201888599065384,"appliedX":0,"appliedY":12.201888599065384,"actualX":0,"actualY":12,"sensitivity":1.0168240499221153,"currentZoomForScroll":1.5,"maxScrollStepX":16,"maxScrollStepY":16,"diagonalEvents":0,"clippedEvents":0}
[DebugBridge +227167.3ms] wheel_scroll_motion {"eventCount":4,"rawAbsX":0,"rawAbsY":18,"rawX":0,"rawY":18,"clippedAbsX":0,"clippedAbsY":18,"clippedX":0,"clippedY":18,"requestedAppliedX":0,"requestedAppliedY":18.302832898598073,"appliedX":0,"appliedY":16,"actualX":0,"actualY":16,"sensitivity":1.0168240499221153,"currentZoomForScroll":1.5,"maxScrollStepX":16,"maxScrollStepY":16,"diagonalEvents":0,"clippedEvents":0}
[DebugBridge +227205.9ms] wheel_scroll_motion {"eventCount":4,"rawAbsX":0,"rawAbsY":18,"rawX":0,"rawY":18,"clippedAbsX":0,"clippedAbsY":18,"clippedX":0,"clippedY":18,"requestedAppliedX":0,"requestedAppliedY":18.302832898598073,"appliedX":0,"appliedY":16,"actualX":0,"actualY":16,"sensitivity":1.0168240499221153,"currentZoomForScroll":1.5,"maxScrollStepX":16,"maxScrollStepY":16,"diagonalEvents":0,"clippedEvents":0}
[DebugBridge +227237.3ms] wheel_scroll_motion {"eventCount":4,"rawAbsX":0,"rawAbsY":16,"rawX":0,"rawY":16,"clippedAbsX":0,"clippedAbsY":16,"clippedX":0,"clippedY":16,"requestedAppliedX":0,"requestedAppliedY":16.269184798753844,"appliedX":0,"appliedY":16,"actualX":0,"actualY":16,"sensitivity":1.0168240499221153,"currentZoomForScroll":1.5,"maxScrollStepX":16,"maxScrollStepY":16,"diagonalEvents":0,"clippedEvents":0}
[DebugBridge +227267.7ms] wheel_scroll_motion {"eventCount":3,"rawAbsX":0,"rawAbsY":12,"rawX":0,"rawY":12,"clippedAbsX":0,"clippedAbsY":12,"clippedX":0,"clippedY":12,"requestedAppliedX":0,"requestedAppliedY":12.201888599065384,"appliedX":0,"appliedY":12.201888599065384,"actualX":0,"actualY":12,"sensitivity":1.0168240499221153,"currentZoomForScroll":1.5,"maxScrollStepX":16,"maxScrollStepY":16,"diagonalEvents":0,"clippedEvents":0}
[DebugBridge +227443.9ms] zoom_wheel_request {"rawDeltaY":-6.859832525253296,"reportedZoom":150,"trustedReactZoom":150,"currentZoom":150,"reportedCurrentZoom":150,"nextZoom":145.94005628290557,"requestedDeltaAbs":4.059943717094427,"reportedLagAbs":0,"rawGetZoomValue":150,"rawViewerZoomValue":150,"rawMagnificationZoom":null,"correctedSuspiciousZoom":false}
[DebugBridge +227443.9ms] zoom_start {"scale":1.5,"source":"overlay_wheel_zoom_pre","reportedScale":1.5,"correctedSuspiciousZoom":false}
[DebugBridge +227506.6ms] zoom_wheel_request {"rawDeltaY":-31.609254121780396,"reportedZoom":145,"trustedReactZoom":145.94005628290557,"currentZoom":145.94005628290557,"reportedCurrentZoom":145,"nextZoom":128.6067048263907,"requestedDeltaAbs":17.333351456514862,"reportedLagAbs":0.940056282905573,"rawGetZoomValue":145,"rawViewerZoomValue":145,"rawMagnificationZoom":null,"correctedSuspiciousZoom":false}
[DebugBridge +227546.6ms] zoom_wheel_request {"rawDeltaY":-5.074275255203247,"reportedZoom":128,"trustedReactZoom":128.6067048263907,"currentZoom":128.6067048263907,"reportedCurrentZoom":128,"nextZoom":126.02267442146582,"requestedDeltaAbs":2.5840304049248886,"reportedLagAbs":0.6067048263907111,"rawGetZoomValue":128,"rawViewerZoomValue":128,"rawMagnificationZoom":null,"correctedSuspiciousZoom":false}
[DebugBridge +227582.1ms] zoom_wheel_request {"rawDeltaY":-2.2740402817726135,"reportedZoom":126,"trustedReactZoom":126.02267442146582,"currentZoom":126.02267442146582,"reportedCurrentZoom":126,"nextZoom":124.88154966464673,"requestedDeltaAbs":1.1411247568190959,"reportedLagAbs":0.022674421465822547,"rawGetZoomValue":126,"rawViewerZoomValue":126,"rawMagnificationZoom":null,"correctedSuspiciousZoom":false}
[DebugBridge +227622.6ms] zoom_wheel_request {"rawDeltaY":-0.4001803696155548,"reportedZoom":124,"trustedReactZoom":124.88154966464673,"currentZoom":124.88154966464673,"reportedCurrentZoom":124,"nextZoom":124.68180899307622,"requestedDeltaAbs":0.19974067157050968,"reportedLagAbs":0.8815496646467267,"rawGetZoomValue":124,"rawViewerZoomValue":124,"rawMagnificationZoom":null,"correctedSuspiciousZoom":false}
[DebugBridge +228083.9ms] zoom_wheel_request {"rawDeltaY":-16.63948917388916,"reportedZoom":124,"trustedReactZoom":124.68180899307622,"currentZoom":124.68180899307622,"reportedCurrentZoom":124,"nextZoom":116.65338391612461,"requestedDeltaAbs":8.028425076951606,"reportedLagAbs":0.681808993076217,"rawGetZoomValue":124,"rawViewerZoomValue":124,"rawMagnificationZoom":null,"correctedSuspiciousZoom":false}
[DebugBridge +228121.0ms] zoom_wheel_request {"rawDeltaY":-40.835139751434326,"reportedZoom":116,"trustedReactZoom":116.65338391612461,"currentZoom":116.65338391612461,"reportedCurrentZoom":116,"nextZoom":99.07394080513698,"requestedDeltaAbs":17.579443110987626,"reportedLagAbs":0.6533839161246107,"rawGetZoomValue":116,"rawViewerZoomValue":116,"rawMagnificationZoom":null,"correctedSuspiciousZoom":false}
[DebugBridge +228174.4ms] zoom_wheel_request {"rawDeltaY":-42.59676384925842,"reportedZoom":99,"trustedReactZoom":99.07394080513698,"currentZoom":99.07394080513698,"reportedCurrentZoom":99,"nextZoom":83.55285225703072,"requestedDeltaAbs":15.521088548106263,"reportedLagAbs":0.07394080513698498,"rawGetZoomValue":99,"rawViewerZoomValue":99,"rawMagnificationZoom":null,"correctedSuspiciousZoom":false}
[DebugBridge +228227.8ms] zoom_wheel_request {"rawDeltaY":-4.253281116485596,"reportedZoom":83,"trustedReactZoom":83.55285225703072,"currentZoom":83.55285225703072,"reportedCurrentZoom":83,"nextZoom":82.14338093465325,"requestedDeltaAbs":1.4094713223774704,"reportedLagAbs":0.5528522570307217,"rawGetZoomValue":83,"rawViewerZoomValue":83,"rawMagnificationZoom":null,"correctedSuspiciousZoom":false}
[DebugBridge +229649.6ms] zoom_end {"source":"zoomChange_settle"}
[DebugBridge +230252.9ms] zoom_start {"scale":0.8214338093465325,"targetScale":1.5,"source":"keyboard_toolbar"}
[PreviewDiag] sync push {"kind":"survey-marker","count":1,"surveyMarkerCount":8}
[DebugBridge +231671.8ms] zoom_end {"source":"zoomChange_settle"}
[PreviewDiag] sync push {"kind":"survey-marker","count":1,"surveyMarkerCount":8}
[Phase31 UAT] focus rehydrate skipped — doc is cutover-sealed, Y.Doc + realtime is source of truth {"documentId":"00e1cde9-449b-4771-9743-37bd604557a9","pdfId":"SE-011 Security Shop Drawing Rev2 - 05.06.25.pdf-26261080","cutoverTs":"2026-05-18T02:05:48.746+00:00","ydocAuthoritative":true}

===== Undo/Redo Chronology =====
events=2
lanes=local annotation history | callout history | legacy history | Yjs/CRDT history
{"seq":1,"order":null,"at":"2026-05-19T00:04:18.621Z","event":"history_reset_for_pdf_change","actionType":"pdf:change","rawActionType":"pdf:change","annotationType":null,"annotationId":null,"pageNumber":null,"lane":null,"receivedStack":null,"chosenStack":null,"chosenLane":null,"decisionReason":null,"undoDepth":0,"redoDepth":0}
{"seq":2,"order":1,"at":"2026-05-19T00:04:27.882Z","event":"checkpoint_added","actionType":"create","rawActionType":"highlight:create","annotationType":"fabric","annotationId":null,"pageNumber":1,"lane":"legacy history","receivedStack":"legacyUndoHistory","chosenStack":null,"chosenLane":"legacy history","decisionReason":null,"undoDepth":1,"redoDepth":0}
===== End Undo/Redo Chronology =====
