===== SurveyApp Save Log =====
version:   0.1.45
runtime:   dev-server
platform:  desktop
device:    Mac
os:        macOS 10.15.7
screen:    1512x982 @2x
viewport:  1203x826
locale:    en-US
timestamp: 2026-05-15T00:33:23.569Z (5/14/2026, 8:33:23 PM)
==============================
[dev-auto-login] boot {"hasDevEmail":true,"devEmailHint":"isai***","hasDevPassword":true,"hasCachedSession":true,"cachedSessionEmail":"isaiahcalvo123@gmail.com","cachedSessionExpiresAt":1778806562}
[dev-auto-login] cached session matches dev email, keeping it
[dev-auto-login] decision {"needsAutoLogin":false,"willAttemptSignIn":false}
[CloudSync][hook] session id minted {"sessionId":"3081f758-c7d1-4ec5-a8ad-3801a24779d5"}
[CloudSync][hook][state-obs] annotationsByPage initial {"currentCount":0,"pages":0,"hydrated":false}
[CloudSync][hook][state-obs] callouts initial {"currentCount":0,"hydrated":false}
[CloudSync][hook] hydrate effect fired {"enabled":false,"hydrateEnabled":true,"documentId":"484e4280-bca3-4ebe-bde7-d9371da0f528","userId":"170d915c-5741-4e0b-b03f-deaeedae27bd","pdfId":null}
[CloudSync][hook] hydrate skipped — missing prerequisite {"hydrateEnabled":true,"hasDocumentId":true,"hasUserId":true,"hasPdfId":false}
[AnnotationHydrationGate][normal] {"documentId":"484e4280-bca3-4ebe-bde7-d9371da0f528","pdfId":null,"ready":false,"source":"missing-prerequisite","normalReady":false,"cutoverTs":null,"count":null,"calloutCount":null,"firstPaintGate":true}
[AnnotationHydrationGate][first-page] {"documentId":"484e4280-bca3-4ebe-bde7-d9371da0f528","pdfId":null,"pageNumber":1,"ready":false,"visualCoverActive":true,"normal":{"documentId":"484e4280-bca3-4ebe-bde7-d9371da0f528","pdfId":null,"ready":false,"source":"pending","firstPaintGate":true},"survey":{"ready":true,"source":"local"}}
[AnnotationHydrationGate][visual-cover] {"documentId":"484e4280-bca3-4ebe-bde7-d9371da0f528","pdfId":null,"pageNumber":1,"active":true,"reason":"annotation-hydration-gated"}
[Cloud render cache] doc=test.pdf-2462 painting verified cloud snapshot immediately — count=7.
[CSeries wipe] doc=test.pdf-2462 totalCounters=0 legacyRemoved=0 — nothing to wipe.
[Phase31 UAT] backfill:effect {"hasYdoc":true,"docId":"484e4280-bca3-4ebe-bde7-d9371da0f528","userId":null,"alreadyRanFor":null,"willRun":false}
[CloudSync][hook] hydrate effect fired {"enabled":false,"hydrateEnabled":true,"documentId":"484e4280-bca3-4ebe-bde7-d9371da0f528","userId":"170d915c-5741-4e0b-b03f-deaeedae27bd","pdfId":"test.pdf-2462"}
[AnnotationHydrationGate][normal] {"documentId":"484e4280-bca3-4ebe-bde7-d9371da0f528","pdfId":"test.pdf-2462","ready":false,"source":"starting","normalReady":false,"cutoverTs":null,"count":null,"calloutCount":null,"firstPaintGate":true}
[CloudSync][hook] stage=hydrating
[AnnotationHydrationGate][first-page] {"documentId":"484e4280-bca3-4ebe-bde7-d9371da0f528","pdfId":"test.pdf-2462","pageNumber":1,"ready":false,"visualCoverActive":true,"normal":{"documentId":"484e4280-bca3-4ebe-bde7-d9371da0f528","pdfId":null,"ready":false,"source":"missing-prerequisite","normalReady":false,"cutoverTs":null,"count":null,"calloutCount":null,"firstPaintGate":true},"survey":{"ready":false,"source":"supabase-highlight-starting","documentId":"484e4280-bca3-4ebe-bde7-d9371da0f528","pdfId":"test.pdf-2462"}}
[AnnotationHydrationGate][visual-cover] {"documentId":"484e4280-bca3-4ebe-bde7-d9371da0f528","pdfId":"test.pdf-2462","pageNumber":1,"active":true,"reason":"annotation-hydration-gated"}
[AnnotationHydrationGate][first-page] {"documentId":"484e4280-bca3-4ebe-bde7-d9371da0f528","pdfId":"test.pdf-2462","pageNumber":1,"ready":false,"visualCoverActive":true,"normal":{"documentId":"484e4280-bca3-4ebe-bde7-d9371da0f528","pdfId":"test.pdf-2462","ready":false,"source":"starting","normalReady":false,"cutoverTs":null,"count":null,"calloutCount":null,"firstPaintGate":true},"survey":{"ready":false,"source":"supabase-highlight-starting","documentId":"484e4280-bca3-4ebe-bde7-d9371da0f528","pdfId":"test.pdf-2462"}}
[AnnotationHydrationGate][visual-cover] {"documentId":"484e4280-bca3-4ebe-bde7-d9371da0f528","pdfId":"test.pdf-2462","pageNumber":1,"active":true,"reason":"annotation-hydration-gated"}
[Phase31 UAT] backfill:effect {"hasYdoc":true,"docId":"484e4280-bca3-4ebe-bde7-d9371da0f528","userId":"170d915c-5741-4e0b-b03f-deaeedae27bd","alreadyRanFor":null,"willRun":true}
[Phase31 UAT] backfill:start {"hasYdoc":true,"hasSupabase":true,"documentId":"484e4280-bca3-4ebe-bde7-d9371da0f528","userId":"170d915c-5741-4e0b-b03f-deaeedae27bd","markCutoverComplete":true}
[PDFImport] skipped embedded PDF annotation import — cloud/Y.Doc is authoritative {"documentId":"484e4280-bca3-4ebe-bde7-d9371da0f528"}
[PDFCounterImport] summary {"marker":"survey-counter","metadataKey":"SurveyApp","counterAnnotationsImported":0,"plainCirclesImported":0,"counterMetadataParseFailures":0,"appCalloutMarker":"survey-callout","appCalloutMetadataKey":"SurveyAppCallout","appCalloutAnnotationsImported":0,"appCalloutPiecesSkipped":0}
[PDFAppLayerStateImport] summary {"found":false,"documentId":null,"exportId":null,"scopedAnnotationPages":0,"scopedCallouts":0,"surveyHighlights":0,"spaces":0}
[PDFImport] native layer policy {"documentId":"484e4280-bca3-4ebe-bde7-d9371da0f528","cloudAuthoritative":true,"reason":"cloud/Y.Doc annotations are authoritative; native PDF annotation layer is hidden when all renderable native annotations are accounted for by importer diagnostics.","pages":{"1":{"hideNativeLayer":false,"nativeRenderableAnnotationCount":0,"nativeOnlyAnnotationCount":0,"reason":"no-renderable-native-annotations"},"2":{"hideNativeLayer":false,"nativeRenderableAnnotationCount":0,"nativeOnlyAnnotationCount":0,"reason":"no-renderable-native-annotations"},"3":{"hideNativeLayer":false,"nativeRenderableAnnotationCount":0,"nativeOnlyAnnotationCount":0,"reason":"no-renderable-native-annotations"}}}
[PrintPanel] RENDER — panel closed
[SVGAnnotationLayer] setRotInputVisible(false) reason=selectedIds.size !== 1
[SVGAnnotationLayer] setRotInputVisible(false) reason=selectedIds.size !== 1
[HIGHLIGHT-SYNC][load.legacy][pdf=test.pdf] {"documentId":"484e4280-bca3-4ebe-bde7-d9371da0f528","totalRows":2,"fabricCarryingDropped":0,"keptCount":2,"keptIds":["highlight-1778797496854-rlutw24e8","highlight-1778797501682-m1zlziliy"]}
[AnnotationHydrationGate][survey] supabase highlights complete {"documentId":"484e4280-bca3-4ebe-bde7-d9371da0f528","pdfId":"test.pdf-2462","count":2}
[CloudSync][hook] cutover-complete hydrate — reading from Y.Doc {"documentId":"484e4280-bca3-4ebe-bde7-d9371da0f528","cutoverTs":"2026-05-14T23:58:46.109+00:00"}
[Phase31 UAT] hydrate:cutover-sealed {"documentId":"484e4280-bca3-4ebe-bde7-d9371da0f528","pdfId":"test.pdf-2462","cutoverTs":"2026-05-14T23:58:46.109+00:00","yMapSize":7,"yMapCalloutsSize":0,"materializedTotal":7,"materializedCallouts":0,"materializedDrawnByMe":7,"materializedDrawnByOthers":0,"materializedImported":0,"pages":1,"perPage":{"1":7},"currentStateCount":7,"ydocLooksDegenerate":false}
[Phase31 UAT] hydrate:cutover-sealed:by-type {"documentId":"484e4280-bca3-4ebe-bde7-d9371da0f528","pdfFile":"test.pdf-2462","viewerUserId":"170d915c-5741-4e0b-b03f-deaeedae27bd","yMapTotal":7,"yMapCalloutsTotal":0,"yMapByType":{"path":7},"yMapByAuthor":{"byMe":7,"byOthers":0,"anonymous":0},"yMapByTypeByAuthor":{"path":{"byMe":7,"byOthers":0,"anonymous":0}},"yMapPerTypePerPage":{"path":{"unknown":7}},"byPageTotal":7,"byPageByType":{"path":7},"byPagePerPagePerType":{"1":{"path":7}}}
[CloudSync][hydrate] loadAllNonHighlightAnnotations start {"documentId":"484e4280-bca3-4ebe-bde7-d9371da0f528"}
[DebugBridge +3151.3ms] pdf_loaded {"pageCount":3,"currentPage":1}
[AnnotationHydrationGate][first-page] {"documentId":"484e4280-bca3-4ebe-bde7-d9371da0f528","pdfId":"test.pdf-2462","pageNumber":1,"ready":false,"visualCoverActive":true,"normal":{"documentId":"484e4280-bca3-4ebe-bde7-d9371da0f528","pdfId":"test.pdf-2462","ready":false,"source":"starting","normalReady":false,"cutoverTs":null,"count":null,"calloutCount":null,"firstPaintGate":true},"survey":{"ready":true,"source":"supabase-highlight","documentId":"484e4280-bca3-4ebe-bde7-d9371da0f528","pdfId":"test.pdf-2462","count":2}}
[AnnotationHydrationGate][visual-cover] {"documentId":"484e4280-bca3-4ebe-bde7-d9371da0f528","pdfId":"test.pdf-2462","pageNumber":1,"active":true,"reason":"annotation-hydration-gated"}
[DebugBridge +3243.7ms] zoom_start {"scale":1.33333,"targetScale":0.87,"source":"zoomChange"}
[CloudSync][hook] fabric push skipped — not hydrated yet
[CloudSync][hook] callout push skipped — not hydrated yet
[CloudSync][realtime] subscribing {"documentId":"484e4280-bca3-4ebe-bde7-d9371da0f528","currentUserId":"170d915c-5741-4e0b-b03f-deaeedae27bd","currentSessionId":"3081f758-c7d1-4ec5-a8ad-3801a24779d5","hasFabricInsert":true,"hasFabricUpdate":true,"hasFabricDelete":true,"hasCalloutInsert":true,"hasCalloutUpdate":true,"hasCalloutDelete":true}
[CloudSync][realtime] subscribe status {"status":"SUBSCRIBED","error":null}
[Phase31 UAT] post-subscribe catch-up skipped — doc is cutover-sealed, Y.Doc + realtime is source of truth {"documentId":"484e4280-bca3-4ebe-bde7-d9371da0f528","pdfId":"test.pdf-2462","cutoverTs":"2026-05-14T23:58:46.109+00:00","ydocAuthoritative":true}
[Phase31 UAT] backfill:degeneracy-probe {"documentId":"484e4280-bca3-4ebe-bde7-d9371da0f528","userId":"170d915c-5741-4e0b-b03f-deaeedae27bd","yMapSize":7,"legacyCount":7,"probeOk":true,"tolerance":100,"yMapLooksHealthy":false,"dedupeRan":true,"lastGoodSize":120,"hardFloorBreached":true}
console.warn @ [crdtBackfill] cutover sealed but Y.Map < legacy count — re-running import loop to recover {"yMapSize":7,"legacyCount":7}
[Phase31 UAT] backfill:select-loop start {"documentId":"484e4280-bca3-4ebe-bde7-d9371da0f528","userId":"170d915c-5741-4e0b-b03f-deaeedae27bd","pageSize":1000}
[CloudSync][hydrate] loadAllNonHighlightAnnotations ok {"elapsedMs":418,"totalRowsScanned":7,"scanned":{"nonHighlight":7,"legacyFabricHighlights":0},"totalRows":7,"rowsByType":{"ink":7},"pagesWithObjects":1,"calloutCount":0}
[CloudSync][verify] first read summary {"contextLabel":"cutover-source-of-truth","documentId":"484e4280-bca3-4ebe-bde7-d9371da0f528","elapsedMs":419,"firstFabricPages":1,"firstFabricObjects":7,"firstCallouts":0,"firstEmpty":false,"localFabricCount":7,"localCalloutCount":0,"localHasData":true,"willVerify":false}
[CloudSync][source-of-truth] cutover initial hydrate selected Supabase durable snapshot {"documentId":"484e4280-bca3-4ebe-bde7-d9371da0f528","pdfId":"test.pdf-2462","cutoverTs":"2026-05-14T23:58:46.109+00:00","ydocFabricCount":7,"ydocCalloutCount":0,"supabaseFabricCount":7,"supabaseCalloutCount":0,"rule":"Supabase durable snapshot wins initial load; Y.Doc is reshaped for live collaboration"}
[Phase31 UAT] save:fan-out done {"documentId":"484e4280-bca3-4ebe-bde7-d9371da0f528","pdfId":"test.pdf-2462","userId":"170d915c-5741-4e0b-b03f-deaeedae27bd","actionType":null,"dispatched":7,"yDocUpdateCount":7,"detected":7,"skippedHighlightOrCallout":0,"skippedOtherType":0,"rawTypeBreakdown":{"pen":6,"highlighter":1},"resolvedTypeBreakdown":{"ink":7},"skipReasons":{},"skipSamples":[],"yMapSizeAfter":7}
[CloudSync][hook] callout Y.Doc fan-out done {"documentId":"484e4280-bca3-4ebe-bde7-d9371da0f528","pdfId":"test.pdf-2462","userId":"170d915c-5741-4e0b-b03f-deaeedae27bd","actionType":"callout:delta","upserted":0,"deleted":0,"yDocUpdateCount":0,"yMapCalloutsSizeAfter":0}
[AnnotationHydrationGate][normal] {"documentId":"484e4280-bca3-4ebe-bde7-d9371da0f528","pdfId":"test.pdf-2462","ready":true,"source":"supabase-durable-snapshot","normalReady":true,"cutoverTs":"2026-05-14T23:58:46.109+00:00","count":7,"calloutCount":0,"firstPaintGate":true}
[AnnotationHydrationGate][first-page] {"documentId":"484e4280-bca3-4ebe-bde7-d9371da0f528","pdfId":"test.pdf-2462","pageNumber":1,"ready":true,"visualCoverActive":false,"normal":{"documentId":"484e4280-bca3-4ebe-bde7-d9371da0f528","pdfId":"test.pdf-2462","ready":true,"source":"supabase-durable-snapshot","normalReady":true,"cutoverTs":"2026-05-14T23:58:46.109+00:00","count":7,"calloutCount":0,"firstPaintGate":true},"survey":{"ready":true,"source":"supabase-highlight","documentId":"484e4280-bca3-4ebe-bde7-d9371da0f528","pdfId":"test.pdf-2462","count":2}}
[AnnotationHydrationGate][visual-cover] {"documentId":"484e4280-bca3-4ebe-bde7-d9371da0f528","pdfId":"test.pdf-2462","pageNumber":1,"active":false,"reason":"hydration-ready"}
[Phase31 UAT] backfill:select-loop page ok {"documentId":"484e4280-bca3-4ebe-bde7-d9371da0f528","page":0,"range":[0,999],"pageRows":7,"totalSoFar":7,"pageElapsedMs":71}
[Phase31 UAT] backfill:done {"ranAs":"leader","documentId":"484e4280-bca3-4ebe-bde7-d9371da0f528","userId":"170d915c-5741-4e0b-b03f-deaeedae27bd","rowsFetched":7,"imported":7,"skipped":0,"yMapSizeAfter":7,"cutoverRequested":true,"cutoverCompleted":true,"importedByType":{"ink":7},"skippedByType":{}}
[crdtDedupePdfImports] removed 1 duplicate PDF-imported annotations across 7 unique signatures
[CloudSync][hook] dedupe-resync — restoring state {"documentId":"484e4280-bca3-4ebe-bde7-d9371da0f528","removed":1,"resyncCount":6}
[CloudSync][hook][state-obs] SHRINK {"prevCount":7,"currentCount":6,"delta":-1,"hydrated":true,"sameRefAsLastByPage":true,"stack":"    at commitHookEffectListMount (http://localhost:5174/node_modules/.vite/deps/chunk-DSUIPI7G.js?v=4844aadd:23793:34) |     at commitPassiveMountOnFiber (http://localhost:5174/node_modules/.vite/deps/chunk-DSUIPI7G.js?v=4844aadd:25034:19) |     at commitPassiveMountEffects_complete (http://localhost:5174/node_modules/.vite/deps/chunk-DSUIPI7G.js?v=4844aadd:25007:17) |     at commitPassiveMountEffects_begin (http://localhost:5174/node_modules/.vite/deps/chunk-DSUIPI7G.js?v=4844aadd:24997:15) |     at commitPassiveMountEffects (http://localhost:5174/node_modules/.vite/deps/chunk-DSUIPI7G.js?v=4844aadd:24987:11) |     at flushPassiveEffectsImpl (http://localhost:5174/node_modules/.vite/deps/chunk-DSUIPI7G.js?v=4844aadd:26368:11)"}
[HyperlinkDiag] post-load scan {"hyperlinkCount":0,"samples":[]}
[HyperlinkDiag] page 1 layers {"hyperlinkChildren":0,"layerClasses":["DIV","e-spinner-pane e-spin-show","e-pv-page-canvas","DIV","e-pv-annotation-canvas","e-pv-text-layer"]}
[HyperlinkDiag] page 2 layers {"hyperlinkChildren":0,"layerClasses":["DIV","e-spinner-pane e-spin-show","e-pv-page-canvas","DIV","e-pv-annotation-canvas","e-pv-text-layer"]}
[HyperlinkDiag] page 3 layers {"hyperlinkChildren":0,"layerClasses":["DIV","e-spinner-pane e-spin-hide","e-pv-page-canvas","DIV","e-pv-annotation-canvas","e-pv-text-layer"]}
[DebugBridge +4644.8ms] zoom_end {"source":"zoomChange_settle"}
[DrawCanvas p1] MOUNT — tool=highlighter, isShape=false, isDrawingMode=true
[DrawCanvas p1] shape effect — tool=highlighter, isShape=false, isDrawingMode=true
[DrawCanvas p1] shape effect — tool=highlighter, isShape=false, isDrawingMode=true
[CounterRenumber] skipped {"pageNumber":1,"source":"path:created","action":"path:created","reason":"non-numbering-save","preserveExistingCounters":true,"intentionalCounterChangeIds":[]}
[UndoDiag] {"seq":2,"order":1,"at":"2026-05-15T00:10:46.857Z","event":"local_annotation_history_added","actionType":"create","rawActionType":"fabric:create","annotationType":"path","annotationId":"79f96558-2e1e-4a52-ad74-dbca477b2602","pageNumber":1,"lane":"local annotation history","receivedStack":"localAnnotationUndo","chosenStack":null,"chosenLane":"local annotation history","decisionReason":null,"undoDepth":1,"redoDepth":0}
[CloudSync][hook] fabric state changed — debounce push scheduled {"pageCount":1,"objectCount":7,"priorObjectCount":6,"isWipePush":false,"deferredUntilPointerUp":false,"debounceMs":800}
[CloudSync][status] transition {"from":"idle","to":"pending","kind":"fabric","phase":null,"count":null,"queued":false,"error":null}
[CloudSync][hook] fabric push debounce elapsed — pushing now {"debounceMs":800,"debounceElapsedMs":802,"deferredQueuedMs":null,"actionType":"path:created"}
[Phase31 UAT] save:start {"documentId":"484e4280-bca3-4ebe-bde7-d9371da0f528","pdfId":"test.pdf-2462","userId":"170d915c-5741-4e0b-b03f-deaeedae27bd","legacyBulkUpsertEnabled":false,"crdtEnabled":true,"ydocMounted":true,"route":"supabase-durable-then-crdt","currentTotal":7,"currentDrawnByMe":6,"currentDrawnByOthers":1,"currentImported":0,"priorTotal":6,"priorDrawnByMe":6,"priorImported":0,"deltaTotal":1}
[CloudSync][status] transition {"from":"pending","to":"syncing","kind":"fabric","phase":null,"count":null,"queued":false,"error":null}
[CloudSync][delta] fabric prepared {"actionType":"path:created","changedIds":["79f96558-2e1e-4a52-ad74-dbca477b2602"],"deletedIds":[],"changedObjectCount":1,"changedCount":1,"dispatchedCount":1,"supabaseUpsertCount":1,"yDocUpdateCount":1,"debounceMs":800,"debounceElapsedMs":802,"fullFanOutReason":null,"totalObjectCount":7,"priorObjectCount":6,"preciseSource":null,"preciseDeletedCount":null,"preciseChangedCount":null}
[CloudSync][push] upsertAnnotationsByPage start {"documentId":"484e4280-bca3-4ebe-bde7-d9371da0f528","pdfId":"test.pdf-2462","userId":"170d915c-5741-4e0b-b03f-deaeedae27bd","actionType":"path:created","changedIds":["79f96558-2e1e-4a52-ad74-dbca477b2602"],"changedCount":1,"dispatchedCount":1,"supabaseUpsertCount":1,"debounceMs":800,"debounceElapsedMs":802,"fullFanOutReason":null,"totalRows":1,"userDrawnObjects":1,"importedObjects":0,"rowsByType":{"ink":1},"pages":1}
[CloudSync][push] upsertAnnotationsByPage ok {"elapsedMs":141,"pdfId":"test.pdf-2462","actionType":"path:created","supabaseUpsertCount":1,"rowsReturned":1}
[UndoDiag] {"seq":5,"order":null,"at":"2026-05-15T00:10:47.808Z","event":"yjs_history_added","actionType":"undo","rawActionType":"undo","annotationType":null,"annotationId":null,"pageNumber":null,"lane":"Yjs/CRDT history","receivedStack":"yjsUndoStack","chosenStack":null,"chosenLane":"Yjs/CRDT history","decisionReason":null,"undoDepth":1,"redoDepth":0}
[Phase31 UAT] save:fan-out done {"documentId":"484e4280-bca3-4ebe-bde7-d9371da0f528","pdfId":"test.pdf-2462","userId":"170d915c-5741-4e0b-b03f-deaeedae27bd","actionType":"path:created","dispatched":1,"yDocUpdateCount":1,"detected":1,"skippedHighlightOrCallout":0,"skippedOtherType":0,"rawTypeBreakdown":{"highlighter":1},"resolvedTypeBreakdown":{"ink":1},"skipReasons":{},"skipSamples":[],"yMapSizeAfter":7}
[CloudSync][hook] fabric push synced {"count":1}
[CloudSync][status] transition {"from":"syncing","to":"synced","kind":"fabric","phase":null,"count":1,"queued":false,"error":null}
[CloudSync][realtime] echo-filtered INSERT {"highlightId":"79f96558-2e1e-4a52-ad74-dbca477b2602","annotationType":"ink","lastModifiedBy":"170d915c-5741-4e0b-b03f-deaeedae27bd","rowSessionId":"3081f758-c7d1-4ec5-a8ad-3801a24779d5","currentSessionId":"3081f758-c7d1-4ec5-a8ad-3801a24779d5","reason":"same-session"}
[CounterRenumber] skipped {"pageNumber":1,"source":"path:created","action":"path:created","reason":"non-numbering-save","preserveExistingCounters":true,"intentionalCounterChangeIds":[]}
[UndoDiag] {"seq":6,"order":2,"at":"2026-05-15T00:10:48.204Z","event":"local_annotation_history_added","actionType":"create","rawActionType":"fabric:create","annotationType":"path","annotationId":"5d006003-463f-4399-a258-a29f8874c4e8","pageNumber":1,"lane":"local annotation history","receivedStack":"localAnnotationUndo","chosenStack":null,"chosenLane":"local annotation history","decisionReason":null,"undoDepth":2,"redoDepth":0}
[CloudSync][hook] fabric state changed — debounce push scheduled {"pageCount":1,"objectCount":8,"priorObjectCount":7,"isWipePush":false,"deferredUntilPointerUp":false,"debounceMs":800}
[CloudSync][status] transition {"from":"synced","to":"pending","kind":"fabric","phase":null,"count":null,"queued":false,"error":null}
[CloudSync][hook] fabric push debounce elapsed — pushing now {"debounceMs":800,"debounceElapsedMs":802,"deferredQueuedMs":null,"actionType":"path:created"}
[Phase31 UAT] save:start {"documentId":"484e4280-bca3-4ebe-bde7-d9371da0f528","pdfId":"test.pdf-2462","userId":"170d915c-5741-4e0b-b03f-deaeedae27bd","legacyBulkUpsertEnabled":false,"crdtEnabled":true,"ydocMounted":true,"route":"supabase-durable-then-crdt","currentTotal":8,"currentDrawnByMe":6,"currentDrawnByOthers":2,"currentImported":0,"priorTotal":7,"priorDrawnByMe":6,"priorImported":0,"deltaTotal":1}
[CloudSync][status] transition {"from":"pending","to":"syncing","kind":"fabric","phase":null,"count":null,"queued":false,"error":null}
[CloudSync][delta] fabric prepared {"actionType":"path:created","changedIds":["5d006003-463f-4399-a258-a29f8874c4e8"],"deletedIds":[],"changedObjectCount":1,"changedCount":1,"dispatchedCount":1,"supabaseUpsertCount":1,"yDocUpdateCount":1,"debounceMs":800,"debounceElapsedMs":802,"fullFanOutReason":null,"totalObjectCount":8,"priorObjectCount":7,"preciseSource":null,"preciseDeletedCount":null,"preciseChangedCount":null}
[CloudSync][push] upsertAnnotationsByPage start {"documentId":"484e4280-bca3-4ebe-bde7-d9371da0f528","pdfId":"test.pdf-2462","userId":"170d915c-5741-4e0b-b03f-deaeedae27bd","actionType":"path:created","changedIds":["5d006003-463f-4399-a258-a29f8874c4e8"],"changedCount":1,"dispatchedCount":1,"supabaseUpsertCount":1,"debounceMs":800,"debounceElapsedMs":802,"fullFanOutReason":null,"totalRows":1,"userDrawnObjects":1,"importedObjects":0,"rowsByType":{"ink":1},"pages":1}
[CloudSync][push] upsertAnnotationsByPage ok {"elapsedMs":70,"pdfId":"test.pdf-2462","actionType":"path:created","supabaseUpsertCount":1,"rowsReturned":1}
[UndoDiag] {"seq":9,"order":null,"at":"2026-05-15T00:10:49.080Z","event":"yjs_history_added","actionType":"undo","rawActionType":"undo","annotationType":null,"annotationId":null,"pageNumber":null,"lane":"Yjs/CRDT history","receivedStack":"yjsUndoStack","chosenStack":null,"chosenLane":"Yjs/CRDT history","decisionReason":null,"undoDepth":2,"redoDepth":0}
[Phase31 UAT] save:fan-out done {"documentId":"484e4280-bca3-4ebe-bde7-d9371da0f528","pdfId":"test.pdf-2462","userId":"170d915c-5741-4e0b-b03f-deaeedae27bd","actionType":"path:created","dispatched":1,"yDocUpdateCount":1,"detected":1,"skippedHighlightOrCallout":0,"skippedOtherType":0,"rawTypeBreakdown":{"highlighter":1},"resolvedTypeBreakdown":{"ink":1},"skipReasons":{},"skipSamples":[],"yMapSizeAfter":8}
[CloudSync][hook] fabric push synced {"count":1}
[CloudSync][status] transition {"from":"syncing","to":"synced","kind":"fabric","phase":null,"count":1,"queued":false,"error":null}
[CloudSync][realtime] echo-filtered INSERT {"highlightId":"5d006003-463f-4399-a258-a29f8874c4e8","annotationType":"ink","lastModifiedBy":"170d915c-5741-4e0b-b03f-deaeedae27bd","rowSessionId":"3081f758-c7d1-4ec5-a8ad-3801a24779d5","currentSessionId":"3081f758-c7d1-4ec5-a8ad-3801a24779d5","reason":"same-session"}
[FabricEraserCanvas p1] enliven — input=8 enlivenable=8 unsupported=0 output=8 nulls=0 types={"path":8}→{"path":8}
[Diag] tool-switch DETECTED → eraser (scheduling t+1000ms capture)
[Diag eraser] screenshot saved (128 KB) → /Users/isaiahcalvo/Desktop/Survey-BetaSafeS2/TestLogs/testlog-screenshot-eraser.png
[Diag eraser] CAPTURED @ t+1002ms — annotations=8 callouts=0 svgWrappers=1 svgVis=[visible] svgElems=4 svgVisElems=4 eraserCanvases=2 svgMarkupBytes=9175
[CloudSync][realtime] unsubscribing {"documentId":"484e4280-bca3-4ebe-bde7-d9371da0f528"}
[CloudSync][realtime] subscribe status {"status":"CLOSED","error":null}
[Diag] tool-switch DETECTED → eraser (scheduling t+1000ms capture)
[CloudSync][hook] hydrate effect fired {"enabled":true,"hydrateEnabled":true,"documentId":"484e4280-bca3-4ebe-bde7-d9371da0f528","userId":"170d915c-5741-4e0b-b03f-deaeedae27bd","pdfId":"test.pdf-2462"}
[AnnotationHydrationGate][normal] {"documentId":"484e4280-bca3-4ebe-bde7-d9371da0f528","pdfId":"test.pdf-2462","ready":false,"source":"starting","normalReady":false,"cutoverTs":"2026-05-14T23:58:46.109+00:00","count":null,"calloutCount":null,"firstPaintGate":true}
[CloudSync][hook] stage=hydrating
[CloudSync][hook] fabric push skipped — not hydrated yet
[CloudSync][hook] callout push skipped — not hydrated yet
[CloudSync][realtime] subscribing {"documentId":"484e4280-bca3-4ebe-bde7-d9371da0f528","currentUserId":"170d915c-5741-4e0b-b03f-deaeedae27bd","currentSessionId":"3081f758-c7d1-4ec5-a8ad-3801a24779d5","hasFabricInsert":true,"hasFabricUpdate":true,"hasFabricDelete":true,"hasCalloutInsert":true,"hasCalloutUpdate":true,"hasCalloutDelete":true}
[AnnotationHydrationGate][first-page] {"documentId":"484e4280-bca3-4ebe-bde7-d9371da0f528","pdfId":"test.pdf-2462","pageNumber":1,"ready":true,"visualCoverActive":false,"normal":{"documentId":"484e4280-bca3-4ebe-bde7-d9371da0f528","pdfId":"test.pdf-2462","ready":true,"source":"supabase-durable-snapshot","normalReady":true,"cutoverTs":"2026-05-14T23:58:46.109+00:00","count":7,"calloutCount":0,"firstPaintGate":true},"survey":{"ready":true,"source":"supabase-highlight","documentId":"484e4280-bca3-4ebe-bde7-d9371da0f528","pdfId":"test.pdf-2462","count":2}}
[AnnotationHydrationGate][visual-cover] {"documentId":"484e4280-bca3-4ebe-bde7-d9371da0f528","pdfId":"test.pdf-2462","pageNumber":1,"active":false,"reason":"hydration-ready"}
[Cloud render cache] doc=test.pdf-2462 painting verified cloud snapshot immediately — count=8.
[CSeries wipe] doc=test.pdf-2462 skip — wipe already ran this session.
[CloudSync][realtime] unsubscribing {"documentId":"484e4280-bca3-4ebe-bde7-d9371da0f528"}
[CloudSync][realtime] subscribe status {"status":"CLOSED","error":null}
[AnnotationHydrationGate][first-page] {"documentId":"484e4280-bca3-4ebe-bde7-d9371da0f528","pdfId":"test.pdf-2462","pageNumber":1,"ready":false,"visualCoverActive":true,"normal":{"documentId":"484e4280-bca3-4ebe-bde7-d9371da0f528","pdfId":"test.pdf-2462","ready":false,"source":"starting","normalReady":false,"cutoverTs":"2026-05-14T23:58:46.109+00:00","count":null,"calloutCount":null,"firstPaintGate":true},"survey":{"ready":false,"source":"supabase-highlight-starting","documentId":"484e4280-bca3-4ebe-bde7-d9371da0f528","pdfId":"test.pdf-2462"}}
[AnnotationHydrationGate][visual-cover] {"documentId":"484e4280-bca3-4ebe-bde7-d9371da0f528","pdfId":"test.pdf-2462","pageNumber":1,"active":true,"reason":"annotation-hydration-gated"}
[PDFImport] skipped embedded PDF annotation import — cloud/Y.Doc is authoritative {"documentId":"484e4280-bca3-4ebe-bde7-d9371da0f528"}
[PDFCounterImport] summary {"marker":"survey-counter","metadataKey":"SurveyApp","counterAnnotationsImported":0,"plainCirclesImported":0,"counterMetadataParseFailures":0,"appCalloutMarker":"survey-callout","appCalloutMetadataKey":"SurveyAppCallout","appCalloutAnnotationsImported":0,"appCalloutPiecesSkipped":0}
[PDFAppLayerStateImport] summary {"found":false,"documentId":null,"exportId":null,"scopedAnnotationPages":0,"scopedCallouts":0,"surveyHighlights":0,"spaces":0}
[PDFImport] native layer policy {"documentId":"484e4280-bca3-4ebe-bde7-d9371da0f528","cloudAuthoritative":true,"reason":"cloud/Y.Doc annotations are authoritative; native PDF annotation layer is hidden when all renderable native annotations are accounted for by importer diagnostics.","pages":{"1":{"hideNativeLayer":false,"nativeRenderableAnnotationCount":0,"nativeOnlyAnnotationCount":0,"reason":"no-renderable-native-annotations"},"2":{"hideNativeLayer":false,"nativeRenderableAnnotationCount":0,"nativeOnlyAnnotationCount":0,"reason":"no-renderable-native-annotations"},"3":{"hideNativeLayer":false,"nativeRenderableAnnotationCount":0,"nativeOnlyAnnotationCount":0,"reason":"no-renderable-native-annotations"}}}
[PrintPanel] RENDER — panel closed
[DebugBridge +144594.7ms] pdf_loaded {"pageCount":3,"currentPage":1}
[HIGHLIGHT-SYNC][load.legacy][pdf=test.pdf] {"documentId":"484e4280-bca3-4ebe-bde7-d9371da0f528","totalRows":2,"fabricCarryingDropped":0,"keptCount":2,"keptIds":["highlight-1778797496854-rlutw24e8","highlight-1778797501682-m1zlziliy"]}
[AnnotationHydrationGate][survey] supabase highlights complete {"documentId":"484e4280-bca3-4ebe-bde7-d9371da0f528","pdfId":"test.pdf-2462","count":2}
[AnnotationHydrationGate][first-page] {"documentId":"484e4280-bca3-4ebe-bde7-d9371da0f528","pdfId":"test.pdf-2462","pageNumber":1,"ready":false,"visualCoverActive":true,"normal":{"documentId":"484e4280-bca3-4ebe-bde7-d9371da0f528","pdfId":"test.pdf-2462","ready":false,"source":"starting","normalReady":false,"cutoverTs":"2026-05-14T23:58:46.109+00:00","count":null,"calloutCount":null,"firstPaintGate":true},"survey":{"ready":true,"source":"supabase-highlight","documentId":"484e4280-bca3-4ebe-bde7-d9371da0f528","pdfId":"test.pdf-2462","count":2}}
[AnnotationHydrationGate][visual-cover] {"documentId":"484e4280-bca3-4ebe-bde7-d9371da0f528","pdfId":"test.pdf-2462","pageNumber":1,"active":true,"reason":"annotation-hydration-gated"}
[CloudSync][hook] cutover-complete hydrate — reading from Y.Doc {"documentId":"484e4280-bca3-4ebe-bde7-d9371da0f528","cutoverTs":"2026-05-15T00:10:42.633+00:00"}
[Phase31 UAT] hydrate:cutover-sealed {"documentId":"484e4280-bca3-4ebe-bde7-d9371da0f528","pdfId":"test.pdf-2462","cutoverTs":"2026-05-15T00:10:42.633+00:00","yMapSize":8,"yMapCalloutsSize":0,"materializedTotal":8,"materializedCallouts":0,"materializedDrawnByMe":8,"materializedDrawnByOthers":0,"materializedImported":0,"pages":1,"perPage":{"1":8},"currentStateCount":8,"ydocLooksDegenerate":false}
[Phase31 UAT] hydrate:cutover-sealed:by-type {"documentId":"484e4280-bca3-4ebe-bde7-d9371da0f528","pdfFile":"test.pdf-2462","viewerUserId":"170d915c-5741-4e0b-b03f-deaeedae27bd","yMapTotal":8,"yMapCalloutsTotal":0,"yMapByType":{"path":8},"yMapByAuthor":{"byMe":8,"byOthers":0,"anonymous":0},"yMapByTypeByAuthor":{"path":{"byMe":8,"byOthers":0,"anonymous":0}},"yMapPerTypePerPage":{"path":{"1":6,"unknown":2}},"byPageTotal":8,"byPageByType":{"path":8},"byPagePerPagePerType":{"1":{"path":8}}}
[CloudSync][hydrate] loadAllNonHighlightAnnotations start {"documentId":"484e4280-bca3-4ebe-bde7-d9371da0f528"}
[CloudSync][hook] fabric push skipped — not hydrated yet
[CloudSync][hook] callout push skipped — not hydrated yet
[CloudSync][realtime] subscribing {"documentId":"484e4280-bca3-4ebe-bde7-d9371da0f528","currentUserId":"170d915c-5741-4e0b-b03f-deaeedae27bd","currentSessionId":"3081f758-c7d1-4ec5-a8ad-3801a24779d5","hasFabricInsert":true,"hasFabricUpdate":true,"hasFabricDelete":true,"hasCalloutInsert":true,"hasCalloutUpdate":true,"hasCalloutDelete":true}
[CloudSync][realtime] subscribe status {"status":"SUBSCRIBED","error":null}
[Phase31 UAT] post-subscribe catch-up skipped — doc is cutover-sealed, Y.Doc + realtime is source of truth {"documentId":"484e4280-bca3-4ebe-bde7-d9371da0f528","pdfId":"test.pdf-2462","cutoverTs":"2026-05-15T00:10:42.633+00:00","ydocAuthoritative":true}
[CloudSync][hydrate] loadAllNonHighlightAnnotations ok {"elapsedMs":212,"totalRowsScanned":9,"scanned":{"nonHighlight":9,"legacyFabricHighlights":0},"totalRows":9,"rowsByType":{"ink":9},"pagesWithObjects":1,"calloutCount":0}
[CloudSync][verify] first read summary {"contextLabel":"cutover-source-of-truth","documentId":"484e4280-bca3-4ebe-bde7-d9371da0f528","elapsedMs":213,"firstFabricPages":1,"firstFabricObjects":9,"firstCallouts":0,"firstEmpty":false,"localFabricCount":8,"localCalloutCount":0,"localHasData":true,"willVerify":false}
[CloudSync][source-of-truth] cutover initial hydrate selected Supabase durable snapshot {"documentId":"484e4280-bca3-4ebe-bde7-d9371da0f528","pdfId":"test.pdf-2462","cutoverTs":"2026-05-15T00:10:42.633+00:00","ydocFabricCount":8,"ydocCalloutCount":0,"supabaseFabricCount":9,"supabaseCalloutCount":0,"rule":"Supabase durable snapshot wins initial load; Y.Doc is reshaped for live collaboration"}
[UndoDiag] {"seq":11,"order":null,"at":"2026-05-15T00:13:04.725Z","event":"yjs_history_added","actionType":"undo","rawActionType":"undo","annotationType":"fabric","annotationId":"07a61924-b448-4317-aa4a-098cbbf28dcd","pageNumber":null,"lane":"Yjs/CRDT history","receivedStack":"yjsUndoStack","chosenStack":null,"chosenLane":"Yjs/CRDT history","decisionReason":null,"undoDepth":3,"redoDepth":0}
[Phase31 UAT] save:fan-out done {"documentId":"484e4280-bca3-4ebe-bde7-d9371da0f528","pdfId":"test.pdf-2462","userId":"170d915c-5741-4e0b-b03f-deaeedae27bd","actionType":null,"dispatched":9,"yDocUpdateCount":9,"detected":9,"skippedHighlightOrCallout":0,"skippedOtherType":0,"rawTypeBreakdown":{"pen":6,"highlighter":3},"resolvedTypeBreakdown":{"ink":9},"skipReasons":{},"skipSamples":[],"yMapSizeAfter":9}
[CloudSync][hook] callout Y.Doc fan-out done {"documentId":"484e4280-bca3-4ebe-bde7-d9371da0f528","pdfId":"test.pdf-2462","userId":"170d915c-5741-4e0b-b03f-deaeedae27bd","actionType":"callout:delta","upserted":0,"deleted":0,"yDocUpdateCount":0,"yMapCalloutsSizeAfter":0}
[AnnotationHydrationGate][normal] {"documentId":"484e4280-bca3-4ebe-bde7-d9371da0f528","pdfId":"test.pdf-2462","ready":true,"source":"supabase-durable-snapshot","normalReady":true,"cutoverTs":"2026-05-15T00:10:42.633+00:00","count":9,"calloutCount":0,"firstPaintGate":true}
[AnnotationHydrationGate][first-page] {"documentId":"484e4280-bca3-4ebe-bde7-d9371da0f528","pdfId":"test.pdf-2462","pageNumber":1,"ready":true,"visualCoverActive":false,"normal":{"documentId":"484e4280-bca3-4ebe-bde7-d9371da0f528","pdfId":"test.pdf-2462","ready":true,"source":"supabase-durable-snapshot","normalReady":true,"cutoverTs":"2026-05-15T00:10:42.633+00:00","count":9,"calloutCount":0,"firstPaintGate":true},"survey":{"ready":true,"source":"supabase-highlight","documentId":"484e4280-bca3-4ebe-bde7-d9371da0f528","pdfId":"test.pdf-2462","count":2}}
[AnnotationHydrationGate][visual-cover] {"documentId":"484e4280-bca3-4ebe-bde7-d9371da0f528","pdfId":"test.pdf-2462","pageNumber":1,"active":false,"reason":"hydration-ready"}
[HyperlinkDiag] post-load scan {"hyperlinkCount":0,"samples":[]}
[HyperlinkDiag] page 1 layers {"hyperlinkChildren":0,"layerClasses":["e-spinner-pane e-spin-hide","e-pv-page-canvas","e-pv-text-layer"]}
[HyperlinkDiag] page 2 layers {"hyperlinkChildren":0,"layerClasses":["e-spinner-pane e-spin-hide","e-pv-page-canvas","e-pv-text-layer"]}
[HyperlinkDiag] page 3 layers {"hyperlinkChildren":0,"layerClasses":["e-spinner-pane e-spin-hide","e-pv-page-canvas","e-pv-text-layer"]}
[CloudSync][realtime] unsubscribing {"documentId":"484e4280-bca3-4ebe-bde7-d9371da0f528"}
[CloudSync][realtime] subscribe status {"status":"CLOSED","error":null}
[CloudSync][hook] hydrate effect fired {"enabled":true,"hydrateEnabled":true,"documentId":"484e4280-bca3-4ebe-bde7-d9371da0f528","userId":"170d915c-5741-4e0b-b03f-deaeedae27bd","pdfId":"test.pdf-2462"}
[AnnotationHydrationGate][normal] {"documentId":"484e4280-bca3-4ebe-bde7-d9371da0f528","pdfId":"test.pdf-2462","ready":false,"source":"starting","normalReady":false,"cutoverTs":"2026-05-15T00:10:42.633+00:00","count":null,"calloutCount":null,"firstPaintGate":true}
[CloudSync][hook] stage=hydrating
[CloudSync][hook] fabric push skipped — not hydrated yet
[CloudSync][hook] callout push skipped — not hydrated yet
[CloudSync][realtime] subscribing {"documentId":"484e4280-bca3-4ebe-bde7-d9371da0f528","currentUserId":"170d915c-5741-4e0b-b03f-deaeedae27bd","currentSessionId":"3081f758-c7d1-4ec5-a8ad-3801a24779d5","hasFabricInsert":true,"hasFabricUpdate":true,"hasFabricDelete":true,"hasCalloutInsert":true,"hasCalloutUpdate":true,"hasCalloutDelete":true}
[AnnotationHydrationGate][first-page] {"documentId":"484e4280-bca3-4ebe-bde7-d9371da0f528","pdfId":"test.pdf-2462","pageNumber":1,"ready":true,"visualCoverActive":false,"normal":{"documentId":"484e4280-bca3-4ebe-bde7-d9371da0f528","pdfId":"test.pdf-2462","ready":true,"source":"supabase-durable-snapshot","normalReady":true,"cutoverTs":"2026-05-15T00:10:42.633+00:00","count":9,"calloutCount":0,"firstPaintGate":true},"survey":{"ready":true,"source":"supabase-highlight","documentId":"484e4280-bca3-4ebe-bde7-d9371da0f528","pdfId":"test.pdf-2462","count":2}}
[AnnotationHydrationGate][visual-cover] {"documentId":"484e4280-bca3-4ebe-bde7-d9371da0f528","pdfId":"test.pdf-2462","pageNumber":1,"active":false,"reason":"hydration-ready"}
[Cloud render cache] doc=test.pdf-2462 painting verified cloud snapshot immediately — count=9.
[CSeries wipe] doc=test.pdf-2462 skip — wipe already ran this session.
[CloudSync][realtime] unsubscribing {"documentId":"484e4280-bca3-4ebe-bde7-d9371da0f528"}
[CloudSync][realtime] subscribe status {"status":"CLOSED","error":null}
[AnnotationHydrationGate][first-page] {"documentId":"484e4280-bca3-4ebe-bde7-d9371da0f528","pdfId":"test.pdf-2462","pageNumber":1,"ready":false,"visualCoverActive":true,"normal":{"documentId":"484e4280-bca3-4ebe-bde7-d9371da0f528","pdfId":"test.pdf-2462","ready":false,"source":"starting","normalReady":false,"cutoverTs":"2026-05-15T00:10:42.633+00:00","count":null,"calloutCount":null,"firstPaintGate":true},"survey":{"ready":false,"source":"supabase-highlight-starting","documentId":"484e4280-bca3-4ebe-bde7-d9371da0f528","pdfId":"test.pdf-2462"}}
[AnnotationHydrationGate][visual-cover] {"documentId":"484e4280-bca3-4ebe-bde7-d9371da0f528","pdfId":"test.pdf-2462","pageNumber":1,"active":true,"reason":"annotation-hydration-gated"}
[HIGHLIGHT-SYNC][load.legacy][pdf=test.pdf] {"documentId":"484e4280-bca3-4ebe-bde7-d9371da0f528","totalRows":2,"fabricCarryingDropped":0,"keptCount":2,"keptIds":["highlight-1778797496854-rlutw24e8","highlight-1778797501682-m1zlziliy"]}
[AnnotationHydrationGate][survey] supabase highlights complete {"documentId":"484e4280-bca3-4ebe-bde7-d9371da0f528","pdfId":"test.pdf-2462","count":2}
[CloudSync][hook] cutover-complete hydrate — reading from Y.Doc {"documentId":"484e4280-bca3-4ebe-bde7-d9371da0f528","cutoverTs":"2026-05-15T00:10:42.633+00:00"}
[Phase31 UAT] hydrate:cutover-sealed {"documentId":"484e4280-bca3-4ebe-bde7-d9371da0f528","pdfId":"test.pdf-2462","cutoverTs":"2026-05-15T00:10:42.633+00:00","yMapSize":9,"yMapCalloutsSize":0,"materializedTotal":9,"materializedCallouts":0,"materializedDrawnByMe":9,"materializedDrawnByOthers":0,"materializedImported":0,"pages":1,"perPage":{"1":9},"currentStateCount":9,"ydocLooksDegenerate":false}
[Phase31 UAT] hydrate:cutover-sealed:by-type {"documentId":"484e4280-bca3-4ebe-bde7-d9371da0f528","pdfFile":"test.pdf-2462","viewerUserId":"170d915c-5741-4e0b-b03f-deaeedae27bd","yMapTotal":9,"yMapCalloutsTotal":0,"yMapByType":{"path":9},"yMapByAuthor":{"byMe":9,"byOthers":0,"anonymous":0},"yMapByTypeByAuthor":{"path":{"byMe":9,"byOthers":0,"anonymous":0}},"yMapPerTypePerPage":{"path":{"unknown":9}},"byPageTotal":9,"byPageByType":{"path":9},"byPagePerPagePerType":{"1":{"path":9}}}
[CloudSync][hydrate] loadAllNonHighlightAnnotations start {"documentId":"484e4280-bca3-4ebe-bde7-d9371da0f528"}
[AnnotationHydrationGate][first-page] {"documentId":"484e4280-bca3-4ebe-bde7-d9371da0f528","pdfId":"test.pdf-2462","pageNumber":1,"ready":false,"visualCoverActive":true,"normal":{"documentId":"484e4280-bca3-4ebe-bde7-d9371da0f528","pdfId":"test.pdf-2462","ready":false,"source":"starting","normalReady":false,"cutoverTs":"2026-05-15T00:10:42.633+00:00","count":null,"calloutCount":null,"firstPaintGate":true},"survey":{"ready":true,"source":"supabase-highlight","documentId":"484e4280-bca3-4ebe-bde7-d9371da0f528","pdfId":"test.pdf-2462","count":2}}
[AnnotationHydrationGate][visual-cover] {"documentId":"484e4280-bca3-4ebe-bde7-d9371da0f528","pdfId":"test.pdf-2462","pageNumber":1,"active":true,"reason":"annotation-hydration-gated"}
[CloudSync][hook] fabric push skipped — not hydrated yet
[CloudSync][hook] callout push skipped — not hydrated yet
[CloudSync][realtime] subscribing {"documentId":"484e4280-bca3-4ebe-bde7-d9371da0f528","currentUserId":"170d915c-5741-4e0b-b03f-deaeedae27bd","currentSessionId":"3081f758-c7d1-4ec5-a8ad-3801a24779d5","hasFabricInsert":true,"hasFabricUpdate":true,"hasFabricDelete":true,"hasCalloutInsert":true,"hasCalloutUpdate":true,"hasCalloutDelete":true}
[PDFImport] skipped embedded PDF annotation import — cloud/Y.Doc is authoritative {"documentId":"484e4280-bca3-4ebe-bde7-d9371da0f528"}
[PDFCounterImport] summary {"marker":"survey-counter","metadataKey":"SurveyApp","counterAnnotationsImported":0,"plainCirclesImported":0,"counterMetadataParseFailures":0,"appCalloutMarker":"survey-callout","appCalloutMetadataKey":"SurveyAppCallout","appCalloutAnnotationsImported":0,"appCalloutPiecesSkipped":0}
[PDFAppLayerStateImport] summary {"found":false,"documentId":null,"exportId":null,"scopedAnnotationPages":0,"scopedCallouts":0,"surveyHighlights":0,"spaces":0}
[PDFImport] native layer policy {"documentId":"484e4280-bca3-4ebe-bde7-d9371da0f528","cloudAuthoritative":true,"reason":"cloud/Y.Doc annotations are authoritative; native PDF annotation layer is hidden when all renderable native annotations are accounted for by importer diagnostics.","pages":{"1":{"hideNativeLayer":false,"nativeRenderableAnnotationCount":0,"nativeOnlyAnnotationCount":0,"reason":"no-renderable-native-annotations"},"2":{"hideNativeLayer":false,"nativeRenderableAnnotationCount":0,"nativeOnlyAnnotationCount":0,"reason":"no-renderable-native-annotations"},"3":{"hideNativeLayer":false,"nativeRenderableAnnotationCount":0,"nativeOnlyAnnotationCount":0,"reason":"no-renderable-native-annotations"}}}
[PrintPanel] RENDER — panel closed
[CloudSync][realtime] subscribe status {"status":"SUBSCRIBED","error":null}
[Phase31 UAT] post-subscribe catch-up skipped — doc is cutover-sealed, Y.Doc + realtime is source of truth {"documentId":"484e4280-bca3-4ebe-bde7-d9371da0f528","pdfId":"test.pdf-2462","cutoverTs":"2026-05-15T00:10:42.633+00:00","ydocAuthoritative":true}
[CloudSync][hydrate] loadAllNonHighlightAnnotations ok {"elapsedMs":322,"totalRowsScanned":9,"scanned":{"nonHighlight":9,"legacyFabricHighlights":0},"totalRows":9,"rowsByType":{"ink":9},"pagesWithObjects":1,"calloutCount":0}
[CloudSync][verify] first read summary {"contextLabel":"cutover-source-of-truth","documentId":"484e4280-bca3-4ebe-bde7-d9371da0f528","elapsedMs":322,"firstFabricPages":1,"firstFabricObjects":9,"firstCallouts":0,"firstEmpty":false,"localFabricCount":9,"localCalloutCount":0,"localHasData":true,"willVerify":false}
[CloudSync][source-of-truth] cutover initial hydrate selected Supabase durable snapshot {"documentId":"484e4280-bca3-4ebe-bde7-d9371da0f528","pdfId":"test.pdf-2462","cutoverTs":"2026-05-15T00:10:42.633+00:00","ydocFabricCount":9,"ydocCalloutCount":0,"supabaseFabricCount":9,"supabaseCalloutCount":0,"rule":"Supabase durable snapshot wins initial load; Y.Doc is reshaped for live collaboration"}
[UndoDiag] {"seq":13,"order":null,"at":"2026-05-15T00:13:13.080Z","event":"yjs_history_added","actionType":"undo","rawActionType":"undo","annotationType":"fabric","annotationId":"07a61924-b448-4317-aa4a-098cbbf28dcd","pageNumber":null,"lane":"Yjs/CRDT history","receivedStack":"yjsUndoStack","chosenStack":null,"chosenLane":"Yjs/CRDT history","decisionReason":null,"undoDepth":4,"redoDepth":0}
[Phase31 UAT] save:fan-out done {"documentId":"484e4280-bca3-4ebe-bde7-d9371da0f528","pdfId":"test.pdf-2462","userId":"170d915c-5741-4e0b-b03f-deaeedae27bd","actionType":null,"dispatched":9,"yDocUpdateCount":9,"detected":9,"skippedHighlightOrCallout":0,"skippedOtherType":0,"rawTypeBreakdown":{"pen":6,"highlighter":3},"resolvedTypeBreakdown":{"ink":9},"skipReasons":{},"skipSamples":[],"yMapSizeAfter":9}
[CloudSync][hook] callout Y.Doc fan-out done {"documentId":"484e4280-bca3-4ebe-bde7-d9371da0f528","pdfId":"test.pdf-2462","userId":"170d915c-5741-4e0b-b03f-deaeedae27bd","actionType":"callout:delta","upserted":0,"deleted":0,"yDocUpdateCount":0,"yMapCalloutsSizeAfter":0}
[AnnotationHydrationGate][normal] {"documentId":"484e4280-bca3-4ebe-bde7-d9371da0f528","pdfId":"test.pdf-2462","ready":true,"source":"supabase-durable-snapshot","normalReady":true,"cutoverTs":"2026-05-15T00:10:42.633+00:00","count":9,"calloutCount":0,"firstPaintGate":true}
[AnnotationHydrationGate][first-page] {"documentId":"484e4280-bca3-4ebe-bde7-d9371da0f528","pdfId":"test.pdf-2462","pageNumber":1,"ready":true,"visualCoverActive":false,"normal":{"documentId":"484e4280-bca3-4ebe-bde7-d9371da0f528","pdfId":"test.pdf-2462","ready":true,"source":"supabase-durable-snapshot","normalReady":true,"cutoverTs":"2026-05-15T00:10:42.633+00:00","count":9,"calloutCount":0,"firstPaintGate":true},"survey":{"ready":true,"source":"supabase-highlight","documentId":"484e4280-bca3-4ebe-bde7-d9371da0f528","pdfId":"test.pdf-2462","count":2}}
[AnnotationHydrationGate][visual-cover] {"documentId":"484e4280-bca3-4ebe-bde7-d9371da0f528","pdfId":"test.pdf-2462","pageNumber":1,"active":false,"reason":"hydration-ready"}
[DebugBridge +154497.7ms] pdf_loaded {"pageCount":3,"currentPage":1}
[HyperlinkDiag] post-load scan {"hyperlinkCount":0,"samples":[]}
[HyperlinkDiag] page 1 layers {"hyperlinkChildren":0,"layerClasses":["e-spinner-pane e-spin-hide","e-pv-page-canvas","e-pv-text-layer"]}
[HyperlinkDiag] page 2 layers {"hyperlinkChildren":0,"layerClasses":["e-spinner-pane e-spin-hide","e-pv-page-canvas","e-pv-text-layer"]}
[HyperlinkDiag] page 3 layers {"hyperlinkChildren":0,"layerClasses":["e-spinner-pane e-spin-hide","e-pv-page-canvas","e-pv-text-layer"]}
[CloudSync][realtime] unsubscribing {"documentId":"484e4280-bca3-4ebe-bde7-d9371da0f528"}
[CloudSync][realtime] subscribe status {"status":"CLOSED","error":null}
[CloudSync][hook] hydrate effect fired {"enabled":true,"hydrateEnabled":true,"documentId":"484e4280-bca3-4ebe-bde7-d9371da0f528","userId":"170d915c-5741-4e0b-b03f-deaeedae27bd","pdfId":"test.pdf-2462"}
[AnnotationHydrationGate][normal] {"documentId":"484e4280-bca3-4ebe-bde7-d9371da0f528","pdfId":"test.pdf-2462","ready":false,"source":"starting","normalReady":false,"cutoverTs":"2026-05-15T00:10:42.633+00:00","count":null,"calloutCount":null,"firstPaintGate":true}
[CloudSync][hook] stage=hydrating
[CloudSync][hook] fabric push skipped — not hydrated yet
[CloudSync][hook] callout push skipped — not hydrated yet
[CloudSync][realtime] subscribing {"documentId":"484e4280-bca3-4ebe-bde7-d9371da0f528","currentUserId":"170d915c-5741-4e0b-b03f-deaeedae27bd","currentSessionId":"3081f758-c7d1-4ec5-a8ad-3801a24779d5","hasFabricInsert":true,"hasFabricUpdate":true,"hasFabricDelete":true,"hasCalloutInsert":true,"hasCalloutUpdate":true,"hasCalloutDelete":true}
[AnnotationHydrationGate][first-page] {"documentId":"484e4280-bca3-4ebe-bde7-d9371da0f528","pdfId":"test.pdf-2462","pageNumber":1,"ready":true,"visualCoverActive":false,"normal":{"documentId":"484e4280-bca3-4ebe-bde7-d9371da0f528","pdfId":"test.pdf-2462","ready":true,"source":"supabase-durable-snapshot","normalReady":true,"cutoverTs":"2026-05-15T00:10:42.633+00:00","count":9,"calloutCount":0,"firstPaintGate":true},"survey":{"ready":true,"source":"supabase-highlight","documentId":"484e4280-bca3-4ebe-bde7-d9371da0f528","pdfId":"test.pdf-2462","count":2}}
[AnnotationHydrationGate][visual-cover] {"documentId":"484e4280-bca3-4ebe-bde7-d9371da0f528","pdfId":"test.pdf-2462","pageNumber":1,"active":false,"reason":"hydration-ready"}
[Cloud render cache] doc=test.pdf-2462 painting verified cloud snapshot immediately — count=9.
[CSeries wipe] doc=test.pdf-2462 skip — wipe already ran this session.
[CloudSync][realtime] unsubscribing {"documentId":"484e4280-bca3-4ebe-bde7-d9371da0f528"}
[CloudSync][realtime] subscribe status {"status":"CLOSED","error":null}
[AnnotationHydrationGate][first-page] {"documentId":"484e4280-bca3-4ebe-bde7-d9371da0f528","pdfId":"test.pdf-2462","pageNumber":1,"ready":false,"visualCoverActive":true,"normal":{"documentId":"484e4280-bca3-4ebe-bde7-d9371da0f528","pdfId":"test.pdf-2462","ready":false,"source":"starting","normalReady":false,"cutoverTs":"2026-05-15T00:10:42.633+00:00","count":null,"calloutCount":null,"firstPaintGate":true},"survey":{"ready":false,"source":"supabase-highlight-starting","documentId":"484e4280-bca3-4ebe-bde7-d9371da0f528","pdfId":"test.pdf-2462"}}
[AnnotationHydrationGate][visual-cover] {"documentId":"484e4280-bca3-4ebe-bde7-d9371da0f528","pdfId":"test.pdf-2462","pageNumber":1,"active":true,"reason":"annotation-hydration-gated"}
[PDFImport] skipped embedded PDF annotation import — cloud/Y.Doc is authoritative {"documentId":"484e4280-bca3-4ebe-bde7-d9371da0f528"}
[PDFCounterImport] summary {"marker":"survey-counter","metadataKey":"SurveyApp","counterAnnotationsImported":0,"plainCirclesImported":0,"counterMetadataParseFailures":0,"appCalloutMarker":"survey-callout","appCalloutMetadataKey":"SurveyAppCallout","appCalloutAnnotationsImported":0,"appCalloutPiecesSkipped":0}
[PDFAppLayerStateImport] summary {"found":false,"documentId":null,"exportId":null,"scopedAnnotationPages":0,"scopedCallouts":0,"surveyHighlights":0,"spaces":0}
[PDFImport] native layer policy {"documentId":"484e4280-bca3-4ebe-bde7-d9371da0f528","cloudAuthoritative":true,"reason":"cloud/Y.Doc annotations are authoritative; native PDF annotation layer is hidden when all renderable native annotations are accounted for by importer diagnostics.","pages":{"1":{"hideNativeLayer":false,"nativeRenderableAnnotationCount":0,"nativeOnlyAnnotationCount":0,"reason":"no-renderable-native-annotations"},"2":{"hideNativeLayer":false,"nativeRenderableAnnotationCount":0,"nativeOnlyAnnotationCount":0,"reason":"no-renderable-native-annotations"},"3":{"hideNativeLayer":false,"nativeRenderableAnnotationCount":0,"nativeOnlyAnnotationCount":0,"reason":"no-renderable-native-annotations"}}}
[PrintPanel] RENDER — panel closed
[CloudSync][hook] cutover-complete hydrate — reading from Y.Doc {"documentId":"484e4280-bca3-4ebe-bde7-d9371da0f528","cutoverTs":"2026-05-15T00:10:42.633+00:00"}
[Phase31 UAT] hydrate:cutover-sealed {"documentId":"484e4280-bca3-4ebe-bde7-d9371da0f528","pdfId":"test.pdf-2462","cutoverTs":"2026-05-15T00:10:42.633+00:00","yMapSize":9,"yMapCalloutsSize":0,"materializedTotal":9,"materializedCallouts":0,"materializedDrawnByMe":9,"materializedDrawnByOthers":0,"materializedImported":0,"pages":1,"perPage":{"1":9},"currentStateCount":9,"ydocLooksDegenerate":false}
[Phase31 UAT] hydrate:cutover-sealed:by-type {"documentId":"484e4280-bca3-4ebe-bde7-d9371da0f528","pdfFile":"test.pdf-2462","viewerUserId":"170d915c-5741-4e0b-b03f-deaeedae27bd","yMapTotal":9,"yMapCalloutsTotal":0,"yMapByType":{"path":9},"yMapByAuthor":{"byMe":9,"byOthers":0,"anonymous":0},"yMapByTypeByAuthor":{"path":{"byMe":9,"byOthers":0,"anonymous":0}},"yMapPerTypePerPage":{"path":{"unknown":9}},"byPageTotal":9,"byPageByType":{"path":9},"byPagePerPagePerType":{"1":{"path":9}}}
[CloudSync][hydrate] loadAllNonHighlightAnnotations start {"documentId":"484e4280-bca3-4ebe-bde7-d9371da0f528"}
[HIGHLIGHT-SYNC][load.legacy][pdf=test.pdf] {"documentId":"484e4280-bca3-4ebe-bde7-d9371da0f528","totalRows":2,"fabricCarryingDropped":0,"keptCount":2,"keptIds":["highlight-1778797496854-rlutw24e8","highlight-1778797501682-m1zlziliy"]}
[AnnotationHydrationGate][survey] supabase highlights complete {"documentId":"484e4280-bca3-4ebe-bde7-d9371da0f528","pdfId":"test.pdf-2462","count":2}
[AnnotationHydrationGate][first-page] {"documentId":"484e4280-bca3-4ebe-bde7-d9371da0f528","pdfId":"test.pdf-2462","pageNumber":1,"ready":false,"visualCoverActive":true,"normal":{"documentId":"484e4280-bca3-4ebe-bde7-d9371da0f528","pdfId":"test.pdf-2462","ready":false,"source":"starting","normalReady":false,"cutoverTs":"2026-05-15T00:10:42.633+00:00","count":null,"calloutCount":null,"firstPaintGate":true},"survey":{"ready":true,"source":"supabase-highlight","documentId":"484e4280-bca3-4ebe-bde7-d9371da0f528","pdfId":"test.pdf-2462","count":2}}
[AnnotationHydrationGate][visual-cover] {"documentId":"484e4280-bca3-4ebe-bde7-d9371da0f528","pdfId":"test.pdf-2462","pageNumber":1,"active":true,"reason":"annotation-hydration-gated"}
[CloudSync][hook] fabric push skipped — not hydrated yet
[CloudSync][hook] callout push skipped — not hydrated yet
[CloudSync][realtime] subscribing {"documentId":"484e4280-bca3-4ebe-bde7-d9371da0f528","currentUserId":"170d915c-5741-4e0b-b03f-deaeedae27bd","currentSessionId":"3081f758-c7d1-4ec5-a8ad-3801a24779d5","hasFabricInsert":true,"hasFabricUpdate":true,"hasFabricDelete":true,"hasCalloutInsert":true,"hasCalloutUpdate":true,"hasCalloutDelete":true}
[CloudSync][realtime] subscribe status {"status":"SUBSCRIBED","error":null}
[Phase31 UAT] post-subscribe catch-up skipped — doc is cutover-sealed, Y.Doc + realtime is source of truth {"documentId":"484e4280-bca3-4ebe-bde7-d9371da0f528","pdfId":"test.pdf-2462","cutoverTs":"2026-05-15T00:10:42.633+00:00","ydocAuthoritative":true}
[CloudSync][hydrate] loadAllNonHighlightAnnotations ok {"elapsedMs":107,"totalRowsScanned":9,"scanned":{"nonHighlight":9,"legacyFabricHighlights":0},"totalRows":9,"rowsByType":{"ink":9},"pagesWithObjects":1,"calloutCount":0}
[CloudSync][verify] first read summary {"contextLabel":"cutover-source-of-truth","documentId":"484e4280-bca3-4ebe-bde7-d9371da0f528","elapsedMs":107,"firstFabricPages":1,"firstFabricObjects":9,"firstCallouts":0,"firstEmpty":false,"localFabricCount":9,"localCalloutCount":0,"localHasData":true,"willVerify":false}
[CloudSync][source-of-truth] cutover initial hydrate selected Supabase durable snapshot {"documentId":"484e4280-bca3-4ebe-bde7-d9371da0f528","pdfId":"test.pdf-2462","cutoverTs":"2026-05-15T00:10:42.633+00:00","ydocFabricCount":9,"ydocCalloutCount":0,"supabaseFabricCount":9,"supabaseCalloutCount":0,"rule":"Supabase durable snapshot wins initial load; Y.Doc is reshaped for live collaboration"}
[UndoDiag] {"seq":15,"order":null,"at":"2026-05-15T00:13:21.028Z","event":"yjs_history_added","actionType":"undo","rawActionType":"undo","annotationType":"fabric","annotationId":"07a61924-b448-4317-aa4a-098cbbf28dcd","pageNumber":null,"lane":"Yjs/CRDT history","receivedStack":"yjsUndoStack","chosenStack":null,"chosenLane":"Yjs/CRDT history","decisionReason":null,"undoDepth":5,"redoDepth":0}
[Phase31 UAT] save:fan-out done {"documentId":"484e4280-bca3-4ebe-bde7-d9371da0f528","pdfId":"test.pdf-2462","userId":"170d915c-5741-4e0b-b03f-deaeedae27bd","actionType":null,"dispatched":9,"yDocUpdateCount":9,"detected":9,"skippedHighlightOrCallout":0,"skippedOtherType":0,"rawTypeBreakdown":{"pen":6,"highlighter":3},"resolvedTypeBreakdown":{"ink":9},"skipReasons":{},"skipSamples":[],"yMapSizeAfter":9}
[CloudSync][hook] callout Y.Doc fan-out done {"documentId":"484e4280-bca3-4ebe-bde7-d9371da0f528","pdfId":"test.pdf-2462","userId":"170d915c-5741-4e0b-b03f-deaeedae27bd","actionType":"callout:delta","upserted":0,"deleted":0,"yDocUpdateCount":0,"yMapCalloutsSizeAfter":0}
[AnnotationHydrationGate][normal] {"documentId":"484e4280-bca3-4ebe-bde7-d9371da0f528","pdfId":"test.pdf-2462","ready":true,"source":"supabase-durable-snapshot","normalReady":true,"cutoverTs":"2026-05-15T00:10:42.633+00:00","count":9,"calloutCount":0,"firstPaintGate":true}
[AnnotationHydrationGate][first-page] {"documentId":"484e4280-bca3-4ebe-bde7-d9371da0f528","pdfId":"test.pdf-2462","pageNumber":1,"ready":true,"visualCoverActive":false,"normal":{"documentId":"484e4280-bca3-4ebe-bde7-d9371da0f528","pdfId":"test.pdf-2462","ready":true,"source":"supabase-durable-snapshot","normalReady":true,"cutoverTs":"2026-05-15T00:10:42.633+00:00","count":9,"calloutCount":0,"firstPaintGate":true},"survey":{"ready":true,"source":"supabase-highlight","documentId":"484e4280-bca3-4ebe-bde7-d9371da0f528","pdfId":"test.pdf-2462","count":2}}
[AnnotationHydrationGate][visual-cover] {"documentId":"484e4280-bca3-4ebe-bde7-d9371da0f528","pdfId":"test.pdf-2462","pageNumber":1,"active":false,"reason":"hydration-ready"}
[DebugBridge +162494.0ms] pdf_loaded {"pageCount":3,"currentPage":1}
[HyperlinkDiag] post-load scan {"hyperlinkCount":0,"samples":[]}
[HyperlinkDiag] page 1 layers {"hyperlinkChildren":0,"layerClasses":["e-spinner-pane e-spin-hide","e-pv-page-canvas","e-pv-text-layer"]}
[HyperlinkDiag] page 2 layers {"hyperlinkChildren":0,"layerClasses":["e-spinner-pane e-spin-hide","e-pv-page-canvas","e-pv-text-layer"]}
[HyperlinkDiag] page 3 layers {"hyperlinkChildren":0,"layerClasses":["e-spinner-pane e-spin-hide","e-pv-page-canvas","e-pv-text-layer"]}
[Phase31 UAT] focus rehydrate skipped — doc is cutover-sealed, Y.Doc + realtime is source of truth {"documentId":"484e4280-bca3-4ebe-bde7-d9371da0f528","pdfId":"test.pdf-2462","cutoverTs":"2026-05-15T00:10:42.633+00:00","ydocAuthoritative":true}
[SVGAnnotationLayer] setRotInputVisible(false) reason=selectedIds.size !== 1
[SVGAnnotationLayer] setRotInputVisible(false) reason=selectedIds.size !== 1
[FabricEraserCanvas p1] enliven — input=9 enlivenable=9 unsupported=0 output=9 nulls=0 types={"path":9}→{"path":9}
[Diag] tool-switch DETECTED → eraser (scheduling t+1000ms capture)
[Diag eraser] screenshot saved (130 KB) → /Users/isaiahcalvo/Desktop/Survey-BetaSafeS2/TestLogs/testlog-screenshot-eraser.png
[Diag eraser] CAPTURED @ t+1003ms — annotations=9 callouts=0 svgWrappers=1 svgVis=[visible] svgElems=4 svgVisElems=4 eraserCanvases=2 svgMarkupBytes=9175
[DrawCanvas p1] MOUNT — tool=rect, isShape=true, isDrawingMode=false
[DrawCanvas p1] shape effect — tool=rect, isShape=true, isDrawingMode=false
[DrawCanvas p1] shape effect — tool=rect, isShape=true, isDrawingMode=false
[Diag] tool-switch DETECTED → select (scheduling t+1000ms capture)
[Diag select] screenshot saved (129 KB) → /Users/isaiahcalvo/Desktop/Survey-BetaSafeS2/TestLogs/testlog-screenshot-select.png
[Diag select] CAPTURED @ t+1001ms — annotations=9 callouts=0 svgWrappers=1 svgVis=[visible] svgElems=4 svgVisElems=4 eraserCanvases=0 svgMarkupBytes=9168
[FabricEraserCanvas p1] enliven — input=9 enlivenable=9 unsupported=0 output=9 nulls=0 types={"path":9}→{"path":9}
[Diag] tool-switch DETECTED → eraser (scheduling t+1000ms capture)
[Diag eraser] screenshot saved (128 KB) → /Users/isaiahcalvo/Desktop/Survey-BetaSafeS2/TestLogs/testlog-screenshot-eraser.png
[Diag eraser] CAPTURED @ t+1002ms — annotations=9 callouts=0 svgWrappers=1 svgVis=[visible] svgElems=4 svgVisElems=4 eraserCanvases=2 svgMarkupBytes=9184
[EraserHitTest] {"pageNumber":1,"gestureId":null,"pointerBounds":{"left":220.75005,"top":7.750050000000002,"right":260.74995,"bottom":47.74995,"width":39.9999,"height":39.9999},"candidateAnnotationIds":["07a61924-b448-4317-aa4a-098cbbf28dcd","89b2125b-8254-482b-8bbd-14600c2f533c","aec76390-3203-47c8-969a-c5ae73523824","8102c794-08bc-4299-88a0-56a8c780a04a","fab09dc4-268e-4f7a-8407-c7222fe39be9","cebe6d8f-d34a-4634-86f8-352bbbef3deb","c0950b5c-59b1-42b8-a514-37dec395c87f","79f96558-2e1e-4a52-ad74-dbca477b2602","5d006003-463f-4399-a258-a29f8874c4e8"],"rejectedAnnotations":[{"id":"07a61924-b448-4317-aa4a-098cbbf28dcd","reason":"geometry-miss"},{"id":"89b2125b-8254-482b-8bbd-14600c2f533c","reason":"geometry-miss"},{"id":"aec76390-3203-47c8-969a-c5ae73523824","reason":"geometry-miss"},{"id":"8102c794-08bc-4299-88a0-56a8c780a04a","reason":"geometry-miss"},{"id":"fab09dc4-268e-4f7a-8407-c7222fe39be9","reason":"geometry-miss"},{"id":"cebe6d8f-d34a-4634-86f8-352bbbef3deb","reason":"geometry-miss"},{"id":"c0950b5c-59b1-42b8-a514-37dec395c87f","reason":"geometry-miss"},{"id":"5d006003-463f-4399-a258-a29f8874c4e8","reason":"geometry-miss"}],"touchedAnnotationIds":["79f96558-2e1e-4a52-ad74-dbca477b2602"],"finalDeletedAnnotationIds":["79f96558-2e1e-4a52-ad74-dbca477b2602"],"finalChangedAnnotationIds":[],"objectDelta":-1,"changedObjectsCount":2}
[CounterRenumber] skipped {"pageNumber":1,"source":"eraser:commit","action":"eraser:apply","reason":"non-numbering-save","preserveExistingCounters":true,"intentionalCounterChangeIds":[]}
[UndoDiag] {"seq":16,"order":3,"at":"2026-05-15T00:16:05.996Z","event":"local_annotation_history_added","actionType":"delete","rawActionType":"fabric:delete","annotationType":"path","annotationId":"79f96558-2e1e-4a52-ad74-dbca477b2602","pageNumber":1,"lane":"local annotation history","receivedStack":"localAnnotationUndo","chosenStack":null,"chosenLane":"local annotation history","decisionReason":null,"undoDepth":3,"redoDepth":0}
[EraserSaveContract] precise commit {"source":"eraser:commit","pageNumber":1,"deletedIds":["79f96558-2e1e-4a52-ad74-dbca477b2602"],"changedIds":[],"nextObjectCount":8,"previousObjectCount":9}
[CloudSync][hook][state-obs] SHRINK {"prevCount":9,"currentCount":8,"delta":-1,"hydrated":true,"sameRefAsLastByPage":false,"stack":"    at commitHookEffectListMount (http://localhost:5174/node_modules/.vite/deps/chunk-DSUIPI7G.js?v=4844aadd:23793:34) |     at commitPassiveMountOnFiber (http://localhost:5174/node_modules/.vite/deps/chunk-DSUIPI7G.js?v=4844aadd:25034:19) |     at commitPassiveMountEffects_complete (http://localhost:5174/node_modules/.vite/deps/chunk-DSUIPI7G.js?v=4844aadd:25007:17) |     at commitPassiveMountEffects_begin (http://localhost:5174/node_modules/.vite/deps/chunk-DSUIPI7G.js?v=4844aadd:24997:15) |     at commitPassiveMountEffects (http://localhost:5174/node_modules/.vite/deps/chunk-DSUIPI7G.js?v=4844aadd:24987:11) |     at flushPassiveEffectsImpl (http://localhost:5174/node_modules/.vite/deps/chunk-DSUIPI7G.js?v=4844aadd:26368:11)"}
[CloudSync][hook] fabric state changed — debounce push scheduled {"pageCount":1,"objectCount":8,"priorObjectCount":9,"isWipePush":false,"deferredUntilPointerUp":false,"debounceMs":800}
[CloudSync][status] transition {"from":"synced","to":"pending","kind":"fabric","phase":null,"count":null,"queued":false,"error":null}
[CloudSync][status] transition {"from":"pending","to":"pending","kind":"fabric","phase":null,"count":null,"queued":false,"error":null}
[CloudSync][hook] fabric push deferred at flush — pointer is down {"pageCount":1,"objectCount":8,"priorObjectCount":9,"preciseSource":"eraser:commit"}
[CloudSync][hook] fabric state changed — debounce push scheduled {"pageCount":1,"objectCount":8,"priorObjectCount":9,"isWipePush":false,"deferredUntilPointerUp":false,"debounceMs":800}
[CloudSync][status] transition {"from":"pending","to":"pending","kind":"fabric","phase":null,"count":null,"queued":false,"error":null}
[EraserHitTest] {"pageNumber":1,"gestureId":null,"pointerBounds":{"left":328.75005,"top":3.2500500000000017,"right":369.49995,"bottom":43.24995,"width":40.7499,"height":39.9999},"candidateAnnotationIds":["07a61924-b448-4317-aa4a-098cbbf28dcd","89b2125b-8254-482b-8bbd-14600c2f533c","aec76390-3203-47c8-969a-c5ae73523824","8102c794-08bc-4299-88a0-56a8c780a04a","fab09dc4-268e-4f7a-8407-c7222fe39be9","cebe6d8f-d34a-4634-86f8-352bbbef3deb","c0950b5c-59b1-42b8-a514-37dec395c87f","5d006003-463f-4399-a258-a29f8874c4e8"],"rejectedAnnotations":[{"id":"07a61924-b448-4317-aa4a-098cbbf28dcd","reason":"geometry-miss"},{"id":"89b2125b-8254-482b-8bbd-14600c2f533c","reason":"geometry-miss"},{"id":"aec76390-3203-47c8-969a-c5ae73523824","reason":"geometry-miss"},{"id":"8102c794-08bc-4299-88a0-56a8c780a04a","reason":"geometry-miss"},{"id":"fab09dc4-268e-4f7a-8407-c7222fe39be9","reason":"geometry-miss"},{"id":"cebe6d8f-d34a-4634-86f8-352bbbef3deb","reason":"geometry-miss"}],"touchedAnnotationIds":["c0950b5c-59b1-42b8-a514-37dec395c87f","5d006003-463f-4399-a258-a29f8874c4e8"],"finalDeletedAnnotationIds":["c0950b5c-59b1-42b8-a514-37dec395c87f","5d006003-463f-4399-a258-a29f8874c4e8"],"finalChangedAnnotationIds":[],"objectDelta":-2,"changedObjectsCount":2}
[CounterRenumber] skipped {"pageNumber":1,"source":"eraser:commit","action":"eraser:apply","reason":"non-numbering-save","preserveExistingCounters":true,"intentionalCounterChangeIds":[]}
[UndoDiag] {"seq":19,"order":4,"at":"2026-05-15T00:16:06.855Z","event":"local_annotation_history_added","actionType":"fabric:batch","rawActionType":"fabric:batch","annotationType":"path","annotationId":null,"annotationIds":["c0950b5c-59b1-42b8-a514-37dec395c87f","5d006003-463f-4399-a258-a29f8874c4e8"],"pageNumber":1,"lane":"local annotation history","receivedStack":"localAnnotationUndo","chosenStack":null,"chosenLane":"local annotation history","decisionReason":null,"undoDepth":4,"redoDepth":0}
[EraserSaveContract] precise commit {"source":"eraser:commit","pageNumber":1,"deletedIds":["c0950b5c-59b1-42b8-a514-37dec395c87f","5d006003-463f-4399-a258-a29f8874c4e8"],"changedIds":[],"nextObjectCount":6,"previousObjectCount":8}
[CloudSync][hook][state-obs] SHRINK {"prevCount":8,"currentCount":6,"delta":-2,"hydrated":true,"sameRefAsLastByPage":false,"stack":"    at commitHookEffectListMount (http://localhost:5174/node_modules/.vite/deps/chunk-DSUIPI7G.js?v=4844aadd:23793:34) |     at commitPassiveMountOnFiber (http://localhost:5174/node_modules/.vite/deps/chunk-DSUIPI7G.js?v=4844aadd:25034:19) |     at commitPassiveMountEffects_complete (http://localhost:5174/node_modules/.vite/deps/chunk-DSUIPI7G.js?v=4844aadd:25007:17) |     at commitPassiveMountEffects_begin (http://localhost:5174/node_modules/.vite/deps/chunk-DSUIPI7G.js?v=4844aadd:24997:15) |     at commitPassiveMountEffects (http://localhost:5174/node_modules/.vite/deps/chunk-DSUIPI7G.js?v=4844aadd:24987:11) |     at flushPassiveEffectsImpl (http://localhost:5174/node_modules/.vite/deps/chunk-DSUIPI7G.js?v=4844aadd:26368:11)"}
[CloudSync][hook] fabric state changed — debounce push scheduled {"pageCount":1,"objectCount":6,"priorObjectCount":8,"isWipePush":false,"deferredUntilPointerUp":false,"debounceMs":800}
[CloudSync][status] transition {"from":"pending","to":"pending","kind":"fabric","phase":null,"count":null,"queued":false,"error":null}
[CloudSync][hook] fabric push debounce elapsed — pushing now {"debounceMs":800,"debounceElapsedMs":801,"deferredQueuedMs":null,"actionType":"eraser:apply"}
[Phase31 UAT] save:start {"documentId":"484e4280-bca3-4ebe-bde7-d9371da0f528","pdfId":"test.pdf-2462","userId":"170d915c-5741-4e0b-b03f-deaeedae27bd","legacyBulkUpsertEnabled":false,"crdtEnabled":true,"ydocMounted":true,"route":"supabase-durable-then-crdt","currentTotal":6,"currentDrawnByMe":0,"currentDrawnByOthers":6,"currentImported":0,"priorTotal":8,"priorDrawnByMe":0,"priorImported":0,"deltaTotal":-2}
[CloudSync][status] transition {"from":"pending","to":"syncing","kind":"fabric","phase":null,"count":null,"queued":false,"error":null}
[CloudSync][hook] explicit fabric delete ids accepted {"source":"precise-fabric-commit","action":"eraser:apply","count":2,"firstFew":["c0950b5c-59b1-42b8-a514-37dec395c87f","5d006003-463f-4399-a258-a29f8874c4e8"]}
[CloudSync][delta] fabric prepared {"actionType":"eraser:apply","changedIds":[],"deletedIds":["c0950b5c-59b1-42b8-a514-37dec395c87f","5d006003-463f-4399-a258-a29f8874c4e8"],"changedObjectCount":0,"changedCount":0,"dispatchedCount":2,"supabaseUpsertCount":0,"yDocUpdateCount":0,"debounceMs":800,"debounceElapsedMs":801,"fullFanOutReason":null,"totalObjectCount":6,"priorObjectCount":8,"preciseSource":"eraser:commit","preciseDeletedCount":2,"preciseChangedCount":0}
[CloudSync][hook] eraser/delete detected — removing rows from cloud {"count":2,"firstFew":["c0950b5c-59b1-42b8-a514-37dec395c87f","5d006003-463f-4399-a258-a29f8874c4e8"]}
[CloudSync] deleteAnnotations ok {"documentId":"484e4280-bca3-4ebe-bde7-d9371da0f528","count":2,"chunks":1}
[UndoDiag] {"seq":22,"order":null,"at":"2026-05-15T00:16:07.746Z","event":"yjs_history_added","actionType":"undo","rawActionType":"undo","annotationType":"fabric","annotationId":"c0950b5c-59b1-42b8-a514-37dec395c87f","pageNumber":null,"lane":"Yjs/CRDT history","receivedStack":"yjsUndoStack","chosenStack":null,"chosenLane":"Yjs/CRDT history","decisionReason":null,"undoDepth":6,"redoDepth":0}
[UndoDiag] {"seq":23,"order":null,"at":"2026-05-15T00:16:07.748Z","event":"yjs_history_added","actionType":"undo","rawActionType":"undo","annotationType":"fabric","annotationId":"5d006003-463f-4399-a258-a29f8874c4e8","pageNumber":null,"lane":"Yjs/CRDT history","receivedStack":"yjsUndoStack","chosenStack":null,"chosenLane":"Yjs/CRDT history","decisionReason":null,"undoDepth":7,"redoDepth":0}
[Phase31 UAT] delete:fan-out done {"documentId":"484e4280-bca3-4ebe-bde7-d9371da0f528","pdfId":"test.pdf-2462","userId":"170d915c-5741-4e0b-b03f-deaeedae27bd","actionType":"eraser:apply","requested":2,"deleted":2,"yDocUpdateCount":2,"yMapSizeAfter":7}
[CloudSync][push] upsertAnnotationsByPage: nothing to push (0 rows) {"documentId":"484e4280-bca3-4ebe-bde7-d9371da0f528","pdfId":"test.pdf-2462"}
[Phase31 UAT] save:fan-out done {"documentId":"484e4280-bca3-4ebe-bde7-d9371da0f528","pdfId":"test.pdf-2462","userId":"170d915c-5741-4e0b-b03f-deaeedae27bd","actionType":"eraser:apply","dispatched":0,"yDocUpdateCount":0,"detected":0,"skippedHighlightOrCallout":0,"skippedOtherType":0,"rawTypeBreakdown":{},"resolvedTypeBreakdown":{},"skipReasons":{},"skipSamples":[],"yMapSizeAfter":7}
[CloudSync][hook] fabric push synced {"count":0}
[CloudSync][status] transition {"from":"syncing","to":"synced","kind":"fabric","phase":null,"count":0,"queued":false,"error":null}
[CloudSync][realtime] applying DELETE {"payloadKeys":["id"]}
[Phase31 UAT] delete-fallback refetch skipped — doc is cutover-sealed, Y.Doc + realtime is source of truth {"documentId":"484e4280-bca3-4ebe-bde7-d9371da0f528","pdfId":"test.pdf-2462","cutoverTs":"2026-05-15T00:10:42.633+00:00","ydocAuthoritative":true}
[CloudSync][realtime] applying DELETE {"payloadKeys":["id"]}
[Phase31 UAT] delete-fallback refetch skipped — doc is cutover-sealed, Y.Doc + realtime is source of truth {"documentId":"484e4280-bca3-4ebe-bde7-d9371da0f528","pdfId":"test.pdf-2462","cutoverTs":"2026-05-15T00:10:42.633+00:00","ydocAuthoritative":true}
[Diag] tool-switch DETECTED → select (scheduling t+1000ms capture)
[Diag select] screenshot saved (135 KB) → /Users/isaiahcalvo/Desktop/Survey-BetaSafeS2/TestLogs/testlog-screenshot-select.png
[Diag select] CAPTURED @ t+1002ms — annotations=6 callouts=0 svgWrappers=1 svgVis=[visible] svgElems=1 svgVisElems=1 eraserCanvases=0 svgMarkupBytes=9119
[Phase31 UAT] focus rehydrate skipped — doc is cutover-sealed, Y.Doc + realtime is source of truth {"documentId":"484e4280-bca3-4ebe-bde7-d9371da0f528","pdfId":"test.pdf-2462","cutoverTs":"2026-05-15T00:10:42.633+00:00","ydocAuthoritative":true}
[SVGAnnotationLayer] setRotInputVisible(false) reason=selectedIds.size !== 1
[SVGAnnotationLayer] setRotInputVisible(false) reason=selectedIds.size !== 1
[SVGAnnotationLayer] setRotInputVisible(false) reason=selectedIds.size !== 1
[SVGAnnotationLayer] setRotInputVisible(false) reason=selectedIds.size !== 1
[DebugBridge +1138149.3ms] zoom_start {"scale":1.33333,"targetScale":2.2,"source":"keyboard_toolbar"}
[DebugBridge +1139577.0ms] zoom_end {"source":"zoomChange_settle"}
[DebugBridge +1139646.1ms] page_visit_start {"page":2,"pageCount":3,"revisited":false,"hasContainer":true,"hasPdfSurface":true,"spinnerVisible":false,"hasAnnotationOverlay":true,"ready":true}
[DebugBridge +1139646.8ms] page_visit_ready {"page":2,"pageCount":3,"revisited":false,"waitMs":1,"hasContainer":true,"hasPdfSurface":true,"spinnerVisible":false,"hasAnnotationOverlay":true,"ready":true}
[DebugBridge +1139796.7ms] zoom_start {"scale":2.2,"targetScale":1.33333,"source":"keyboard_toolbar"}
[SVGAnnotationLayer] setRotInputVisible(false) reason=selectedIds.size !== 1
[SVGAnnotationLayer] setRotInputVisible(false) reason=selectedIds.size !== 1
[DebugBridge +1141418.2ms] zoom_end {"source":"zoomChange_settle"}
[SVGAnnotationLayer] setRotInputVisible(false) reason=selectedIds.size !== 1
[SVGAnnotationLayer] setRotInputVisible(false) reason=selectedIds.size !== 1
[DebugBridge +1145138.7ms] zoom_start {"scale":1.33333,"targetScale":2.2,"source":"keyboard_toolbar"}
[DebugBridge +1146206.7ms] page_visit_start {"page":3,"pageCount":3,"revisited":false,"hasContainer":true,"hasPdfSurface":true,"spinnerVisible":true,"hasAnnotationOverlay":true,"ready":true}
[DebugBridge +1146207.4ms] page_visit_ready {"page":3,"pageCount":3,"revisited":false,"waitMs":1,"hasContainer":true,"hasPdfSurface":true,"spinnerVisible":true,"hasAnnotationOverlay":true,"ready":true}
[DebugBridge +1146546.8ms] zoom_end {"source":"zoomChange_settle"}
[DebugBridge +1146559.8ms] zoom_start {"scale":2.2,"targetScale":1.33333,"source":"keyboard_toolbar"}
[SVGAnnotationLayer] setRotInputVisible(false) reason=selectedIds.size !== 1
[SVGAnnotationLayer] setRotInputVisible(false) reason=selectedIds.size !== 1
[DebugBridge +1147967.2ms] zoom_end {"source":"zoomChange_settle"}
[Phase31 UAT] focus rehydrate skipped — doc is cutover-sealed, Y.Doc + realtime is source of truth {"documentId":"484e4280-bca3-4ebe-bde7-d9371da0f528","pdfId":"test.pdf-2462","cutoverTs":"2026-05-15T00:10:42.633+00:00","ydocAuthoritative":true}
[SVGAnnotationLayer] setRotInputVisible(false) reason=selectedIds.size !== 1
[SVGAnnotationLayer] setRotInputVisible(false) reason=selectedIds.size !== 1
[SVGAnnotationLayer] setRotInputVisible(false) reason=selectedIds.size !== 1
[SVGAnnotationLayer] setRotInputVisible(false) reason=selectedIds.size !== 1
[SVGAnnotationLayer] setRotInputVisible(false) reason=selectedIds.size !== 1
[SVGAnnotationLayer] setRotInputVisible(false) reason=selectedIds.size !== 1
[SVGAnnotationLayer] setRotInputVisible(false) reason=selectedIds.size !== 1
[SVGAnnotationLayer] setRotInputVisible(false) reason=selectedIds.size !== 1
[SVGAnnotationLayer] setRotInputVisible(false) reason=selectedIds.size !== 1
[SVGAnnotationLayer] setRotInputVisible(false) reason=selectedIds.size !== 1
[SVGAnnotationLayer] setRotInputVisible(false) reason=selectedIds.size !== 1
[SVGAnnotationLayer] setRotInputVisible(false) reason=selectedIds.size !== 1
[SVGAnnotationLayer] setRotInputVisible(false) reason=selectedIds.size !== 1
[SVGAnnotationLayer] setRotInputVisible(false) reason=selectedIds.size !== 1
[SVGAnnotationLayer] setRotInputVisible(false) reason=selectedIds.size !== 1
[SVGAnnotationLayer] setRotInputVisible(false) reason=selectedIds.size !== 1
[DebugBridge +1274749.2ms] page_visit_start {"page":2,"pageCount":3,"revisited":true,"hasContainer":true,"hasPdfSurface":true,"spinnerVisible":false,"hasAnnotationOverlay":true,"ready":true}
[DebugBridge +1274750.0ms] page_visit_ready {"page":2,"pageCount":3,"revisited":true,"waitMs":1,"hasContainer":true,"hasPdfSurface":true,"spinnerVisible":false,"hasAnnotationOverlay":true,"ready":true}
[DebugBridge +1274837.7ms] zoom_start {"scale":1.33333,"targetScale":2.2,"source":"keyboard_toolbar"}
[DebugBridge +1276248.9ms] zoom_end {"source":"zoomChange_settle"}
[DebugBridge +1276290.4ms] zoom_start {"scale":2.2,"targetScale":1.33333,"source":"keyboard_toolbar"}
[DebugBridge +1277698.6ms] zoom_end {"source":"zoomChange_settle"}
[Phase31 UAT] focus rehydrate skipped — doc is cutover-sealed, Y.Doc + realtime is source of truth {"documentId":"484e4280-bca3-4ebe-bde7-d9371da0f528","pdfId":"test.pdf-2462","cutoverTs":"2026-05-15T00:10:42.633+00:00","ydocAuthoritative":true}
[SVGAnnotationLayer] setRotInputVisible(false) reason=selectedIds.size !== 1
[SVGAnnotationLayer] setRotInputVisible(false) reason=selectedIds.size !== 1
[DrawCanvas p1] MOUNT — tool=highlight, isShape=true, isDrawingMode=false
[DrawCanvas p1] shape effect — tool=highlight, isShape=true, isDrawingMode=false
[DrawCanvas p2] MOUNT — tool=highlight, isShape=true, isDrawingMode=false
[DrawCanvas p2] shape effect — tool=highlight, isShape=true, isDrawingMode=false
[DrawCanvas p1] shape effect — tool=highlight, isShape=true, isDrawingMode=false
[DrawCanvas p2] shape effect — tool=highlight, isShape=true, isDrawingMode=false
[Diag] tool-switch DETECTED → select (scheduling t+1000ms capture)
[SVGAnnotationLayer] setRotInputVisible(false) reason=selectedIds.size !== 1
[SVGAnnotationLayer] setRotInputVisible(false) reason=selectedIds.size !== 1
[Diag select] screenshot saved (143 KB) → /Users/isaiahcalvo/Desktop/Survey-BetaSafeS2/TestLogs/testlog-screenshot-select.png
[Diag select] CAPTURED @ t+1002ms — annotations=0 callouts=0 svgWrappers=2 svgVis=[visible,visible] svgElems=1 svgVisElems=1 eraserCanvases=0 svgMarkupBytes=6429
[SVGAnnotationLayer] setRotInputVisible(false) reason=selectedIds.size !== 1
[SVGAnnotationLayer] setRotInputVisible(false) reason=selectedIds.size !== 1
[DrawCanvas p1] MOUNT — tool=highlight, isShape=true, isDrawingMode=false
[DrawCanvas p1] shape effect — tool=highlight, isShape=true, isDrawingMode=false
[DrawCanvas p2] MOUNT — tool=highlight, isShape=true, isDrawingMode=false
[DrawCanvas p2] shape effect — tool=highlight, isShape=true, isDrawingMode=false
[DrawCanvas p2] shape mousedown at (92.0, 188.5), tool=highlight
[DrawCanvas p2] shape mouseup — tool=highlight, hasSize=true {"left":91.96875,"top":188.5341796875,"w":71.4375,"h":39.9375}
[UndoDiag] {"seq":24,"order":5,"at":"2026-05-15T00:32:31.496Z","event":"checkpoint_added","actionType":"create","rawActionType":"highlight:create","annotationType":"fabric","annotationId":null,"pageNumber":2,"lane":"legacy history","receivedStack":"legacyUndoHistory","chosenStack":null,"chosenLane":"legacy history","decisionReason":null,"undoDepth":1,"redoDepth":0}
[DocumentSync] unmount flush — pushing pending highlight sync
[Phase31 UAT] focus rehydrate skipped — doc is cutover-sealed, Y.Doc + realtime is source of truth {"documentId":"484e4280-bca3-4ebe-bde7-d9371da0f528","pdfId":"test.pdf-2462","cutoverTs":"2026-05-15T00:10:42.633+00:00","ydocAuthoritative":true}

===== Undo/Redo Chronology =====
events=24
lanes=local annotation history | callout history | legacy history | Yjs/CRDT history
{"seq":1,"order":null,"at":"2026-05-15T00:10:41.903Z","event":"history_reset_for_pdf_change","actionType":"pdf:change","rawActionType":"pdf:change","annotationType":null,"annotationId":null,"pageNumber":null,"lane":null,"receivedStack":null,"chosenStack":null,"chosenLane":null,"decisionReason":null,"undoDepth":0,"redoDepth":0}
{"seq":2,"order":1,"at":"2026-05-15T00:10:46.857Z","event":"local_annotation_history_added","actionType":"create","rawActionType":"fabric:create","annotationType":"path","annotationId":"79f96558-2e1e-4a52-ad74-dbca477b2602","pageNumber":1,"lane":"local annotation history","receivedStack":"localAnnotationUndo","chosenStack":null,"chosenLane":"local annotation history","decisionReason":null,"undoDepth":1,"redoDepth":0}
{"seq":3,"order":null,"at":"2026-05-15T00:10:46.857Z","event":"annotations_save_detected","actionType":"annotations:save","rawActionType":"annotations:save","annotationType":null,"annotationId":null,"pageNumber":1,"lane":null,"receivedStack":null,"chosenStack":null,"chosenLane":null,"decisionReason":null,"undoDepth":0,"redoDepth":0}
{"seq":4,"order":null,"at":"2026-05-15T00:10:46.857Z","event":"annotations_checkpoint_skipped_crdt_history","actionType":"annotations:save","rawActionType":"annotations:save","annotationType":null,"annotationId":null,"pageNumber":1,"lane":null,"receivedStack":null,"chosenStack":null,"chosenLane":null,"decisionReason":null,"undoDepth":0,"redoDepth":0}
{"seq":5,"order":null,"at":"2026-05-15T00:10:47.808Z","event":"yjs_history_added","actionType":"undo","rawActionType":"undo","annotationType":null,"annotationId":null,"pageNumber":null,"lane":"Yjs/CRDT history","receivedStack":"yjsUndoStack","chosenStack":null,"chosenLane":"Yjs/CRDT history","decisionReason":null,"undoDepth":1,"redoDepth":0}
{"seq":6,"order":2,"at":"2026-05-15T00:10:48.204Z","event":"local_annotation_history_added","actionType":"create","rawActionType":"fabric:create","annotationType":"path","annotationId":"5d006003-463f-4399-a258-a29f8874c4e8","pageNumber":1,"lane":"local annotation history","receivedStack":"localAnnotationUndo","chosenStack":null,"chosenLane":"local annotation history","decisionReason":null,"undoDepth":2,"redoDepth":0}
{"seq":7,"order":null,"at":"2026-05-15T00:10:48.204Z","event":"annotations_save_detected","actionType":"annotations:save","rawActionType":"annotations:save","annotationType":null,"annotationId":null,"pageNumber":1,"lane":null,"receivedStack":null,"chosenStack":null,"chosenLane":null,"decisionReason":null,"undoDepth":0,"redoDepth":0}
{"seq":8,"order":null,"at":"2026-05-15T00:10:48.204Z","event":"annotations_checkpoint_skipped_crdt_history","actionType":"annotations:save","rawActionType":"annotations:save","annotationType":null,"annotationId":null,"pageNumber":1,"lane":null,"receivedStack":null,"chosenStack":null,"chosenLane":null,"decisionReason":null,"undoDepth":0,"redoDepth":0}
{"seq":9,"order":null,"at":"2026-05-15T00:10:49.080Z","event":"yjs_history_added","actionType":"undo","rawActionType":"undo","annotationType":null,"annotationId":null,"pageNumber":null,"lane":"Yjs/CRDT history","receivedStack":"yjsUndoStack","chosenStack":null,"chosenLane":"Yjs/CRDT history","decisionReason":null,"undoDepth":2,"redoDepth":0}
{"seq":10,"order":null,"at":"2026-05-15T00:13:02.543Z","event":"history_reset_for_pdf_change","actionType":"pdf:change","rawActionType":"pdf:change","annotationType":null,"annotationId":null,"pageNumber":null,"lane":null,"receivedStack":null,"chosenStack":null,"chosenLane":null,"decisionReason":null,"undoDepth":0,"redoDepth":0}
{"seq":11,"order":null,"at":"2026-05-15T00:13:04.725Z","event":"yjs_history_added","actionType":"undo","rawActionType":"undo","annotationType":"fabric","annotationId":"07a61924-b448-4317-aa4a-098cbbf28dcd","pageNumber":null,"lane":"Yjs/CRDT history","receivedStack":"yjsUndoStack","chosenStack":null,"chosenLane":"Yjs/CRDT history","decisionReason":null,"undoDepth":3,"redoDepth":0}
{"seq":12,"order":null,"at":"2026-05-15T00:13:12.498Z","event":"history_reset_for_pdf_change","actionType":"pdf:change","rawActionType":"pdf:change","annotationType":null,"annotationId":null,"pageNumber":null,"lane":null,"receivedStack":null,"chosenStack":null,"chosenLane":null,"decisionReason":null,"undoDepth":0,"redoDepth":0}
{"seq":13,"order":null,"at":"2026-05-15T00:13:13.080Z","event":"yjs_history_added","actionType":"undo","rawActionType":"undo","annotationType":"fabric","annotationId":"07a61924-b448-4317-aa4a-098cbbf28dcd","pageNumber":null,"lane":"Yjs/CRDT history","receivedStack":"yjsUndoStack","chosenStack":null,"chosenLane":"Yjs/CRDT history","decisionReason":null,"undoDepth":4,"redoDepth":0}
{"seq":14,"order":null,"at":"2026-05-15T00:13:20.492Z","event":"history_reset_for_pdf_change","actionType":"pdf:change","rawActionType":"pdf:change","annotationType":null,"annotationId":null,"pageNumber":null,"lane":null,"receivedStack":null,"chosenStack":null,"chosenLane":null,"decisionReason":null,"undoDepth":0,"redoDepth":0}
{"seq":15,"order":null,"at":"2026-05-15T00:13:21.028Z","event":"yjs_history_added","actionType":"undo","rawActionType":"undo","annotationType":"fabric","annotationId":"07a61924-b448-4317-aa4a-098cbbf28dcd","pageNumber":null,"lane":"Yjs/CRDT history","receivedStack":"yjsUndoStack","chosenStack":null,"chosenLane":"Yjs/CRDT history","decisionReason":null,"undoDepth":5,"redoDepth":0}
{"seq":16,"order":3,"at":"2026-05-15T00:16:05.996Z","event":"local_annotation_history_added","actionType":"delete","rawActionType":"fabric:delete","annotationType":"path","annotationId":"79f96558-2e1e-4a52-ad74-dbca477b2602","pageNumber":1,"lane":"local annotation history","receivedStack":"localAnnotationUndo","chosenStack":null,"chosenLane":"local annotation history","decisionReason":null,"undoDepth":3,"redoDepth":0}
{"seq":17,"order":null,"at":"2026-05-15T00:16:05.996Z","event":"annotations_save_detected","actionType":"annotations:save","rawActionType":"annotations:save","annotationType":null,"annotationId":null,"pageNumber":1,"lane":null,"receivedStack":null,"chosenStack":null,"chosenLane":null,"decisionReason":null,"undoDepth":0,"redoDepth":0}
{"seq":18,"order":null,"at":"2026-05-15T00:16:05.997Z","event":"annotations_checkpoint_skipped_crdt_history","actionType":"annotations:save","rawActionType":"annotations:save","annotationType":null,"annotationId":null,"pageNumber":1,"lane":null,"receivedStack":null,"chosenStack":null,"chosenLane":null,"decisionReason":null,"undoDepth":0,"redoDepth":0}
{"seq":19,"order":4,"at":"2026-05-15T00:16:06.855Z","event":"local_annotation_history_added","actionType":"fabric:batch","rawActionType":"fabric:batch","annotationType":"path","annotationId":null,"annotationIds":["c0950b5c-59b1-42b8-a514-37dec395c87f","5d006003-463f-4399-a258-a29f8874c4e8"],"pageNumber":1,"lane":"local annotation history","receivedStack":"localAnnotationUndo","chosenStack":null,"chosenLane":"local annotation history","decisionReason":null,"undoDepth":4,"redoDepth":0}
{"seq":20,"order":null,"at":"2026-05-15T00:16:06.855Z","event":"annotations_save_detected","actionType":"annotations:save","rawActionType":"annotations:save","annotationType":null,"annotationId":null,"pageNumber":1,"lane":null,"receivedStack":null,"chosenStack":null,"chosenLane":null,"decisionReason":null,"undoDepth":0,"redoDepth":0}
{"seq":21,"order":null,"at":"2026-05-15T00:16:06.855Z","event":"annotations_checkpoint_skipped_crdt_history","actionType":"annotations:save","rawActionType":"annotations:save","annotationType":null,"annotationId":null,"pageNumber":1,"lane":null,"receivedStack":null,"chosenStack":null,"chosenLane":null,"decisionReason":null,"undoDepth":0,"redoDepth":0}
{"seq":22,"order":null,"at":"2026-05-15T00:16:07.746Z","event":"yjs_history_added","actionType":"undo","rawActionType":"undo","annotationType":"fabric","annotationId":"c0950b5c-59b1-42b8-a514-37dec395c87f","pageNumber":null,"lane":"Yjs/CRDT history","receivedStack":"yjsUndoStack","chosenStack":null,"chosenLane":"Yjs/CRDT history","decisionReason":null,"undoDepth":6,"redoDepth":0}
{"seq":23,"order":null,"at":"2026-05-15T00:16:07.748Z","event":"yjs_history_added","actionType":"undo","rawActionType":"undo","annotationType":"fabric","annotationId":"5d006003-463f-4399-a258-a29f8874c4e8","pageNumber":null,"lane":"Yjs/CRDT history","receivedStack":"yjsUndoStack","chosenStack":null,"chosenLane":"Yjs/CRDT history","decisionReason":null,"undoDepth":7,"redoDepth":0}
{"seq":24,"order":5,"at":"2026-05-15T00:32:31.496Z","event":"checkpoint_added","actionType":"create","rawActionType":"highlight:create","annotationType":"fabric","annotationId":null,"pageNumber":2,"lane":"legacy history","receivedStack":"legacyUndoHistory","chosenStack":null,"chosenLane":"legacy history","decisionReason":null,"undoDepth":1,"redoDepth":0}
===== End Undo/Redo Chronology =====
