===== SurveyApp Save Log =====
version:   0.1.45
runtime:   dev-server
platform:  desktop
device:    Mac
os:        macOS 10.15.7
screen:    1512x982 @2x
viewport:  1512x826
locale:    en-US
timestamp: 2026-05-13T21:01:21.335Z (5/13/2026, 5:01:21 PM)
==============================
[dev-auto-login] boot {"hasDevEmail":true,"devEmailHint":"isai***","hasDevPassword":true,"hasCachedSession":true,"cachedSessionEmail":"isaiahcalvo123@gmail.com","cachedSessionExpiresAt":1778709296}
[dev-auto-login] cached session matches dev email, keeping it
[dev-auto-login] decision {"needsAutoLogin":false,"willAttemptSignIn":false}
[CloudSync][hook] session id minted {"sessionId":"eca15dd3-441c-428c-9331-622f137e848d"}
[CloudSync][hook][state-obs] annotationsByPage initial {"currentCount":0,"pages":0,"hydrated":false}
[CloudSync][hook][state-obs] callouts initial {"currentCount":0,"hydrated":false}
[CloudSync][hook] hydrate effect fired {"enabled":false,"hydrateEnabled":true,"documentId":"484e4280-bca3-4ebe-bde7-d9371da0f528","userId":"170d915c-5741-4e0b-b03f-deaeedae27bd","pdfId":null}
[CloudSync][hook] hydrate skipped — missing prerequisite {"hydrateEnabled":true,"hasDocumentId":true,"hasUserId":true,"hasPdfId":false}
[AnnotationHydrationGate][normal] {"documentId":"484e4280-bca3-4ebe-bde7-d9371da0f528","pdfId":null,"ready":false,"source":"missing-prerequisite","normalReady":false,"cutoverTs":null,"count":null,"calloutCount":null,"firstPaintGate":true}
[AnnotationHydrationGate][first-page] {"documentId":"484e4280-bca3-4ebe-bde7-d9371da0f528","pdfId":null,"pageNumber":1,"ready":false,"visualCoverActive":true,"normal":{"documentId":"484e4280-bca3-4ebe-bde7-d9371da0f528","pdfId":null,"ready":false,"source":"pending","firstPaintGate":true},"survey":{"ready":true,"source":"local"}}
[AnnotationHydrationGate][visual-cover] {"documentId":"484e4280-bca3-4ebe-bde7-d9371da0f528","pdfId":null,"pageNumber":1,"active":true,"reason":"annotation-hydration-gated"}
[Cloud render cache] doc=test.pdf-2462 painting verified cloud snapshot immediately — count=7.
[CSeries wipe] doc=test.pdf-2462 totalCounters=4 legacyRemoved=0 — nothing to wipe.
[Phase31 UAT] backfill:effect {"hasYdoc":true,"docId":"484e4280-bca3-4ebe-bde7-d9371da0f528","userId":null,"alreadyRanFor":null,"willRun":false}
[CloudSync][hook] hydrate effect fired {"enabled":false,"hydrateEnabled":true,"documentId":"484e4280-bca3-4ebe-bde7-d9371da0f528","userId":"170d915c-5741-4e0b-b03f-deaeedae27bd","pdfId":"test.pdf-2462"}
[AnnotationHydrationGate][normal] {"documentId":"484e4280-bca3-4ebe-bde7-d9371da0f528","pdfId":"test.pdf-2462","ready":false,"source":"starting","normalReady":false,"cutoverTs":null,"count":null,"calloutCount":null,"firstPaintGate":true}
[CloudSync][hook] stage=hydrating
[AnnotationHydrationGate][first-page] {"documentId":"484e4280-bca3-4ebe-bde7-d9371da0f528","pdfId":"test.pdf-2462","pageNumber":1,"ready":false,"visualCoverActive":true,"normal":{"documentId":"484e4280-bca3-4ebe-bde7-d9371da0f528","pdfId":null,"ready":false,"source":"missing-prerequisite","normalReady":false,"cutoverTs":null,"count":null,"calloutCount":null,"firstPaintGate":true},"survey":{"ready":false,"source":"supabase-highlight-starting","documentId":"484e4280-bca3-4ebe-bde7-d9371da0f528","pdfId":"test.pdf-2462"}}
[AnnotationHydrationGate][visual-cover] {"documentId":"484e4280-bca3-4ebe-bde7-d9371da0f528","pdfId":"test.pdf-2462","pageNumber":1,"active":true,"reason":"annotation-hydration-gated"}
[AnnotationHydrationGate][first-page] {"documentId":"484e4280-bca3-4ebe-bde7-d9371da0f528","pdfId":"test.pdf-2462","pageNumber":1,"ready":false,"visualCoverActive":true,"normal":{"documentId":"484e4280-bca3-4ebe-bde7-d9371da0f528","pdfId":"test.pdf-2462","ready":false,"source":"starting","normalReady":false,"cutoverTs":null,"count":null,"calloutCount":null,"firstPaintGate":true},"survey":{"ready":false,"source":"supabase-highlight-starting","documentId":"484e4280-bca3-4ebe-bde7-d9371da0f528","pdfId":"test.pdf-2462"}}
[AnnotationHydrationGate][visual-cover] {"documentId":"484e4280-bca3-4ebe-bde7-d9371da0f528","pdfId":"test.pdf-2462","pageNumber":1,"active":true,"reason":"annotation-hydration-gated"}
[Phase31 UAT] backfill:effect {"hasYdoc":true,"docId":"484e4280-bca3-4ebe-bde7-d9371da0f528","userId":"170d915c-5741-4e0b-b03f-deaeedae27bd","alreadyRanFor":null,"willRun":true}
[Phase31 UAT] backfill:start {"hasYdoc":true,"hasSupabase":true,"documentId":"484e4280-bca3-4ebe-bde7-d9371da0f528","userId":"170d915c-5741-4e0b-b03f-deaeedae27bd","markCutoverComplete":true}
console.warn @ Realtime send() is automatically falling back to REST API. This behavior will be deprecated in the future. Please use httpSend() explicitly for REST delivery.
[CloudSync][hook] cutover-complete hydrate — reading from Y.Doc {"documentId":"484e4280-bca3-4ebe-bde7-d9371da0f528","cutoverTs":"2026-05-13T20:55:36.359+00:00"}
[Phase31 UAT] hydrate:cutover-sealed {"documentId":"484e4280-bca3-4ebe-bde7-d9371da0f528","pdfId":"test.pdf-2462","cutoverTs":"2026-05-13T20:55:36.359+00:00","yMapSize":7,"yMapCalloutsSize":0,"materializedTotal":7,"materializedCallouts":0,"materializedDrawnByMe":0,"materializedDrawnByOthers":7,"materializedImported":0,"pages":1,"perPage":{"1":7},"currentStateCount":7,"ydocLooksDegenerate":false}
[Phase31 UAT] hydrate:cutover-sealed:by-type {"documentId":"484e4280-bca3-4ebe-bde7-d9371da0f528","pdfFile":"test.pdf-2462","viewerUserId":"170d915c-5741-4e0b-b03f-deaeedae27bd","yMapTotal":7,"yMapCalloutsTotal":0,"yMapByType":{"path":3,"circle":4},"yMapByAuthor":{"byMe":0,"byOthers":0,"anonymous":7},"yMapByTypeByAuthor":{"path":{"byMe":0,"byOthers":0,"anonymous":3},"circle":{"byMe":0,"byOthers":0,"anonymous":4}},"yMapPerTypePerPage":{"path":{"unknown":3},"circle":{"unknown":4}},"byPageTotal":7,"byPageByType":{"path":3,"circle":4},"byPagePerPagePerType":{"1":{"path":3,"circle":4}}}
[CloudSync][hydrate] loadAllNonHighlightAnnotations start {"documentId":"484e4280-bca3-4ebe-bde7-d9371da0f528"}
[PDFImport] skipped embedded PDF annotation import — cloud/Y.Doc is authoritative {"documentId":"484e4280-bca3-4ebe-bde7-d9371da0f528"}
[HIGHLIGHT-SYNC][load.legacy][pdf=test.pdf] {"documentId":"484e4280-bca3-4ebe-bde7-d9371da0f528","totalRows":0,"fabricCarryingDropped":0,"keptCount":0,"keptIds":[]}
[AnnotationHydrationGate][survey] supabase highlights complete {"documentId":"484e4280-bca3-4ebe-bde7-d9371da0f528","pdfId":"test.pdf-2462","count":0}
[AnnotationHydrationGate][first-page] {"documentId":"484e4280-bca3-4ebe-bde7-d9371da0f528","pdfId":"test.pdf-2462","pageNumber":1,"ready":false,"visualCoverActive":true,"normal":{"documentId":"484e4280-bca3-4ebe-bde7-d9371da0f528","pdfId":"test.pdf-2462","ready":false,"source":"starting","normalReady":false,"cutoverTs":null,"count":null,"calloutCount":null,"firstPaintGate":true},"survey":{"ready":true,"source":"supabase-highlight","documentId":"484e4280-bca3-4ebe-bde7-d9371da0f528","pdfId":"test.pdf-2462","count":0}}
[AnnotationHydrationGate][visual-cover] {"documentId":"484e4280-bca3-4ebe-bde7-d9371da0f528","pdfId":"test.pdf-2462","pageNumber":1,"active":true,"reason":"annotation-hydration-gated"}
[PDFCounterImport] summary {"marker":"survey-counter","metadataKey":"SurveyApp","counterAnnotationsImported":0,"plainCirclesImported":0,"counterMetadataParseFailures":0,"appCalloutMarker":"survey-callout","appCalloutMetadataKey":"SurveyAppCallout","appCalloutAnnotationsImported":0,"appCalloutPiecesSkipped":0}
[PrintPanel] RENDER — panel closed
[DebugBridge +4262.2ms] zoom_start {"scale":0.66,"targetScale":0.88,"source":"zoomChange"}
[Phase31 UAT] backfill:degeneracy-probe {"documentId":"484e4280-bca3-4ebe-bde7-d9371da0f528","userId":"170d915c-5741-4e0b-b03f-deaeedae27bd","yMapSize":7,"legacyCount":7,"probeOk":true,"tolerance":100,"yMapLooksHealthy":false,"dedupeRan":true,"lastGoodSize":133}
console.warn @ [crdtBackfill] cutover sealed but Y.Map < legacy count — re-running import loop to recover {"yMapSize":7,"legacyCount":7}
[SVGAnnotationLayer] setRotInputVisible(false) reason=selectedIds.size !== 1
[Phase31 UAT] backfill:select-loop start {"documentId":"484e4280-bca3-4ebe-bde7-d9371da0f528","userId":"170d915c-5741-4e0b-b03f-deaeedae27bd","pageSize":1000}
[DebugBridge +4440.5ms] pdf_loaded {"pageCount":3,"currentPage":1}
[CloudSync][hook] fabric push skipped — not hydrated yet
[CloudSync][hook] callout push skipped — not hydrated yet
[CloudSync][realtime] subscribing {"documentId":"484e4280-bca3-4ebe-bde7-d9371da0f528","currentUserId":"170d915c-5741-4e0b-b03f-deaeedae27bd","currentSessionId":"eca15dd3-441c-428c-9331-622f137e848d","hasFabricInsert":true,"hasFabricUpdate":true,"hasFabricDelete":true,"hasCalloutInsert":true,"hasCalloutUpdate":true,"hasCalloutDelete":true}
[CloudSync][hydrate] loadAllNonHighlightAnnotations ok {"elapsedMs":278,"totalRowsScanned":7,"scanned":{"nonHighlight":7,"legacyFabricHighlights":0},"totalRows":7,"rowsByType":{"ink":3,"counter":4},"pagesWithObjects":1,"calloutCount":0}
[CloudSync][verify] first read summary {"contextLabel":"cutover-source-of-truth","documentId":"484e4280-bca3-4ebe-bde7-d9371da0f528","elapsedMs":279,"firstFabricPages":1,"firstFabricObjects":7,"firstCallouts":0,"firstEmpty":false,"localFabricCount":7,"localCalloutCount":0,"localHasData":true,"willVerify":false}
[CloudSync][source-of-truth] cutover initial hydrate selected Supabase durable snapshot {"documentId":"484e4280-bca3-4ebe-bde7-d9371da0f528","pdfId":"test.pdf-2462","cutoverTs":"2026-05-13T20:55:36.359+00:00","ydocFabricCount":7,"ydocCalloutCount":0,"supabaseFabricCount":7,"supabaseCalloutCount":0,"rule":"Supabase durable snapshot wins initial load; Y.Doc is reshaped for live collaboration"}
[Phase31 UAT] save:fan-out done {"documentId":"484e4280-bca3-4ebe-bde7-d9371da0f528","pdfId":"test.pdf-2462","userId":"170d915c-5741-4e0b-b03f-deaeedae27bd","actionType":null,"dispatched":7,"yDocUpdateCount":7,"detected":7,"skippedHighlightOrCallout":0,"skippedOtherType":0,"rawTypeBreakdown":{"pen":3,"counter":4},"resolvedTypeBreakdown":{"ink":3,"counter":4},"skipReasons":{},"skipSamples":[],"yMapSizeAfter":7}
[CloudSync][hook] callout Y.Doc fan-out done {"documentId":"484e4280-bca3-4ebe-bde7-d9371da0f528","pdfId":"test.pdf-2462","userId":"170d915c-5741-4e0b-b03f-deaeedae27bd","actionType":"callout:delta","upserted":0,"deleted":0,"yDocUpdateCount":0,"yMapCalloutsSizeAfter":0}
[AnnotationHydrationGate][normal] {"documentId":"484e4280-bca3-4ebe-bde7-d9371da0f528","pdfId":"test.pdf-2462","ready":true,"source":"supabase-durable-snapshot","normalReady":true,"cutoverTs":"2026-05-13T20:55:36.359+00:00","count":7,"calloutCount":0,"firstPaintGate":true}
[AnnotationHydrationGate][first-page] {"documentId":"484e4280-bca3-4ebe-bde7-d9371da0f528","pdfId":"test.pdf-2462","pageNumber":1,"ready":true,"visualCoverActive":false,"normal":{"documentId":"484e4280-bca3-4ebe-bde7-d9371da0f528","pdfId":"test.pdf-2462","ready":true,"source":"supabase-durable-snapshot","normalReady":true,"cutoverTs":"2026-05-13T20:55:36.359+00:00","count":7,"calloutCount":0,"firstPaintGate":true},"survey":{"ready":true,"source":"supabase-highlight","documentId":"484e4280-bca3-4ebe-bde7-d9371da0f528","pdfId":"test.pdf-2462","count":0}}
[AnnotationHydrationGate][visual-cover] {"documentId":"484e4280-bca3-4ebe-bde7-d9371da0f528","pdfId":"test.pdf-2462","pageNumber":1,"active":false,"reason":"hydration-ready"}
[CloudSync][realtime] subscribe status {"status":"SUBSCRIBED","error":null}
[Phase31 UAT] post-subscribe catch-up skipped — doc is cutover-sealed, Y.Doc + realtime is source of truth {"documentId":"484e4280-bca3-4ebe-bde7-d9371da0f528","pdfId":"test.pdf-2462","cutoverTs":"2026-05-13T20:55:36.359+00:00","ydocAuthoritative":true}
[Phase31 UAT] backfill:select-loop page ok {"documentId":"484e4280-bca3-4ebe-bde7-d9371da0f528","page":0,"range":[0,999],"pageRows":7,"totalSoFar":7,"pageElapsedMs":201}
[Phase31 UAT] backfill:done {"ranAs":"leader","documentId":"484e4280-bca3-4ebe-bde7-d9371da0f528","userId":"170d915c-5741-4e0b-b03f-deaeedae27bd","rowsFetched":7,"imported":7,"skipped":0,"yMapSizeAfter":7,"cutoverRequested":true,"cutoverCompleted":true,"importedByType":{"ink":3,"counter":4},"skippedByType":{}}
[HyperlinkDiag] post-load scan {"hyperlinkCount":0,"samples":[]}
[HyperlinkDiag] page 1 layers {"hyperlinkChildren":0,"layerClasses":["DIV","e-spinner-pane e-spin-show","e-pv-page-canvas","e-pv-annotation-canvas","DIV","e-pv-text-layer"]}
[HyperlinkDiag] page 2 layers {"hyperlinkChildren":0,"layerClasses":["DIV","e-spinner-pane e-spin-show","e-pv-page-canvas","e-pv-annotation-canvas","DIV","e-pv-text-layer"]}
[HyperlinkDiag] page 3 layers {"hyperlinkChildren":0,"layerClasses":["DIV","e-spinner-pane e-spin-show","e-pv-page-canvas","e-pv-annotation-canvas","DIV","e-pv-text-layer"]}
[DebugBridge +5948.2ms] zoom_end {"source":"zoomChange_settle"}
[CloudSync][realtime] unsubscribing {"documentId":"484e4280-bca3-4ebe-bde7-d9371da0f528"}
[CloudSync][realtime] subscribe status {"status":"CLOSED","error":null}
[CloudSync][hook] session id minted {"sessionId":"8bf1bed7-f5e0-4a62-bdf4-bb6e70aff008"}
[CloudSync][hook] session id minted {"sessionId":"dc2b720e-5cf2-4ac8-b21c-d730c45dedad"}
[CloudSync][hook][state-obs] annotationsByPage initial {"currentCount":0,"pages":0,"hydrated":false}
[CloudSync][hook][state-obs] callouts initial {"currentCount":0,"hydrated":false}
[CloudSync][hook] hydrate effect fired {"enabled":false,"hydrateEnabled":true,"documentId":"484e4280-bca3-4ebe-bde7-d9371da0f528","userId":"170d915c-5741-4e0b-b03f-deaeedae27bd","pdfId":null}
[CloudSync][hook] hydrate skipped — missing prerequisite {"hydrateEnabled":true,"hasDocumentId":true,"hasUserId":true,"hasPdfId":false}
[AnnotationHydrationGate][normal] {"documentId":"484e4280-bca3-4ebe-bde7-d9371da0f528","pdfId":null,"ready":false,"source":"missing-prerequisite","normalReady":false,"cutoverTs":null,"count":null,"calloutCount":null,"firstPaintGate":true}
[AnnotationHydrationGate][first-page] {"documentId":"484e4280-bca3-4ebe-bde7-d9371da0f528","pdfId":null,"pageNumber":1,"ready":false,"visualCoverActive":true,"normal":{"documentId":"484e4280-bca3-4ebe-bde7-d9371da0f528","pdfId":null,"ready":false,"source":"pending","firstPaintGate":true},"survey":{"ready":true,"source":"local"}}
[AnnotationHydrationGate][visual-cover] {"documentId":"484e4280-bca3-4ebe-bde7-d9371da0f528","pdfId":null,"pageNumber":1,"active":true,"reason":"annotation-hydration-gated"}
[Cloud render cache] doc=test.pdf-2462 painting verified cloud snapshot immediately — count=7.
[CSeries wipe] doc=test.pdf-2462 totalCounters=4 legacyRemoved=0 — nothing to wipe.
[Phase31 UAT] backfill:effect {"hasYdoc":true,"docId":"484e4280-bca3-4ebe-bde7-d9371da0f528","userId":null,"alreadyRanFor":null,"willRun":false}
[CloudSync][hook][state-obs] annotationsByPage initial {"currentCount":0,"pages":0,"hydrated":false}
[CloudSync][hook][state-obs] callouts initial {"currentCount":0,"hydrated":false}
[CloudSync][hook] hydrate effect fired {"enabled":false,"hydrateEnabled":true,"documentId":"97f95b32-77b3-4834-a8fc-68f21543eb16","userId":"170d915c-5741-4e0b-b03f-deaeedae27bd","pdfId":null}
[CloudSync][hook] hydrate skipped — missing prerequisite {"hydrateEnabled":true,"hasDocumentId":true,"hasUserId":true,"hasPdfId":false}
[AnnotationHydrationGate][normal] {"documentId":"97f95b32-77b3-4834-a8fc-68f21543eb16","pdfId":null,"ready":false,"source":"missing-prerequisite","normalReady":false,"cutoverTs":null,"count":null,"calloutCount":null,"firstPaintGate":true}
[AnnotationHydrationGate][first-page] {"documentId":"97f95b32-77b3-4834-a8fc-68f21543eb16","pdfId":null,"pageNumber":1,"ready":false,"visualCoverActive":true,"normal":{"documentId":"97f95b32-77b3-4834-a8fc-68f21543eb16","pdfId":null,"ready":false,"source":"pending","firstPaintGate":true},"survey":{"ready":true,"source":"local"}}
[AnnotationHydrationGate][visual-cover] {"documentId":"97f95b32-77b3-4834-a8fc-68f21543eb16","pdfId":null,"pageNumber":1,"active":true,"reason":"annotation-hydration-gated"}
[Cloud render cache] doc=SE-011 Security Shop Drawing Rev2 - 05.06.25.pdf-26263753 painting verified cloud snapshot immediately — count=540.
[CSeries wipe] doc=SE-011 Security Shop Drawing Rev2 - 05.06.25.pdf-26263753 totalCounters=40 legacyRemoved=0 — nothing to wipe.
[Phase31 UAT] backfill:effect {"hasYdoc":true,"docId":"97f95b32-77b3-4834-a8fc-68f21543eb16","userId":null,"alreadyRanFor":null,"willRun":false}
[CloudSync][hook] hydrate effect fired {"enabled":false,"hydrateEnabled":true,"documentId":"484e4280-bca3-4ebe-bde7-d9371da0f528","userId":"170d915c-5741-4e0b-b03f-deaeedae27bd","pdfId":"test.pdf-2462"}
[AnnotationHydrationGate][normal] {"documentId":"484e4280-bca3-4ebe-bde7-d9371da0f528","pdfId":"test.pdf-2462","ready":false,"source":"starting","normalReady":false,"cutoverTs":null,"count":null,"calloutCount":null,"firstPaintGate":true}
[CloudSync][hook] stage=hydrating
[AnnotationHydrationGate][first-page] {"documentId":"484e4280-bca3-4ebe-bde7-d9371da0f528","pdfId":"test.pdf-2462","pageNumber":1,"ready":false,"visualCoverActive":true,"normal":{"documentId":"484e4280-bca3-4ebe-bde7-d9371da0f528","pdfId":null,"ready":false,"source":"missing-prerequisite","normalReady":false,"cutoverTs":null,"count":null,"calloutCount":null,"firstPaintGate":true},"survey":{"ready":false,"source":"supabase-highlight-starting","documentId":"484e4280-bca3-4ebe-bde7-d9371da0f528","pdfId":"test.pdf-2462"}}
[AnnotationHydrationGate][visual-cover] {"documentId":"484e4280-bca3-4ebe-bde7-d9371da0f528","pdfId":"test.pdf-2462","pageNumber":1,"active":true,"reason":"annotation-hydration-gated"}
[CloudSync][hook] hydrate effect fired {"enabled":false,"hydrateEnabled":true,"documentId":"97f95b32-77b3-4834-a8fc-68f21543eb16","userId":"170d915c-5741-4e0b-b03f-deaeedae27bd","pdfId":"SE-011 Security Shop Drawing Rev2 - 05.06.25.pdf-26263753"}
[AnnotationHydrationGate][normal] {"documentId":"97f95b32-77b3-4834-a8fc-68f21543eb16","pdfId":"SE-011 Security Shop Drawing Rev2 - 05.06.25.pdf-26263753","ready":false,"source":"starting","normalReady":false,"cutoverTs":null,"count":null,"calloutCount":null,"firstPaintGate":true}
[CloudSync][hook] stage=hydrating
[AnnotationHydrationGate][first-page] {"documentId":"97f95b32-77b3-4834-a8fc-68f21543eb16","pdfId":"SE-011 Security Shop Drawing Rev2 - 05.06.25.pdf-26263753","pageNumber":1,"ready":false,"visualCoverActive":true,"normal":{"documentId":"97f95b32-77b3-4834-a8fc-68f21543eb16","pdfId":null,"ready":false,"source":"missing-prerequisite","normalReady":false,"cutoverTs":null,"count":null,"calloutCount":null,"firstPaintGate":true},"survey":{"ready":false,"source":"supabase-highlight-starting","documentId":"97f95b32-77b3-4834-a8fc-68f21543eb16","pdfId":"SE-011 Security Shop Drawing Rev2 - 05.06.25.pdf-26263753"}}
[AnnotationHydrationGate][visual-cover] {"documentId":"97f95b32-77b3-4834-a8fc-68f21543eb16","pdfId":"SE-011 Security Shop Drawing Rev2 - 05.06.25.pdf-26263753","pageNumber":1,"active":true,"reason":"annotation-hydration-gated"}
[AnnotationHydrationGate][first-page] {"documentId":"484e4280-bca3-4ebe-bde7-d9371da0f528","pdfId":"test.pdf-2462","pageNumber":1,"ready":false,"visualCoverActive":true,"normal":{"documentId":"484e4280-bca3-4ebe-bde7-d9371da0f528","pdfId":"test.pdf-2462","ready":false,"source":"starting","normalReady":false,"cutoverTs":null,"count":null,"calloutCount":null,"firstPaintGate":true},"survey":{"ready":false,"source":"supabase-highlight-starting","documentId":"484e4280-bca3-4ebe-bde7-d9371da0f528","pdfId":"test.pdf-2462"}}
[AnnotationHydrationGate][visual-cover] {"documentId":"484e4280-bca3-4ebe-bde7-d9371da0f528","pdfId":"test.pdf-2462","pageNumber":1,"active":true,"reason":"annotation-hydration-gated"}
[AnnotationHydrationGate][first-page] {"documentId":"97f95b32-77b3-4834-a8fc-68f21543eb16","pdfId":"SE-011 Security Shop Drawing Rev2 - 05.06.25.pdf-26263753","pageNumber":1,"ready":false,"visualCoverActive":true,"normal":{"documentId":"97f95b32-77b3-4834-a8fc-68f21543eb16","pdfId":"SE-011 Security Shop Drawing Rev2 - 05.06.25.pdf-26263753","ready":false,"source":"starting","normalReady":false,"cutoverTs":null,"count":null,"calloutCount":null,"firstPaintGate":true},"survey":{"ready":false,"source":"supabase-highlight-starting","documentId":"97f95b32-77b3-4834-a8fc-68f21543eb16","pdfId":"SE-011 Security Shop Drawing Rev2 - 05.06.25.pdf-26263753"}}
[AnnotationHydrationGate][visual-cover] {"documentId":"97f95b32-77b3-4834-a8fc-68f21543eb16","pdfId":"SE-011 Security Shop Drawing Rev2 - 05.06.25.pdf-26263753","pageNumber":1,"active":true,"reason":"annotation-hydration-gated"}
[Phase31 UAT] backfill:effect {"hasYdoc":true,"docId":"484e4280-bca3-4ebe-bde7-d9371da0f528","userId":"170d915c-5741-4e0b-b03f-deaeedae27bd","alreadyRanFor":null,"willRun":true}
[Phase31 UAT] backfill:start {"hasYdoc":true,"hasSupabase":true,"documentId":"484e4280-bca3-4ebe-bde7-d9371da0f528","userId":"170d915c-5741-4e0b-b03f-deaeedae27bd","markCutoverComplete":true}
[Phase31 UAT] backfill:effect {"hasYdoc":true,"docId":"97f95b32-77b3-4834-a8fc-68f21543eb16","userId":"170d915c-5741-4e0b-b03f-deaeedae27bd","alreadyRanFor":null,"willRun":true}
[Phase31 UAT] backfill:start {"hasYdoc":true,"hasSupabase":true,"documentId":"97f95b32-77b3-4834-a8fc-68f21543eb16","userId":"170d915c-5741-4e0b-b03f-deaeedae27bd","markCutoverComplete":true}
[PDFImport] skipped embedded PDF annotation import — cloud/Y.Doc is authoritative {"documentId":"484e4280-bca3-4ebe-bde7-d9371da0f528"}
[PDFCounterImport] summary {"marker":"survey-counter","metadataKey":"SurveyApp","counterAnnotationsImported":0,"plainCirclesImported":0,"counterMetadataParseFailures":0,"appCalloutMarker":"survey-callout","appCalloutMetadataKey":"SurveyAppCallout","appCalloutAnnotationsImported":0,"appCalloutPiecesSkipped":0}
[PrintPanel] RENDER — panel closed
[SVGAnnotationLayer] setRotInputVisible(false) reason=selectedIds.size !== 1
[DebugBridge +7365.4ms] pdf_loaded {"pageCount":3,"currentPage":1}
[HIGHLIGHT-SYNC][load.legacy][pdf=test.pdf] {"documentId":"484e4280-bca3-4ebe-bde7-d9371da0f528","totalRows":0,"fabricCarryingDropped":0,"keptCount":0,"keptIds":[]}
[AnnotationHydrationGate][survey] supabase highlights complete {"documentId":"484e4280-bca3-4ebe-bde7-d9371da0f528","pdfId":"test.pdf-2462","count":0}
[CloudSync][hook] cutover-complete hydrate — reading from Y.Doc {"documentId":"97f95b32-77b3-4834-a8fc-68f21543eb16","cutoverTs":"2026-05-11T20:01:34.065+00:00"}
[Phase31 UAT] hydrate:cutover-sealed {"documentId":"97f95b32-77b3-4834-a8fc-68f21543eb16","pdfId":"SE-011 Security Shop Drawing Rev2 - 05.06.25.pdf-26263753","cutoverTs":"2026-05-11T20:01:34.065+00:00","yMapSize":540,"yMapCalloutsSize":3,"materializedTotal":540,"materializedCallouts":3,"materializedDrawnByMe":0,"materializedDrawnByOthers":540,"materializedImported":0,"pages":1,"perPage":{"1":540},"currentStateCount":540,"ydocLooksDegenerate":false}
[Phase31 UAT] hydrate:cutover-sealed:by-type {"documentId":"97f95b32-77b3-4834-a8fc-68f21543eb16","pdfFile":"SE-011 Security Shop Drawing Rev2 - 05.06.25.pdf-26263753","viewerUserId":"170d915c-5741-4e0b-b03f-deaeedae27bd","yMapTotal":540,"yMapCalloutsTotal":3,"yMapByType":{"circle":40,"rect":494,"path":5,"polygon":1},"yMapByAuthor":{"byMe":0,"byOthers":0,"anonymous":540},"yMapByTypeByAuthor":{"circle":{"byMe":0,"byOthers":0,"anonymous":40},"rect":{"byMe":0,"byOthers":0,"anonymous":494},"path":{"byMe":0,"byOthers":0,"anonymous":5},"polygon":{"byMe":0,"byOthers":0,"anonymous":1}},"yMapPerTypePerPage":{"circle":{"unknown":40},"rect":{"unknown":494},"path":{"unknown":5},"polygon":{"unknown":1}},"byPageTotal":540,"byPageByType":{"circle":40,"rect":494,"path":5,"polygon":1},"byPagePerPagePerType":{"1":{"circle":40,"rect":494,"path":5,"polygon":1}}}
[CloudSync][hydrate] loadAllNonHighlightAnnotations start {"documentId":"97f95b32-77b3-4834-a8fc-68f21543eb16"}
[CloudSync][hook] cutover-complete hydrate — reading from Y.Doc {"documentId":"484e4280-bca3-4ebe-bde7-d9371da0f528","cutoverTs":"2026-05-13T21:00:38.784+00:00"}
[Phase31 UAT] hydrate:cutover-sealed {"documentId":"484e4280-bca3-4ebe-bde7-d9371da0f528","pdfId":"test.pdf-2462","cutoverTs":"2026-05-13T21:00:38.784+00:00","yMapSize":7,"yMapCalloutsSize":0,"materializedTotal":7,"materializedCallouts":0,"materializedDrawnByMe":7,"materializedDrawnByOthers":0,"materializedImported":0,"pages":1,"perPage":{"1":7},"currentStateCount":7,"ydocLooksDegenerate":false}
[Phase31 UAT] hydrate:cutover-sealed:by-type {"documentId":"484e4280-bca3-4ebe-bde7-d9371da0f528","pdfFile":"test.pdf-2462","viewerUserId":"170d915c-5741-4e0b-b03f-deaeedae27bd","yMapTotal":7,"yMapCalloutsTotal":0,"yMapByType":{"path":3,"circle":4},"yMapByAuthor":{"byMe":7,"byOthers":0,"anonymous":0},"yMapByTypeByAuthor":{"path":{"byMe":3,"byOthers":0,"anonymous":0},"circle":{"byMe":4,"byOthers":0,"anonymous":0}},"yMapPerTypePerPage":{"path":{"1":3},"circle":{"1":4}},"byPageTotal":7,"byPageByType":{"path":3,"circle":4},"byPagePerPagePerType":{"1":{"path":3,"circle":4}}}
[CloudSync][hydrate] loadAllNonHighlightAnnotations start {"documentId":"484e4280-bca3-4ebe-bde7-d9371da0f528"}
[AnnotationHydrationGate][first-page] {"documentId":"484e4280-bca3-4ebe-bde7-d9371da0f528","pdfId":"test.pdf-2462","pageNumber":1,"ready":false,"visualCoverActive":true,"normal":{"documentId":"484e4280-bca3-4ebe-bde7-d9371da0f528","pdfId":"test.pdf-2462","ready":false,"source":"starting","normalReady":false,"cutoverTs":null,"count":null,"calloutCount":null,"firstPaintGate":true},"survey":{"ready":true,"source":"supabase-highlight","documentId":"484e4280-bca3-4ebe-bde7-d9371da0f528","pdfId":"test.pdf-2462","count":0}}
[AnnotationHydrationGate][visual-cover] {"documentId":"484e4280-bca3-4ebe-bde7-d9371da0f528","pdfId":"test.pdf-2462","pageNumber":1,"active":true,"reason":"annotation-hydration-gated"}
[PDFImport] skipped embedded PDF annotation import — cloud/Y.Doc is authoritative {"documentId":"97f95b32-77b3-4834-a8fc-68f21543eb16"}
[CloudSync][hook] fabric push skipped — not hydrated yet
[CloudSync][hook] callout push skipped — not hydrated yet
[CloudSync][realtime] subscribing {"documentId":"484e4280-bca3-4ebe-bde7-d9371da0f528","currentUserId":"170d915c-5741-4e0b-b03f-deaeedae27bd","currentSessionId":"8bf1bed7-f5e0-4a62-bdf4-bb6e70aff008","hasFabricInsert":true,"hasFabricUpdate":true,"hasFabricDelete":true,"hasCalloutInsert":true,"hasCalloutUpdate":true,"hasCalloutDelete":true}
[Phase31 UAT] backfill:degeneracy-probe {"documentId":"484e4280-bca3-4ebe-bde7-d9371da0f528","userId":"170d915c-5741-4e0b-b03f-deaeedae27bd","yMapSize":7,"legacyCount":7,"probeOk":true,"tolerance":100,"yMapLooksHealthy":false,"dedupeRan":true,"lastGoodSize":133}
console.warn @ [crdtBackfill] cutover sealed but Y.Map < legacy count — re-running import loop to recover {"yMapSize":7,"legacyCount":7}
[Phase31 UAT] backfill:select-loop start {"documentId":"484e4280-bca3-4ebe-bde7-d9371da0f528","userId":"170d915c-5741-4e0b-b03f-deaeedae27bd","pageSize":1000}
[CloudSync][realtime] subscribe status {"status":"SUBSCRIBED","error":null}
[Phase31 UAT] post-subscribe catch-up skipped — doc is cutover-sealed, Y.Doc + realtime is source of truth {"documentId":"484e4280-bca3-4ebe-bde7-d9371da0f528","pdfId":"test.pdf-2462","cutoverTs":"2026-05-13T21:00:38.784+00:00","ydocAuthoritative":true}
[CloudSync][hydrate] loadAllNonHighlightAnnotations ok {"elapsedMs":367,"totalRowsScanned":7,"scanned":{"nonHighlight":7,"legacyFabricHighlights":0},"totalRows":7,"rowsByType":{"ink":3,"counter":4},"pagesWithObjects":1,"calloutCount":0}
[CloudSync][verify] first read summary {"contextLabel":"cutover-source-of-truth","documentId":"484e4280-bca3-4ebe-bde7-d9371da0f528","elapsedMs":367,"firstFabricPages":1,"firstFabricObjects":7,"firstCallouts":0,"firstEmpty":false,"localFabricCount":7,"localCalloutCount":0,"localHasData":true,"willVerify":false}
[CloudSync][source-of-truth] cutover initial hydrate selected Supabase durable snapshot {"documentId":"484e4280-bca3-4ebe-bde7-d9371da0f528","pdfId":"test.pdf-2462","cutoverTs":"2026-05-13T21:00:38.784+00:00","ydocFabricCount":7,"ydocCalloutCount":0,"supabaseFabricCount":7,"supabaseCalloutCount":0,"rule":"Supabase durable snapshot wins initial load; Y.Doc is reshaped for live collaboration"}
[Phase31 UAT] save:fan-out done {"documentId":"484e4280-bca3-4ebe-bde7-d9371da0f528","pdfId":"test.pdf-2462","userId":"170d915c-5741-4e0b-b03f-deaeedae27bd","actionType":null,"dispatched":7,"yDocUpdateCount":7,"detected":7,"skippedHighlightOrCallout":0,"skippedOtherType":0,"rawTypeBreakdown":{"pen":3,"counter":4},"resolvedTypeBreakdown":{"ink":3,"counter":4},"skipReasons":{},"skipSamples":[],"yMapSizeAfter":7}
[CloudSync][hook] callout Y.Doc fan-out done {"documentId":"484e4280-bca3-4ebe-bde7-d9371da0f528","pdfId":"test.pdf-2462","userId":"170d915c-5741-4e0b-b03f-deaeedae27bd","actionType":"callout:delta","upserted":0,"deleted":0,"yDocUpdateCount":0,"yMapCalloutsSizeAfter":0}
[AnnotationHydrationGate][normal] {"documentId":"484e4280-bca3-4ebe-bde7-d9371da0f528","pdfId":"test.pdf-2462","ready":true,"source":"supabase-durable-snapshot","normalReady":true,"cutoverTs":"2026-05-13T21:00:38.784+00:00","count":7,"calloutCount":0,"firstPaintGate":true}
[AnnotationHydrationGate][first-page] {"documentId":"484e4280-bca3-4ebe-bde7-d9371da0f528","pdfId":"test.pdf-2462","pageNumber":1,"ready":true,"visualCoverActive":false,"normal":{"documentId":"484e4280-bca3-4ebe-bde7-d9371da0f528","pdfId":"test.pdf-2462","ready":true,"source":"supabase-durable-snapshot","normalReady":true,"cutoverTs":"2026-05-13T21:00:38.784+00:00","count":7,"calloutCount":0,"firstPaintGate":true},"survey":{"ready":true,"source":"supabase-highlight","documentId":"484e4280-bca3-4ebe-bde7-d9371da0f528","pdfId":"test.pdf-2462","count":0}}
[AnnotationHydrationGate][visual-cover] {"documentId":"484e4280-bca3-4ebe-bde7-d9371da0f528","pdfId":"test.pdf-2462","pageNumber":1,"active":false,"reason":"hydration-ready"}
[Phase31 UAT] backfill:select-loop page ok {"documentId":"484e4280-bca3-4ebe-bde7-d9371da0f528","page":0,"range":[0,999],"pageRows":7,"totalSoFar":7,"pageElapsedMs":174}
[Phase31 UAT] backfill:done {"ranAs":"leader","documentId":"484e4280-bca3-4ebe-bde7-d9371da0f528","userId":"170d915c-5741-4e0b-b03f-deaeedae27bd","rowsFetched":7,"imported":7,"skipped":0,"yMapSizeAfter":7,"cutoverRequested":true,"cutoverCompleted":true,"importedByType":{"ink":3,"counter":4},"skippedByType":{}}
[PDFCounterImport] summary {"marker":"survey-counter","metadataKey":"SurveyApp","counterAnnotationsImported":0,"plainCirclesImported":0,"counterMetadataParseFailures":0,"appCalloutMarker":"survey-callout","appCalloutMetadataKey":"SurveyAppCallout","appCalloutAnnotationsImported":0,"appCalloutPiecesSkipped":0}
[PrintPanel] RENDER — panel closed
[DebugBridge +7896.3ms] zoom_start {"scale":0.66,"targetScale":0.88,"source":"zoomChange"}
[Phase31 UAT] backfill:cutover-dedupe-anchor-skip {"documentId":"97f95b32-77b3-4834-a8fc-68f21543eb16","userId":"170d915c-5741-4e0b-b03f-deaeedae27bd","yMapSize":540,"lastGoodSize":540}
[HyperlinkDiag] post-load scan {"hyperlinkCount":0,"samples":[]}
[HyperlinkDiag] page 1 layers {"hyperlinkChildren":0,"layerClasses":["e-spinner-pane e-spin-hide","e-pv-page-canvas","e-pv-text-layer","DIV"]}
[HyperlinkDiag] page 2 layers {"hyperlinkChildren":0,"layerClasses":["e-spinner-pane e-spin-hide","e-pv-page-canvas","e-pv-text-layer","DIV"]}
[HyperlinkDiag] page 3 layers {"hyperlinkChildren":0,"layerClasses":["e-spinner-pane e-spin-hide","e-pv-page-canvas","e-pv-text-layer","DIV"]}
[HIGHLIGHT-SYNC][load.legacy][pdf=SE-011 Security Shop Drawing Rev2 - 05.06.25.pdf] {"documentId":"97f95b32-77b3-4834-a8fc-68f21543eb16","totalRows":1574,"fabricCarryingDropped":1233,"keptCount":341,"keptIds":["highlight-1776867816974-fx7v4ppmw","highlight-1776867821835-qquf9z5e8","polygon-1777170644432-5wvs89hb1","highlight-1777061477539-mmy879aei","highlight-1777061482852-6krcz3p7j","callout-l58ra8eqd-moendxzj","highlight-1778529819153-ft6dwm5sk","highlight-1778529770366-t5606bkyy","ink-1777170644432-z0hdzaq5y","square-1777170644432-khupb332c","square-1777170644432-7haxql9sl","square-1777170644432-vb6lwdwnv","square-1777170644432-w6yd283b0","square-1777170644432-1sj3ae4d7","square-1777170644432-31ermsbux","square-1777170644432-bvt9h5qva","square-1777170644432-7wfag62vn","square-1777170644432-9yjmewx9l","square-1777170644432-s0tcp4grf","square-1777170644432-nowpwivwi","square-1777170644432-d96rz5jyo","square-1777170644432-8ivovq4fa","square-1777170644432-mkbufe21u","square-1777170644432-ljbi0ndty","square-1777170644432-sb5bxgn9z","square-1777170644432-i318t9041","square-1777170644432-y4zf59uyo","square-1777170644432-knyolydqy","square-1777170644432-mnfocibcc","square-1777170644432-z40b9v7l3","square-1777170644432-ty1vlf72p","square-1777170644432-o232p4tx8","square-1777170644432-7cde21112","square-1777170644432-fbi9km83d","square-1777170644432-dn0xrr8zv","square-1777170644432-onp93lsek","square-1777170644432-8doljnzss","square-1777170644432-mdlcvebet","square-1777170644432-rms4kazik","square-1777170644432-fqgygzfl1","square-1777170644432-i97czidrb","square-1777170644432-mn7pa1l1l","square-1777170644432-j5m7voke3","square-1777170644432-um7p7zozw","square-1777170644432-r3icyh6z8","square-1777170644432-3par86kyr","square-1777170644432-qe5cpjtzl","square-1777170644432-esz3ysm2f","highlight-1777521733209-y564l9kli","square-1777170644432-cvjqq5gly","highlight-1777521709071-sfq2166a2","highlight-1777521739119-qaeb3gfxl","highlight-1777521697370-ffaje9mqf","square-1777170644432-6s736b9y2","square-1777170644432-y7y14xvmk","square-1777170644432-eijg0n3lk","square-1777170644432-e933y8riz","square-1777170644432-s9fj2804v","square-1777170644432-qa1rsne0t","square-1777170644432-z5xuln1hq","square-1777170644432-fna4ndlwi","square-1777170644432-5cw9n4hai","square-1777170644432-ux2f671j4","square-1777170644432-xdum710ug","square-1777170644432-0soc7uanb","square-1777170644432-nymdwk5dx","square-1777170644432-sje6v34ms","square-1777170644432-pvafybq8c","square-1777170644432-hc24ika26","square-1777170644432-vz1lgt6ct","square-1777170644432-6keqphmo0","square-1777170644432-lmvwmrnz6","square-1777170644432-h8suuaa51","square-1777170644432-h1njjb3vr","square-1777170644432-fi32e44ai","square-1777170644432-fs678j84g","square-1777170644432-31mx7swmc","square-1777170644432-q007fyzh1","square-1777170644432-ozyeypoae","square-1777170644432-eb7qe8a2w","square-1777170644432-kveqxg1lq","square-1777170644432-z10bes97y","square-1777170644432-efhhzjsy9","square-1777170644432-xhgaf50mc","square-1777170644432-atct52k6g","square-1777170644432-peg63gm1h","square-1777170644432-x5irblr8i","square-1777170644432-m6ez0dd5u","square-1777170644432-fqg2f5zwf","square-1777170644432-8kvq2szjp","square-1777170644432-mu8ronefe","square-1777170644432-p67692gh5","square-1777170644432-6fnf7fi8o","square-1777170644432-h7xuxr99c","square-1777170644432-3r9bv9zzi","square-1777170644432-vnsk6ucfh","square-1777170644432-kl4uadnp6","square-1777170644432-7lpixocwq","square-1777170644432-4qeq2x0je","square-1777170644432-u3quepigk","square-1777170644432-yhw1zxqhf","square-1777170644432-2dog5cp8y","square-1777170644432-1h0e9a3zv","square-1777170644432-stoxbabri","square-1777170644432-a1qw2rpjp","square-1777170644432-wkxfpunqz","square-1777170644432-j9l7efrn2","square-1777170644432-erfkuqtyd","square-1777170644432-nlq0n7835","square-1777170644432-ysrn2kmhs","square-1777170644432-0l23k2t72","square-1777170644432-mda35fgil","square-1777170644432-aszfpehvt","square-1777170644432-0zi6ppu8a","squ... [truncated 24 chars]
[AnnotationHydrationGate][survey] supabase highlights complete {"documentId":"97f95b32-77b3-4834-a8fc-68f21543eb16","pdfId":"SE-011 Security Shop Drawing Rev2 - 05.06.25.pdf-26263753","count":341}
[AnnotationHydrationGate][first-page] {"documentId":"97f95b32-77b3-4834-a8fc-68f21543eb16","pdfId":"SE-011 Security Shop Drawing Rev2 - 05.06.25.pdf-26263753","pageNumber":1,"ready":false,"visualCoverActive":true,"normal":{"documentId":"97f95b32-77b3-4834-a8fc-68f21543eb16","pdfId":"SE-011 Security Shop Drawing Rev2 - 05.06.25.pdf-26263753","ready":false,"source":"starting","normalReady":false,"cutoverTs":null,"count":null,"calloutCount":null,"firstPaintGate":true},"survey":{"ready":true,"source":"supabase-highlight","documentId":"97f95b32-77b3-4834-a8fc-68f21543eb16","pdfId":"SE-011 Security Shop Drawing Rev2 - 05.06.25.pdf-26263753","count":341}}
[AnnotationHydrationGate][visual-cover] {"documentId":"97f95b32-77b3-4834-a8fc-68f21543eb16","pdfId":"SE-011 Security Shop Drawing Rev2 - 05.06.25.pdf-26263753","pageNumber":1,"active":true,"reason":"annotation-hydration-gated"}
[CloudSync][hydrate] loadAllNonHighlightAnnotations ok {"elapsedMs":1020,"totalRowsScanned":1776,"scanned":{"nonHighlight":543,"legacyFabricHighlights":1233},"totalRows":1776,"rowsByType":{"callout":3,"ink":5,"counter":40,"polygon":1,"square":494,"highlight":1233},"pagesWithObjects":26,"calloutCount":3}
[CloudSync][verify] first read summary {"contextLabel":"cutover-source-of-truth","documentId":"97f95b32-77b3-4834-a8fc-68f21543eb16","elapsedMs":1022,"firstFabricPages":26,"firstFabricObjects":540,"firstCallouts":3,"firstEmpty":false,"localFabricCount":540,"localCalloutCount":3,"localHasData":true,"willVerify":false}
[CloudSync][source-of-truth] cutover initial hydrate selected Supabase durable snapshot {"documentId":"97f95b32-77b3-4834-a8fc-68f21543eb16","pdfId":"SE-011 Security Shop Drawing Rev2 - 05.06.25.pdf-26263753","cutoverTs":"2026-05-11T20:01:34.065+00:00","ydocFabricCount":540,"ydocCalloutCount":3,"supabaseFabricCount":540,"supabaseCalloutCount":3,"rule":"Supabase durable snapshot wins initial load; Y.Doc is reshaped for live collaboration"}
[Phase31 UAT] save:fan-out done {"documentId":"97f95b32-77b3-4834-a8fc-68f21543eb16","pdfId":"SE-011 Security Shop Drawing Rev2 - 05.06.25.pdf-26263753","userId":"170d915c-5741-4e0b-b03f-deaeedae27bd","actionType":null,"dispatched":540,"yDocUpdateCount":540,"detected":540,"skippedHighlightOrCallout":0,"skippedOtherType":0,"rawTypeBreakdown":{"path":3,"pen":2,"counter":40,"polygon":1,"rect":494},"resolvedTypeBreakdown":{"ink":5,"counter":40,"polygon":1,"square":494},"skipReasons":{},"skipSamples":[],"yMapSizeAfter":540}
[CloudSync][hook] callout Y.Doc fan-out done {"documentId":"97f95b32-77b3-4834-a8fc-68f21543eb16","pdfId":"SE-011 Security Shop Drawing Rev2 - 05.06.25.pdf-26263753","userId":"170d915c-5741-4e0b-b03f-deaeedae27bd","actionType":"callout:delta","upserted":3,"deleted":0,"yDocUpdateCount":3,"yMapCalloutsSizeAfter":3}
[AnnotationHydrationGate][normal] {"documentId":"97f95b32-77b3-4834-a8fc-68f21543eb16","pdfId":"SE-011 Security Shop Drawing Rev2 - 05.06.25.pdf-26263753","ready":true,"source":"supabase-durable-snapshot","normalReady":true,"cutoverTs":"2026-05-11T20:01:34.065+00:00","count":540,"calloutCount":3,"firstPaintGate":true}
[AnnotationHydrationGate][first-page] {"documentId":"97f95b32-77b3-4834-a8fc-68f21543eb16","pdfId":"SE-011 Security Shop Drawing Rev2 - 05.06.25.pdf-26263753","pageNumber":1,"ready":true,"visualCoverActive":false,"normal":{"documentId":"97f95b32-77b3-4834-a8fc-68f21543eb16","pdfId":"SE-011 Security Shop Drawing Rev2 - 05.06.25.pdf-26263753","ready":true,"source":"supabase-durable-snapshot","normalReady":true,"cutoverTs":"2026-05-11T20:01:34.065+00:00","count":540,"calloutCount":3,"firstPaintGate":true},"survey":{"ready":true,"source":"supabase-highlight","documentId":"97f95b32-77b3-4834-a8fc-68f21543eb16","pdfId":"SE-011 Security Shop Drawing Rev2 - 05.06.25.pdf-26263753","count":341}}
[AnnotationHydrationGate][visual-cover] {"documentId":"97f95b32-77b3-4834-a8fc-68f21543eb16","pdfId":"SE-011 Security Shop Drawing Rev2 - 05.06.25.pdf-26263753","pageNumber":1,"active":false,"reason":"hydration-ready"}
[SVGAnnotationLayer] setRotInputVisible(false) reason=selectedIds.size !== 1
[DebugBridge +9102.1ms] pdf_loaded {"pageCount":99,"currentPage":1}
[CloudSync][realtime] subscribing {"documentId":"97f95b32-77b3-4834-a8fc-68f21543eb16","currentUserId":"170d915c-5741-4e0b-b03f-deaeedae27bd","currentSessionId":"dc2b720e-5cf2-4ac8-b21c-d730c45dedad","hasFabricInsert":true,"hasFabricUpdate":true,"hasFabricDelete":true,"hasCalloutInsert":true,"hasCalloutUpdate":true,"hasCalloutDelete":true}
[HyperlinkDiag] post-load scan {"hyperlinkCount":0,"samples":[]}
[HyperlinkDiag] page 1 layers {"hyperlinkChildren":0,"layerClasses":["DIV","e-spinner-pane e-spin-hide","e-pv-page-canvas","e-pv-annotation-canvas","DIV","IMG","IMG","IMG","IMG","e-pv-text-layer"]}
[HyperlinkDiag] page 2 layers {"hyperlinkChildren":0,"layerClasses":["DIV","e-spinner-pane e-spin-hide","e-pv-page-canvas","e-pv-annotation-canvas","DIV","IMG","IMG","IMG","IMG","e-pv-text-layer"]}
[HyperlinkDiag] page 3 layers {"hyperlinkChildren":0,"layerClasses":["DIV","e-spinner-pane e-spin-hide","e-pv-page-canvas","e-pv-annotation-canvas","DIV","IMG","IMG","IMG","IMG","e-pv-text-layer"]}
[HyperlinkDiag] page 4 layers {"hyperlinkChildren":0,"layerClasses":["DIV","e-spinner-pane e-spin-hide","e-pv-page-canvas","e-pv-annotation-canvas","DIV","IMG","IMG","IMG","IMG"]}
[HyperlinkDiag] page 5 layers {"hyperlinkChildren":0,"layerClasses":["DIV","e-spinner-pane e-spin-show","e-pv-page-canvas","e-pv-annotation-canvas","DIV"]}
[HyperlinkDiag] page 6 layers {"hyperlinkChildren":0,"layerClasses":["DIV","e-spinner-pane e-spin-show","e-pv-page-canvas","e-pv-annotation-canvas","DIV"]}
[HyperlinkDiag] page 7 layers {"hyperlinkChildren":0,"layerClasses":["DIV","e-spinner-pane e-spin-show","e-pv-page-canvas","e-pv-annotation-canvas","DIV"]}
[HyperlinkDiag] page 8 layers {"hyperlinkChildren":0,"layerClasses":["DIV","e-spinner-pane e-spin-show","e-pv-page-canvas","e-pv-annotation-canvas","DIV"]}
[HyperlinkDiag] page 9 layers {"hyperlinkChildren":0,"layerClasses":["DIV","e-spinner-pane e-spin-show","e-pv-page-canvas","e-pv-annotation-canvas","DIV"]}
[HyperlinkDiag] page 10 layers {"hyperlinkChildren":0,"layerClasses":["DIV","e-spinner-pane e-spin-show","e-pv-page-canvas","e-pv-annotation-canvas","DIV"]}
[CloudSync][realtime] subscribe status {"status":"SUBSCRIBED","error":null}
[Phase31 UAT] post-subscribe catch-up skipped — doc is cutover-sealed, Y.Doc + realtime is source of truth {"documentId":"97f95b32-77b3-4834-a8fc-68f21543eb16","pdfId":"SE-011 Security Shop Drawing Rev2 - 05.06.25.pdf-26263753","cutoverTs":"2026-05-11T20:01:34.065+00:00","ydocAuthoritative":true}
[DebugBridge +10618.1ms] zoom_end {"source":"zoomChange_settle"}
[CloudSync][realtime] unsubscribing {"documentId":"484e4280-bca3-4ebe-bde7-d9371da0f528"}
[CloudSync][realtime] subscribe status {"status":"CLOSED","error":null}
[CloudSync][realtime] unsubscribing {"documentId":"97f95b32-77b3-4834-a8fc-68f21543eb16"}
[CloudSync][realtime] subscribe status {"status":"CLOSED","error":null}
[CloudSync][hook] session id minted {"sessionId":"79a0c1d6-1d97-471d-9576-456fffc8f817"}
[CloudSync][hook] session id minted {"sessionId":"8b1fb117-1885-46ff-813e-3304fbdb838a"}
[CloudSync][hook] session id minted {"sessionId":"1a971f82-dc07-47dc-9761-a0e7d7fd6bfb"}
[CloudSync][hook][state-obs] annotationsByPage initial {"currentCount":0,"pages":0,"hydrated":false}
[CloudSync][hook][state-obs] callouts initial {"currentCount":0,"hydrated":false}
[CloudSync][hook] hydrate effect fired {"enabled":false,"hydrateEnabled":true,"documentId":"484e4280-bca3-4ebe-bde7-d9371da0f528","userId":"170d915c-5741-4e0b-b03f-deaeedae27bd","pdfId":null}
[CloudSync][hook] hydrate skipped — missing prerequisite {"hydrateEnabled":true,"hasDocumentId":true,"hasUserId":true,"hasPdfId":false}
[AnnotationHydrationGate][normal] {"documentId":"484e4280-bca3-4ebe-bde7-d9371da0f528","pdfId":null,"ready":false,"source":"missing-prerequisite","normalReady":false,"cutoverTs":null,"count":null,"calloutCount":null,"firstPaintGate":true}
[AnnotationHydrationGate][first-page] {"documentId":"484e4280-bca3-4ebe-bde7-d9371da0f528","pdfId":null,"pageNumber":1,"ready":false,"visualCoverActive":true,"normal":{"documentId":"484e4280-bca3-4ebe-bde7-d9371da0f528","pdfId":null,"ready":false,"source":"pending","firstPaintGate":true},"survey":{"ready":true,"source":"local"}}
[AnnotationHydrationGate][visual-cover] {"documentId":"484e4280-bca3-4ebe-bde7-d9371da0f528","pdfId":null,"pageNumber":1,"active":true,"reason":"annotation-hydration-gated"}
[Cloud render cache] doc=test.pdf-2462 painting verified cloud snapshot immediately — count=7.
[CSeries wipe] doc=test.pdf-2462 totalCounters=4 legacyRemoved=0 — nothing to wipe.
[Phase31 UAT] backfill:effect {"hasYdoc":true,"docId":"484e4280-bca3-4ebe-bde7-d9371da0f528","userId":null,"alreadyRanFor":null,"willRun":false}
[CloudSync][hook][state-obs] annotationsByPage initial {"currentCount":0,"pages":0,"hydrated":false}
[CloudSync][hook][state-obs] callouts initial {"currentCount":0,"hydrated":false}
[CloudSync][hook] hydrate effect fired {"enabled":false,"hydrateEnabled":true,"documentId":"97f95b32-77b3-4834-a8fc-68f21543eb16","userId":"170d915c-5741-4e0b-b03f-deaeedae27bd","pdfId":null}
[CloudSync][hook] hydrate skipped — missing prerequisite {"hydrateEnabled":true,"hasDocumentId":true,"hasUserId":true,"hasPdfId":false}
[AnnotationHydrationGate][normal] {"documentId":"97f95b32-77b3-4834-a8fc-68f21543eb16","pdfId":null,"ready":false,"source":"missing-prerequisite","normalReady":false,"cutoverTs":null,"count":null,"calloutCount":null,"firstPaintGate":true}
[AnnotationHydrationGate][first-page] {"documentId":"97f95b32-77b3-4834-a8fc-68f21543eb16","pdfId":null,"pageNumber":1,"ready":false,"visualCoverActive":true,"normal":{"documentId":"97f95b32-77b3-4834-a8fc-68f21543eb16","pdfId":null,"ready":false,"source":"pending","firstPaintGate":true},"survey":{"ready":true,"source":"local"}}
[AnnotationHydrationGate][visual-cover] {"documentId":"97f95b32-77b3-4834-a8fc-68f21543eb16","pdfId":null,"pageNumber":1,"active":true,"reason":"annotation-hydration-gated"}
[Cloud render cache] doc=SE-011 Security Shop Drawing Rev2 - 05.06.25.pdf-26263753 painting verified cloud snapshot immediately — count=540.
[CSeries wipe] doc=SE-011 Security Shop Drawing Rev2 - 05.06.25.pdf-26263753 totalCounters=40 legacyRemoved=0 — nothing to wipe.
[Phase31 UAT] backfill:effect {"hasYdoc":true,"docId":"97f95b32-77b3-4834-a8fc-68f21543eb16","userId":null,"alreadyRanFor":null,"willRun":false}
[CloudSync][hook][state-obs] annotationsByPage initial {"currentCount":0,"pages":0,"hydrated":false}
[CloudSync][hook][state-obs] callouts initial {"currentCount":0,"hydrated":false}
[CloudSync][hook] hydrate effect fired {"enabled":false,"hydrateEnabled":true,"documentId":"d30ac66b-5d2e-4a93-aab3-8fdd84a0af86","userId":"170d915c-5741-4e0b-b03f-deaeedae27bd","pdfId":null}
[CloudSync][hook] hydrate skipped — missing prerequisite {"hydrateEnabled":true,"hasDocumentId":true,"hasUserId":true,"hasPdfId":false}
[AnnotationHydrationGate][normal] {"documentId":"d30ac66b-5d2e-4a93-aab3-8fdd84a0af86","pdfId":null,"ready":false,"source":"missing-prerequisite","normalReady":false,"cutoverTs":null,"count":null,"calloutCount":null,"firstPaintGate":true}
[AnnotationHydrationGate][first-page] {"documentId":"d30ac66b-5d2e-4a93-aab3-8fdd84a0af86","pdfId":null,"pageNumber":1,"ready":false,"visualCoverActive":true,"normal":{"documentId":"d30ac66b-5d2e-4a93-aab3-8fdd84a0af86","pdfId":null,"ready":false,"source":"pending","firstPaintGate":true},"survey":{"ready":true,"source":"local"}}
[AnnotationHydrationGate][visual-cover] {"documentId":"d30ac66b-5d2e-4a93-aab3-8fdd84a0af86","pdfId":null,"pageNumber":1,"active":true,"reason":"annotation-hydration-gated"}
[Cloud render cache] doc=Package 2 - Rev 4 -- IC.pdf-6291605 painting verified cloud snapshot immediately — count=2393.
[CSeries wipe] doc=Package 2 - Rev 4 -- IC.pdf-6291605 totalCounters=3 legacyRemoved=0 — nothing to wipe.
[Phase31 UAT] backfill:effect {"hasYdoc":true,"docId":"d30ac66b-5d2e-4a93-aab3-8fdd84a0af86","userId":null,"alreadyRanFor":null,"willRun":false}
[CloudSync][hook] hydrate effect fired {"enabled":false,"hydrateEnabled":true,"documentId":"484e4280-bca3-4ebe-bde7-d9371da0f528","userId":"170d915c-5741-4e0b-b03f-deaeedae27bd","pdfId":"test.pdf-2462"}
[AnnotationHydrationGate][normal] {"documentId":"484e4280-bca3-4ebe-bde7-d9371da0f528","pdfId":"test.pdf-2462","ready":false,"source":"starting","normalReady":false,"cutoverTs":null,"count":null,"calloutCount":null,"firstPaintGate":true}
[CloudSync][hook] stage=hydrating
[AnnotationHydrationGate][first-page] {"documentId":"484e4280-bca3-4ebe-bde7-d9371da0f528","pdfId":"test.pdf-2462","pageNumber":1,"ready":false,"visualCoverActive":true,"normal":{"documentId":"484e4280-bca3-4ebe-bde7-d9371da0f528","pdfId":null,"ready":false,"source":"missing-prerequisite","normalReady":false,"cutoverTs":null,"count":null,"calloutCount":null,"firstPaintGate":true},"survey":{"ready":false,"source":"supabase-highlight-starting","documentId":"484e4280-bca3-4ebe-bde7-d9371da0f528","pdfId":"test.pdf-2462"}}
[AnnotationHydrationGate][visual-cover] {"documentId":"484e4280-bca3-4ebe-bde7-d9371da0f528","pdfId":"test.pdf-2462","pageNumber":1,"active":true,"reason":"annotation-hydration-gated"}
[CloudSync][hook] hydrate effect fired {"enabled":false,"hydrateEnabled":true,"documentId":"97f95b32-77b3-4834-a8fc-68f21543eb16","userId":"170d915c-5741-4e0b-b03f-deaeedae27bd","pdfId":"SE-011 Security Shop Drawing Rev2 - 05.06.25.pdf-26263753"}
[AnnotationHydrationGate][normal] {"documentId":"97f95b32-77b3-4834-a8fc-68f21543eb16","pdfId":"SE-011 Security Shop Drawing Rev2 - 05.06.25.pdf-26263753","ready":false,"source":"starting","normalReady":false,"cutoverTs":null,"count":null,"calloutCount":null,"firstPaintGate":true}
[CloudSync][hook] stage=hydrating
[AnnotationHydrationGate][first-page] {"documentId":"97f95b32-77b3-4834-a8fc-68f21543eb16","pdfId":"SE-011 Security Shop Drawing Rev2 - 05.06.25.pdf-26263753","pageNumber":1,"ready":false,"visualCoverActive":true,"normal":{"documentId":"97f95b32-77b3-4834-a8fc-68f21543eb16","pdfId":null,"ready":false,"source":"missing-prerequisite","normalReady":false,"cutoverTs":null,"count":null,"calloutCount":null,"firstPaintGate":true},"survey":{"ready":false,"source":"supabase-highlight-starting","documentId":"97f95b32-77b3-4834-a8fc-68f21543eb16","pdfId":"SE-011 Security Shop Drawing Rev2 - 05.06.25.pdf-26263753"}}
[AnnotationHydrationGate][visual-cover] {"documentId":"97f95b32-77b3-4834-a8fc-68f21543eb16","pdfId":"SE-011 Security Shop Drawing Rev2 - 05.06.25.pdf-26263753","pageNumber":1,"active":true,"reason":"annotation-hydration-gated"}
[CloudSync][hook] hydrate effect fired {"enabled":false,"hydrateEnabled":true,"documentId":"d30ac66b-5d2e-4a93-aab3-8fdd84a0af86","userId":"170d915c-5741-4e0b-b03f-deaeedae27bd","pdfId":"Package 2 - Rev 4 -- IC.pdf-6291605"}
[AnnotationHydrationGate][normal] {"documentId":"d30ac66b-5d2e-4a93-aab3-8fdd84a0af86","pdfId":"Package 2 - Rev 4 -- IC.pdf-6291605","ready":false,"source":"starting","normalReady":false,"cutoverTs":null,"count":null,"calloutCount":null,"firstPaintGate":true}
[CloudSync][hook] stage=hydrating
[AnnotationHydrationGate][first-page] {"documentId":"d30ac66b-5d2e-4a93-aab3-8fdd84a0af86","pdfId":"Package 2 - Rev 4 -- IC.pdf-6291605","pageNumber":1,"ready":false,"visualCoverActive":true,"normal":{"documentId":"d30ac66b-5d2e-4a93-aab3-8fdd84a0af86","pdfId":null,"ready":false,"source":"missing-prerequisite","normalReady":false,"cutoverTs":null,"count":null,"calloutCount":null,"firstPaintGate":true},"survey":{"ready":false,"source":"supabase-highlight-starting","documentId":"d30ac66b-5d2e-4a93-aab3-8fdd84a0af86","pdfId":"Package 2 - Rev 4 -- IC.pdf-6291605"}}
[AnnotationHydrationGate][visual-cover] {"documentId":"d30ac66b-5d2e-4a93-aab3-8fdd84a0af86","pdfId":"Package 2 - Rev 4 -- IC.pdf-6291605","pageNumber":1,"active":true,"reason":"annotation-hydration-gated"}
[AnnotationHydrationGate][first-page] {"documentId":"484e4280-bca3-4ebe-bde7-d9371da0f528","pdfId":"test.pdf-2462","pageNumber":1,"ready":false,"visualCoverActive":true,"normal":{"documentId":"484e4280-bca3-4ebe-bde7-d9371da0f528","pdfId":"test.pdf-2462","ready":false,"source":"starting","normalReady":false,"cutoverTs":null,"count":null,"calloutCount":null,"firstPaintGate":true},"survey":{"ready":false,"source":"supabase-highlight-starting","documentId":"484e4280-bca3-4ebe-bde7-d9371da0f528","pdfId":"test.pdf-2462"}}
[AnnotationHydrationGate][visual-cover] {"documentId":"484e4280-bca3-4ebe-bde7-d9371da0f528","pdfId":"test.pdf-2462","pageNumber":1,"active":true,"reason":"annotation-hydration-gated"}
[AnnotationHydrationGate][first-page] {"documentId":"97f95b32-77b3-4834-a8fc-68f21543eb16","pdfId":"SE-011 Security Shop Drawing Rev2 - 05.06.25.pdf-26263753","pageNumber":1,"ready":false,"visualCoverActive":true,"normal":{"documentId":"97f95b32-77b3-4834-a8fc-68f21543eb16","pdfId":"SE-011 Security Shop Drawing Rev2 - 05.06.25.pdf-26263753","ready":false,"source":"starting","normalReady":false,"cutoverTs":null,"count":null,"calloutCount":null,"firstPaintGate":true},"survey":{"ready":false,"source":"supabase-highlight-starting","documentId":"97f95b32-77b3-4834-a8fc-68f21543eb16","pdfId":"SE-011 Security Shop Drawing Rev2 - 05.06.25.pdf-26263753"}}
[AnnotationHydrationGate][visual-cover] {"documentId":"97f95b32-77b3-4834-a8fc-68f21543eb16","pdfId":"SE-011 Security Shop Drawing Rev2 - 05.06.25.pdf-26263753","pageNumber":1,"active":true,"reason":"annotation-hydration-gated"}
[AnnotationHydrationGate][first-page] {"documentId":"d30ac66b-5d2e-4a93-aab3-8fdd84a0af86","pdfId":"Package 2 - Rev 4 -- IC.pdf-6291605","pageNumber":1,"ready":false,"visualCoverActive":true,"normal":{"documentId":"d30ac66b-5d2e-4a93-aab3-8fdd84a0af86","pdfId":"Package 2 - Rev 4 -- IC.pdf-6291605","ready":false,"source":"starting","normalReady":false,"cutoverTs":null,"count":null,"calloutCount":null,"firstPaintGate":true},"survey":{"ready":false,"source":"supabase-highlight-starting","documentId":"d30ac66b-5d2e-4a93-aab3-8fdd84a0af86","pdfId":"Package 2 - Rev 4 -- IC.pdf-6291605"}}
[AnnotationHydrationGate][visual-cover] {"documentId":"d30ac66b-5d2e-4a93-aab3-8fdd84a0af86","pdfId":"Package 2 - Rev 4 -- IC.pdf-6291605","pageNumber":1,"active":true,"reason":"annotation-hydration-gated"}
[Phase31 UAT] backfill:effect {"hasYdoc":true,"docId":"484e4280-bca3-4ebe-bde7-d9371da0f528","userId":"170d915c-5741-4e0b-b03f-deaeedae27bd","alreadyRanFor":null,"willRun":true}
[Phase31 UAT] backfill:start {"hasYdoc":true,"hasSupabase":true,"documentId":"484e4280-bca3-4ebe-bde7-d9371da0f528","userId":"170d915c-5741-4e0b-b03f-deaeedae27bd","markCutoverComplete":true}
[Phase31 UAT] backfill:effect {"hasYdoc":true,"docId":"97f95b32-77b3-4834-a8fc-68f21543eb16","userId":"170d915c-5741-4e0b-b03f-deaeedae27bd","alreadyRanFor":null,"willRun":true}
[Phase31 UAT] backfill:start {"hasYdoc":true,"hasSupabase":true,"documentId":"97f95b32-77b3-4834-a8fc-68f21543eb16","userId":"170d915c-5741-4e0b-b03f-deaeedae27bd","markCutoverComplete":true}
[Phase31 UAT] backfill:effect {"hasYdoc":true,"docId":"d30ac66b-5d2e-4a93-aab3-8fdd84a0af86","userId":"170d915c-5741-4e0b-b03f-deaeedae27bd","alreadyRanFor":null,"willRun":true}
[Phase31 UAT] backfill:start {"hasYdoc":true,"hasSupabase":true,"documentId":"d30ac66b-5d2e-4a93-aab3-8fdd84a0af86","userId":"170d915c-5741-4e0b-b03f-deaeedae27bd","markCutoverComplete":true}
[PDFImport] skipped embedded PDF annotation import — cloud/Y.Doc is authoritative {"documentId":"484e4280-bca3-4ebe-bde7-d9371da0f528"}
[PDFCounterImport] summary {"marker":"survey-counter","metadataKey":"SurveyApp","counterAnnotationsImported":0,"plainCirclesImported":0,"counterMetadataParseFailures":0,"appCalloutMarker":"survey-callout","appCalloutMetadataKey":"SurveyAppCallout","appCalloutAnnotationsImported":0,"appCalloutPiecesSkipped":0}
[PrintPanel] RENDER — panel closed
[PDFImport] skipped embedded PDF annotation import — cloud/Y.Doc is authoritative {"documentId":"d30ac66b-5d2e-4a93-aab3-8fdd84a0af86"}
[SVGAnnotationLayer] setRotInputVisible(false) reason=selectedIds.size !== 1
[DebugBridge +15539.7ms] pdf_loaded {"pageCount":3,"currentPage":1}
[HIGHLIGHT-SYNC][load.legacy][pdf=SE-011 Security Shop Drawing Rev2 - 05.06.25.pdf] {"documentId":"484e4280-bca3-4ebe-bde7-d9371da0f528","totalRows":0,"fabricCarryingDropped":0,"keptCount":0,"keptIds":[]}
[AnnotationHydrationGate][survey] supabase highlights complete {"documentId":"484e4280-bca3-4ebe-bde7-d9371da0f528","pdfId":"test.pdf-2462","count":0}
[AnnotationHydrationGate][first-page] {"documentId":"484e4280-bca3-4ebe-bde7-d9371da0f528","pdfId":"test.pdf-2462","pageNumber":1,"ready":false,"visualCoverActive":true,"normal":{"documentId":"484e4280-bca3-4ebe-bde7-d9371da0f528","pdfId":"test.pdf-2462","ready":false,"source":"starting","normalReady":false,"cutoverTs":null,"count":null,"calloutCount":null,"firstPaintGate":true},"survey":{"ready":true,"source":"supabase-highlight","documentId":"484e4280-bca3-4ebe-bde7-d9371da0f528","pdfId":"test.pdf-2462","count":0}}
[AnnotationHydrationGate][visual-cover] {"documentId":"484e4280-bca3-4ebe-bde7-d9371da0f528","pdfId":"test.pdf-2462","pageNumber":1,"active":true,"reason":"annotation-hydration-gated"}
[PDFImport] skipped embedded PDF annotation import — cloud/Y.Doc is authoritative {"documentId":"97f95b32-77b3-4834-a8fc-68f21543eb16"}
[CloudSync][hook] cutover-complete hydrate — reading from Y.Doc {"documentId":"484e4280-bca3-4ebe-bde7-d9371da0f528","cutoverTs":"2026-05-13T21:00:41.983+00:00"}
[Phase31 UAT] hydrate:cutover-sealed {"documentId":"484e4280-bca3-4ebe-bde7-d9371da0f528","pdfId":"test.pdf-2462","cutoverTs":"2026-05-13T21:00:41.983+00:00","yMapSize":7,"yMapCalloutsSize":0,"materializedTotal":7,"materializedCallouts":0,"materializedDrawnByMe":7,"materializedDrawnByOthers":0,"materializedImported":0,"pages":1,"perPage":{"1":7},"currentStateCount":7,"ydocLooksDegenerate":false}
[Phase31 UAT] hydrate:cutover-sealed:by-type {"documentId":"484e4280-bca3-4ebe-bde7-d9371da0f528","pdfFile":"test.pdf-2462","viewerUserId":"170d915c-5741-4e0b-b03f-deaeedae27bd","yMapTotal":7,"yMapCalloutsTotal":0,"yMapByType":{"path":3,"circle":4},"yMapByAuthor":{"byMe":7,"byOthers":0,"anonymous":0},"yMapByTypeByAuthor":{"path":{"byMe":3,"byOthers":0,"anonymous":0},"circle":{"byMe":4,"byOthers":0,"anonymous":0}},"yMapPerTypePerPage":{"path":{"1":3},"circle":{"1":4}},"byPageTotal":7,"byPageByType":{"path":3,"circle":4},"byPagePerPagePerType":{"1":{"path":3,"circle":4}}}
[CloudSync][hydrate] loadAllNonHighlightAnnotations start {"documentId":"484e4280-bca3-4ebe-bde7-d9371da0f528"}
[CloudSync][hook] cutover-complete hydrate — reading from Y.Doc {"documentId":"97f95b32-77b3-4834-a8fc-68f21543eb16","cutoverTs":"2026-05-11T20:01:34.065+00:00"}
[Phase31 UAT] hydrate:cutover-sealed {"documentId":"97f95b32-77b3-4834-a8fc-68f21543eb16","pdfId":"SE-011 Security Shop Drawing Rev2 - 05.06.25.pdf-26263753","cutoverTs":"2026-05-11T20:01:34.065+00:00","yMapSize":540,"yMapCalloutsSize":3,"materializedTotal":540,"materializedCallouts":3,"materializedDrawnByMe":0,"materializedDrawnByOthers":540,"materializedImported":0,"pages":1,"perPage":{"1":540},"currentStateCount":540,"ydocLooksDegenerate":false}
[Phase31 UAT] hydrate:cutover-sealed:by-type {"documentId":"97f95b32-77b3-4834-a8fc-68f21543eb16","pdfFile":"SE-011 Security Shop Drawing Rev2 - 05.06.25.pdf-26263753","viewerUserId":"170d915c-5741-4e0b-b03f-deaeedae27bd","yMapTotal":540,"yMapCalloutsTotal":3,"yMapByType":{"circle":40,"rect":494,"path":5,"polygon":1},"yMapByAuthor":{"byMe":0,"byOthers":0,"anonymous":540},"yMapByTypeByAuthor":{"circle":{"byMe":0,"byOthers":0,"anonymous":40},"rect":{"byMe":0,"byOthers":0,"anonymous":494},"path":{"byMe":0,"byOthers":0,"anonymous":5},"polygon":{"byMe":0,"byOthers":0,"anonymous":1}},"yMapPerTypePerPage":{"circle":{"unknown":40},"rect":{"unknown":494},"path":{"unknown":5},"polygon":{"unknown":1}},"byPageTotal":540,"byPageByType":{"circle":40,"rect":494,"path":5,"polygon":1},"byPagePerPagePerType":{"1":{"circle":40,"rect":494,"path":5,"polygon":1}}}
[CloudSync][hydrate] loadAllNonHighlightAnnotations start {"documentId":"97f95b32-77b3-4834-a8fc-68f21543eb16"}
[CloudSync][hook] cutover-complete hydrate — reading from Y.Doc {"documentId":"d30ac66b-5d2e-4a93-aab3-8fdd84a0af86","cutoverTs":"2026-05-13T14:37:10.17+00:00"}
[Phase31 UAT] hydrate:cutover-sealed {"documentId":"d30ac66b-5d2e-4a93-aab3-8fdd84a0af86","pdfId":"Package 2 - Rev 4 -- IC.pdf-6291605","cutoverTs":"2026-05-13T14:37:10.17+00:00","yMapSize":2393,"yMapCalloutsSize":0,"materializedTotal":2393,"materializedCallouts":0,"materializedDrawnByMe":228,"materializedDrawnByOthers":2165,"materializedImported":0,"pages":2,"perPage":{"1":2170,"6":223},"currentStateCount":2393,"ydocLooksDegenerate":false}
[Phase31 UAT] hydrate:cutover-sealed:by-type {"documentId":"d30ac66b-5d2e-4a93-aab3-8fdd84a0af86","pdfFile":"Package 2 - Rev 4 -- IC.pdf-6291605","viewerUserId":"170d915c-5741-4e0b-b03f-deaeedae27bd","yMapTotal":2393,"yMapCalloutsTotal":0,"yMapByType":{"path":2383,"rect":6,"textbox":1,"circle":3},"yMapByAuthor":{"byMe":0,"byOthers":0,"anonymous":2393},"yMapByTypeByAuthor":{"path":{"byMe":0,"byOthers":0,"anonymous":2383},"rect":{"byMe":0,"byOthers":0,"anonymous":6},"textbox":{"byMe":0,"byOthers":0,"anonymous":1},"circle":{"byMe":0,"byOthers":0,"anonymous":3}},"yMapPerTypePerPage":{"path":{"1":2,"6":222,"unknown":2159},"rect":{"6":1,"unknown":5},"textbox":{"unknown":1},"circle":{"1":3}},"byPageTotal":2393,"byPageByType":{"path":2383,"textbox":1,"rect":6,"circle":3},"byPagePerPagePerType":{"1":{"path":2161,"textbox":1,"rect":5,"circle":3},"6":{"path":222,"rect":1}}}
[CloudSync][hydrate] loadAllNonHighlightAnnotations start {"documentId":"d30ac66b-5d2e-4a93-aab3-8fdd84a0af86"}
[CloudSync][hook] fabric push skipped — not hydrated yet
[CloudSync][hook] callout push skipped — not hydrated yet
[CloudSync][realtime] subscribing {"documentId":"484e4280-bca3-4ebe-bde7-d9371da0f528","currentUserId":"170d915c-5741-4e0b-b03f-deaeedae27bd","currentSessionId":"79a0c1d6-1d97-471d-9576-456fffc8f817","hasFabricInsert":true,"hasFabricUpdate":true,"hasFabricDelete":true,"hasCalloutInsert":true,"hasCalloutUpdate":true,"hasCalloutDelete":true}
[HIGHLIGHT-SYNC][load.legacy][pdf=test.pdf] {"documentId":"d30ac66b-5d2e-4a93-aab3-8fdd84a0af86","totalRows":14,"fabricCarryingDropped":0,"keptCount":14,"keptIds":["highlight-1778372438311-7506gg6co","callout-ovfeg2740-mowm3h36","callout-gv2zijtrp-mowlfqkm","callout-ccafnn51k-mowd7oki","callout-dfnbz2aw3-mowkd3t5","callout-mai6znevs-moxfkw5x","callout-kr1r6s2p7-mowha2jq","callout-kcow5cnqm-mown14qj","callout-ph3kx1olt-mowc8itj","callout-rjiv9a6ny-mowhwncn","callout-lqcure00r-mowl5vda","callout-p4yg4d7go-moxhy1d4","callout-y80wmirkg-moxi65qa","callout-65eoe6g1s-mow9cjau"]}
[AnnotationHydrationGate][survey] supabase highlights complete {"documentId":"d30ac66b-5d2e-4a93-aab3-8fdd84a0af86","pdfId":"Package 2 - Rev 4 -- IC.pdf-6291605","count":14}
[AnnotationHydrationGate][first-page] {"documentId":"d30ac66b-5d2e-4a93-aab3-8fdd84a0af86","pdfId":"Package 2 - Rev 4 -- IC.pdf-6291605","pageNumber":1,"ready":false,"visualCoverActive":true,"normal":{"documentId":"d30ac66b-5d2e-4a93-aab3-8fdd84a0af86","pdfId":"Package 2 - Rev 4 -- IC.pdf-6291605","ready":false,"source":"starting","normalReady":false,"cutoverTs":null,"count":null,"calloutCount":null,"firstPaintGate":true},"survey":{"ready":true,"source":"supabase-highlight","documentId":"d30ac66b-5d2e-4a93-aab3-8fdd84a0af86","pdfId":"Package 2 - Rev 4 -- IC.pdf-6291605","count":14}}
[AnnotationHydrationGate][visual-cover] {"documentId":"d30ac66b-5d2e-4a93-aab3-8fdd84a0af86","pdfId":"Package 2 - Rev 4 -- IC.pdf-6291605","pageNumber":1,"active":true,"reason":"annotation-hydration-gated"}
[Phase31 UAT] backfill:degeneracy-probe {"documentId":"484e4280-bca3-4ebe-bde7-d9371da0f528","userId":"170d915c-5741-4e0b-b03f-deaeedae27bd","yMapSize":7,"legacyCount":7,"probeOk":true,"tolerance":100,"yMapLooksHealthy":false,"dedupeRan":true,"lastGoodSize":133}
console.warn @ [crdtBackfill] cutover sealed but Y.Map < legacy count — re-running import loop to recover {"yMapSize":7,"legacyCount":7}
[Phase31 UAT] backfill:select-loop start {"documentId":"484e4280-bca3-4ebe-bde7-d9371da0f528","userId":"170d915c-5741-4e0b-b03f-deaeedae27bd","pageSize":1000}
[CloudSync][realtime] subscribe status {"status":"SUBSCRIBED","error":null}
[Phase31 UAT] post-subscribe catch-up skipped — doc is cutover-sealed, Y.Doc + realtime is source of truth {"documentId":"484e4280-bca3-4ebe-bde7-d9371da0f528","pdfId":"test.pdf-2462","cutoverTs":"2026-05-13T21:00:41.983+00:00","ydocAuthoritative":true}
[HyperlinkDiag] post-load scan {"hyperlinkCount":0,"samples":[]}
[HyperlinkDiag] page 1 layers {"hyperlinkChildren":0,"layerClasses":["e-spinner-pane e-spin-hide","e-pv-page-canvas","e-pv-text-layer","DIV"]}
[HyperlinkDiag] page 2 layers {"hyperlinkChildren":0,"layerClasses":["e-spinner-pane e-spin-hide","e-pv-page-canvas","e-pv-text-layer","DIV"]}
[HyperlinkDiag] page 3 layers {"hyperlinkChildren":0,"layerClasses":["e-spinner-pane e-spin-hide","e-pv-page-canvas","e-pv-text-layer","DIV"]}
[PDFCounterImport] summary {"marker":"survey-counter","metadataKey":"SurveyApp","counterAnnotationsImported":0,"plainCirclesImported":0,"counterMetadataParseFailures":0,"appCalloutMarker":"survey-callout","appCalloutMetadataKey":"SurveyAppCallout","appCalloutAnnotationsImported":0,"appCalloutPiecesSkipped":0}
[PrintPanel] RENDER — panel closed
[CloudSync][hook] fabric push skipped — not hydrated yet
[CloudSync][hook] callout push skipped — not hydrated yet
[CloudSync][realtime] subscribing {"documentId":"d30ac66b-5d2e-4a93-aab3-8fdd84a0af86","currentUserId":"170d915c-5741-4e0b-b03f-deaeedae27bd","currentSessionId":"1a971f82-dc07-47dc-9761-a0e7d7fd6bfb","hasFabricInsert":true,"hasFabricUpdate":true,"hasFabricDelete":true,"hasCalloutInsert":true,"hasCalloutUpdate":true,"hasCalloutDelete":true}
[Phase31 UAT] backfill:select-loop page ok {"documentId":"484e4280-bca3-4ebe-bde7-d9371da0f528","page":0,"range":[0,999],"pageRows":7,"totalSoFar":7,"pageElapsedMs":592}
[CloudSync][realtime] subscribe status {"status":"SUBSCRIBED","error":null}
[Phase31 UAT] post-subscribe catch-up skipped — doc is cutover-sealed, Y.Doc + realtime is source of truth {"documentId":"d30ac66b-5d2e-4a93-aab3-8fdd84a0af86","pdfId":"Package 2 - Rev 4 -- IC.pdf-6291605","cutoverTs":"2026-05-13T14:37:10.17+00:00","ydocAuthoritative":true}
[CloudSync][hydrate] loadAllNonHighlightAnnotations ok {"elapsedMs":794,"totalRowsScanned":7,"scanned":{"nonHighlight":7,"legacyFabricHighlights":0},"totalRows":7,"rowsByType":{"ink":3,"counter":4},"pagesWithObjects":1,"calloutCount":0}
[CloudSync][verify] first read summary {"contextLabel":"cutover-source-of-truth","documentId":"484e4280-bca3-4ebe-bde7-d9371da0f528","elapsedMs":794,"firstFabricPages":1,"firstFabricObjects":7,"firstCallouts":0,"firstEmpty":false,"localFabricCount":7,"localCalloutCount":0,"localHasData":true,"willVerify":false}
[CloudSync][source-of-truth] cutover initial hydrate selected Supabase durable snapshot {"documentId":"484e4280-bca3-4ebe-bde7-d9371da0f528","pdfId":"test.pdf-2462","cutoverTs":"2026-05-13T21:00:41.983+00:00","ydocFabricCount":7,"ydocCalloutCount":0,"supabaseFabricCount":7,"supabaseCalloutCount":0,"rule":"Supabase durable snapshot wins initial load; Y.Doc is reshaped for live collaboration"}
[Phase31 UAT] save:fan-out done {"documentId":"484e4280-bca3-4ebe-bde7-d9371da0f528","pdfId":"test.pdf-2462","userId":"170d915c-5741-4e0b-b03f-deaeedae27bd","actionType":null,"dispatched":7,"yDocUpdateCount":7,"detected":7,"skippedHighlightOrCallout":0,"skippedOtherType":0,"rawTypeBreakdown":{"pen":3,"counter":4},"resolvedTypeBreakdown":{"ink":3,"counter":4},"skipReasons":{},"skipSamples":[],"yMapSizeAfter":7}
[CloudSync][hook] callout Y.Doc fan-out done {"documentId":"484e4280-bca3-4ebe-bde7-d9371da0f528","pdfId":"test.pdf-2462","userId":"170d915c-5741-4e0b-b03f-deaeedae27bd","actionType":"callout:delta","upserted":0,"deleted":0,"yDocUpdateCount":0,"yMapCalloutsSizeAfter":0}
[AnnotationHydrationGate][normal] {"documentId":"484e4280-bca3-4ebe-bde7-d9371da0f528","pdfId":"test.pdf-2462","ready":true,"source":"supabase-durable-snapshot","normalReady":true,"cutoverTs":"2026-05-13T21:00:41.983+00:00","count":7,"calloutCount":0,"firstPaintGate":true}
[AnnotationHydrationGate][first-page] {"documentId":"484e4280-bca3-4ebe-bde7-d9371da0f528","pdfId":"test.pdf-2462","pageNumber":1,"ready":true,"visualCoverActive":false,"normal":{"documentId":"484e4280-bca3-4ebe-bde7-d9371da0f528","pdfId":"test.pdf-2462","ready":true,"source":"supabase-durable-snapshot","normalReady":true,"cutoverTs":"2026-05-13T21:00:41.983+00:00","count":7,"calloutCount":0,"firstPaintGate":true},"survey":{"ready":true,"source":"supabase-highlight","documentId":"484e4280-bca3-4ebe-bde7-d9371da0f528","pdfId":"test.pdf-2462","count":0}}
[AnnotationHydrationGate][visual-cover] {"documentId":"484e4280-bca3-4ebe-bde7-d9371da0f528","pdfId":"test.pdf-2462","pageNumber":1,"active":false,"reason":"hydration-ready"}
[Phase31 UAT] backfill:cutover-dedupe-anchor-skip {"documentId":"97f95b32-77b3-4834-a8fc-68f21543eb16","userId":"170d915c-5741-4e0b-b03f-deaeedae27bd","yMapSize":540,"lastGoodSize":540}
[Phase31 UAT] backfill:done {"ranAs":"leader","documentId":"484e4280-bca3-4ebe-bde7-d9371da0f528","userId":"170d915c-5741-4e0b-b03f-deaeedae27bd","rowsFetched":7,"imported":7,"skipped":0,"yMapSizeAfter":7,"cutoverRequested":true,"cutoverCompleted":true,"importedByType":{"ink":3,"counter":4},"skippedByType":{}}
[Phase31 UAT] backfill:cutover-dedupe-anchor-skip {"documentId":"d30ac66b-5d2e-4a93-aab3-8fdd84a0af86","userId":"170d915c-5741-4e0b-b03f-deaeedae27bd","yMapSize":2393,"lastGoodSize":2899}
[crdtDedupePdfImports] removed 139 duplicate PDF-imported annotations across 2254 unique signatures
[CloudSync][hook] dedupe-resync — restoring state {"documentId":"d30ac66b-5d2e-4a93-aab3-8fdd84a0af86","removed":139,"resyncCount":2254}
console.warn @ [CloudSync][hook][state-obs] SHRINK {"prevCount":2393,"currentCount":2254,"delta":-139,"hydrated":false,"sameRefAsLastByPage":true,"stack":"    at commitHookEffectListMount (http://localhost:5173/node_modules/.vite/deps/chunk-DSUIPI7G.js?v=4844aadd:23793:34) |     at commitPassiveMountOnFiber (http://localhost:5173/node_modules/.vite/deps/chunk-DSUIPI7G.js?v=4844aadd:25034:19) |     at commitPassiveMountEffects_complete (http://localhost:5173/node_modules/.vite/deps/chunk-DSUIPI7G.js?v=4844aadd:25007:17) |     at commitPassiveMountEffects_begin (http://localhost:5173/node_modules/.vite/deps/chunk-DSUIPI7G.js?v=4844aadd:24997:15) |     at commitPassiveMountEffects (http://localhost:5173/node_modules/.vite/deps/chunk-DSUIPI7G.js?v=4844aadd:24987:11) |     at flushPassiveEffectsImpl (http://localhost:5173/node_modules/.vite/deps/chunk-DSUIPI7G.js?v=4844aadd:26368:11)"}
[CloudSync][hook] fabric push skipped — not hydrated yet
[CloudSync][hydrate] loadAllNonHighlightAnnotations ok {"elapsedMs":1556,"totalRowsScanned":1776,"scanned":{"nonHighlight":543,"legacyFabricHighlights":1233},"totalRows":1776,"rowsByType":{"callout":3,"ink":5,"counter":40,"polygon":1,"square":494,"highlight":1233},"pagesWithObjects":26,"calloutCount":3}
[CloudSync][verify] first read summary {"contextLabel":"cutover-source-of-truth","documentId":"97f95b32-77b3-4834-a8fc-68f21543eb16","elapsedMs":1557,"firstFabricPages":26,"firstFabricObjects":540,"firstCallouts":3,"firstEmpty":false,"localFabricCount":540,"localCalloutCount":3,"localHasData":true,"willVerify":false}
[CloudSync][source-of-truth] cutover initial hydrate selected Supabase durable snapshot {"documentId":"97f95b32-77b3-4834-a8fc-68f21543eb16","pdfId":"SE-011 Security Shop Drawing Rev2 - 05.06.25.pdf-26263753","cutoverTs":"2026-05-11T20:01:34.065+00:00","ydocFabricCount":540,"ydocCalloutCount":3,"supabaseFabricCount":540,"supabaseCalloutCount":3,"rule":"Supabase durable snapshot wins initial load; Y.Doc is reshaped for live collaboration"}
[Phase31 UAT] save:fan-out done {"documentId":"97f95b32-77b3-4834-a8fc-68f21543eb16","pdfId":"SE-011 Security Shop Drawing Rev2 - 05.06.25.pdf-26263753","userId":"170d915c-5741-4e0b-b03f-deaeedae27bd","actionType":null,"dispatched":540,"yDocUpdateCount":540,"detected":540,"skippedHighlightOrCallout":0,"skippedOtherType":0,"rawTypeBreakdown":{"path":3,"pen":2,"counter":40,"polygon":1,"rect":494},"resolvedTypeBreakdown":{"ink":5,"counter":40,"polygon":1,"square":494},"skipReasons":{},"skipSamples":[],"yMapSizeAfter":540}
[CloudSync][hook] callout Y.Doc fan-out done {"documentId":"97f95b32-77b3-4834-a8fc-68f21543eb16","pdfId":"SE-011 Security Shop Drawing Rev2 - 05.06.25.pdf-26263753","userId":"170d915c-5741-4e0b-b03f-deaeedae27bd","actionType":"callout:delta","upserted":3,"deleted":0,"yDocUpdateCount":3,"yMapCalloutsSizeAfter":3}
[AnnotationHydrationGate][normal] {"documentId":"97f95b32-77b3-4834-a8fc-68f21543eb16","pdfId":"SE-011 Security Shop Drawing Rev2 - 05.06.25.pdf-26263753","ready":true,"source":"supabase-durable-snapshot","normalReady":true,"cutoverTs":"2026-05-11T20:01:34.065+00:00","count":540,"calloutCount":3,"firstPaintGate":true}
[HIGHLIGHT-SYNC][load.legacy][pdf=Package 2 - Rev 4 -- IC.pdf] {"documentId":"97f95b32-77b3-4834-a8fc-68f21543eb16","totalRows":1574,"fabricCarryingDropped":1233,"keptCount":341,"keptIds":["highlight-1776867816974-fx7v4ppmw","highlight-1776867821835-qquf9z5e8","polygon-1777170644432-5wvs89hb1","highlight-1777061477539-mmy879aei","highlight-1777061482852-6krcz3p7j","callout-l58ra8eqd-moendxzj","highlight-1778529819153-ft6dwm5sk","highlight-1778529770366-t5606bkyy","ink-1777170644432-z0hdzaq5y","square-1777170644432-khupb332c","square-1777170644432-7haxql9sl","square-1777170644432-vb6lwdwnv","square-1777170644432-w6yd283b0","square-1777170644432-1sj3ae4d7","square-1777170644432-31ermsbux","square-1777170644432-bvt9h5qva","square-1777170644432-7wfag62vn","square-1777170644432-9yjmewx9l","square-1777170644432-s0tcp4grf","square-1777170644432-nowpwivwi","square-1777170644432-d96rz5jyo","square-1777170644432-8ivovq4fa","square-1777170644432-mkbufe21u","square-1777170644432-ljbi0ndty","square-1777170644432-sb5bxgn9z","square-1777170644432-i318t9041","square-1777170644432-y4zf59uyo","square-1777170644432-knyolydqy","square-1777170644432-mnfocibcc","square-1777170644432-z40b9v7l3","square-1777170644432-ty1vlf72p","square-1777170644432-o232p4tx8","square-1777170644432-7cde21112","square-1777170644432-fbi9km83d","square-1777170644432-dn0xrr8zv","square-1777170644432-onp93lsek","square-1777170644432-8doljnzss","square-1777170644432-mdlcvebet","square-1777170644432-rms4kazik","square-1777170644432-fqgygzfl1","square-1777170644432-i97czidrb","square-1777170644432-mn7pa1l1l","square-1777170644432-j5m7voke3","square-1777170644432-um7p7zozw","square-1777170644432-r3icyh6z8","square-1777170644432-3par86kyr","square-1777170644432-qe5cpjtzl","square-1777170644432-esz3ysm2f","highlight-1777521733209-y564l9kli","square-1777170644432-cvjqq5gly","highlight-1777521709071-sfq2166a2","highlight-1777521739119-qaeb3gfxl","highlight-1777521697370-ffaje9mqf","square-1777170644432-6s736b9y2","square-1777170644432-y7y14xvmk","square-1777170644432-eijg0n3lk","square-1777170644432-e933y8riz","square-1777170644432-s9fj2804v","square-1777170644432-qa1rsne0t","square-1777170644432-z5xuln1hq","square-1777170644432-fna4ndlwi","square-1777170644432-5cw9n4hai","square-1777170644432-ux2f671j4","square-1777170644432-xdum710ug","square-1777170644432-0soc7uanb","square-1777170644432-nymdwk5dx","square-1777170644432-sje6v34ms","square-1777170644432-pvafybq8c","square-1777170644432-hc24ika26","square-1777170644432-vz1lgt6ct","square-1777170644432-6keqphmo0","square-1777170644432-lmvwmrnz6","square-1777170644432-h8suuaa51","square-1777170644432-h1njjb3vr","square-1777170644432-fi32e44ai","square-1777170644432-fs678j84g","square-1777170644432-31mx7swmc","square-1777170644432-q007fyzh1","square-1777170644432-ozyeypoae","square-1777170644432-eb7qe8a2w","square-1777170644432-kveqxg1lq","square-1777170644432-z10bes97y","square-1777170644432-efhhzjsy9","square-1777170644432-xhgaf50mc","square-1777170644432-atct52k6g","square-1777170644432-peg63gm1h","square-1777170644432-x5irblr8i","square-1777170644432-m6ez0dd5u","square-1777170644432-fqg2f5zwf","square-1777170644432-8kvq2szjp","square-1777170644432-mu8ronefe","square-1777170644432-p67692gh5","square-1777170644432-6fnf7fi8o","square-1777170644432-h7xuxr99c","square-1777170644432-3r9bv9zzi","square-1777170644432-vnsk6ucfh","square-1777170644432-kl4uadnp6","square-1777170644432-7lpixocwq","square-1777170644432-4qeq2x0je","square-1777170644432-u3quepigk","square-1777170644432-yhw1zxqhf","square-1777170644432-2dog5cp8y","square-1777170644432-1h0e9a3zv","square-1777170644432-stoxbabri","square-1777170644432-a1qw2rpjp","square-1777170644432-wkxfpunqz","square-1777170644432-j9l7efrn2","square-1777170644432-erfkuqtyd","square-1777170644432-nlq0n7835","square-1777170644432-ysrn2kmhs","square-1777170644432-0l23k2t72","square-1777170644432-mda35fgil","square-1777170644432-aszfpehvt","square-1777170644432-0zi6ppu8a","square-1777170644432-ty2... [truncated 24 chars]
[AnnotationHydrationGate][survey] supabase highlights complete {"documentId":"97f95b32-77b3-4834-a8fc-68f21543eb16","pdfId":"SE-011 Security Shop Drawing Rev2 - 05.06.25.pdf-26263753","count":341}
[AnnotationHydrationGate][first-page] {"documentId":"97f95b32-77b3-4834-a8fc-68f21543eb16","pdfId":"SE-011 Security Shop Drawing Rev2 - 05.06.25.pdf-26263753","pageNumber":1,"ready":true,"visualCoverActive":false,"normal":{"documentId":"97f95b32-77b3-4834-a8fc-68f21543eb16","pdfId":"SE-011 Security Shop Drawing Rev2 - 05.06.25.pdf-26263753","ready":true,"source":"supabase-durable-snapshot","normalReady":true,"cutoverTs":"2026-05-11T20:01:34.065+00:00","count":540,"calloutCount":3,"firstPaintGate":true},"survey":{"ready":true,"source":"supabase-highlight","documentId":"97f95b32-77b3-4834-a8fc-68f21543eb16","pdfId":"SE-011 Security Shop Drawing Rev2 - 05.06.25.pdf-26263753","count":341}}
[AnnotationHydrationGate][visual-cover] {"documentId":"97f95b32-77b3-4834-a8fc-68f21543eb16","pdfId":"SE-011 Security Shop Drawing Rev2 - 05.06.25.pdf-26263753","pageNumber":1,"active":false,"reason":"hydration-ready"}
[PDFCounterImport] summary {"marker":"survey-counter","metadataKey":"SurveyApp","counterAnnotationsImported":0,"plainCirclesImported":0,"counterMetadataParseFailures":0,"appCalloutMarker":"survey-callout","appCalloutMetadataKey":"SurveyAppCallout","appCalloutAnnotationsImported":0,"appCalloutPiecesSkipped":0}
[PrintPanel] RENDER — panel closed
[DebugBridge +17786.3ms] zoom_start {"scale":0.66,"targetScale":0.88,"source":"zoomChange"}
[SVGAnnotationLayer] setRotInputVisible(false) reason=selectedIds.size !== 1
[DebugBridge +18390.3ms] pdf_loaded {"pageCount":36,"currentPage":1}
[CloudSync][realtime] subscribing {"documentId":"97f95b32-77b3-4834-a8fc-68f21543eb16","currentUserId":"170d915c-5741-4e0b-b03f-deaeedae27bd","currentSessionId":"8b1fb117-1885-46ff-813e-3304fbdb838a","hasFabricInsert":true,"hasFabricUpdate":true,"hasFabricDelete":true,"hasCalloutInsert":true,"hasCalloutUpdate":true,"hasCalloutDelete":true}
[CloudSync][realtime] subscribe status {"status":"SUBSCRIBED","error":null}
[Phase31 UAT] post-subscribe catch-up skipped — doc is cutover-sealed, Y.Doc + realtime is source of truth {"documentId":"97f95b32-77b3-4834-a8fc-68f21543eb16","pdfId":"SE-011 Security Shop Drawing Rev2 - 05.06.25.pdf-26263753","cutoverTs":"2026-05-11T20:01:34.065+00:00","ydocAuthoritative":true}
[HyperlinkDiag] post-load scan {"hyperlinkCount":0,"samples":[]}
[HyperlinkDiag] page 1 layers {"hyperlinkChildren":0,"layerClasses":["DIV","e-spinner-pane e-spin-show","e-pv-page-canvas","e-pv-annotation-canvas","DIV","e-pv-text-layer"]}
[HyperlinkDiag] page 2 layers {"hyperlinkChildren":0,"layerClasses":["DIV","e-spinner-pane e-spin-show","e-pv-page-canvas","e-pv-annotation-canvas","DIV","e-pv-text-layer"]}
[HyperlinkDiag] page 3 layers {"hyperlinkChildren":0,"layerClasses":["DIV","e-spinner-pane e-spin-show","e-pv-page-canvas","e-pv-annotation-canvas","DIV","IMG","IMG","IMG","IMG","e-pv-text-layer"]}
[HyperlinkDiag] page 4 layers {"hyperlinkChildren":0,"layerClasses":["DIV","e-spinner-pane e-spin-show","e-pv-page-canvas","e-pv-annotation-canvas","DIV","IMG"]}
[HyperlinkDiag] page 5 layers {"hyperlinkChildren":0,"layerClasses":["DIV","e-spinner-pane e-spin-show","e-pv-page-canvas","e-pv-annotation-canvas","DIV"]}
[HyperlinkDiag] page 6 layers {"hyperlinkChildren":0,"layerClasses":["DIV","e-spinner-pane e-spin-show","e-pv-page-canvas","e-pv-annotation-canvas","DIV"]}
[HyperlinkDiag] page 7 layers {"hyperlinkChildren":0,"layerClasses":["DIV","e-spinner-pane e-spin-show","e-pv-page-canvas","e-pv-annotation-canvas","DIV"]}
[HyperlinkDiag] page 8 layers {"hyperlinkChildren":0,"layerClasses":["DIV","e-spinner-pane e-spin-show","e-pv-page-canvas","e-pv-annotation-canvas","DIV"]}
[HyperlinkDiag] page 9 layers {"hyperlinkChildren":0,"layerClasses":["DIV","e-spinner-pane e-spin-show","e-pv-page-canvas","e-pv-annotation-canvas","DIV"]}
[HyperlinkDiag] page 10 layers {"hyperlinkChildren":0,"layerClasses":["DIV","e-spinner-pane e-spin-show","e-pv-page-canvas","e-pv-annotation-canvas","DIV"]}
[CloudSync][hydrate] loadAllNonHighlightAnnotations ok {"elapsedMs":4234,"totalRowsScanned":2407,"scanned":{"nonHighlight":2407,"legacyFabricHighlights":0},"totalRows":2407,"rowsByType":{"ink":2396,"counter":3,"square":7,"freetext":1},"pagesWithObjects":7,"calloutCount":0}
[CloudSync][verify] first read summary {"contextLabel":"cutover-source-of-truth","documentId":"d30ac66b-5d2e-4a93-aab3-8fdd84a0af86","elapsedMs":4236,"firstFabricPages":7,"firstFabricObjects":2393,"firstCallouts":0,"firstEmpty":false,"localFabricCount":2393,"localCalloutCount":0,"localHasData":true,"willVerify":false}
[CloudSync][source-of-truth] cutover initial hydrate selected Supabase durable snapshot {"documentId":"d30ac66b-5d2e-4a93-aab3-8fdd84a0af86","pdfId":"Package 2 - Rev 4 -- IC.pdf-6291605","cutoverTs":"2026-05-13T14:37:10.17+00:00","ydocFabricCount":2393,"ydocCalloutCount":0,"supabaseFabricCount":2393,"supabaseCalloutCount":0,"rule":"Supabase durable snapshot wins initial load; Y.Doc is reshaped for live collaboration"}
[Phase31 UAT] save:fan-out done {"documentId":"d30ac66b-5d2e-4a93-aab3-8fdd84a0af86","pdfId":"Package 2 - Rev 4 -- IC.pdf-6291605","userId":"170d915c-5741-4e0b-b03f-deaeedae27bd","actionType":null,"dispatched":2393,"yDocUpdateCount":2393,"detected":2393,"skippedHighlightOrCallout":0,"skippedOtherType":0,"rawTypeBreakdown":{"pen":3,"counter":3,"path":2380,"rect":6,"textbox":1},"resolvedTypeBreakdown":{"ink":2383,"counter":3,"square":6,"freetext":1},"skipReasons":{},"skipSamples":[],"yMapSizeAfter":2393}
[CloudSync][hook] callout Y.Doc fan-out done {"documentId":"d30ac66b-5d2e-4a93-aab3-8fdd84a0af86","pdfId":"Package 2 - Rev 4 -- IC.pdf-6291605","userId":"170d915c-5741-4e0b-b03f-deaeedae27bd","actionType":"callout:delta","upserted":0,"deleted":0,"yDocUpdateCount":0,"yMapCalloutsSizeAfter":0}
[AnnotationHydrationGate][normal] {"documentId":"d30ac66b-5d2e-4a93-aab3-8fdd84a0af86","pdfId":"Package 2 - Rev 4 -- IC.pdf-6291605","ready":true,"source":"supabase-durable-snapshot","normalReady":true,"cutoverTs":"2026-05-13T14:37:10.17+00:00","count":2393,"calloutCount":0,"firstPaintGate":true}
[DebugBridge +20780.4ms] zoom_end {"source":"zoomChange_settle"}
[AnnotationHydrationGate][first-page] {"documentId":"d30ac66b-5d2e-4a93-aab3-8fdd84a0af86","pdfId":"Package 2 - Rev 4 -- IC.pdf-6291605","pageNumber":1,"ready":true,"visualCoverActive":false,"normal":{"documentId":"d30ac66b-5d2e-4a93-aab3-8fdd84a0af86","pdfId":"Package 2 - Rev 4 -- IC.pdf-6291605","ready":true,"source":"supabase-durable-snapshot","normalReady":true,"cutoverTs":"2026-05-13T14:37:10.17+00:00","count":2393,"calloutCount":0,"firstPaintGate":true},"survey":{"ready":true,"source":"supabase-highlight","documentId":"d30ac66b-5d2e-4a93-aab3-8fdd84a0af86","pdfId":"Package 2 - Rev 4 -- IC.pdf-6291605","count":14}}
[AnnotationHydrationGate][visual-cover] {"documentId":"d30ac66b-5d2e-4a93-aab3-8fdd84a0af86","pdfId":"Package 2 - Rev 4 -- IC.pdf-6291605","pageNumber":1,"active":false,"reason":"hydration-ready"}
[SVGAnnotationLayer] setRotInputVisible(false) reason=selectedIds.size !== 1
[DebugBridge +21517.6ms] pdf_loaded {"pageCount":99,"currentPage":1}
[DrawCanvas p1] MOUNT — tool=pen, isShape=false, isDrawingMode=true
[DrawCanvas p1] shape effect — tool=pen, isShape=false, isDrawingMode=true
[HyperlinkDiag] post-load scan {"hyperlinkCount":0,"samples":[]}
[HyperlinkDiag] page 1 layers {"hyperlinkChildren":0,"layerClasses":["DIV","e-spinner-pane e-spin-hide","e-pv-page-canvas","e-pv-text-layer","DIV","IMG","e-pv-annotation-canvas","IMG","IMG","IMG"]}
[HyperlinkDiag] page 2 layers {"hyperlinkChildren":0,"layerClasses":["e-spinner-pane e-spin-show","e-pv-page-canvas","e-pv-text-layer","DIV","IMG"]}
[HyperlinkDiag] page 3 layers {"hyperlinkChildren":0,"layerClasses":["e-spinner-pane e-spin-show","e-pv-page-canvas","e-pv-text-layer","DIV"]}
[HyperlinkDiag] page 4 layers {"hyperlinkChildren":0,"layerClasses":["e-spinner-pane e-spin-show","e-pv-page-canvas","e-pv-text-layer","DIV"]}
[HyperlinkDiag] page 5 layers {"hyperlinkChildren":0,"layerClasses":["e-spinner-pane e-spin-show","e-pv-page-canvas","e-pv-text-layer","DIV"]}
[HyperlinkDiag] page 6 layers {"hyperlinkChildren":0,"layerClasses":["e-spinner-pane e-spin-show","e-pv-page-canvas","e-pv-text-layer","DIV"]}
[HyperlinkDiag] page 7 layers {"hyperlinkChildren":0,"layerClasses":["e-spinner-pane e-spin-show","e-pv-page-canvas","e-pv-text-layer","DIV"]}
[HyperlinkDiag] page 8 layers {"hyperlinkChildren":0,"layerClasses":["e-spinner-pane e-spin-show","e-pv-page-canvas","e-pv-text-layer","DIV"]}
[HyperlinkDiag] page 9 layers {"hyperlinkChildren":0,"layerClasses":["e-spinner-pane e-spin-show","e-pv-page-canvas","e-pv-text-layer","DIV"]}
[HyperlinkDiag] page 10 layers {"hyperlinkChildren":0,"layerClasses":["e-spinner-pane e-spin-show","e-pv-page-canvas","e-pv-text-layer","DIV"]}
[Counter] TOOL ACTIVATED — activeTool=counter, lastShapeTool=counter, ref will sync next render
[App] TOOL ACTIVATED: callout {"isDrawingTool":false,"willMountDrawingCanvas":false,"willMountCalloutUI":true,"NOTE":"CALLOUT TOOL HAS NO CREATION UI — isDrawingTool=false, no canvas mounts, no click handler"}
[DebugBridge +25415.5ms] zoom_start {"scale":0.66,"targetScale":0.63,"source":"zoomChange"}
[DebugBridge +26818.0ms] zoom_end {"source":"zoomChange_settle"}

===== Undo/Redo Chronology =====
events=1
lanes=local annotation history | callout history | legacy history | Yjs/CRDT history
{"seq":1,"order":null,"at":"2026-05-13T21:00:47.562Z","event":"history_reset_for_pdf_change","actionType":"pdf:change","rawActionType":"pdf:change","annotationType":null,"annotationId":null,"pageNumber":null,"lane":null,"receivedStack":null,"chosenStack":null,"chosenLane":null,"decisionReason":null,"undoDepth":0,"redoDepth":0}
===== End Undo/Redo Chronology =====
