===== SurveyApp Save Log =====
version:   0.1.46
runtime:   dev-server
platform:  desktop
device:    Mac
os:        macOS 10.15.7
screen:    1512x982 @2x
viewport:  1203x822
locale:    en-US
timestamp: 2026-05-27T06:09:36.524Z (5/27/2026, 2:09:36 AM)
==============================
[dev-auto-login] boot {"hasDevEmail":true,"devEmailHint":"isai***","hasDevPassword":true,"hasCachedSession":true,"devAutoLoginSuppressed":false,"cachedSessionEmail":"isaiahcalvo123@gmail.com","cachedSessionExpiresAt":1779862851}
[dev-auto-login] cached session matches dev email, keeping it
[dev-auto-login] decision {"needsAutoLogin":false,"devAutoLoginSuppressed":false,"willAttemptSignIn":false}
[CloudSync][hook] session id minted {"sessionId":"c98ad5b3-c14a-46a3-8300-0d6e42bb8e7f"}
[CloudSync][hook][state-obs] annotationsByPage initial {"currentCount":0,"pages":0,"hydrated":false}
[CloudSync][hook][state-obs] callouts initial {"currentCount":0,"hydrated":false}
[CloudSync][hook] hydrate effect fired {"enabled":false,"hydrateEnabled":true,"documentId":"00e1cde9-449b-4771-9743-37bd604557a9","userId":"170d915c-5741-4e0b-b03f-deaeedae27bd","pdfId":null}
[CloudSync][hook] hydrate skipped — missing prerequisite {"hydrateEnabled":true,"hasDocumentId":true,"hasUserId":true,"hasPdfId":false}
[AnnotationHydrationGate][normal] {"documentId":"00e1cde9-449b-4771-9743-37bd604557a9","pdfId":null,"ready":false,"source":"missing-prerequisite","normalReady":false,"cutoverTs":null,"count":null,"calloutCount":null,"firstPaintGate":true}
[AnnotationHydrationGate][first-page] {"documentId":"00e1cde9-449b-4771-9743-37bd604557a9","pdfId":null,"pageNumber":1,"ready":false,"visualCoverActive":true,"normal":{"documentId":"00e1cde9-449b-4771-9743-37bd604557a9","pdfId":null,"ready":false,"source":"pending","firstPaintGate":true},"survey":{"ready":true,"source":"local"}}
[AnnotationHydrationGate][visual-cover] {"documentId":"00e1cde9-449b-4771-9743-37bd604557a9","pdfId":null,"pageNumber":1,"active":true,"reason":"annotation-hydration-gated"}
[Cloud render cache] doc=SE-011 Security Shop Drawing Rev2 - 05.06.25.pdf-26261080 painting verified cloud snapshot immediately — count=524.
[CSeries wipe] doc=SE-011 Security Shop Drawing Rev2 - 05.06.25.pdf-26261080 totalCounters=11 legacyRemoved=0 — nothing to wipe.
[Phase31 UAT] backfill:effect {"hasYdoc":true,"docId":"00e1cde9-449b-4771-9743-37bd604557a9","userId":null,"alreadyRanFor":null,"willRun":false}
[CloudSync][hook] hydrate effect fired {"enabled":false,"hydrateEnabled":true,"documentId":"00e1cde9-449b-4771-9743-37bd604557a9","userId":"170d915c-5741-4e0b-b03f-deaeedae27bd","pdfId":"SE-011 Security Shop Drawing Rev2 - 05.06.25.pdf-26261080"}
[AnnotationHydrationGate][normal] {"documentId":"00e1cde9-449b-4771-9743-37bd604557a9","pdfId":"SE-011 Security Shop Drawing Rev2 - 05.06.25.pdf-26261080","ready":false,"source":"starting","normalReady":false,"cutoverTs":null,"count":null,"calloutCount":null,"firstPaintGate":true}
[CloudSync][hook] stage=hydrating
[AnnotationHydrationGate][first-page] {"documentId":"00e1cde9-449b-4771-9743-37bd604557a9","pdfId":"SE-011 Security Shop Drawing Rev2 - 05.06.25.pdf-26261080","pageNumber":1,"ready":false,"visualCoverActive":true,"normal":{"documentId":"00e1cde9-449b-4771-9743-37bd604557a9","pdfId":null,"ready":false,"source":"missing-prerequisite","normalReady":false,"cutoverTs":null,"count":null,"calloutCount":null,"firstPaintGate":true},"survey":{"ready":false,"source":"supabase-highlight-starting","documentId":"00e1cde9-449b-4771-9743-37bd604557a9","pdfId":"SE-011 Security Shop Drawing Rev2 - 05.06.25.pdf-26261080"}}
[AnnotationHydrationGate][visual-cover] {"documentId":"00e1cde9-449b-4771-9743-37bd604557a9","pdfId":"SE-011 Security Shop Drawing Rev2 - 05.06.25.pdf-26261080","pageNumber":1,"active":true,"reason":"annotation-hydration-gated"}
[AnnotationHydrationGate][first-page] {"documentId":"00e1cde9-449b-4771-9743-37bd604557a9","pdfId":"SE-011 Security Shop Drawing Rev2 - 05.06.25.pdf-26261080","pageNumber":1,"ready":false,"visualCoverActive":true,"normal":{"documentId":"00e1cde9-449b-4771-9743-37bd604557a9","pdfId":"SE-011 Security Shop Drawing Rev2 - 05.06.25.pdf-26261080","ready":false,"source":"starting","normalReady":false,"cutoverTs":null,"count":null,"calloutCount":null,"firstPaintGate":true},"survey":{"ready":false,"source":"supabase-highlight-starting","documentId":"00e1cde9-449b-4771-9743-37bd604557a9","pdfId":"SE-011 Security Shop Drawing Rev2 - 05.06.25.pdf-26261080"}}
[AnnotationHydrationGate][visual-cover] {"documentId":"00e1cde9-449b-4771-9743-37bd604557a9","pdfId":"SE-011 Security Shop Drawing Rev2 - 05.06.25.pdf-26261080","pageNumber":1,"active":true,"reason":"annotation-hydration-gated"}
[Phase31 UAT] backfill:effect {"hasYdoc":true,"docId":"00e1cde9-449b-4771-9743-37bd604557a9","userId":"170d915c-5741-4e0b-b03f-deaeedae27bd","alreadyRanFor":null,"willRun":true}
[Phase31 UAT] backfill:start {"hasYdoc":true,"hasSupabase":true,"documentId":"00e1cde9-449b-4771-9743-37bd604557a9","userId":"170d915c-5741-4e0b-b03f-deaeedae27bd","markCutoverComplete":true}
[CloudSync][hook] cutover-complete hydrate — reading from Y.Doc {"documentId":"00e1cde9-449b-4771-9743-37bd604557a9","cutoverTs":"2026-05-18T02:05:48.746+00:00"}
[Phase31 UAT] hydrate:cutover-sealed {"documentId":"00e1cde9-449b-4771-9743-37bd604557a9","pdfId":"SE-011 Security Shop Drawing Rev2 - 05.06.25.pdf-26261080","cutoverTs":"2026-05-18T02:05:48.746+00:00","yMapSize":524,"yMapCalloutsSize":3,"materializedTotal":524,"materializedCallouts":3,"materializedDrawnByMe":0,"materializedDrawnByOthers":524,"materializedImported":0,"pages":1,"perPage":{"1":524},"currentStateCount":524,"ydocLooksDegenerate":false}
[Phase31 UAT] hydrate:cutover-sealed:by-type {"documentId":"00e1cde9-449b-4771-9743-37bd604557a9","pdfFile":"SE-011 Security Shop Drawing Rev2 - 05.06.25.pdf-26261080","viewerUserId":"170d915c-5741-4e0b-b03f-deaeedae27bd","yMapTotal":524,"yMapCalloutsTotal":3,"yMapByType":{"path":1,"polygon":1,"rect":493,"line":5,"ellipse":4,"textbox":9,"circle":11},"yMapByAuthor":{"byMe":0,"byOthers":0,"anonymous":524},"yMapByTypeByAuthor":{"path":{"byMe":0,"byOthers":0,"anonymous":1},"polygon":{"byMe":0,"byOthers":0,"anonymous":1},"rect":{"byMe":0,"byOthers":0,"anonymous":493},"line":{"byMe":0,"byOthers":0,"anonymous":5},"ellipse":{"byMe":0,"byOthers":0,"anonymous":4},"textbox":{"byMe":0,"byOthers":0,"anonymous":9},"circle":{"byMe":0,"byOthers":0,"anonymous":11}},"yMapPerTypePerPage":{"path":{"unknown":1},"polygon":{"unknown":1},"rect":{"unknown":493},"line":{"unknown":5},"ellipse":{"unknown":4},"textbox":{"unknown":9},"circle":{"unknown":11}},"byPageTotal":524,"byPageByType":{"path":1,"polygon":1,"rect":493,"line":5,"ellipse":4,"textbox":9,"circle":11},"byPagePerPagePerType":{"1":{"path":1,"polygon":1,"rect":493,"line":5,"ellipse":4,"textbox":9,"circle":11}}}
[CloudSync][hydrate] loadAllNonSurveyMarkerAnnotations start {"documentId":"00e1cde9-449b-4771-9743-37bd604557a9"}
[SURVEY-MARKER-SYNC][load.legacy][pdf=SE-011 Security Shop Drawing Rev2 - 05.06.25.pdf] {"documentId":"00e1cde9-449b-4771-9743-37bd604557a9","totalRows":2,"fabricCarryingDropped":0,"keptCount":2,"keptIds":["surveyMarker-1779149067882-re5p2wtnk","surveyMarker-1779146015119-5v5p5dbvm"]}
[AnnotationHydrationGate][survey] supabase surveyMarkers complete {"documentId":"00e1cde9-449b-4771-9743-37bd604557a9","pdfId":"SE-011 Security Shop Drawing Rev2 - 05.06.25.pdf-26261080","count":2}
[AnnotationHydrationGate][first-page] {"documentId":"00e1cde9-449b-4771-9743-37bd604557a9","pdfId":"SE-011 Security Shop Drawing Rev2 - 05.06.25.pdf-26261080","pageNumber":1,"ready":false,"visualCoverActive":true,"normal":{"documentId":"00e1cde9-449b-4771-9743-37bd604557a9","pdfId":"SE-011 Security Shop Drawing Rev2 - 05.06.25.pdf-26261080","ready":false,"source":"starting","normalReady":false,"cutoverTs":null,"count":null,"calloutCount":null,"firstPaintGate":true},"survey":{"ready":true,"source":"supabase-highlight","documentId":"00e1cde9-449b-4771-9743-37bd604557a9","pdfId":"SE-011 Security Shop Drawing Rev2 - 05.06.25.pdf-26261080","count":2}}
[AnnotationHydrationGate][visual-cover] {"documentId":"00e1cde9-449b-4771-9743-37bd604557a9","pdfId":"SE-011 Security Shop Drawing Rev2 - 05.06.25.pdf-26261080","pageNumber":1,"active":true,"reason":"annotation-hydration-gated"}
[CloudSync][hook] fabric push skipped — not hydrated yet
[CloudSync][hook] callout push skipped — not hydrated yet
[CloudSync][realtime] subscribing {"documentId":"00e1cde9-449b-4771-9743-37bd604557a9","currentUserId":"170d915c-5741-4e0b-b03f-deaeedae27bd","currentSessionId":"c98ad5b3-c14a-46a3-8300-0d6e42bb8e7f","hasFabricInsert":true,"hasFabricUpdate":true,"hasFabricDelete":true,"hasCalloutInsert":true,"hasCalloutUpdate":true,"hasCalloutDelete":true}
[CloudSync][realtime] subscribe status {"status":"SUBSCRIBED","error":null}
[Phase31 UAT] post-subscribe catch-up skipped — doc is cutover-sealed, Y.Doc + realtime is source of truth {"documentId":"00e1cde9-449b-4771-9743-37bd604557a9","pdfId":"SE-011 Security Shop Drawing Rev2 - 05.06.25.pdf-26261080","cutoverTs":"2026-05-18T02:05:48.746+00:00","ydocAuthoritative":true}
[Phase31 UAT] backfill:cutover-dedupe-anchor-skip {"documentId":"00e1cde9-449b-4771-9743-37bd604557a9","userId":"170d915c-5741-4e0b-b03f-deaeedae27bd","yMapSize":524,"lastGoodSize":524}
[PDFImport] skipped embedded PDF annotation import — cloud/Y.Doc is authoritative {"documentId":"00e1cde9-449b-4771-9743-37bd604557a9"}
[CloudSync][hydrate] loadAllNonSurveyMarkerAnnotations ok {"elapsedMs":608,"totalRowsScanned":527,"scanned":{"nonSurveyMarker":527,"legacyFabricSurveyMarkers":0},"totalRows":527,"rowsByType":{"line":5,"circle":4,"callout":3,"freetext":9,"counter":11,"ink":1,"polygon":1,"square":493},"pagesWithObjects":26,"calloutCount":3}
[CloudSync][verify] first read summary {"contextLabel":"cutover-source-of-truth","documentId":"00e1cde9-449b-4771-9743-37bd604557a9","elapsedMs":609,"firstFabricPages":26,"firstFabricObjects":524,"firstCallouts":3,"firstEmpty":false,"localFabricCount":524,"localCalloutCount":3,"localHasData":true,"willVerify":false}
[CloudSync][source-of-truth] cutover initial hydrate selected Supabase durable snapshot {"documentId":"00e1cde9-449b-4771-9743-37bd604557a9","pdfId":"SE-011 Security Shop Drawing Rev2 - 05.06.25.pdf-26261080","cutoverTs":"2026-05-18T02:05:48.746+00:00","ydocFabricCount":524,"ydocCalloutCount":3,"supabaseFabricCount":524,"supabaseCalloutCount":3,"rule":"Supabase durable snapshot wins initial load; Y.Doc is reshaped for live collaboration"}
[Phase31 UAT] save:fan-out done {"documentId":"00e1cde9-449b-4771-9743-37bd604557a9","pdfId":"SE-011 Security Shop Drawing Rev2 - 05.06.25.pdf-26261080","userId":"170d915c-5741-4e0b-b03f-deaeedae27bd","actionType":null,"dispatched":524,"yDocUpdateCount":524,"detected":524,"skippedSurveyMarkerOrCallout":0,"skippedOtherType":0,"rawTypeBreakdown":{"arrow":4,"ellipse":4,"textbox":9,"counter":11,"line":1,"path":1,"polygon":1,"rect":493},"resolvedTypeBreakdown":{"line":5,"circle":4,"freetext":9,"counter":11,"ink":1,"polygon":1,"square":493},"skipReasons":{},"skipSamples":[],"yMapSizeAfter":524}
[CloudSync][hook] callout Y.Doc fan-out done {"documentId":"00e1cde9-449b-4771-9743-37bd604557a9","pdfId":"SE-011 Security Shop Drawing Rev2 - 05.06.25.pdf-26261080","userId":"170d915c-5741-4e0b-b03f-deaeedae27bd","actionType":"callout:delta","upserted":3,"deleted":0,"yDocUpdateCount":3,"yMapCalloutsSizeAfter":3}
[AnnotationHydrationGate][normal] {"documentId":"00e1cde9-449b-4771-9743-37bd604557a9","pdfId":"SE-011 Security Shop Drawing Rev2 - 05.06.25.pdf-26261080","ready":true,"source":"supabase-durable-snapshot","normalReady":true,"cutoverTs":"2026-05-18T02:05:48.746+00:00","count":524,"calloutCount":3,"firstPaintGate":true}
[AnnotationHydrationGate][first-page] {"documentId":"00e1cde9-449b-4771-9743-37bd604557a9","pdfId":"SE-011 Security Shop Drawing Rev2 - 05.06.25.pdf-26261080","pageNumber":1,"ready":true,"visualCoverActive":false,"normal":{"documentId":"00e1cde9-449b-4771-9743-37bd604557a9","pdfId":"SE-011 Security Shop Drawing Rev2 - 05.06.25.pdf-26261080","ready":true,"source":"supabase-durable-snapshot","normalReady":true,"cutoverTs":"2026-05-18T02:05:48.746+00:00","count":524,"calloutCount":3,"firstPaintGate":true},"survey":{"ready":true,"source":"supabase-highlight","documentId":"00e1cde9-449b-4771-9743-37bd604557a9","pdfId":"SE-011 Security Shop Drawing Rev2 - 05.06.25.pdf-26261080","count":2}}
[AnnotationHydrationGate][visual-cover] {"documentId":"00e1cde9-449b-4771-9743-37bd604557a9","pdfId":"SE-011 Security Shop Drawing Rev2 - 05.06.25.pdf-26261080","pageNumber":1,"active":false,"reason":"hydration-ready"}
[PDFCounterImport] summary {"marker":"survey-counter","metadataKey":"SurveyApp","counterAnnotationsImported":0,"plainCirclesImported":0,"counterMetadataParseFailures":0,"appCalloutMarker":"survey-callout","appCalloutMetadataKey":"SurveyAppCallout","appCalloutAnnotationsImported":0,"appCalloutPiecesSkipped":0}
[PDFAppLayerStateImport] summary {"found":false,"documentId":null,"exportId":null,"scopedAnnotationPages":0,"scopedCallouts":0,"surveyMarkers":0,"spaces":0}
[PDFImport] native layer policy {"documentId":"00e1cde9-449b-4771-9743-37bd604557a9","cloudAuthoritative":true,"reason":"cloud/Y.Doc annotations are authoritative; native PDF annotation layer is hidden when all renderable native annotations are accounted for by importer diagnostics.","pages":{"1":{"hideNativeLayer":true,"nativeRenderableAnnotationCount":2,"nativeOnlyAnnotationCount":0,"reason":"all-renderable-native-annotations-imported-as-editable-app-annotations"},"2":{"hideNativeLayer":false,"nativeRenderableAnnotationCount":0,"nativeOnlyAnnotationCount":0,"reason":"no-renderable-native-annotations"},"3":{"hideNativeLayer":false,"nativeRenderableAnnotationCount":0,"nativeOnlyAnnotationCount":0,"reason":"no-renderable-native-annotations"},"4":{"hideNativeLayer":false,"nativeRenderableAnnotationCount":0,"nativeOnlyAnnotationCount":0,"reason":"no-renderable-native-annotations"},"5":{"hideNativeLayer":false,"nativeRenderableAnnotationCount":0,"nativeOnlyAnnotationCount":0,"reason":"no-renderable-native-annotations"},"6":{"hideNativeLayer":false,"nativeRenderableAnnotationCount":0,"nativeOnlyAnnotationCount":0,"reason":"no-renderable-native-annotations"},"7":{"hideNativeLayer":false,"nativeRenderableAnnotationCount":0,"nativeOnlyAnnotationCount":0,"reason":"no-renderable-native-annotations"},"8":{"hideNativeLayer":false,"nativeRenderableAnnotationCount":0,"nativeOnlyAnnotationCount":0,"reason":"no-renderable-native-annotations"},"9":{"hideNativeLayer":false,"nativeRenderableAnnotationCount":0,"nativeOnlyAnnotationCount":0,"reason":"no-renderable-native-annotations"},"10":{"hideNativeLayer":false,"nativeRenderableAnnotationCount":0,"nativeOnlyAnnotationCount":0,"reason":"no-renderable-native-annotations"},"11":{"hideNativeLayer":false,"nativeRenderableAnnotationCount":0,"nativeOnlyAnnotationCount":0,"reason":"no-renderable-native-annotations"},"12":{"hideNativeLayer":false,"nativeRenderableAnnotationCount":0,"nativeOnlyAnnotationCount":0,"reason":"no-renderable-native-annotations"},"13":{"hideNativeLayer":false,"nativeRenderableAnnotationCount":0,"nativeOnlyAnnotationCount":0,"reason":"no-renderable-native-annotations"},"14":{"hideNativeLayer":false,"nativeRenderableAnnotationCount":0,"nativeOnlyAnnotationCount":0,"reason":"no-renderable-native-annotations"},"15":{"hideNativeLayer":false,"nativeRenderableAnnotationCount":0,"nativeOnlyAnnotationCount":0,"reason":"no-renderable-native-annotations"},"16":{"hideNativeLayer":false,"nativeRenderableAnnotationCount":0,"nativeOnlyAnnotationCount":0,"reason":"no-renderable-native-annotations"},"17":{"hideNativeLayer":false,"nativeRenderableAnnotationCount":0,"nativeOnlyAnnotationCount":0,"reason":"no-renderable-native-annotations"},"18":{"hideNativeLayer":false,"nativeRenderableAnnotationCount":0,"nativeOnlyAnnotationCount":0,"reason":"no-renderable-native-annotations"},"19":{"hideNativeLayer":false,"nativeRenderableAnnotationCount":0,"nativeOnlyAnnotationCount":0,"reason":"no-renderable-native-annotations"},"20":{"hideNativeLayer":false,"nativeRenderableAnnotationCount":0,"nativeOnlyAnnotationCount":0,"reason":"no-renderable-native-annotations"},"21":{"hideNativeLayer":false,"nativeRenderableAnnotationCount":0,"nativeOnlyAnnotationCount":0,"reason":"no-renderable-native-annotations"},"22":{"hideNativeLayer":false,"nativeRenderableAnnotationCount":0,"nativeOnlyAnnotationCount":0,"reason":"no-renderable-native-annotations"},"23":{"hideNativeLayer":false,"nativeRenderableAnnotationCount":0,"nativeOnlyAnnotationCount":0,"reason":"no-renderable-native-annotations"},"24":{"hideNativeLayer":false,"nativeRenderableAnnotationCount":0,"nativeOnlyAnnotationCount":0,"reason":"no-renderable-native-annotations"},"25":{"hideNativeLayer":false,"nativeRenderableAnnotationCount":0,"nativeOnlyAnnotationCount":0,"reason":"no-renderable-native-annotations"},"26":{"hideNativeLayer":false,"nativeRenderableAnnotationCount":0,"nativeOnlyAnnotationCount":0,"reason":"no-renderable-native-annotations"},"27":{"hideN... [truncated 24 chars]
[PrintPanel] RENDER — panel closed
[TextSearchDiag] document_key_ready {"at":"2026-05-27T06:09:17.242Z","documentKey":"explicit:00e1cde9-449b-4771-9743-37bd604557a9:SE-011 Security Shop Drawing Rev2 - 05.06.25.pdf-26261080:99","numPages":99}
[DebugBridge +13458.3ms] zoom_start {"scale":0.7,"targetScale":0.9,"source":"zoomChange"}
[TextSearchDiag] search_clear_empty_query {"at":"2026-05-27T06:09:17.565Z","previousResultCount":0,"previousIndex":-1,"documentKey":"explicit:00e1cde9-449b-4771-9743-37bd604557a9:SE-011 Security Shop Drawing Rev2 - 05.06.25.pdf-26261080:99"}
[SVGAnnotationLayer] setRotInputVisible(false) reason=no single rotation target selected
[SVGAnnotationLayer] setRotInputVisible(false) reason=no single rotation target selected
[DebugBridge +14189.7ms] pdf_loaded {"pageCount":99,"currentPage":1}
[HyperlinkDiag] post-load scan {"hyperlinkCount":0,"samples":[]}
[HyperlinkDiag] page 1 layers {"hyperlinkChildren":0,"layerClasses":["DIV","e-spinner-pane e-spin-hide","e-pv-page-canvas","e-pv-annotation-canvas","DIV","IMG","IMG","IMG","IMG","e-pv-text-layer"]}
[HyperlinkDiag] page 2 layers {"hyperlinkChildren":0,"layerClasses":["DIV","e-spinner-pane e-spin-hide","e-pv-page-canvas","e-pv-annotation-canvas","DIV","IMG","IMG","IMG","IMG","e-pv-text-layer"]}
[HyperlinkDiag] page 3 layers {"hyperlinkChildren":0,"layerClasses":["DIV","e-spinner-pane e-spin-show","e-pv-page-canvas","e-pv-annotation-canvas","DIV","e-pv-text-layer","IMG"]}
[HyperlinkDiag] page 4 layers {"hyperlinkChildren":0,"layerClasses":["DIV","e-spinner-pane e-spin-show","e-pv-page-canvas","e-pv-annotation-canvas","DIV"]}
[HyperlinkDiag] page 5 layers {"hyperlinkChildren":0,"layerClasses":["DIV","e-spinner-pane e-spin-show","e-pv-page-canvas","e-pv-annotation-canvas","DIV"]}
[HyperlinkDiag] page 6 layers {"hyperlinkChildren":0,"layerClasses":["DIV","e-spinner-pane e-spin-show","e-pv-page-canvas","e-pv-annotation-canvas","DIV"]}
[HyperlinkDiag] page 7 layers {"hyperlinkChildren":0,"layerClasses":["DIV","e-spinner-pane e-spin-show","e-pv-page-canvas","e-pv-annotation-canvas","DIV"]}
[HyperlinkDiag] page 8 layers {"hyperlinkChildren":0,"layerClasses":["DIV","e-spinner-pane e-spin-show","e-pv-page-canvas","e-pv-annotation-canvas","DIV"]}
[HyperlinkDiag] page 9 layers {"hyperlinkChildren":0,"layerClasses":["DIV","e-spinner-pane e-spin-show","e-pv-page-canvas","e-pv-annotation-canvas","DIV"]}
[HyperlinkDiag] page 10 layers {"hyperlinkChildren":0,"layerClasses":["DIV","e-spinner-pane e-spin-show","e-pv-page-canvas","e-pv-annotation-canvas","DIV"]}
[SVGAnnotationLayer] setRotInputVisible(false) reason=no single rotation target selected
[SVGAnnotationLayer] setRotInputVisible(false) reason=no single rotation target selected
[SortableRearrange] {"event":"start","activeId":"1779826930314-tyid64u4f","itemCount":2,"layoutStart":{"activeHeight":42,"activeTop":50,"listHeight":415.8,"itemRects":[{"id":"1779826922393-tt6gyhm5q","top":0,"height":42},{"id":"1779826930314-tyid64u4f","top":50,"height":42}]},"clampBounds":{"minY":-50,"maxY":0,"mode":"slot-top"},"useDragOverlay":false}
[SortableRearrange] {"event":"end","activeId":"1779826930314-tyid64u4f","durationMs":445,"moveCount":9,"overChangeCount":2,"maxMoveGapMs":45,"finalOverId":"1779826922393-tt6gyhm5q","didReorder":true,"itemCount":2,"layoutStart":{"activeHeight":42,"activeTop":50,"listHeight":415.8,"itemRects":[{"id":"1779826922393-tt6gyhm5q","top":0,"height":42},{"id":"1779826930314-tyid64u4f","top":50,"height":42}]},"layoutEnd":{"activeHeight":42,"activeTop":50,"listHeight":415.8,"itemRects":[{"id":"1779826922393-tt6gyhm5q","top":0,"height":42},{"id":"1779826930314-tyid64u4f","top":50,"height":42}]},"clampBounds":{"minY":-50,"maxY":0,"mode":"slot-top"}}
[DebugBridge +16401.4ms] zoom_end {"source":"zoomChange_settle"}
[SortableRearrange] {"event":"start","activeId":"1779826930314-tyid64u4f","itemCount":2,"layoutStart":{"activeHeight":42,"activeTop":0,"listHeight":415.8,"itemRects":[{"id":"1779826930314-tyid64u4f","top":0,"height":42},{"id":"1779826922393-tt6gyhm5q","top":50,"height":42}]},"clampBounds":{"minY":0,"maxY":50,"mode":"slot-top"},"useDragOverlay":false}
[SortableRearrange] {"event":"end","activeId":"1779826930314-tyid64u4f","durationMs":721,"moveCount":2,"overChangeCount":1,"maxMoveGapMs":82,"finalOverId":"1779826922393-tt6gyhm5q","didReorder":true,"itemCount":2,"layoutStart":{"activeHeight":42,"activeTop":0,"listHeight":415.8,"itemRects":[{"id":"1779826930314-tyid64u4f","top":0,"height":42},{"id":"1779826922393-tt6gyhm5q","top":50,"height":42}]},"layoutEnd":{"activeHeight":42,"activeTop":0,"listHeight":415.8,"itemRects":[{"id":"1779826930314-tyid64u4f","top":0,"height":42},{"id":"1779826922393-tt6gyhm5q","top":50,"height":42}]},"clampBounds":{"minY":0,"maxY":50,"mode":"slot-top"}}
[SortableRearrange] {"event":"start","activeId":"1779826930314-tyid64u4f","itemCount":2,"layoutStart":{"activeHeight":260.4,"activeTop":50,"listHeight":415.8,"itemRects":[{"id":"1779826922393-tt6gyhm5q","top":0,"height":42},{"id":"1779826930314-tyid64u4f","top":50,"height":260.4}]},"clampBounds":{"minY":-50,"maxY":0,"mode":"slot-top"},"useDragOverlay":false}
[SortableRearrange] {"event":"end","activeId":"1779826930314-tyid64u4f","durationMs":586,"moveCount":4,"overChangeCount":2,"maxMoveGapMs":37,"finalOverId":"1779826922393-tt6gyhm5q","didReorder":true,"itemCount":2,"layoutStart":{"activeHeight":260.4,"activeTop":50,"listHeight":415.8,"itemRects":[{"id":"1779826922393-tt6gyhm5q","top":0,"height":42},{"id":"1779826930314-tyid64u4f","top":50,"height":260.4}]},"layoutEnd":{"activeHeight":260.4,"activeTop":50,"listHeight":415.8,"itemRects":[{"id":"1779826922393-tt6gyhm5q","top":0,"height":42},{"id":"1779826930314-tyid64u4f","top":50,"height":260.4}]},"clampBounds":{"minY":-50,"maxY":0,"mode":"slot-top"}}
[SortableRearrange] {"event":"start","activeId":"1779826930314-tyid64u4f","itemCount":2,"layoutStart":{"activeHeight":260.4,"activeTop":0,"listHeight":415.8,"itemRects":[{"id":"1779826930314-tyid64u4f","top":0,"height":260.4},{"id":"1779826922393-tt6gyhm5q","top":268.4,"height":42}]},"clampBounds":{"minY":0,"maxY":268.4,"mode":"slot-top"},"useDragOverlay":false}
[SortableRearrange] {"event":"end","activeId":"1779826930314-tyid64u4f","durationMs":2129,"moveCount":112,"overChangeCount":2,"maxMoveGapMs":214,"finalOverId":"1779826922393-tt6gyhm5q","didReorder":true,"itemCount":2,"layoutStart":{"activeHeight":260.4,"activeTop":0,"listHeight":415.8,"itemRects":[{"id":"1779826930314-tyid64u4f","top":0,"height":260.4},{"id":"1779826922393-tt6gyhm5q","top":268.4,"height":42}]},"layoutEnd":{"activeHeight":260.4,"activeTop":0,"listHeight":415.8,"itemRects":[{"id":"1779826930314-tyid64u4f","top":0,"height":260.4},{"id":"1779826922393-tt6gyhm5q","top":268.4,"height":42}]},"clampBounds":{"minY":0,"maxY":268.4,"mode":"slot-top"}}

===== Text Search Diagnostics =====
[TextSearchDiag] document_key_ready {"at":"2026-05-27T06:09:17.242Z","documentKey":"explicit:00e1cde9-449b-4771-9743-37bd604557a9:SE-011 Security Shop Drawing Rev2 - 05.06.25.pdf-26261080:99","numPages":99}
[TextSearchDiag] search_clear_empty_query {"at":"2026-05-27T06:09:17.565Z","previousResultCount":0,"previousIndex":-1,"documentKey":"explicit:00e1cde9-449b-4771-9743-37bd604557a9:SE-011 Security Shop Drawing Rev2 - 05.06.25.pdf-26261080:99"}
===== End Text Search Diagnostics =====

===== Undo/Redo Chronology =====
events=1
lanes=local annotation history | callout history | legacy history | Yjs/CRDT history
{"seq":1,"order":null,"at":"2026-05-27T06:09:12.378Z","event":"history_reset_for_pdf_change","actionType":"pdf:change","rawActionType":"pdf:change","annotationType":null,"annotationId":null,"pageNumber":null,"lane":null,"receivedStack":null,"chosenStack":null,"chosenLane":null,"decisionReason":null,"undoDepth":0,"redoDepth":0}
===== End Undo/Redo Chronology =====
