===== SurveyApp Save Log =====
version:   0.1.41
runtime:   dev-server
platform:  desktop
device:    Mac
os:        macOS 10.15.7
screen:    1512x982 @2x
viewport:  1203x826
locale:    en-US
timestamp: 2026-05-03T20:15:04.402Z (5/3/2026, 4:15:04 PM)
==============================
[dev-auto-login] boot {"hasDevEmail":true,"devEmailHint":"isai***","hasDevPassword":true,"hasCachedSession":true,"cachedSessionEmail":"isaiahcalvo123@gmail.com","cachedSessionExpiresAt":1777841825}
[dev-auto-login] cached session matches dev email, keeping it
[dev-auto-login] decision {"needsAutoLogin":false,"willAttemptSignIn":false}
[CloudSync][hook] session id minted {"sessionId":"e76b5bec-7b0a-48ab-8a1d-ec6d4755aa6f"}
[AnnotPerf] finalize idle (forced-reset) — deferring CSS transform removal, waiting for PAL confirmation
[DebugBridge +4664.6ms] zoom_start {"scale":0.85,"targetScale":1,"source":"keyboard_toolbar"}
[CloudSync][hook][state-obs] annotationsByPage initial {"currentCount":0,"pages":0,"hydrated":false}
[CloudSync][hook][state-obs] callouts initial {"currentCount":0,"hydrated":false}
[CloudSync][hook] hydrate effect fired {"enabled":false,"documentId":"70dadd86-35f0-432b-925f-c59e919a4e4d","userId":"170d915c-5741-4e0b-b03f-deaeedae27bd","pdfId":null}
[CloudSync][hook] hydrate skipped — missing prerequisite {"enabled":false,"hasDocumentId":true,"hasUserId":true,"hasPdfId":false}
[CSeries wipe] doc=Package 2 - Rev 4 -- IC.pdf-8316501 totalCounters=1 legacyRemoved=0 — nothing to wipe.
[Phase31 UAT] backfill:effect {"hasYdoc":true,"docId":"70dadd86-35f0-432b-925f-c59e919a4e4d","userId":null,"alreadyRanFor":null,"willRun":false}
[CloudSync][hook][state-obs] change {"prevCount":0,"currentCount":3059,"delta":3059,"hydrated":false,"sameRefAsLastByPage":false}
[CloudSync][hook][state-obs] callout change {"prevCount":0,"currentCount":0,"delta":0,"hydrated":false,"sameRefAsLastCallouts":false}
[CloudSync][hook] hydrate effect fired {"enabled":false,"documentId":"70dadd86-35f0-432b-925f-c59e919a4e4d","userId":"170d915c-5741-4e0b-b03f-deaeedae27bd","pdfId":"Package 2 - Rev 4 -- IC.pdf-8316501"}
[CloudSync][hook] hydrate skipped — missing prerequisite {"enabled":false,"hasDocumentId":true,"hasUserId":true,"hasPdfId":true}
[Phase31 UAT] backfill:effect {"hasYdoc":true,"docId":"70dadd86-35f0-432b-925f-c59e919a4e4d","userId":"170d915c-5741-4e0b-b03f-deaeedae27bd","alreadyRanFor":null,"willRun":true}
[Phase31 UAT] backfill:start {"hasYdoc":true,"hasSupabase":true,"documentId":"70dadd86-35f0-432b-925f-c59e919a4e4d","userId":"170d915c-5741-4e0b-b03f-deaeedae27bd","markCutoverComplete":true}
console.warn @ [SupabaseYjsProvider] update exceeds soft cap 39805549 bytes — skipping broadcast
[DebugBridge +7308.7ms] zoom_end {"source":"keyboard_toolbar_settle"}
[CloudSync][hydrate] loadAllNonHighlightAnnotations start {"documentId":"70dadd86-35f0-432b-925f-c59e919a4e4d"}
[HIGHLIGHT-SYNC][load.legacy][pdf=Package 2 - Rev 4 -- IC.pdf] {"documentId":"70dadd86-35f0-432b-925f-c59e919a4e4d","totalRows":1820,"fabricCarryingDropped":1820,"keptCount":0,"keptIds":[]}
[CloudSync][hook] hydrate effect fired {"enabled":true,"documentId":"70dadd86-35f0-432b-925f-c59e919a4e4d","userId":"170d915c-5741-4e0b-b03f-deaeedae27bd","pdfId":"Package 2 - Rev 4 -- IC.pdf-8316501"}
[CloudSync][hook] stage=hydrating
[CloudSync][hook] fabric push skipped — not hydrated yet
[CloudSync][hook] callout push skipped — not hydrated yet
[CloudSync][realtime] subscribing {"documentId":"70dadd86-35f0-432b-925f-c59e919a4e4d","currentUserId":"170d915c-5741-4e0b-b03f-deaeedae27bd","currentSessionId":"e76b5bec-7b0a-48ab-8a1d-ec6d4755aa6f","hasFabricInsert":true,"hasFabricUpdate":true,"hasFabricDelete":true,"hasCalloutInsert":true,"hasCalloutUpdate":true,"hasCalloutDelete":true}
[CloudSync][realtime] subscribe status {"status":"SUBSCRIBED","error":null}
[CloudSync][hook] post-subscribe catch-up skipped — startup sync already in flight
[CloudSync][hook] cutover-complete hydrate — reading from Y.Doc {"documentId":"70dadd86-35f0-432b-925f-c59e919a4e4d","cutoverTs":"2026-05-03T19:12:16.734+00:00"}
[Phase31 UAT] hydrate:cutover-sealed {"documentId":"70dadd86-35f0-432b-925f-c59e919a4e4d","pdfId":"Package 2 - Rev 4 -- IC.pdf-8316501","cutoverTs":"2026-05-03T19:12:16.734+00:00","yMapSize":21530,"materializedTotal":21530,"materializedDrawnByMe":0,"materializedDrawnByOthers":21530,"materializedImported":0,"pages":7,"perPage":{"1":1,"6":541,"7":988,"8":3144,"9":12160,"10":2640,"11":2056},"currentStateCount":3059,"ydocLooksDegenerate":false}
[Phase31 UAT] hydrate:cutover-sealed:by-type {"documentId":"70dadd86-35f0-432b-925f-c59e919a4e4d","pdfFile":"Package 2 - Rev 4 -- IC.pdf-8316501","viewerUserId":"170d915c-5741-4e0b-b03f-deaeedae27bd","yMapTotal":21530,"yMapByType":{"path":21486,"rect":40,"textbox":3,"circle":1},"yMapByAuthor":{"byMe":21530,"byOthers":0,"anonymous":0},"yMapByTypeByAuthor":{"path":{"byMe":21486,"byOthers":0,"anonymous":0},"rect":{"byMe":40,"byOthers":0,"anonymous":0},"textbox":{"byMe":3,"byOthers":0,"anonymous":0},"circle":{"byMe":1,"byOthers":0,"anonymous":0}},"yMapPerTypePerPage":{"path":{"6":536,"7":982,"8":3136,"9":12152,"10":2632,"11":2048},"rect":{"6":2,"7":6,"8":8,"9":8,"10":8,"11":8},"textbox":{"6":3},"circle":{"unknown":1}},"byPageTotal":21530,"byPageByType":{"circle":1,"path":21486,"textbox":3,"rect":40},"byPagePerPagePerType":{"1":{"circle":1},"6":{"path":536,"textbox":3,"rect":2},"7":{"rect":6,"path":982},"8":{"rect":8,"path":3136},"9":{"path":12152,"rect":8},"10":{"path":2632,"rect":8},"11":{"rect":8,"path":2048}}}
[CloudSync][hook][state-obs] change {"prevCount":3059,"currentCount":21530,"delta":18471,"hydrated":true,"sameRefAsLastByPage":true}
[PrintPanel] RENDER — panel closed
console.warn @ [SyncfusionPDFContainer] Failed to set text highlight mode: {}
console.warn @ [CloudSync][hook][state-obs] SHRINK {"prevCount":21530,"currentCount":3059,"delta":-18471,"hydrated":true,"sameRefAsLastByPage":false,"stack":"    at commitHookEffectListMount (http://localhost:5173/node_modules/.vite/deps/chunk-DSUIPI7G.js?v=d338d6e7:23793:34) |     at commitPassiveMountOnFiber (http://localhost:5173/node_modules/.vite/deps/chunk-DSUIPI7G.js?v=d338d6e7:25034:19) |     at commitPassiveMountEffects_complete (http://localhost:5173/node_modules/.vite/deps/chunk-DSUIPI7G.js?v=d338d6e7:25007:17) |     at commitPassiveMountEffects_begin (http://localhost:5173/node_modules/.vite/deps/chunk-DSUIPI7G.js?v=d338d6e7:24997:15) |     at commitPassiveMountEffects (http://localhost:5173/node_modules/.vite/deps/chunk-DSUIPI7G.js?v=d338d6e7:24987:11) |     at flushPassiveEffectsImpl (http://localhost:5173/node_modules/.vite/deps/chunk-DSUIPI7G.js?v=d338d6e7:26368:11)"}
[CloudSync][hook][state-obs] callout change {"prevCount":0,"currentCount":0,"delta":0,"hydrated":true,"sameRefAsLastCallouts":false}
[CloudSync][hook] fabric state changed — debounce push scheduled {"pageCount":7,"objectCount":3059,"priorObjectCount":21530,"isWipePush":false,"debounceMs":800}
[CloudSync][hook] callout state changed — debounce push scheduled {"count":0,"priorCount":0,"isCalloutWipePush":false,"debounceMs":800}
[Counter SVG p1] dispatching renderCounter — i=0, displayNumber=1, fill=#ef4444, numberColor=unset, left=869.89, top=298.11, radius=14
[SVGAnnotationLayer] setRotInputVisible(false) reason=selectedIds.size !== 1
[SVGAnnotationLayer] setRotInputVisible(false) reason=selectedIds.size !== 1
[SVGAnnotationLayer] setRotInputVisible(false) reason=selectedIds.size !== 1
[SVGAnnotationLayer] setRotInputVisible(false) reason=selectedIds.size !== 1
[SVGAnnotationLayer] setRotInputVisible(false) reason=selectedIds.size !== 1
[SVGAnnotationLayer] setRotInputVisible(false) reason=selectedIds.size !== 1
[DebugBridge +9886.5ms] pdf_loaded {"pageCount":36,"currentPage":1}
[CloudSync][hook] fabric push debounce elapsed — pushing now
[Phase31 UAT] save:start {"documentId":"70dadd86-35f0-432b-925f-c59e919a4e4d","pdfId":"Package 2 - Rev 4 -- IC.pdf-8316501","userId":"170d915c-5741-4e0b-b03f-deaeedae27bd","legacyBulkUpsertEnabled":false,"crdtEnabled":true,"ydocMounted":true,"route":"crdt-only","currentTotal":3059,"currentDrawnByMe":0,"currentDrawnByOthers":3059,"currentImported":0,"priorTotal":21530,"priorDrawnByMe":0,"priorImported":0,"deltaTotal":-18471}
[CloudSync][hook] eraser/delete detected — removing rows from cloud {"count":21527,"firstFew":["ink-1777381799486-s7xubh254","ink-1777381799486-noqbii157","ink-1777381799486-byvbnnjyx","ink-1777381799486-0qwqxfeu3","ink-1777381799486-te9lzzuku"]}
[Phase31 UAT] delete:fan-out done {"documentId":"70dadd86-35f0-432b-925f-c59e919a4e4d","pdfId":"Package 2 - Rev 4 -- IC.pdf-8316501","userId":"170d915c-5741-4e0b-b03f-deaeedae27bd","requested":21527,"deleted":21527,"yMapSizeAfter":3}
[Phase31 UAT] save:fan-out done {"documentId":"70dadd86-35f0-432b-925f-c59e919a4e4d","pdfId":"Package 2 - Rev 4 -- IC.pdf-8316501","userId":"170d915c-5741-4e0b-b03f-deaeedae27bd","dispatched":1,"skippedHighlightOrCallout":0,"skippedOtherType":3058,"yMapSizeAfter":3}
[CloudSync][hook] fabric push synced {"count":0}
[CloudSync][hook] callout push debounce elapsed — pushing now
[CloudSync][push] upsertCallouts: nothing to push (empty list)
[CloudSync][hook] callout push synced {"count":0}
[DebugBridge +35746.0ms] zoom_start {"scale":0.91993,"targetScale":0.9,"source":"zoomChange"}
[Phase31 UAT] backfill:degeneracy-probe {"documentId":"70dadd86-35f0-432b-925f-c59e919a4e4d","userId":"170d915c-5741-4e0b-b03f-deaeedae27bd","yMapSize":21530,"legacyCount":22630,"probeOk":true,"tolerance":1132,"yMapLooksHealthy":true}
[HyperlinkDiag] post-load scan {"hyperlinkCount":0,"samples":[]}
[HyperlinkDiag] page 1 layers {"hyperlinkChildren":0,"layerClasses":["DIV","e-spinner-pane e-spin-show","e-pv-page-canvas","e-pv-annotation-canvas","DIV","e-pv-text-layer"]}
[HyperlinkDiag] page 2 layers {"hyperlinkChildren":0,"layerClasses":["DIV","e-spinner-pane e-spin-show","e-pv-page-canvas","e-pv-annotation-canvas","DIV","e-pv-text-layer"]}
[HyperlinkDiag] page 3 layers {"hyperlinkChildren":0,"layerClasses":["DIV","e-spinner-pane e-spin-show","e-pv-page-canvas","e-pv-annotation-canvas","DIV","IMG","IMG","e-pv-text-layer"]}
[HyperlinkDiag] page 4 layers {"hyperlinkChildren":0,"layerClasses":["DIV","e-spinner-pane e-spin-show","e-pv-page-canvas","e-pv-annotation-canvas","DIV","e-pv-text-layer"]}
[HyperlinkDiag] page 5 layers {"hyperlinkChildren":0,"layerClasses":["DIV","e-spinner-pane e-spin-show","e-pv-page-canvas","e-pv-annotation-canvas","DIV"]}
[DebugBridge +38885.5ms] zoom_end {"source":"zoomChange_settle"}
console.error @ [AnnotationSync] Error upserting annotations: {"code":"57014","details":null,"hint":null,"message":"canceling statement due to statement timeout"}
console.error @ [DocumentSync] Sync failed: {"code":"57014","details":null,"hint":null,"message":"canceling statement due to statement timeout"}
[CloudSync][hydrate] loadAllNonHighlightAnnotations ok {"elapsedMs":58772,"totalRowsScanned":24450,"scanned":{"nonHighlight":22630,"legacyFabricHighlights":1820},"totalRows":24450,"rowsByType":{"ink":22584,"square":42,"freetext":4,"highlight":1820},"pagesWithObjects":6,"calloutCount":0}
[Phase31 UAT] focus rehydrate skipped — doc is cutover-sealed, Y.Doc + realtime is source of truth {"documentId":"70dadd86-35f0-432b-925f-c59e919a4e4d","pdfId":"Package 2 - Rev 4 -- IC.pdf-8316501","cutoverTs":"2026-05-03T19:12:16.734+00:00"}
[DebugBridge +295535.2ms] zoom_start {"scale":0.9,"targetScale":0.8800505050505051,"source":"keyboard_toolbar"}
[DebugBridge +296815.1ms] zoom_end {"source":"zoomChange_settle"}
[SVGAnnotationLayer] setRotInputVisible(false) reason=selectedIds.size !== 1
[SVGAnnotationLayer] setRotInputVisible(false) reason=selectedIds.size !== 1
[SVGAnnotationLayer] setRotInputVisible(false) reason=selectedIds.size !== 1
[SVGAnnotationLayer] setRotInputVisible(false) reason=selectedIds.size !== 1