===== SurveyApp Save Log =====
version:   0.1.20
runtime:   dev-server
platform:  desktop
device:    Mac
os:        macOS 10.15.7
screen:    1512x982 @2x
viewport:  1203x826
locale:    en-US
timestamp: 2026-04-26T01:58:59.326Z (4/25/2026, 9:58:59 PM)
==============================
[dev-auto-login] boot {"hasDevEmail":true,"devEmailHint":"isai***","hasDevPassword":true,"hasCachedSession":true,"cachedSessionEmail":"isaiahcalvo123@gmail.com","cachedSessionExpiresAt":1777171061}
[dev-auto-login] cached session matches dev email, keeping it
[dev-auto-login] decision {"needsAutoLogin":false,"willAttemptSignIn":false}
[CloudSync][hook] session id minted {"sessionId":"83a69ef2-49d2-43d1-ad6f-34bf35f0090f"}
[AnnotPerf] finalize idle (forced-reset) — deferring CSS transform removal, waiting for PAL confirmation
[DebugBridge +2785.2ms] zoom_start {"scale":0.8926767676767676,"targetScale":1,"source":"keyboard_toolbar"}
[CloudSync][hook] hydrate effect fired {"enabled":false,"documentId":"1a7f57f8-3796-470e-afd2-f38919a873b3","userId":"170d915c-5741-4e0b-b03f-deaeedae27bd","pdfId":null}
[CloudSync][hook] hydrate skipped — missing prerequisite {"enabled":false,"hasDocumentId":true,"hasUserId":true,"hasPdfId":false}
[CSeries wipe] doc=sync-test.pdf-2489 totalCounters=4 legacyRemoved=0 — nothing to wipe.
[PrintPanel] mount — binding Cmd/Ctrl+P listeners. electronAPI available: true onPrintPdf available: true
[CloudSync][hook] hydrate effect fired {"enabled":false,"documentId":"1a7f57f8-3796-470e-afd2-f38919a873b3","userId":"170d915c-5741-4e0b-b03f-deaeedae27bd","pdfId":"sync-test.pdf-2489"}
[CloudSync][hook] hydrate skipped — missing prerequisite {"enabled":false,"hasDocumentId":true,"hasUserId":true,"hasPdfId":true}
[ZoomLive svg p1] {"interactionPhase":"idle","zoomOverlayTransformActive":true,"viewerScale":0.89268,"measuredScale":0.89268,"committedScale":0,"overlayTransform":"none","overlayTransformScale":1,"pageHostRect":null,"overlayLayerRect":null,"overlayContentRect":null,"legacyCompensationRect":null,"legacyCompensationTransform":"none","palRootRect":null,"canvasContainerRect":null,"palCanvasRect":null,"regionRootRect":null,"regionSvgRect":null,"regionScreenWidth":0,"regionScreenHeight":0,"svgLayerRect":null,"activeSpaceId":null,"activeRegionId":null,"showRegionSelection":false}
[ZoomLive svg p1] {"interactionPhase":"idle","zoomOverlayTransformActive":true,"viewerScale":0.89268,"measuredScale":0.89268,"committedScale":0,"overlayTransform":"none","overlayTransformScale":1,"pageHostRect":null,"overlayLayerRect":null,"overlayContentRect":null,"legacyCompensationRect":null,"legacyCompensationTransform":"none","palRootRect":null,"canvasContainerRect":null,"palCanvasRect":null,"regionRootRect":null,"regionSvgRect":null,"regionScreenWidth":0,"regionScreenHeight":0,"svgLayerRect":null,"activeSpaceId":null,"activeRegionId":null,"showRegionSelection":false}
[CloudSync][hook] hydrate effect fired {"enabled":true,"documentId":"1a7f57f8-3796-470e-afd2-f38919a873b3","userId":"170d915c-5741-4e0b-b03f-deaeedae27bd","pdfId":"sync-test.pdf-2489"}
[CloudSync][hook] stage=hydrating
[CloudSync][hydrate] loadAllNonHighlightAnnotations start {"documentId":"1a7f57f8-3796-470e-afd2-f38919a873b3"}
[CloudSync][hook] fabric push skipped — not hydrated yet
[CloudSync][hook] callout push skipped — not hydrated yet
[CloudSync][realtime] subscribing {"documentId":"1a7f57f8-3796-470e-afd2-f38919a873b3","currentUserId":"170d915c-5741-4e0b-b03f-deaeedae27bd","currentSessionId":"83a69ef2-49d2-43d1-ad6f-34bf35f0090f","hasFabricInsert":true,"hasFabricUpdate":true,"hasFabricDelete":true,"hasCalloutInsert":true,"hasCalloutUpdate":true,"hasCalloutDelete":true}
[CloudSync][hydrate] loadAllNonHighlightAnnotations ok {"elapsedMs":48,"totalRows":0,"rowsByType":{},"pagesWithObjects":0,"calloutCount":0}
[CloudSync][hook] replacing local fabric state with cloud (cloud is authoritative) {"pages":0,"migrationDone":true}
[CloudSync][hook] replacing local callouts with cloud (cloud is authoritative) {"count":0,"migrationDone":true}
[CloudSync][hook] stage=migrating (one-time local→cloud push)
[CloudSync][hook] hydrate+migrate complete — push gate OPEN {"migrationPushed":0}
[CloudSync][realtime] subscribe status {"status":"SUBSCRIBED","error":null}
[CloudSync][hydrate] loadAllNonHighlightAnnotations start {"documentId":"1a7f57f8-3796-470e-afd2-f38919a873b3"}
[ZoomLive svg p1] {"interactionPhase":"idle","zoomOverlayTransformActive":true,"viewerScale":0.89268,"measuredScale":0.89268,"committedScale":0,"overlayTransform":"none","overlayTransformScale":1,"pageHostRect":null,"overlayLayerRect":null,"overlayContentRect":null,"legacyCompensationRect":null,"legacyCompensationTransform":"none","palRootRect":null,"canvasContainerRect":null,"palCanvasRect":null,"regionRootRect":null,"regionSvgRect":null,"regionScreenWidth":0,"regionScreenHeight":0,"svgLayerRect":null,"activeSpaceId":null,"activeRegionId":null,"showRegionSelection":false}
[CloudSync][hydrate] loadAllNonHighlightAnnotations ok {"elapsedMs":104,"totalRows":0,"rowsByType":{},"pagesWithObjects":0,"calloutCount":0}
[CloudSync][hook] post-subscribe catch-up rehydrate complete {"pagesFromCloud":0,"calloutsFromCloud":0}
[PrintPanel] mount — binding Cmd/Ctrl+P listeners. electronAPI available: true onPrintPdf available: true
[PrintPanel] mount — binding Cmd/Ctrl+P listeners. electronAPI available: true onPrintPdf available: true
[PrintPanel] mount — binding Cmd/Ctrl+P listeners. electronAPI available: true onPrintPdf available: true
[PrintPanel] RENDER — panel closed
[CloudSync][hook] fabric state changed — debounce push scheduled {"pageCount":0,"objectCount":0,"debounceMs":800}
[CloudSync][hook] callout state changed — debounce push scheduled {"count":0,"debounceMs":800}
[ZoomLive svg p1] {"interactionPhase":"idle","zoomOverlayTransformActive":true,"viewerScale":0.1,"measuredScale":0.1,"committedScale":0,"overlayTransform":"none","overlayTransformScale":1,"pageHostRect":null,"overlayLayerRect":null,"overlayContentRect":null,"legacyCompensationRect":null,"legacyCompensationTransform":"none","palRootRect":null,"canvasContainerRect":null,"palCanvasRect":null,"regionRootRect":null,"regionSvgRect":null,"regionScreenWidth":0,"regionScreenHeight":0,"svgLayerRect":null,"activeSpaceId":null,"activeRegionId":null,"showRegionSelection":false}
[ZoomLive svg p1] {"interactionPhase":"idle","zoomOverlayTransformActive":true,"viewerScale":0.1,"measuredScale":0.1,"committedScale":1.33333,"overlayTransform":"none","overlayTransformScale":1,"pageHostRect":{"w":816,"h":1056,"left":212,"top":87},"overlayLayerRect":null,"overlayContentRect":null,"legacyCompensationRect":null,"legacyCompensationTransform":"none","palRootRect":null,"canvasContainerRect":null,"palCanvasRect":null,"regionRootRect":null,"regionSvgRect":null,"regionScreenWidth":0,"regionScreenHeight":0,"svgLayerRect":null,"activeSpaceId":null,"activeRegionId":null,"showRegionSelection":false}
[DebugBridge +3936.9ms] pdf_loaded {"pageCount":3,"currentPage":1}
[ZoomLive svg p1] {"interactionPhase":"idle","zoomOverlayTransformActive":true,"viewerScale":0.9,"measuredScale":1.19935,"committedScale":1.19935,"overlayTransform":"none","overlayTransformScale":1,"pageHostRect":{"w":734.398,"h":950.398,"left":252.797,"top":86.195},"overlayLayerRect":null,"overlayContentRect":null,"legacyCompensationRect":null,"legacyCompensationTransform":"none","palRootRect":null,"canvasContainerRect":null,"palCanvasRect":null,"regionRootRect":null,"regionSvgRect":null,"regionScreenWidth":0,"regionScreenHeight":0,"svgLayerRect":null,"activeSpaceId":null,"activeRegionId":null,"showRegionSelection":false}
[ZoomLive svg p1] {"interactionPhase":"idle","zoomOverlayTransformActive":true,"viewerScale":0.67,"measuredScale":0.89379,"committedScale":0.89379,"overlayTransform":"none","overlayTransformScale":1,"pageHostRect":{"w":546.719,"h":707.516,"left":346.633,"top":84.359},"overlayLayerRect":null,"overlayContentRect":null,"legacyCompensationRect":null,"legacyCompensationTransform":"none","palRootRect":null,"canvasContainerRect":null,"palCanvasRect":null,"regionRootRect":null,"regionSvgRect":null,"regionScreenWidth":0,"regionScreenHeight":0,"svgLayerRect":null,"activeSpaceId":null,"activeRegionId":null,"showRegionSelection":false}
[CloudSync][hook] fabric push debounce elapsed — pushing now
[CloudSync][push] upsertAnnotationsByPage: nothing to push (0 rows)
[CloudSync][hook] fabric push synced {"count":0}
[CloudSync][hook] callout push debounce elapsed — pushing now
[CloudSync][push] upsertCallouts: nothing to push (empty list)
[CloudSync][hook] callout push synced {"count":0}
[ZoomLive svg p1] {"interactionPhase":"idle","zoomOverlayTransformActive":true,"viewerScale":0.67,"measuredScale":0.89379,"committedScale":0.89379,"overlayTransform":"none","overlayTransformScale":1,"pageHostRect":{"w":546.719,"h":707.516,"left":346.633,"top":84.359},"overlayLayerRect":null,"overlayContentRect":null,"legacyCompensationRect":null,"legacyCompensationTransform":"none","palRootRect":null,"canvasContainerRect":null,"palCanvasRect":null,"regionRootRect":null,"regionSvgRect":null,"regionScreenWidth":0,"regionScreenHeight":0,"svgLayerRect":null,"activeSpaceId":null,"activeRegionId":null,"showRegionSelection":false}
[HyperlinkDiag] post-load scan {"hyperlinkCount":0,"samples":[]}
[HyperlinkDiag] page 1 layers {"hyperlinkChildren":0,"layerClasses":["DIV","e-spinner-pane e-spin-show","e-pv-page-canvas","DIV","e-pv-annotation-canvas","e-pv-text-layer"]}
[HyperlinkDiag] page 2 layers {"hyperlinkChildren":0,"layerClasses":["DIV","e-spinner-pane e-spin-show","e-pv-page-canvas","DIV","e-pv-annotation-canvas","e-pv-text-layer"]}
[HyperlinkDiag] page 3 layers {"hyperlinkChildren":0,"layerClasses":["DIV","e-spinner-pane e-spin-show","e-pv-page-canvas","DIV","e-pv-annotation-canvas","e-pv-text-layer"]}
[ZoomLive svg p1] {"interactionPhase":"idle","zoomOverlayTransformActive":true,"viewerScale":0.67,"measuredScale":0.89379,"committedScale":0.89379,"overlayTransform":"none","overlayTransformScale":1,"pageHostRect":{"w":546.719,"h":707.516,"left":346.633,"top":84.359},"overlayLayerRect":null,"overlayContentRect":null,"legacyCompensationRect":null,"legacyCompensationTransform":"none","palRootRect":null,"canvasContainerRect":null,"palCanvasRect":null,"regionRootRect":null,"regionSvgRect":null,"regionScreenWidth":0,"regionScreenHeight":0,"svgLayerRect":null,"activeSpaceId":null,"activeRegionId":null,"showRegionSelection":false}
[ZoomLive svg p1] {"interactionPhase":"idle","zoomOverlayTransformActive":true,"viewerScale":0.67,"measuredScale":0.89379,"committedScale":0.89379,"overlayTransform":"none","overlayTransformScale":1,"pageHostRect":{"w":546.719,"h":707.516,"left":346.633,"top":84.359},"overlayLayerRect":null,"overlayContentRect":null,"legacyCompensationRect":null,"legacyCompensationTransform":"none","palRootRect":null,"canvasContainerRect":null,"palCanvasRect":null,"regionRootRect":null,"regionSvgRect":null,"regionScreenWidth":0,"regionScreenHeight":0,"svgLayerRect":null,"activeSpaceId":null,"activeRegionId":null,"showRegionSelection":false}
[DebugBridge +5240.3ms] zoom_end {"source":"zoomChange_settle"}
[App-Debug p1] PAL render — pageSize={w:612, h:792}, layerScale=0.89379, measuredPageScale=0.89379, committedPageScale=0.89379, legacyCommitCompensationPending=false, legacyCommitCompensationScale=1, overlayContentTransformScale=1, storedOverlayTransformScale=1, syncfusionViewerScale=0.67, overlayDiv=true, overlayDivW=547, overlayDivH=708, overlayDivTransform=none, overlayContentTransform=none
[SVG p1] render — 0 objs, viewBox=612x792
[SVGAnnotationLayer] setRotInputVisible(false) reason=selectedIds.size !== 1
[SVG p1] MOUNT — 0 annotations, 0 callouts, viewBox=612x792
[DrawCanvas p1] MOUNT — tool=pen, isShape=false, isDrawingMode=true
[DrawCanvas p1] shape effect — tool=pen, isShape=false, isDrawingMode=true
[App-Debug p1] PAL render — pageSize={w:612, h:792}, layerScale=0.89379, measuredPageScale=0.89379, committedPageScale=0.89379, legacyCommitCompensationPending=false, legacyCommitCompensationScale=1, overlayContentTransformScale=1, storedOverlayTransformScale=1, syncfusionViewerScale=0.67, overlayDiv=true, overlayDivW=547, overlayDivH=708, overlayDivTransform=none, overlayContentTransform=none
[SVG p1] render — 0 objs, viewBox=612x792
[App-Debug p1] PAL render — pageSize={w:612, h:792}, layerScale=0.89379, measuredPageScale=0.89379, committedPageScale=0.89379, legacyCommitCompensationPending=false, legacyCommitCompensationScale=1, overlayContentTransformScale=1, storedOverlayTransformScale=1, syncfusionViewerScale=0.67, overlayDiv=true, overlayDivW=547, overlayDivH=708, overlayDivTransform=none, overlayContentTransform=none
[App-Debug p1] PAL render — pageSize={w:612, h:792}, layerScale=0.89379, measuredPageScale=0.89379, committedPageScale=0.89379, legacyCommitCompensationPending=false, legacyCommitCompensationScale=1, overlayContentTransformScale=1, storedOverlayTransformScale=1, syncfusionViewerScale=0.67, overlayDiv=true, overlayDivW=547, overlayDivH=708, overlayDivTransform=none, overlayContentTransform=none
[SVG p1] render — 0 objs, viewBox=612x792
[App-Debug p1] PAL render — pageSize={w:612, h:792}, layerScale=0.89379, measuredPageScale=0.89379, committedPageScale=0.89379, legacyCommitCompensationPending=false, legacyCommitCompensationScale=1, overlayContentTransformScale=1, storedOverlayTransformScale=1, syncfusionViewerScale=0.67, overlayDiv=true, overlayDivW=547, overlayDivH=708, overlayDivTransform=none, overlayContentTransform=none
[App-Debug p1] PAL render — pageSize={w:612, h:792}, layerScale=0.89379, measuredPageScale=0.89379, committedPageScale=0.89379, legacyCommitCompensationPending=false, legacyCommitCompensationScale=1, overlayContentTransformScale=1, storedOverlayTransformScale=1, syncfusionViewerScale=0.67, overlayDiv=true, overlayDivW=547, overlayDivH=708, overlayDivTransform=none, overlayContentTransform=none
[SVG p1] render — 0 objs, viewBox=612x792
[App-Debug p1] PAL render — pageSize={w:612, h:792}, layerScale=0.89379, measuredPageScale=0.89379, committedPageScale=0.89379, legacyCommitCompensationPending=false, legacyCommitCompensationScale=1, overlayContentTransformScale=1, storedOverlayTransformScale=1, syncfusionViewerScale=0.67, overlayDiv=true, overlayDivW=547, overlayDivH=708, overlayDivTransform=none, overlayContentTransform=none
[App-Debug p1] PAL render — pageSize={w:612, h:792}, layerScale=0.89379, measuredPageScale=0.89379, committedPageScale=0.89379, legacyCommitCompensationPending=false, legacyCommitCompensationScale=1, overlayContentTransformScale=1, storedOverlayTransformScale=1, syncfusionViewerScale=0.67, overlayDiv=true, overlayDivW=547, overlayDivH=708, overlayDivTransform=none, overlayContentTransform=none
[SVG p1] render — 1 objs, viewBox=612x792
[SVG p1] MOUNT — 1 annotations, 0 callouts, viewBox=612x792
[CloudSync][hook] fabric state changed — debounce push scheduled {"pageCount":1,"objectCount":1,"debounceMs":800}
[App-Debug p1] PAL render — pageSize={w:612, h:792}, layerScale=0.89379, measuredPageScale=0.89379, committedPageScale=0.89379, legacyCommitCompensationPending=false, legacyCommitCompensationScale=1, overlayContentTransformScale=1, storedOverlayTransformScale=1, syncfusionViewerScale=0.67, overlayDiv=true, overlayDivW=547, overlayDivH=708, overlayDivTransform=none, overlayContentTransform=none
[SVG p1] render — 1 objs, viewBox=612x792
[App-Debug p1] PAL render — pageSize={w:612, h:792}, layerScale=0.89379, measuredPageScale=0.89379, committedPageScale=0.89379, legacyCommitCompensationPending=false, legacyCommitCompensationScale=1, overlayContentTransformScale=1, storedOverlayTransformScale=1, syncfusionViewerScale=0.67, overlayDiv=true, overlayDivW=547, overlayDivH=708, overlayDivTransform=none, overlayContentTransform=none
[CloudSync][hook] fabric push debounce elapsed — pushing now
[CloudSync][push] upsertAnnotationsByPage start {"documentId":"1a7f57f8-3796-470e-afd2-f38919a873b3","userId":"170d915c-5741-4e0b-b03f-deaeedae27bd","totalRows":1,"rowsByType":{"ink":1},"pages":1}
[App-Debug p1] PAL render — pageSize={w:612, h:792}, layerScale=0.89379, measuredPageScale=0.89379, committedPageScale=0.89379, legacyCommitCompensationPending=false, legacyCommitCompensationScale=1, overlayContentTransformScale=1, storedOverlayTransformScale=1, syncfusionViewerScale=0.67, overlayDiv=true, overlayDivW=547, overlayDivH=708, overlayDivTransform=none, overlayContentTransform=none
[SVG p1] render — 1 objs, viewBox=612x792
[App-Debug p1] PAL render — pageSize={w:612, h:792}, layerScale=0.89379, measuredPageScale=0.89379, committedPageScale=0.89379, legacyCommitCompensationPending=false, legacyCommitCompensationScale=1, overlayContentTransformScale=1, storedOverlayTransformScale=1, syncfusionViewerScale=0.67, overlayDiv=true, overlayDivW=547, overlayDivH=708, overlayDivTransform=none, overlayContentTransform=none
[CloudSync][push] upsertAnnotationsByPage ok {"elapsedMs":84,"rowsReturned":1}
[CloudSync][hook] fabric push synced {"count":1}
[App-Debug p1] PAL render — pageSize={w:612, h:792}, layerScale=0.89379, measuredPageScale=0.89379, committedPageScale=0.89379, legacyCommitCompensationPending=false, legacyCommitCompensationScale=1, overlayContentTransformScale=1, storedOverlayTransformScale=1, syncfusionViewerScale=0.67, overlayDiv=true, overlayDivW=547, overlayDivH=708, overlayDivTransform=none, overlayContentTransform=none
[SVG p1] render — 1 objs, viewBox=612x792
[App-Debug p1] PAL render — pageSize={w:612, h:792}, layerScale=0.89379, measuredPageScale=0.89379, committedPageScale=0.89379, legacyCommitCompensationPending=false, legacyCommitCompensationScale=1, overlayContentTransformScale=1, storedOverlayTransformScale=1, syncfusionViewerScale=0.67, overlayDiv=true, overlayDivW=547, overlayDivH=708, overlayDivTransform=none, overlayContentTransform=none
[CloudSync][realtime] echo-filtered INSERT {"highlightId":"ink-1777168577354-7jbj2g72q","annotationType":"ink","lastModifiedBy":"170d915c-5741-4e0b-b03f-deaeedae27bd","rowSessionId":"83a69ef2-49d2-43d1-ad6f-34bf35f0090f","currentSessionId":"83a69ef2-49d2-43d1-ad6f-34bf35f0090f","reason":"same-session"}
[App-Debug p1] PAL render — pageSize={w:612, h:792}, layerScale=0.89379, measuredPageScale=0.89379, committedPageScale=0.89379, legacyCommitCompensationPending=false, legacyCommitCompensationScale=1, overlayContentTransformScale=1, storedOverlayTransformScale=1, syncfusionViewerScale=0.67, overlayDiv=true, overlayDivW=547, overlayDivH=708, overlayDivTransform=none, overlayContentTransform=none
[SVG p1] render — 1 objs, viewBox=612x792
[App-Debug p1] PAL render — pageSize={w:612, h:792}, layerScale=0.89379, measuredPageScale=0.89379, committedPageScale=0.89379, legacyCommitCompensationPending=false, legacyCommitCompensationScale=1, overlayContentTransformScale=1, storedOverlayTransformScale=1, syncfusionViewerScale=0.67, overlayDiv=true, overlayDivW=547, overlayDivH=708, overlayDivTransform=none, overlayContentTransform=none
[CloudSync][realtime] applying UPDATE fabric {"highlightId":"ink-1777167439469-scj0p7hq5","annotationType":"ink","pageNumber":1,"lastModifiedBy":"170d915c-5741-4e0b-b03f-deaeedae27bd"}
[CloudSync][realtime] applying UPDATE fabric {"highlightId":"ink-1777168577354-7jbj2g72q","annotationType":"ink","pageNumber":1,"lastModifiedBy":"170d915c-5741-4e0b-b03f-deaeedae27bd"}
[CloudSync][realtime] applying INSERT fabric {"highlightId":"ink-1777168581919-lg9a5sslk","annotationType":"ink","pageNumber":1,"lastModifiedBy":"170d915c-5741-4e0b-b03f-deaeedae27bd"}
[App-Debug p1] PAL render — pageSize={w:612, h:792}, layerScale=0.89379, measuredPageScale=0.89379, committedPageScale=0.89379, legacyCommitCompensationPending=false, legacyCommitCompensationScale=1, overlayContentTransformScale=1, storedOverlayTransformScale=1, syncfusionViewerScale=0.67, overlayDiv=true, overlayDivW=547, overlayDivH=708, overlayDivTransform=none, overlayContentTransform=none
[SVG p1] render — 3 objs, viewBox=612x792
[SVG p1] MOUNT — 3 annotations, 0 callouts, viewBox=612x792
[App-Debug p1] PAL render — pageSize={w:612, h:792}, layerScale=0.89379, measuredPageScale=0.89379, committedPageScale=0.89379, legacyCommitCompensationPending=false, legacyCommitCompensationScale=1, overlayContentTransformScale=1, storedOverlayTransformScale=1, syncfusionViewerScale=0.67, overlayDiv=true, overlayDivW=547, overlayDivH=708, overlayDivTransform=none, overlayContentTransform=none
[SVG p1] render — 3 objs, viewBox=612x792
[App-Debug p1] PAL render — pageSize={w:612, h:792}, layerScale=0.89379, measuredPageScale=0.89379, committedPageScale=0.89379, legacyCommitCompensationPending=false, legacyCommitCompensationScale=1, overlayContentTransformScale=1, storedOverlayTransformScale=1, syncfusionViewerScale=0.67, overlayDiv=true, overlayDivW=547, overlayDivH=708, overlayDivTransform=none, overlayContentTransform=none
[App-Debug p1] PAL render — pageSize={w:612, h:792}, layerScale=0.89379, measuredPageScale=0.89379, committedPageScale=0.89379, legacyCommitCompensationPending=false, legacyCommitCompensationScale=1, overlayContentTransformScale=1, storedOverlayTransformScale=1, syncfusionViewerScale=0.67, overlayDiv=true, overlayDivW=547, overlayDivH=708, overlayDivTransform=none, overlayContentTransform=none
[SVG p1] render — 3 objs, viewBox=612x792
[App-Debug p1] PAL render — pageSize={w:612, h:792}, layerScale=0.89379, measuredPageScale=0.89379, committedPageScale=0.89379, legacyCommitCompensationPending=false, legacyCommitCompensationScale=1, overlayContentTransformScale=1, storedOverlayTransformScale=1, syncfusionViewerScale=0.67, overlayDiv=true, overlayDivW=547, overlayDivH=708, overlayDivTransform=none, overlayContentTransform=none
[CloudSync][hydrate] loadAllNonHighlightAnnotations start {"documentId":"1a7f57f8-3796-470e-afd2-f38919a873b3"}
[CloudSync][hydrate] loadAllNonHighlightAnnotations ok {"elapsedMs":123,"totalRows":3,"rowsByType":{"ink":3},"pagesWithObjects":1,"calloutCount":0}
[App-Debug p1] PAL render — pageSize={w:612, h:792}, layerScale=0.89379, measuredPageScale=0.89379, committedPageScale=0.89379, legacyCommitCompensationPending=false, legacyCommitCompensationScale=1, overlayContentTransformScale=1, storedOverlayTransformScale=1, syncfusionViewerScale=0.67, overlayDiv=true, overlayDivW=547, overlayDivH=708, overlayDivTransform=none, overlayContentTransform=none
[SVG p1] render — 3 objs, viewBox=612x792
[App-Debug p1] PAL render — pageSize={w:612, h:792}, layerScale=0.89379, measuredPageScale=0.89379, committedPageScale=0.89379, legacyCommitCompensationPending=false, legacyCommitCompensationScale=1, overlayContentTransformScale=1, storedOverlayTransformScale=1, syncfusionViewerScale=0.67, overlayDiv=true, overlayDivW=547, overlayDivH=708, overlayDivTransform=none, overlayContentTransform=none
[App-Debug p1] PAL render — pageSize={w:612, h:792}, layerScale=0.89379, measuredPageScale=0.89379, committedPageScale=0.89379, legacyCommitCompensationPending=false, legacyCommitCompensationScale=1, overlayContentTransformScale=1, storedOverlayTransformScale=1, syncfusionViewerScale=0.67, overlayDiv=true, overlayDivW=547, overlayDivH=708, overlayDivTransform=none, overlayContentTransform=none
[SVG p1] render — 3 objs, viewBox=612x792
[App-Debug p1] PAL render — pageSize={w:612, h:792}, layerScale=0.89379, measuredPageScale=0.89379, committedPageScale=0.89379, legacyCommitCompensationPending=false, legacyCommitCompensationScale=1, overlayContentTransformScale=1, storedOverlayTransformScale=1, syncfusionViewerScale=0.67, overlayDiv=true, overlayDivW=547, overlayDivH=708, overlayDivTransform=none, overlayContentTransform=none
[App-Debug p1] PAL render — pageSize={w:612, h:792}, layerScale=0.89379, measuredPageScale=0.89379, committedPageScale=0.89379, legacyCommitCompensationPending=false, legacyCommitCompensationScale=1, overlayContentTransformScale=1, storedOverlayTransformScale=1, syncfusionViewerScale=0.67, overlayDiv=true, overlayDivW=547, overlayDivH=708, overlayDivTransform=none, overlayContentTransform=none
[SVG p1] render — 3 objs, viewBox=612x792
[App-Debug p1] PAL render — pageSize={w:612, h:792}, layerScale=0.89379, measuredPageScale=0.89379, committedPageScale=0.89379, legacyCommitCompensationPending=false, legacyCommitCompensationScale=1, overlayContentTransformScale=1, storedOverlayTransformScale=1, syncfusionViewerScale=0.67, overlayDiv=true, overlayDivW=547, overlayDivH=708, overlayDivTransform=none, overlayContentTransform=none
[App-Debug p1] PAL render — pageSize={w:612, h:792}, layerScale=0.89379, measuredPageScale=0.89379, committedPageScale=0.89379, legacyCommitCompensationPending=false, legacyCommitCompensationScale=1, overlayContentTransformScale=1, storedOverlayTransformScale=1, syncfusionViewerScale=0.67, overlayDiv=true, overlayDivW=547, overlayDivH=708, overlayDivTransform=none, overlayContentTransform=none
[SVG p1] render — 3 objs, viewBox=612x792
[App-Debug p1] PAL render — pageSize={w:612, h:792}, layerScale=0.89379, measuredPageScale=0.89379, committedPageScale=0.89379, legacyCommitCompensationPending=false, legacyCommitCompensationScale=1, overlayContentTransformScale=1, storedOverlayTransformScale=1, syncfusionViewerScale=0.67, overlayDiv=true, overlayDivW=547, overlayDivH=708, overlayDivTransform=none, overlayContentTransform=none
[App-Debug p1] PAL render — pageSize={w:612, h:792}, layerScale=0.89379, measuredPageScale=0.89379, committedPageScale=0.89379, legacyCommitCompensationPending=false, legacyCommitCompensationScale=1, overlayContentTransformScale=1, storedOverlayTransformScale=1, syncfusionViewerScale=0.67, overlayDiv=true, overlayDivW=547, overlayDivH=708, overlayDivTransform=none, overlayContentTransform=none
[SVG p1] render — 3 objs, viewBox=612x792
[App-Debug p1] PAL render — pageSize={w:612, h:792}, layerScale=0.89379, measuredPageScale=0.89379, committedPageScale=0.89379, legacyCommitCompensationPending=false, legacyCommitCompensationScale=1, overlayContentTransformScale=1, storedOverlayTransformScale=1, syncfusionViewerScale=0.67, overlayDiv=true, overlayDivW=547, overlayDivH=708, overlayDivTransform=none, overlayContentTransform=none
[App-Debug p1] PAL render — pageSize={w:612, h:792}, layerScale=0.89379, measuredPageScale=0.89379, committedPageScale=0.89379, legacyCommitCompensationPending=false, legacyCommitCompensationScale=1, overlayContentTransformScale=1, storedOverlayTransformScale=1, syncfusionViewerScale=0.67, overlayDiv=true, overlayDivW=547, overlayDivH=708, overlayDivTransform=none, overlayContentTransform=none
[SVG p1] render — 3 objs, viewBox=612x792
[App-Debug p1] PAL render — pageSize={w:612, h:792}, layerScale=0.89379, measuredPageScale=0.89379, committedPageScale=0.89379, legacyCommitCompensationPending=false, legacyCommitCompensationScale=1, overlayContentTransformScale=1, storedOverlayTransformScale=1, syncfusionViewerScale=0.67, overlayDiv=true, overlayDivW=547, overlayDivH=708, overlayDivTransform=none, overlayContentTransform=none
[App-Debug p1] PAL render — pageSize={w:612, h:792}, layerScale=0.89379, measuredPageScale=0.89379, committedPageScale=0.89379, legacyCommitCompensationPending=false, legacyCommitCompensationScale=1, overlayContentTransformScale=1, storedOverlayTransformScale=1, syncfusionViewerScale=0.67, overlayDiv=true, overlayDivW=547, overlayDivH=708, overlayDivTransform=none, overlayContentTransform=none
[SVG p1] render — 3 objs, viewBox=612x792
[App-Debug p1] PAL render — pageSize={w:612, h:792}, layerScale=0.89379, measuredPageScale=0.89379, committedPageScale=0.89379, legacyCommitCompensationPending=false, legacyCommitCompensationScale=1, overlayContentTransformScale=1, storedOverlayTransformScale=1, syncfusionViewerScale=0.67, overlayDiv=true, overlayDivW=547, overlayDivH=708, overlayDivTransform=none, overlayContentTransform=none
[App-Debug p1] PAL render — pageSize={w:612, h:792}, layerScale=0.89379, measuredPageScale=0.89379, committedPageScale=0.89379, legacyCommitCompensationPending=false, legacyCommitCompensationScale=1, overlayContentTransformScale=1, storedOverlayTransformScale=1, syncfusionViewerScale=0.67, overlayDiv=true, overlayDivW=547, overlayDivH=708, overlayDivTransform=none, overlayContentTransform=none
[SVG p1] render — 3 objs, viewBox=612x792
[App-Debug p1] PAL render — pageSize={w:612, h:792}, layerScale=0.89379, measuredPageScale=0.89379, committedPageScale=0.89379, legacyCommitCompensationPending=false, legacyCommitCompensationScale=1, overlayContentTransformScale=1, storedOverlayTransformScale=1, syncfusionViewerScale=0.67, overlayDiv=true, overlayDivW=547, overlayDivH=708, overlayDivTransform=none, overlayContentTransform=none