===== SurveyApp Save Log =====
version:   0.1.46
runtime:   dev-server
platform:  desktop
device:    Mac
os:        macOS 10.15.7
screen:    1512x982 @2x
viewport:  1203x822
locale:    en-US
timestamp: 2026-05-19T02:13:51.504Z (5/18/2026, 10:13:51 PM)
==============================
[DebugBridge +162749.5ms] survey_locate_start {"pageNumber":1,"highlightId":"surveyMarker-1779149067882-re5p2wtnk","currentScale":0.679697546823158,"targetScale":1.5,"shouldZoom":true}
[DebugBridge +162859.7ms] survey_locate_zoom_center {"pageNumber":1,"highlightId":"surveyMarker-1779149067882-re5p2wtnk","targetScale":1.5,"renderedScale":2,"scrollReady":false,"toolbarReady":true,"attempt":0,"centered":true}
[DebugBridge +164805.2ms] survey_locate_start {"pageNumber":1,"highlightId":"surveyMarker-1779146019521-x6ll4lhbq","currentScale":1.5,"targetScale":1.5,"shouldZoom":false}
[DebugBridge +164805.3ms] survey_locate_direct_center {"pageNumber":1,"highlightId":"surveyMarker-1779146019521-x6ll4lhbq","targetScale":1.5}
[DebugBridge +165953.1ms] survey_locate_start {"pageNumber":1,"highlightId":"surveyMarker-1779146043258-vw4papkvg","currentScale":1.5,"targetScale":1.5,"shouldZoom":false}
[DebugBridge +165953.2ms] survey_locate_direct_center {"pageNumber":1,"highlightId":"surveyMarker-1779146043258-vw4papkvg","targetScale":1.5}
[DebugBridge +172636.3ms] survey_locate_start {"pageNumber":1,"highlightId":"surveyMarker-1779146019521-x6ll4lhbq","currentScale":1.5,"targetScale":1.5,"shouldZoom":false}
[DebugBridge +172636.4ms] survey_locate_direct_center {"pageNumber":1,"highlightId":"surveyMarker-1779146019521-x6ll4lhbq","targetScale":1.5}
[DebugBridge +173242.9ms] survey_locate_start {"pageNumber":1,"highlightId":"surveyMarker-1779149067882-re5p2wtnk","currentScale":1.5,"targetScale":1.5,"shouldZoom":false}
[DebugBridge +173243.1ms] survey_locate_direct_center {"pageNumber":1,"highlightId":"surveyMarker-1779149067882-re5p2wtnk","targetScale":1.5}
[DebugBridge +174186.3ms] survey_locate_start {"pageNumber":1,"highlightId":"surveyMarker-1779146054567-6bo4zxqdx","currentScale":1.5,"targetScale":1.5,"shouldZoom":false}
[DebugBridge +174186.5ms] survey_locate_direct_center {"pageNumber":1,"highlightId":"surveyMarker-1779146054567-6bo4zxqdx","targetScale":1.5}
[DebugBridge +175009.4ms] survey_locate_start {"pageNumber":1,"highlightId":"surveyMarker-1779146015119-5v5p5dbvm","currentScale":1.5,"targetScale":1.5,"shouldZoom":false}
[DebugBridge +175009.5ms] survey_locate_direct_center {"pageNumber":1,"highlightId":"surveyMarker-1779146015119-5v5p5dbvm","targetScale":1.5}
[DebugBridge +179711.4ms] survey_locate_start {"pageNumber":1,"highlightId":"surveyMarker-1779146015119-5v5p5dbvm","currentScale":1.5,"targetScale":1.5,"shouldZoom":false}
[DebugBridge +179711.6ms] survey_locate_direct_center {"pageNumber":1,"highlightId":"surveyMarker-1779146015119-5v5p5dbvm","targetScale":1.5}
[DebugBridge +180702.8ms] survey_locate_start {"pageNumber":1,"highlightId":"surveyMarker-1779149067882-re5p2wtnk","currentScale":1.5,"targetScale":1.5,"shouldZoom":false}
[DebugBridge +180703.0ms] survey_locate_direct_center {"pageNumber":1,"highlightId":"surveyMarker-1779149067882-re5p2wtnk","targetScale":1.5}
[DebugBridge +181419.6ms] survey_locate_start {"pageNumber":1,"highlightId":"surveyMarker-1779146019521-x6ll4lhbq","currentScale":1.5,"targetScale":1.5,"shouldZoom":false}
[DebugBridge +181419.7ms] survey_locate_direct_center {"pageNumber":1,"highlightId":"surveyMarker-1779146019521-x6ll4lhbq","targetScale":1.5}
[dev-auto-login] boot {"hasDevEmail":true,"devEmailHint":"isai***","hasDevPassword":true,"hasCachedSession":true,"cachedSessionEmail":"isaiahcalvo123@gmail.com","cachedSessionExpiresAt":1779160234}
[dev-auto-login] cached session matches dev email, keeping it
[dev-auto-login] decision {"needsAutoLogin":false,"willAttemptSignIn":false}
[CloudSync][hook] session id minted {"sessionId":"c195553a-fbea-438c-b49a-b64360892cb0"}
[CloudSync][hook][state-obs] annotationsByPage initial {"currentCount":0,"pages":0,"hydrated":false}
[CloudSync][hook][state-obs] callouts initial {"currentCount":0,"hydrated":false}
[CloudSync][hook] hydrate effect fired {"enabled":false,"hydrateEnabled":true,"documentId":"00e1cde9-449b-4771-9743-37bd604557a9","userId":"170d915c-5741-4e0b-b03f-deaeedae27bd","pdfId":null}
[CloudSync][hook] hydrate skipped — missing prerequisite {"hydrateEnabled":true,"hasDocumentId":true,"hasUserId":true,"hasPdfId":false}
[AnnotationHydrationGate][normal] {"documentId":"00e1cde9-449b-4771-9743-37bd604557a9","pdfId":null,"ready":false,"source":"missing-prerequisite","normalReady":false,"cutoverTs":null,"count":null,"calloutCount":null,"firstPaintGate":true}
[AnnotationHydrationGate][first-page] {"documentId":"00e1cde9-449b-4771-9743-37bd604557a9","pdfId":null,"pageNumber":1,"ready":false,"visualCoverActive":true,"normal":{"documentId":"00e1cde9-449b-4771-9743-37bd604557a9","pdfId":null,"ready":false,"source":"pending","firstPaintGate":true},"survey":{"ready":true,"source":"local"}}
[AnnotationHydrationGate][visual-cover] {"documentId":"00e1cde9-449b-4771-9743-37bd604557a9","pdfId":null,"pageNumber":1,"active":true,"reason":"annotation-hydration-gated"}
[Cloud render cache] doc=SE-011 Security Shop Drawing Rev2 - 05.06.25.pdf-26261080 painting verified cloud snapshot immediately — count=503.
[CSeries wipe] doc=SE-011 Security Shop Drawing Rev2 - 05.06.25.pdf-26261080 totalCounters=1 legacyRemoved=0 — nothing to wipe.
[Phase31 UAT] backfill:effect {"hasYdoc":true,"docId":"00e1cde9-449b-4771-9743-37bd604557a9","userId":null,"alreadyRanFor":null,"willRun":false}
[CloudSync][hook] hydrate effect fired {"enabled":false,"hydrateEnabled":true,"documentId":"00e1cde9-449b-4771-9743-37bd604557a9","userId":"170d915c-5741-4e0b-b03f-deaeedae27bd","pdfId":"SE-011 Security Shop Drawing Rev2 - 05.06.25.pdf-26261080"}
[AnnotationHydrationGate][normal] {"documentId":"00e1cde9-449b-4771-9743-37bd604557a9","pdfId":"SE-011 Security Shop Drawing Rev2 - 05.06.25.pdf-26261080","ready":false,"source":"starting","normalReady":false,"cutoverTs":null,"count":null,"calloutCount":null,"firstPaintGate":true}
[CloudSync][hook] stage=hydrating
[AnnotationHydrationGate][first-page] {"documentId":"00e1cde9-449b-4771-9743-37bd604557a9","pdfId":"SE-011 Security Shop Drawing Rev2 - 05.06.25.pdf-26261080","pageNumber":1,"ready":false,"visualCoverActive":true,"normal":{"documentId":"00e1cde9-449b-4771-9743-37bd604557a9","pdfId":null,"ready":false,"source":"missing-prerequisite","normalReady":false,"cutoverTs":null,"count":null,"calloutCount":null,"firstPaintGate":true},"survey":{"ready":false,"source":"supabase-highlight-starting","documentId":"00e1cde9-449b-4771-9743-37bd604557a9","pdfId":"SE-011 Security Shop Drawing Rev2 - 05.06.25.pdf-26261080"}}
[AnnotationHydrationGate][visual-cover] {"documentId":"00e1cde9-449b-4771-9743-37bd604557a9","pdfId":"SE-011 Security Shop Drawing Rev2 - 05.06.25.pdf-26261080","pageNumber":1,"active":true,"reason":"annotation-hydration-gated"}
[AnnotationHydrationGate][first-page] {"documentId":"00e1cde9-449b-4771-9743-37bd604557a9","pdfId":"SE-011 Security Shop Drawing Rev2 - 05.06.25.pdf-26261080","pageNumber":1,"ready":false,"visualCoverActive":true,"normal":{"documentId":"00e1cde9-449b-4771-9743-37bd604557a9","pdfId":"SE-011 Security Shop Drawing Rev2 - 05.06.25.pdf-26261080","ready":false,"source":"starting","normalReady":false,"cutoverTs":null,"count":null,"calloutCount":null,"firstPaintGate":true},"survey":{"ready":false,"source":"supabase-highlight-starting","documentId":"00e1cde9-449b-4771-9743-37bd604557a9","pdfId":"SE-011 Security Shop Drawing Rev2 - 05.06.25.pdf-26261080"}}
[AnnotationHydrationGate][visual-cover] {"documentId":"00e1cde9-449b-4771-9743-37bd604557a9","pdfId":"SE-011 Security Shop Drawing Rev2 - 05.06.25.pdf-26261080","pageNumber":1,"active":true,"reason":"annotation-hydration-gated"}
[Phase31 UAT] backfill:effect {"hasYdoc":true,"docId":"00e1cde9-449b-4771-9743-37bd604557a9","userId":"170d915c-5741-4e0b-b03f-deaeedae27bd","alreadyRanFor":null,"willRun":true}
[Phase31 UAT] backfill:start {"hasYdoc":true,"hasSupabase":true,"documentId":"00e1cde9-449b-4771-9743-37bd604557a9","userId":"170d915c-5741-4e0b-b03f-deaeedae27bd","markCutoverComplete":true}
[CloudSync][hook] cutover-complete hydrate — reading from Y.Doc {"documentId":"00e1cde9-449b-4771-9743-37bd604557a9","cutoverTs":"2026-05-18T02:05:48.746+00:00"}
[Phase31 UAT] hydrate:cutover-sealed {"documentId":"00e1cde9-449b-4771-9743-37bd604557a9","pdfId":"SE-011 Security Shop Drawing Rev2 - 05.06.25.pdf-26261080","cutoverTs":"2026-05-18T02:05:48.746+00:00","yMapSize":503,"yMapCalloutsSize":4,"materializedTotal":503,"materializedCallouts":4,"materializedDrawnByMe":0,"materializedDrawnByOthers":503,"materializedImported":0,"pages":1,"perPage":{"1":503},"currentStateCount":503,"ydocLooksDegenerate":false}
[Phase31 UAT] hydrate:cutover-sealed:by-type {"documentId":"00e1cde9-449b-4771-9743-37bd604557a9","pdfFile":"SE-011 Security Shop Drawing Rev2 - 05.06.25.pdf-26261080","viewerUserId":"170d915c-5741-4e0b-b03f-deaeedae27bd","yMapTotal":503,"yMapCalloutsTotal":4,"yMapByType":{"path":4,"polygon":1,"rect":494,"circle":1,"ellipse":1,"textbox":2},"yMapByAuthor":{"byMe":0,"byOthers":0,"anonymous":503},"yMapByTypeByAuthor":{"path":{"byMe":0,"byOthers":0,"anonymous":4},"polygon":{"byMe":0,"byOthers":0,"anonymous":1},"rect":{"byMe":0,"byOthers":0,"anonymous":494},"circle":{"byMe":0,"byOthers":0,"anonymous":1},"ellipse":{"byMe":0,"byOthers":0,"anonymous":1},"textbox":{"byMe":0,"byOthers":0,"anonymous":2}},"yMapPerTypePerPage":{"path":{"unknown":4},"polygon":{"unknown":1},"rect":{"unknown":494},"circle":{"unknown":1},"ellipse":{"unknown":1},"textbox":{"unknown":2}},"byPageTotal":503,"byPageByType":{"path":4,"polygon":1,"rect":494,"circle":1,"ellipse":1,"textbox":2},"byPagePerPagePerType":{"1":{"path":4,"polygon":1,"rect":494,"circle":1,"ellipse":1,"textbox":2}}}
[CloudSync][hydrate] loadAllNonSurveyMarkerAnnotations start {"documentId":"00e1cde9-449b-4771-9743-37bd604557a9"}
[SURVEY-MARKER-SYNC][load.legacy][pdf=SE-011 Security Shop Drawing Rev2 - 05.06.25.pdf] {"documentId":"00e1cde9-449b-4771-9743-37bd604557a9","totalRows":6,"fabricCarryingDropped":0,"keptCount":6,"keptIds":["surveyMarker-1779149067882-re5p2wtnk","surveyMarker-1779146043258-vw4papkvg","surveyMarker-1779146054567-6bo4zxqdx","surveyMarker-1779146015119-5v5p5dbvm","surveyMarker-1779146019521-x6ll4lhbq","highlight-1779059167789-838vhdof8"]}
[AnnotationHydrationGate][survey] supabase surveyMarkers complete {"documentId":"00e1cde9-449b-4771-9743-37bd604557a9","pdfId":"SE-011 Security Shop Drawing Rev2 - 05.06.25.pdf-26261080","count":6}
[AnnotationHydrationGate][first-page] {"documentId":"00e1cde9-449b-4771-9743-37bd604557a9","pdfId":"SE-011 Security Shop Drawing Rev2 - 05.06.25.pdf-26261080","pageNumber":1,"ready":false,"visualCoverActive":true,"normal":{"documentId":"00e1cde9-449b-4771-9743-37bd604557a9","pdfId":"SE-011 Security Shop Drawing Rev2 - 05.06.25.pdf-26261080","ready":false,"source":"starting","normalReady":false,"cutoverTs":null,"count":null,"calloutCount":null,"firstPaintGate":true},"survey":{"ready":true,"source":"supabase-highlight","documentId":"00e1cde9-449b-4771-9743-37bd604557a9","pdfId":"SE-011 Security Shop Drawing Rev2 - 05.06.25.pdf-26261080","count":6}}
[AnnotationHydrationGate][visual-cover] {"documentId":"00e1cde9-449b-4771-9743-37bd604557a9","pdfId":"SE-011 Security Shop Drawing Rev2 - 05.06.25.pdf-26261080","pageNumber":1,"active":true,"reason":"annotation-hydration-gated"}
[PDFImport] skipped embedded PDF annotation import — cloud/Y.Doc is authoritative {"documentId":"00e1cde9-449b-4771-9743-37bd604557a9"}
[Phase31 UAT] backfill:cutover-dedupe-anchor-skip {"documentId":"00e1cde9-449b-4771-9743-37bd604557a9","userId":"170d915c-5741-4e0b-b03f-deaeedae27bd","yMapSize":503,"lastGoodSize":502}
[crdtDedupePdfImports] removed 1 duplicate PDF-imported annotations across 4 unique signatures
[CloudSync][hook] dedupe-resync — restoring state {"documentId":"00e1cde9-449b-4771-9743-37bd604557a9","removed":1,"resyncCount":502}
[CloudSync][hook][state-obs] SHRINK {"prevCount":503,"currentCount":502,"delta":-1,"hydrated":false,"sameRefAsLastByPage":true,"stack":"    at commitHookEffectListMount (http://localhost:5173/node_modules/.vite/deps/chunk-DSUIPI7G.js?v=cbd96b62:23793:34) |     at commitPassiveMountOnFiber (http://localhost:5173/node_modules/.vite/deps/chunk-DSUIPI7G.js?v=cbd96b62:25034:19) |     at commitPassiveMountEffects_complete (http://localhost:5173/node_modules/.vite/deps/chunk-DSUIPI7G.js?v=cbd96b62:25007:17) |     at commitPassiveMountEffects_begin (http://localhost:5173/node_modules/.vite/deps/chunk-DSUIPI7G.js?v=cbd96b62:24997:15) |     at commitPassiveMountEffects (http://localhost:5173/node_modules/.vite/deps/chunk-DSUIPI7G.js?v=cbd96b62:24987:11) |     at flushPassiveEffectsImpl (http://localhost:5173/node_modules/.vite/deps/chunk-DSUIPI7G.js?v=cbd96b62:26368:11)"}
[CloudSync][hook] fabric push skipped — not hydrated yet
[CloudSync][hook] callout push skipped — not hydrated yet
[CloudSync][realtime] subscribing {"documentId":"00e1cde9-449b-4771-9743-37bd604557a9","currentUserId":"170d915c-5741-4e0b-b03f-deaeedae27bd","currentSessionId":"c195553a-fbea-438c-b49a-b64360892cb0","hasFabricInsert":true,"hasFabricUpdate":true,"hasFabricDelete":true,"hasCalloutInsert":true,"hasCalloutUpdate":true,"hasCalloutDelete":true}
[CloudSync][realtime] subscribe status {"status":"SUBSCRIBED","error":null}
[Phase31 UAT] post-subscribe catch-up skipped — doc is cutover-sealed, Y.Doc + realtime is source of truth {"documentId":"00e1cde9-449b-4771-9743-37bd604557a9","pdfId":"SE-011 Security Shop Drawing Rev2 - 05.06.25.pdf-26261080","cutoverTs":"2026-05-18T02:05:48.746+00:00","ydocAuthoritative":true}
[CloudSync][hydrate] loadAllNonSurveyMarkerAnnotations ok {"elapsedMs":523,"totalRowsScanned":507,"scanned":{"nonSurveyMarker":507,"legacyFabricSurveyMarkers":0},"totalRows":507,"rowsByType":{"polygon":1,"ink":4,"counter":1,"square":494,"circle":1,"freetext":2,"callout":4},"pagesWithObjects":26,"calloutCount":4}
[CloudSync][verify] first read summary {"contextLabel":"cutover-source-of-truth","documentId":"00e1cde9-449b-4771-9743-37bd604557a9","elapsedMs":524,"firstFabricPages":26,"firstFabricObjects":503,"firstCallouts":4,"firstEmpty":false,"localFabricCount":503,"localCalloutCount":4,"localHasData":true,"willVerify":false}
[CloudSync][source-of-truth] cutover initial hydrate selected Supabase durable snapshot {"documentId":"00e1cde9-449b-4771-9743-37bd604557a9","pdfId":"SE-011 Security Shop Drawing Rev2 - 05.06.25.pdf-26261080","cutoverTs":"2026-05-18T02:05:48.746+00:00","ydocFabricCount":503,"ydocCalloutCount":4,"supabaseFabricCount":503,"supabaseCalloutCount":4,"rule":"Supabase durable snapshot wins initial load; Y.Doc is reshaped for live collaboration"}
[Phase31 UAT] save:fan-out done {"documentId":"00e1cde9-449b-4771-9743-37bd604557a9","pdfId":"SE-011 Security Shop Drawing Rev2 - 05.06.25.pdf-26261080","userId":"170d915c-5741-4e0b-b03f-deaeedae27bd","actionType":null,"dispatched":503,"yDocUpdateCount":503,"detected":503,"skippedSurveyMarkerOrCallout":0,"skippedOtherType":0,"rawTypeBreakdown":{"pen":2,"counter":1,"rect":494,"ellipse":1,"textbox":2,"highlighter":1,"polygon":1,"path":1},"resolvedTypeBreakdown":{"ink":4,"counter":1,"square":494,"circle":1,"freetext":2,"polygon":1},"skipReasons":{},"skipSamples":[],"yMapSizeAfter":503}
[CloudSync][hook] callout Y.Doc fan-out done {"documentId":"00e1cde9-449b-4771-9743-37bd604557a9","pdfId":"SE-011 Security Shop Drawing Rev2 - 05.06.25.pdf-26261080","userId":"170d915c-5741-4e0b-b03f-deaeedae27bd","actionType":"callout:delta","upserted":4,"deleted":0,"yDocUpdateCount":4,"yMapCalloutsSizeAfter":4}
[AnnotationHydrationGate][normal] {"documentId":"00e1cde9-449b-4771-9743-37bd604557a9","pdfId":"SE-011 Security Shop Drawing Rev2 - 05.06.25.pdf-26261080","ready":true,"source":"supabase-durable-snapshot","normalReady":true,"cutoverTs":"2026-05-18T02:05:48.746+00:00","count":503,"calloutCount":4,"firstPaintGate":true}
[AnnotationHydrationGate][first-page] {"documentId":"00e1cde9-449b-4771-9743-37bd604557a9","pdfId":"SE-011 Security Shop Drawing Rev2 - 05.06.25.pdf-26261080","pageNumber":1,"ready":true,"visualCoverActive":false,"normal":{"documentId":"00e1cde9-449b-4771-9743-37bd604557a9","pdfId":"SE-011 Security Shop Drawing Rev2 - 05.06.25.pdf-26261080","ready":true,"source":"supabase-durable-snapshot","normalReady":true,"cutoverTs":"2026-05-18T02:05:48.746+00:00","count":503,"calloutCount":4,"firstPaintGate":true},"survey":{"ready":true,"source":"supabase-highlight","documentId":"00e1cde9-449b-4771-9743-37bd604557a9","pdfId":"SE-011 Security Shop Drawing Rev2 - 05.06.25.pdf-26261080","count":6}}
[AnnotationHydrationGate][visual-cover] {"documentId":"00e1cde9-449b-4771-9743-37bd604557a9","pdfId":"SE-011 Security Shop Drawing Rev2 - 05.06.25.pdf-26261080","pageNumber":1,"active":false,"reason":"hydration-ready"}
[PDFCounterImport] summary {"marker":"survey-counter","metadataKey":"SurveyApp","counterAnnotationsImported":0,"plainCirclesImported":0,"counterMetadataParseFailures":0,"appCalloutMarker":"survey-callout","appCalloutMetadataKey":"SurveyAppCallout","appCalloutAnnotationsImported":0,"appCalloutPiecesSkipped":0}
[PDFAppLayerStateImport] summary {"found":false,"documentId":null,"exportId":null,"scopedAnnotationPages":0,"scopedCallouts":0,"surveyMarkers":0,"spaces":0}
[PDFImport] native layer policy {"documentId":"00e1cde9-449b-4771-9743-37bd604557a9","cloudAuthoritative":true,"reason":"cloud/Y.Doc annotations are authoritative; native PDF annotation layer is hidden when all renderable native annotations are accounted for by importer diagnostics.","pages":{"1":{"hideNativeLayer":true,"nativeRenderableAnnotationCount":2,"nativeOnlyAnnotationCount":0,"reason":"all-renderable-native-annotations-imported-as-editable-app-annotations"},"2":{"hideNativeLayer":false,"nativeRenderableAnnotationCount":0,"nativeOnlyAnnotationCount":0,"reason":"no-renderable-native-annotations"},"3":{"hideNativeLayer":false,"nativeRenderableAnnotationCount":0,"nativeOnlyAnnotationCount":0,"reason":"no-renderable-native-annotations"},"4":{"hideNativeLayer":false,"nativeRenderableAnnotationCount":0,"nativeOnlyAnnotationCount":0,"reason":"no-renderable-native-annotations"},"5":{"hideNativeLayer":false,"nativeRenderableAnnotationCount":0,"nativeOnlyAnnotationCount":0,"reason":"no-renderable-native-annotations"},"6":{"hideNativeLayer":false,"nativeRenderableAnnotationCount":0,"nativeOnlyAnnotationCount":0,"reason":"no-renderable-native-annotations"},"7":{"hideNativeLayer":false,"nativeRenderableAnnotationCount":0,"nativeOnlyAnnotationCount":0,"reason":"no-renderable-native-annotations"},"8":{"hideNativeLayer":false,"nativeRenderableAnnotationCount":0,"nativeOnlyAnnotationCount":0,"reason":"no-renderable-native-annotations"},"9":{"hideNativeLayer":false,"nativeRenderableAnnotationCount":0,"nativeOnlyAnnotationCount":0,"reason":"no-renderable-native-annotations"},"10":{"hideNativeLayer":false,"nativeRenderableAnnotationCount":0,"nativeOnlyAnnotationCount":0,"reason":"no-renderable-native-annotations"},"11":{"hideNativeLayer":false,"nativeRenderableAnnotationCount":0,"nativeOnlyAnnotationCount":0,"reason":"no-renderable-native-annotations"},"12":{"hideNativeLayer":false,"nativeRenderableAnnotationCount":0,"nativeOnlyAnnotationCount":0,"reason":"no-renderable-native-annotations"},"13":{"hideNativeLayer":false,"nativeRenderableAnnotationCount":0,"nativeOnlyAnnotationCount":0,"reason":"no-renderable-native-annotations"},"14":{"hideNativeLayer":false,"nativeRenderableAnnotationCount":0,"nativeOnlyAnnotationCount":0,"reason":"no-renderable-native-annotations"},"15":{"hideNativeLayer":false,"nativeRenderableAnnotationCount":0,"nativeOnlyAnnotationCount":0,"reason":"no-renderable-native-annotations"},"16":{"hideNativeLayer":false,"nativeRenderableAnnotationCount":0,"nativeOnlyAnnotationCount":0,"reason":"no-renderable-native-annotations"},"17":{"hideNativeLayer":false,"nativeRenderableAnnotationCount":0,"nativeOnlyAnnotationCount":0,"reason":"no-renderable-native-annotations"},"18":{"hideNativeLayer":false,"nativeRenderableAnnotationCount":0,"nativeOnlyAnnotationCount":0,"reason":"no-renderable-native-annotations"},"19":{"hideNativeLayer":false,"nativeRenderableAnnotationCount":0,"nativeOnlyAnnotationCount":0,"reason":"no-renderable-native-annotations"},"20":{"hideNativeLayer":false,"nativeRenderableAnnotationCount":0,"nativeOnlyAnnotationCount":0,"reason":"no-renderable-native-annotations"},"21":{"hideNativeLayer":false,"nativeRenderableAnnotationCount":0,"nativeOnlyAnnotationCount":0,"reason":"no-renderable-native-annotations"},"22":{"hideNativeLayer":false,"nativeRenderableAnnotationCount":0,"nativeOnlyAnnotationCount":0,"reason":"no-renderable-native-annotations"},"23":{"hideNativeLayer":false,"nativeRenderableAnnotationCount":0,"nativeOnlyAnnotationCount":0,"reason":"no-renderable-native-annotations"},"24":{"hideNativeLayer":false,"nativeRenderableAnnotationCount":0,"nativeOnlyAnnotationCount":0,"reason":"no-renderable-native-annotations"},"25":{"hideNativeLayer":false,"nativeRenderableAnnotationCount":0,"nativeOnlyAnnotationCount":0,"reason":"no-renderable-native-annotations"},"26":{"hideNativeLayer":false,"nativeRenderableAnnotationCount":0,"nativeOnlyAnnotationCount":0,"reason":"no-renderable-native-annotations"},"27":{"hideN... [truncated 24 chars]
[PrintPanel] RENDER — panel closed
[SVGAnnotationLayer] setRotInputVisible(false) reason=no single rotation target selected
[SVGAnnotationLayer] setRotInputVisible(false) reason=no single rotation target selected
[SVGAnnotationLayer] setRotInputVisible(false) reason=no single rotation target selected
[SVGAnnotationLayer] setRotInputVisible(false) reason=no single rotation target selected
[DebugBridge +7909.2ms] pdf_loaded {"pageCount":99,"currentPage":1}
[DebugBridge +7979.1ms] zoom_start {"scale":0.8799,"targetScale":0.9,"source":"zoomChange"}
[HyperlinkDiag] post-load scan {"hyperlinkCount":0,"samples":[]}
[HyperlinkDiag] page 1 layers {"hyperlinkChildren":0,"layerClasses":["DIV","e-spinner-pane e-spin-hide","e-pv-page-canvas","e-pv-annotation-canvas","DIV","IMG","IMG","IMG","IMG","e-pv-text-layer"]}
[HyperlinkDiag] page 2 layers {"hyperlinkChildren":0,"layerClasses":["DIV","e-spinner-pane e-spin-hide","e-pv-page-canvas","e-pv-annotation-canvas","DIV","IMG","e-pv-text-layer","IMG","IMG","IMG"]}
[HyperlinkDiag] page 3 layers {"hyperlinkChildren":0,"layerClasses":["DIV","e-spinner-pane e-spin-hide","e-pv-page-canvas","e-pv-annotation-canvas","DIV","e-pv-text-layer","IMG","IMG","IMG","IMG"]}
[HyperlinkDiag] page 4 layers {"hyperlinkChildren":0,"layerClasses":["DIV","e-spinner-pane e-spin-hide","e-pv-page-canvas","e-pv-annotation-canvas","DIV","IMG","e-pv-text-layer","IMG"]}
[HyperlinkDiag] page 5 layers {"hyperlinkChildren":0,"layerClasses":["DIV","e-spinner-pane e-spin-show","e-pv-page-canvas","e-pv-annotation-canvas","DIV"]}
[HyperlinkDiag] page 6 layers {"hyperlinkChildren":0,"layerClasses":["DIV","e-spinner-pane e-spin-show","e-pv-page-canvas","e-pv-annotation-canvas","DIV"]}
[HyperlinkDiag] page 7 layers {"hyperlinkChildren":0,"layerClasses":["DIV","e-spinner-pane e-spin-show","e-pv-page-canvas","e-pv-annotation-canvas","DIV"]}
[HyperlinkDiag] page 8 layers {"hyperlinkChildren":0,"layerClasses":["DIV","e-spinner-pane e-spin-show","e-pv-page-canvas","e-pv-annotation-canvas","DIV"]}
[HyperlinkDiag] page 9 layers {"hyperlinkChildren":0,"layerClasses":["DIV","e-spinner-pane e-spin-show","e-pv-page-canvas","e-pv-annotation-canvas","DIV"]}
[HyperlinkDiag] page 10 layers {"hyperlinkChildren":0,"layerClasses":["DIV","e-spinner-pane e-spin-show","e-pv-page-canvas","e-pv-annotation-canvas","DIV"]}
[DebugBridge +9625.5ms] zoom_end {"source":"zoomChange_settle"}
[DrawCanvas p1] MOUNT — tool=survey-marker, isShape=true, isDrawingMode=false
[DrawCanvas p1] shape effect — tool=survey-marker, isShape=true, isDrawingMode=false
[DrawCanvas p5] MOUNT — tool=survey-marker, isShape=true, isDrawingMode=false
[DrawCanvas p5] shape effect — tool=survey-marker, isShape=true, isDrawingMode=false
[SVGAnnotationLayer] setRotInputVisible(false) reason=no single rotation target selected
[SVGAnnotationLayer] setRotInputVisible(false) reason=no single rotation target selected
[SVGAnnotationLayer] setRotInputVisible(false) reason=no single rotation target selected
[DrawCanvas p4] MOUNT — tool=survey-marker, isShape=true, isDrawingMode=false
[DrawCanvas p4] shape effect — tool=survey-marker, isShape=true, isDrawingMode=false
[SVGAnnotationLayer] setRotInputVisible(false) reason=no single rotation target selected
[DrawCanvas p5] MOUNT — tool=survey-marker, isShape=true, isDrawingMode=false
[DrawCanvas p5] shape effect — tool=survey-marker, isShape=true, isDrawingMode=false
[SVGAnnotationLayer] setRotInputVisible(false) reason=no single rotation target selected
[SVGAnnotationLayer] setRotInputVisible(false) reason=no single rotation target selected
[Phase31 UAT] focus rehydrate skipped — doc is cutover-sealed, Y.Doc + realtime is source of truth {"documentId":"00e1cde9-449b-4771-9743-37bd604557a9","pdfId":"SE-011 Security Shop Drawing Rev2 - 05.06.25.pdf-26261080","cutoverTs":"2026-05-18T02:05:48.746+00:00","ydocAuthoritative":true}
[PreviewDiag] sync push {"kind":"survey-marker","count":1,"surveyMarkerCount":6}
[Phase31 UAT] focus rehydrate skipped — doc is cutover-sealed, Y.Doc + realtime is source of truth {"documentId":"00e1cde9-449b-4771-9743-37bd604557a9","pdfId":"SE-011 Security Shop Drawing Rev2 - 05.06.25.pdf-26261080","cutoverTs":"2026-05-18T02:05:48.746+00:00","ydocAuthoritative":true}
[DebugBridge +109053.0ms] wheel_scroll_motion {"eventCount":5,"rawAbsX":14,"rawAbsY":14,"rawX":14,"rawY":-14,"clippedAbsX":14,"clippedAbsY":14,"clippedX":14,"clippedY":-14,"requestedAppliedX":14.364,"requestedAppliedY":-14.364,"appliedX":14.364,"appliedY":-14.364,"actualX":14,"actualY":-6,"sensitivity":1.026,"currentZoomForScroll":1,"maxScrollStepX":16,"maxScrollStepY":16,"diagonalEvents":5,"clippedEvents":0}
[DebugBridge +109078.0ms] wheel_scroll_motion {"eventCount":5,"rawAbsX":24,"rawAbsY":22,"rawX":24,"rawY":-22,"clippedAbsX":24,"clippedAbsY":22,"clippedX":24,"clippedY":-22,"requestedAppliedX":24.624000000000002,"requestedAppliedY":-22.572,"appliedX":16,"appliedY":-16,"actualX":16,"actualY":0,"sensitivity":1.026,"currentZoomForScroll":1,"maxScrollStepX":16,"maxScrollStepY":16,"diagonalEvents":5,"clippedEvents":0}
[DebugBridge +109102.7ms] wheel_scroll_motion {"eventCount":4,"rawAbsX":30,"rawAbsY":20,"rawX":30,"rawY":-20,"clippedAbsX":30,"clippedAbsY":20,"clippedX":30,"clippedY":-20,"requestedAppliedX":30.78,"requestedAppliedY":-20.520000000000003,"appliedX":16,"appliedY":-16,"actualX":16,"actualY":0,"sensitivity":1.026,"currentZoomForScroll":1,"maxScrollStepX":16,"maxScrollStepY":16,"diagonalEvents":4,"clippedEvents":0}
[DebugBridge +109127.4ms] wheel_scroll_motion {"eventCount":6,"rawAbsX":30,"rawAbsY":20,"rawX":30,"rawY":-20,"clippedAbsX":30,"clippedAbsY":20,"clippedX":30,"clippedY":-20,"requestedAppliedX":30.78,"requestedAppliedY":-20.52,"appliedX":16,"appliedY":-16,"actualX":16,"actualY":0,"sensitivity":1.026,"currentZoomForScroll":1,"maxScrollStepX":16,"maxScrollStepY":16,"diagonalEvents":6,"clippedEvents":0}
[DebugBridge +109152.0ms] wheel_scroll_motion {"eventCount":6,"rawAbsX":20,"rawAbsY":14,"rawX":20,"rawY":-14,"clippedAbsX":20,"clippedAbsY":14,"clippedX":20,"clippedY":-14,"requestedAppliedX":20.52,"requestedAppliedY":-14.364,"appliedX":16,"appliedY":-14.364,"actualX":16,"actualY":0,"sensitivity":1.026,"currentZoomForScroll":1,"maxScrollStepX":16,"maxScrollStepY":16,"diagonalEvents":6,"clippedEvents":0}
[DebugBridge +109177.9ms] wheel_scroll_motion {"eventCount":7,"rawAbsX":20,"rawAbsY":14,"rawX":20,"rawY":-14,"clippedAbsX":20,"clippedAbsY":14,"clippedX":20,"clippedY":-14,"requestedAppliedX":20.52,"requestedAppliedY":-14.363999999999999,"appliedX":16,"appliedY":-14.363999999999999,"actualX":16,"actualY":0,"sensitivity":1.026,"currentZoomForScroll":1,"maxScrollStepX":16,"maxScrollStepY":16,"diagonalEvents":7,"clippedEvents":0}
[DebugBridge +109210.8ms] wheel_scroll_motion {"eventCount":6,"rawAbsX":18,"rawAbsY":12,"rawX":18,"rawY":-12,"clippedAbsX":18,"clippedAbsY":12,"clippedX":18,"clippedY":-12,"requestedAppliedX":18.468,"requestedAppliedY":-12.312,"appliedX":16,"appliedY":-12.312,"actualX":16,"actualY":0,"sensitivity":1.026,"currentZoomForScroll":1,"maxScrollStepX":16,"maxScrollStepY":16,"diagonalEvents":6,"clippedEvents":0}
[DebugBridge +109242.7ms] wheel_scroll_motion {"eventCount":2,"rawAbsX":4,"rawAbsY":4,"rawX":4,"rawY":-4,"clippedAbsX":4,"clippedAbsY":4,"clippedX":4,"clippedY":-4,"requestedAppliedX":4.104,"requestedAppliedY":-4.104,"appliedX":4.104,"appliedY":-4.104,"actualX":4,"actualY":0,"sensitivity":1.026,"currentZoomForScroll":1,"maxScrollStepX":16,"maxScrollStepY":16,"diagonalEvents":2,"clippedEvents":0}
[DebugBridge +109269.0ms] wheel_scroll_motion {"eventCount":7,"rawAbsX":18,"rawAbsY":18,"rawX":18,"rawY":-18,"clippedAbsX":18,"clippedAbsY":18,"clippedX":18,"clippedY":-18,"requestedAppliedX":18.468,"requestedAppliedY":-18.468,"appliedX":16,"appliedY":-16,"actualX":16,"actualY":0,"sensitivity":1.026,"currentZoomForScroll":1,"maxScrollStepX":16,"maxScrollStepY":16,"diagonalEvents":7,"clippedEvents":0}
[DebugBridge +109294.2ms] wheel_scroll_motion {"eventCount":6,"rawAbsX":12,"rawAbsY":12,"rawX":12,"rawY":-12,"clippedAbsX":12,"clippedAbsY":12,"clippedX":12,"clippedY":-12,"requestedAppliedX":12.312,"requestedAppliedY":-12.312,"appliedX":12.312,"appliedY":-12.312,"actualX":12,"actualY":0,"sensitivity":1.026,"currentZoomForScroll":1,"maxScrollStepX":16,"maxScrollStepY":16,"diagonalEvents":6,"clippedEvents":0}
[DebugBridge +109319.2ms] wheel_scroll_motion {"eventCount":6,"rawAbsX":12,"rawAbsY":12,"rawX":12,"rawY":-12,"clippedAbsX":12,"clippedAbsY":12,"clippedX":12,"clippedY":-12,"requestedAppliedX":12.312,"requestedAppliedY":-12.312,"appliedX":12.312,"appliedY":-12.312,"actualX":12,"actualY":0,"sensitivity":1.026,"currentZoomForScroll":1,"maxScrollStepX":16,"maxScrollStepY":16,"diagonalEvents":6,"clippedEvents":0}
[DebugBridge +109343.8ms] wheel_scroll_motion {"eventCount":4,"rawAbsX":10,"rawAbsY":10,"rawX":10,"rawY":-10,"clippedAbsX":10,"clippedAbsY":10,"clippedX":10,"clippedY":-10,"requestedAppliedX":10.260000000000002,"requestedAppliedY":-10.260000000000002,"appliedX":10.260000000000002,"appliedY":-10.260000000000002,"actualX":10,"actualY":0,"sensitivity":1.026,"currentZoomForScroll":1,"maxScrollStepX":16,"maxScrollStepY":16,"diagonalEvents":4,"clippedEvents":0}
[DebugBridge +109369.5ms] wheel_scroll_motion {"eventCount":5,"rawAbsX":12,"rawAbsY":16,"rawX":12,"rawY":-16,"clippedAbsX":12,"clippedAbsY":16,"clippedX":12,"clippedY":-16,"requestedAppliedX":12.312,"requestedAppliedY":-16.416,"appliedX":12.312,"appliedY":-16,"actualX":12,"actualY":0,"sensitivity":1.026,"currentZoomForScroll":1,"maxScrollStepX":16,"maxScrollStepY":16,"diagonalEvents":5,"clippedEvents":0}
[DebugBridge +109394.7ms] wheel_scroll_motion {"eventCount":7,"rawAbsX":16,"rawAbsY":20,"rawX":16,"rawY":-20,"clippedAbsX":16,"clippedAbsY":20,"clippedX":16,"clippedY":-20,"requestedAppliedX":16.416,"requestedAppliedY":-20.52,"appliedX":16,"appliedY":-16,"actualX":16,"actualY":0,"sensitivity":1.026,"currentZoomForScroll":1,"maxScrollStepX":16,"maxScrollStepY":16,"diagonalEvents":7,"clippedEvents":0}
[DebugBridge +109423.7ms] wheel_scroll_motion {"eventCount":2,"rawAbsX":4,"rawAbsY":6,"rawX":4,"rawY":-6,"clippedAbsX":4,"clippedAbsY":6,"clippedX":4,"clippedY":-6,"requestedAppliedX":4.104,"requestedAppliedY":-6.156000000000001,"appliedX":4.104,"appliedY":-6.156000000000001,"actualX":4,"actualY":0,"sensitivity":1.026,"currentZoomForScroll":1,"maxScrollStepX":16,"maxScrollStepY":16,"diagonalEvents":2,"clippedEvents":0}
[DebugBridge +109449.5ms] wheel_scroll_motion {"eventCount":6,"rawAbsX":26,"rawAbsY":34,"rawX":26,"rawY":-34,"clippedAbsX":26,"clippedAbsY":34,"clippedX":26,"clippedY":-34,"requestedAppliedX":26.676,"requestedAppliedY":-34.884,"appliedX":16.416,"appliedY":-20.52,"actualX":16,"actualY":0,"sensitivity":1.026,"currentZoomForScroll":1,"maxScrollStepX":16.416,"maxScrollStepY":20.52,"diagonalEvents":6,"clippedEvents":0}
[DebugBridge +109475.1ms] wheel_scroll_motion {"eventCount":5,"rawAbsX":14,"rawAbsY":20,"rawX":14,"rawY":-20,"clippedAbsX":14,"clippedAbsY":20,"clippedX":14,"clippedY":-20,"requestedAppliedX":14.364,"requestedAppliedY":-20.52,"appliedX":14.364,"appliedY":-16,"actualX":14,"actualY":0,"sensitivity":1.026,"currentZoomForScroll":1,"maxScrollStepX":16,"maxScrollStepY":16,"diagonalEvents":5,"clippedEvents":0}
[DebugBridge +109510.8ms] wheel_scroll_motion {"eventCount":3,"rawAbsX":6,"rawAbsY":8,"rawX":6,"rawY":-8,"clippedAbsX":6,"clippedAbsY":8,"clippedX":6,"clippedY":-8,"requestedAppliedX":6.156000000000001,"requestedAppliedY":-8.208,"appliedX":6.156000000000001,"appliedY":-8.208,"actualX":6,"actualY":0,"sensitivity":1.026,"currentZoomForScroll":1,"maxScrollStepX":16,"maxScrollStepY":16,"diagonalEvents":3,"clippedEvents":0}
[Diag] tool-switch DETECTED → select (scheduling t+1000ms capture)
[Diag select] screenshot saved (301 KB) → /Users/isaiahcalvo/Desktop/Survey-BetaSafeS2/TestLogs/testlog-screenshot-select.png
[Diag select] CAPTURED @ t+1002ms — annotations=10 callouts=3 svgWrappers=2 svgVis=[visible,visible] svgElems=0 svgVisElems=0 eraserCanvases=0 svgMarkupBytes=2616
[DebugBridge +162749.9ms] zoom_start {"scale":0.679697546823158,"targetScale":1.5,"source":"keyboard_toolbar"}
[DebugBridge +164225.8ms] zoom_end {"source":"zoomChange_settle"}
[UndoDiag] {"seq":2,"order":1,"at":"2026-05-19T02:13:20.835Z","event":"checkpoint_added","actionType":"delete","rawActionType":"highlight:delete","annotationType":"fabric","annotationId":"surveyMarker-1779146043258-vw4papkvg","pageNumber":1,"lane":"legacy history","receivedStack":"legacyUndoHistory","chosenStack":null,"chosenLane":"legacy history","decisionReason":null,"undoDepth":1,"redoDepth":0}
[Phase31 UAT] focus rehydrate skipped — doc is cutover-sealed, Y.Doc + realtime is source of truth {"documentId":"00e1cde9-449b-4771-9743-37bd604557a9","pdfId":"SE-011 Security Shop Drawing Rev2 - 05.06.25.pdf-26261080","cutoverTs":"2026-05-18T02:05:48.746+00:00","ydocAuthoritative":true}
[DocumentSync] unmount flush — pushing pending highlight sync
[CloudSync][realtime] applying DELETE {"payloadKeys":["id"]}
[Phase31 UAT] delete-fallback refetch skipped — doc is cutover-sealed, Y.Doc + realtime is source of truth {"documentId":"00e1cde9-449b-4771-9743-37bd604557a9","pdfId":"SE-011 Security Shop Drawing Rev2 - 05.06.25.pdf-26261080","cutoverTs":"2026-05-18T02:05:48.746+00:00","ydocAuthoritative":true}
[SURVEY-MARKER-SYNC][push.delete-diff][pdf=SE-011 Security Shop Drawing Rev2 - 05.06.25.pdf] {"documentId":"00e1cde9-449b-4771-9743-37bd604557a9","userId":"170d915c-5741-4e0b-b03f-deaeedae27bd","deletedIds":["surveyMarker-1779146043258-vw4papkvg"],"deletedCount":1,"priorCount":6,"currentCount":5,"cloudResult":"OK","cloudError":null}
[UndoDiag] {"seq":3,"order":2,"at":"2026-05-19T02:13:23.646Z","event":"checkpoint_added","actionType":"delete","rawActionType":"highlight:delete","annotationType":"fabric","annotationId":"highlight-1779059167789-838vhdof8","pageNumber":4,"lane":"legacy history","receivedStack":"legacyUndoHistory","chosenStack":null,"chosenLane":"legacy history","decisionReason":null,"undoDepth":2,"redoDepth":0}
[DocumentSync] unmount flush — pushing pending highlight sync
[Phase31 UAT] focus rehydrate skipped — doc is cutover-sealed, Y.Doc + realtime is source of truth {"documentId":"00e1cde9-449b-4771-9743-37bd604557a9","pdfId":"SE-011 Security Shop Drawing Rev2 - 05.06.25.pdf-26261080","cutoverTs":"2026-05-18T02:05:48.746+00:00","ydocAuthoritative":true}
[SURVEY-MARKER-SYNC][push.delete-diff][pdf=SE-011 Security Shop Drawing Rev2 - 05.06.25.pdf] {"documentId":"00e1cde9-449b-4771-9743-37bd604557a9","userId":"170d915c-5741-4e0b-b03f-deaeedae27bd","deletedIds":["surveyMarker-1779146043258-vw4papkvg"],"deletedCount":1,"priorCount":6,"currentCount":5,"cloudResult":"OK","cloudError":null}
[CloudSync][realtime] applying DELETE {"payloadKeys":["id"]}
[Phase31 UAT] delete-fallback refetch skipped — doc is cutover-sealed, Y.Doc + realtime is source of truth {"documentId":"00e1cde9-449b-4771-9743-37bd604557a9","pdfId":"SE-011 Security Shop Drawing Rev2 - 05.06.25.pdf-26261080","cutoverTs":"2026-05-18T02:05:48.746+00:00","ydocAuthoritative":true}
[DocumentSync] unmount flush — pushing pending highlight sync
[SURVEY-MARKER-SYNC][push.delete-diff][pdf=SE-011 Security Shop Drawing Rev2 - 05.06.25.pdf] {"documentId":"00e1cde9-449b-4771-9743-37bd604557a9","userId":"170d915c-5741-4e0b-b03f-deaeedae27bd","deletedIds":["surveyMarker-1779146043258-vw4papkvg","highlight-1779059167789-838vhdof8"],"deletedCount":2,"priorCount":6,"currentCount":4,"cloudResult":"OK","cloudError":null}
[CloudSync][realtime] applying DELETE {"payloadKeys":["id"]}
[Phase31 UAT] delete-fallback refetch skipped — doc is cutover-sealed, Y.Doc + realtime is source of truth {"documentId":"00e1cde9-449b-4771-9743-37bd604557a9","pdfId":"SE-011 Security Shop Drawing Rev2 - 05.06.25.pdf-26261080","cutoverTs":"2026-05-18T02:05:48.746+00:00","ydocAuthoritative":true}
[DocumentSync] unmount flush — pushing pending highlight sync
[SURVEY-MARKER-SYNC][push.delete-diff][pdf=SE-011 Security Shop Drawing Rev2 - 05.06.25.pdf] {"documentId":"00e1cde9-449b-4771-9743-37bd604557a9","userId":"170d915c-5741-4e0b-b03f-deaeedae27bd","deletedIds":["surveyMarker-1779146043258-vw4papkvg","highlight-1779059167789-838vhdof8"],"deletedCount":2,"priorCount":6,"currentCount":4,"cloudResult":"OK","cloudError":null}
[UndoDiag] {"seq":4,"order":3,"at":"2026-05-19T02:13:29.935Z","event":"checkpoint_added","actionType":"delete","rawActionType":"highlight:delete","annotationType":"fabric","annotationId":"surveyMarker-1779146054567-6bo4zxqdx","pageNumber":1,"lane":"legacy history","receivedStack":"legacyUndoHistory","chosenStack":null,"chosenLane":"legacy history","decisionReason":null,"undoDepth":3,"redoDepth":0}
[DocumentSync] unmount flush — pushing pending highlight sync
[Phase31 UAT] focus rehydrate skipped — doc is cutover-sealed, Y.Doc + realtime is source of truth {"documentId":"00e1cde9-449b-4771-9743-37bd604557a9","pdfId":"SE-011 Security Shop Drawing Rev2 - 05.06.25.pdf-26261080","cutoverTs":"2026-05-18T02:05:48.746+00:00","ydocAuthoritative":true}
[SURVEY-MARKER-SYNC][push.delete-diff][pdf=SE-011 Security Shop Drawing Rev2 - 05.06.25.pdf] {"documentId":"00e1cde9-449b-4771-9743-37bd604557a9","userId":"170d915c-5741-4e0b-b03f-deaeedae27bd","deletedIds":["surveyMarker-1779146043258-vw4papkvg","highlight-1779059167789-838vhdof8"],"deletedCount":2,"priorCount":6,"currentCount":4,"cloudResult":"OK","cloudError":null}
[DocumentSync] unmount flush — pushing pending highlight sync
[CloudSync][realtime] applying DELETE {"payloadKeys":["id"]}
[Phase31 UAT] delete-fallback refetch skipped — doc is cutover-sealed, Y.Doc + realtime is source of truth {"documentId":"00e1cde9-449b-4771-9743-37bd604557a9","pdfId":"SE-011 Security Shop Drawing Rev2 - 05.06.25.pdf-26261080","cutoverTs":"2026-05-18T02:05:48.746+00:00","ydocAuthoritative":true}
[SURVEY-MARKER-SYNC][push.delete-diff][pdf=SE-011 Security Shop Drawing Rev2 - 05.06.25.pdf] {"documentId":"00e1cde9-449b-4771-9743-37bd604557a9","userId":"170d915c-5741-4e0b-b03f-deaeedae27bd","deletedIds":["surveyMarker-1779146043258-vw4papkvg","surveyMarker-1779146054567-6bo4zxqdx","highlight-1779059167789-838vhdof8"],"deletedCount":3,"priorCount":6,"currentCount":3,"cloudResult":"OK","cloudError":null}
[DocumentSync] unmount flush — pushing pending highlight sync
[CloudSync][realtime] applying DELETE {"payloadKeys":["id"]}
[Phase31 UAT] delete-fallback refetch skipped — doc is cutover-sealed, Y.Doc + realtime is source of truth {"documentId":"00e1cde9-449b-4771-9743-37bd604557a9","pdfId":"SE-011 Security Shop Drawing Rev2 - 05.06.25.pdf-26261080","cutoverTs":"2026-05-18T02:05:48.746+00:00","ydocAuthoritative":true}
[SURVEY-MARKER-SYNC][push.delete-diff][pdf=SE-011 Security Shop Drawing Rev2 - 05.06.25.pdf] {"documentId":"00e1cde9-449b-4771-9743-37bd604557a9","userId":"170d915c-5741-4e0b-b03f-deaeedae27bd","deletedIds":["surveyMarker-1779146043258-vw4papkvg","surveyMarker-1779146054567-6bo4zxqdx","highlight-1779059167789-838vhdof8"],"deletedCount":3,"priorCount":6,"currentCount":3,"cloudResult":"OK","cloudError":null}
[SVGAnnotationLayer] setRotInputVisible(false) reason=no single rotation target selected
[SVGAnnotationLayer] setRotInputVisible(false) reason=no single rotation target selected
[SURVEY-MARKER-SYNC][push.delete-diff][pdf=SE-011 Security Shop Drawing Rev2 - 05.06.25.pdf] {"documentId":"00e1cde9-449b-4771-9743-37bd604557a9","userId":"170d915c-5741-4e0b-b03f-deaeedae27bd","deletedIds":["surveyMarker-1779146043258-vw4papkvg","surveyMarker-1779146054567-6bo4zxqdx","highlight-1779059167789-838vhdof8"],"deletedCount":3,"priorCount":6,"currentCount":3,"cloudResult":"OK","cloudError":null}
[PreviewDiag] sync push {"kind":"survey-marker","count":1,"surveyMarkerCount":3}
[Phase31 UAT] focus rehydrate skipped — doc is cutover-sealed, Y.Doc + realtime is source of truth {"documentId":"00e1cde9-449b-4771-9743-37bd604557a9","pdfId":"SE-011 Security Shop Drawing Rev2 - 05.06.25.pdf-26261080","cutoverTs":"2026-05-18T02:05:48.746+00:00","ydocAuthoritative":true}
[UndoDiag] {"seq":5,"order":4,"at":"2026-05-19T02:13:44.906Z","event":"checkpoint_added","actionType":"delete","rawActionType":"highlight:delete","annotationType":"fabric","annotationId":"surveyMarker-1779146019521-x6ll4lhbq","pageNumber":1,"lane":"legacy history","receivedStack":"legacyUndoHistory","chosenStack":null,"chosenLane":"legacy history","decisionReason":null,"undoDepth":4,"redoDepth":0}
[SVGAnnotationLayer] setRotInputVisible(false) reason=no single rotation target selected
[CloudSync][realtime] applying DELETE {"payloadKeys":["id"]}
[Phase31 UAT] delete-fallback refetch skipped — doc is cutover-sealed, Y.Doc + realtime is source of truth {"documentId":"00e1cde9-449b-4771-9743-37bd604557a9","pdfId":"SE-011 Security Shop Drawing Rev2 - 05.06.25.pdf-26261080","cutoverTs":"2026-05-18T02:05:48.746+00:00","ydocAuthoritative":true}
[DocumentSync] unmount flush — pushing pending highlight sync
[SURVEY-MARKER-SYNC][push.delete-diff][pdf=SE-011 Security Shop Drawing Rev2 - 05.06.25.pdf] {"documentId":"00e1cde9-449b-4771-9743-37bd604557a9","userId":"170d915c-5741-4e0b-b03f-deaeedae27bd","deletedIds":["surveyMarker-1779146019521-x6ll4lhbq"],"deletedCount":1,"priorCount":3,"currentCount":2,"cloudResult":"OK","cloudError":null}

===== Undo/Redo Chronology =====
events=5
lanes=local annotation history | callout history | legacy history | Yjs/CRDT history
{"seq":1,"order":null,"at":"2026-05-19T02:10:37.304Z","event":"history_reset_for_pdf_change","actionType":"pdf:change","rawActionType":"pdf:change","annotationType":null,"annotationId":null,"pageNumber":null,"lane":null,"receivedStack":null,"chosenStack":null,"chosenLane":null,"decisionReason":null,"undoDepth":0,"redoDepth":0}
{"seq":2,"order":1,"at":"2026-05-19T02:13:20.835Z","event":"checkpoint_added","actionType":"delete","rawActionType":"highlight:delete","annotationType":"fabric","annotationId":"surveyMarker-1779146043258-vw4papkvg","pageNumber":1,"lane":"legacy history","receivedStack":"legacyUndoHistory","chosenStack":null,"chosenLane":"legacy history","decisionReason":null,"undoDepth":1,"redoDepth":0}
{"seq":3,"order":2,"at":"2026-05-19T02:13:23.646Z","event":"checkpoint_added","actionType":"delete","rawActionType":"highlight:delete","annotationType":"fabric","annotationId":"highlight-1779059167789-838vhdof8","pageNumber":4,"lane":"legacy history","receivedStack":"legacyUndoHistory","chosenStack":null,"chosenLane":"legacy history","decisionReason":null,"undoDepth":2,"redoDepth":0}
{"seq":4,"order":3,"at":"2026-05-19T02:13:29.935Z","event":"checkpoint_added","actionType":"delete","rawActionType":"highlight:delete","annotationType":"fabric","annotationId":"surveyMarker-1779146054567-6bo4zxqdx","pageNumber":1,"lane":"legacy history","receivedStack":"legacyUndoHistory","chosenStack":null,"chosenLane":"legacy history","decisionReason":null,"undoDepth":3,"redoDepth":0}
{"seq":5,"order":4,"at":"2026-05-19T02:13:44.906Z","event":"checkpoint_added","actionType":"delete","rawActionType":"highlight:delete","annotationType":"fabric","annotationId":"surveyMarker-1779146019521-x6ll4lhbq","pageNumber":1,"lane":"legacy history","receivedStack":"legacyUndoHistory","chosenStack":null,"chosenLane":"legacy history","decisionReason":null,"undoDepth":4,"redoDepth":0}
===== End Undo/Redo Chronology =====
