===== SurveyApp Save Log =====
version:   0.1.45
runtime:   dev-server
platform:  desktop
device:    Mac
os:        macOS 10.15.7
screen:    1512x982 @2x
viewport:  1512x826
locale:    en-US
timestamp: 2026-05-10T01:24:46.265Z (5/9/2026, 9:24:46 PM)
==============================
[dev-auto-login] boot {"hasDevEmail":true,"devEmailHint":"isai***","hasDevPassword":true,"hasCachedSession":true,"cachedSessionEmail":"isaiahcalvo123@gmail.com","cachedSessionExpiresAt":1778379507}
[dev-auto-login] cached session matches dev email, keeping it
[dev-auto-login] decision {"needsAutoLogin":false,"willAttemptSignIn":false}
[CloudSync][hook] session id minted {"sessionId":"85f464fc-6a13-4e44-a740-6778eccd3d27"}
[CloudSync][hook][state-obs] annotationsByPage initial {"currentCount":0,"pages":0,"hydrated":false}
[CloudSync][hook][state-obs] callouts initial {"currentCount":0,"hydrated":false}
[CloudSync][hook] hydrate effect fired {"enabled":false,"documentId":"d30ac66b-5d2e-4a93-aab3-8fdd84a0af86","userId":"170d915c-5741-4e0b-b03f-deaeedae27bd","pdfId":null}
[CloudSync][hook] hydrate skipped — missing prerequisite {"enabled":false,"hasDocumentId":true,"hasUserId":true,"hasPdfId":false}
[Cloud render cache] doc=Package 2 - Rev 4 -- IC.pdf-6291605 painting verified cloud snapshot immediately — count=2893.
[CSeries wipe] doc=Package 2 - Rev 4 -- IC.pdf-6291605 totalCounters=4 legacyRemoved=0 — nothing to wipe.
[Phase31 UAT] backfill:effect {"hasYdoc":true,"docId":"d30ac66b-5d2e-4a93-aab3-8fdd84a0af86","userId":null,"alreadyRanFor":null,"willRun":false}
[CloudSync][hook] hydrate effect fired {"enabled":false,"documentId":"d30ac66b-5d2e-4a93-aab3-8fdd84a0af86","userId":"170d915c-5741-4e0b-b03f-deaeedae27bd","pdfId":"Package 2 - Rev 4 -- IC.pdf-6291605"}
[CloudSync][hook] hydrate skipped — missing prerequisite {"enabled":false,"hasDocumentId":true,"hasUserId":true,"hasPdfId":true}
[Phase31 UAT] backfill:effect {"hasYdoc":true,"docId":"d30ac66b-5d2e-4a93-aab3-8fdd84a0af86","userId":"170d915c-5741-4e0b-b03f-deaeedae27bd","alreadyRanFor":null,"willRun":true}
[Phase31 UAT] backfill:start {"hasYdoc":true,"hasSupabase":true,"documentId":"d30ac66b-5d2e-4a93-aab3-8fdd84a0af86","userId":"170d915c-5741-4e0b-b03f-deaeedae27bd","markCutoverComplete":true}
[PDFImport] skipped embedded PDF annotation import — cloud/Y.Doc is authoritative {"documentId":"d30ac66b-5d2e-4a93-aab3-8fdd84a0af86"}
[PrintPanel] RENDER — panel closed
[DebugBridge +5384.3ms] zoom_start {"scale":0.67,"targetScale":0.9,"source":"zoomChange"}
[HIGHLIGHT-SYNC][load.legacy][pdf=Package 2 - Rev 4 -- IC.pdf] {"documentId":"d30ac66b-5d2e-4a93-aab3-8fdd84a0af86","totalRows":1034,"fabricCarryingDropped":1020,"keptCount":14,"keptIds":["callout-kr1r6s2p7-mowha2jq","callout-gv2zijtrp-mowlfqkm","callout-dfnbz2aw3-mowkd3t5","callout-mai6znevs-moxfkw5x","callout-ph3kx1olt-mowc8itj","callout-lqcure00r-mowl5vda","callout-ccafnn51k-mowd7oki","callout-ovfeg2740-mowm3h36","callout-kcow5cnqm-mown14qj","callout-p4yg4d7go-moxhy1d4","callout-rjiv9a6ny-mowhwncn","highlight-1778372438311-7506gg6co","callout-y80wmirkg-moxi65qa","callout-65eoe6g1s-mow9cjau"]}
[SVGAnnotationLayer] setRotInputVisible(false) reason=selectedIds.size !== 1
[Phase31 UAT] backfill:cutover-dedupe-anchor-skip {"documentId":"d30ac66b-5d2e-4a93-aab3-8fdd84a0af86","userId":"170d915c-5741-4e0b-b03f-deaeedae27bd","yMapSize":2893,"lastGoodSize":2899}
[DebugBridge +5964.9ms] pdf_loaded {"pageCount":36,"currentPage":1}
[HyperlinkDiag] post-load scan {"hyperlinkCount":0,"samples":[]}
[HyperlinkDiag] page 1 layers {"hyperlinkChildren":0,"layerClasses":["DIV","e-spinner-pane e-spin-show","e-pv-page-canvas","e-pv-annotation-canvas","DIV","e-pv-text-layer"]}
[HyperlinkDiag] page 2 layers {"hyperlinkChildren":0,"layerClasses":["DIV","e-spinner-pane e-spin-show","e-pv-page-canvas","e-pv-annotation-canvas","DIV","e-pv-text-layer"]}
[HyperlinkDiag] page 3 layers {"hyperlinkChildren":0,"layerClasses":["DIV","e-spinner-pane e-spin-hide","e-pv-page-canvas","e-pv-annotation-canvas","DIV","IMG","IMG","IMG","IMG","e-pv-text-layer"]}
[HyperlinkDiag] page 4 layers {"hyperlinkChildren":0,"layerClasses":["DIV","e-spinner-pane e-spin-hide","e-pv-page-canvas","e-pv-annotation-canvas","DIV","IMG","IMG","IMG","IMG"]}
[HyperlinkDiag] page 5 layers {"hyperlinkChildren":0,"layerClasses":["DIV","e-spinner-pane e-spin-hide","e-pv-page-canvas","e-pv-annotation-canvas","DIV","IMG","IMG","IMG"]}
[HyperlinkDiag] page 6 layers {"hyperlinkChildren":0,"layerClasses":["DIV","e-spinner-pane e-spin-show","e-pv-page-canvas","e-pv-annotation-canvas","DIV"]}
[HyperlinkDiag] page 7 layers {"hyperlinkChildren":0,"layerClasses":["DIV","e-spinner-pane e-spin-show","e-pv-page-canvas","e-pv-annotation-canvas","DIV"]}
[HyperlinkDiag] page 8 layers {"hyperlinkChildren":0,"layerClasses":["DIV","e-spinner-pane e-spin-show","e-pv-page-canvas","e-pv-annotation-canvas","DIV"]}
[HyperlinkDiag] page 9 layers {"hyperlinkChildren":0,"layerClasses":["DIV","e-spinner-pane e-spin-show","e-pv-page-canvas","e-pv-annotation-canvas","DIV"]}
[HyperlinkDiag] page 10 layers {"hyperlinkChildren":0,"layerClasses":["DIV","e-spinner-pane e-spin-show","e-pv-page-canvas","e-pv-annotation-canvas","DIV"]}
[DebugBridge +7464.1ms] zoom_end {"source":"zoomChange_settle"}
[CloudSync][hook] hydrate effect fired {"enabled":true,"documentId":"d30ac66b-5d2e-4a93-aab3-8fdd84a0af86","userId":"170d915c-5741-4e0b-b03f-deaeedae27bd","pdfId":"Package 2 - Rev 4 -- IC.pdf-6291605"}
[CloudSync][hook] stage=hydrating
[CloudSync][hook] fabric push skipped — not hydrated yet
[CloudSync][hook] callout push skipped — not hydrated yet
[CloudSync][realtime] subscribing {"documentId":"d30ac66b-5d2e-4a93-aab3-8fdd84a0af86","currentUserId":"170d915c-5741-4e0b-b03f-deaeedae27bd","currentSessionId":"85f464fc-6a13-4e44-a740-6778eccd3d27","hasFabricInsert":true,"hasFabricUpdate":true,"hasFabricDelete":true,"hasCalloutInsert":true,"hasCalloutUpdate":true,"hasCalloutDelete":true}
[CloudSync][realtime] subscribe status {"status":"SUBSCRIBED","error":null}
[CloudSync][hook] post-subscribe catch-up skipped — startup sync already in flight
[CloudSync][hook] cutover-complete hydrate — reading from Y.Doc {"documentId":"d30ac66b-5d2e-4a93-aab3-8fdd84a0af86","cutoverTs":"2026-05-05T16:30:00.778+00:00"}
[Phase31 UAT] hydrate:cutover-sealed {"documentId":"d30ac66b-5d2e-4a93-aab3-8fdd84a0af86","pdfId":"Package 2 - Rev 4 -- IC.pdf-6291605","cutoverTs":"2026-05-05T16:30:00.778+00:00","yMapSize":2893,"materializedTotal":2893,"materializedDrawnByMe":2893,"materializedDrawnByOthers":0,"materializedImported":0,"pages":7,"perPage":{"1":17,"6":360,"7":146,"8":393,"9":1390,"10":330,"11":257},"currentStateCount":2893,"ydocLooksDegenerate":false}
[Phase31 UAT] hydrate:cutover-sealed:by-type {"documentId":"d30ac66b-5d2e-4a93-aab3-8fdd84a0af86","pdfFile":"Package 2 - Rev 4 -- IC.pdf-6291605","viewerUserId":"170d915c-5741-4e0b-b03f-deaeedae27bd","yMapTotal":2893,"yMapByType":{"path":2871,"rect":6,"textbox":1,"callout":11,"circle":4},"yMapByAuthor":{"byMe":2893,"byOthers":0,"anonymous":0},"yMapByTypeByAuthor":{"path":{"byMe":2871,"byOthers":0,"anonymous":0},"rect":{"byMe":6,"byOthers":0,"anonymous":0},"textbox":{"byMe":1,"byOthers":0,"anonymous":0},"callout":{"byMe":11,"byOthers":0,"anonymous":0},"circle":{"byMe":4,"byOthers":0,"anonymous":0}},"yMapPerTypePerPage":{"path":{"6":357,"7":145,"8":392,"9":1389,"10":329,"11":256,"unknown":3},"rect":{"6":1,"7":1,"8":1,"9":1,"10":1,"11":1},"textbox":{"6":1},"callout":{"1":10,"6":1},"circle":{"unknown":4}},"byPageTotal":2893,"byPageByType":{"path":2871,"callout":11,"circle":4,"rect":6,"textbox":1},"byPagePerPagePerType":{"1":{"path":3,"callout":10,"circle":4},"6":{"path":357,"rect":1,"textbox":1,"callout":1},"7":{"path":145,"rect":1},"8":{"path":392,"rect":1},"9":{"path":1389,"rect":1},"10":{"rect":1,"path":329},"11":{"path":256,"rect":1}}}
[DebugBridge +8724.4ms] wheel_scroll_motion {"eventCount":4,"rawAbsX":24,"rawAbsY":58,"rawX":-24,"rawY":-58,"clippedAbsX":24,"clippedAbsY":58,"clippedX":-24,"clippedY":-58,"requestedAppliedX":-24.624000000000002,"requestedAppliedY":-59.724000000000004,"appliedX":-18.468,"appliedY":-45.144,"actualX":0,"actualY":0,"sensitivity":1.026,"currentZoomForScroll":1,"maxScrollStepX":18.468,"maxScrollStepY":45.144,"diagonalEvents":3,"clippedEvents":0}
[DebugBridge +8754.0ms] wheel_scroll_motion {"eventCount":4,"rawAbsX":8,"rawAbsY":38,"rawX":-8,"rawY":-38,"clippedAbsX":8,"clippedAbsY":38,"clippedX":-8,"clippedY":-38,"requestedAppliedX":-8.208,"requestedAppliedY":-38.988,"appliedX":-8.208,"appliedY":-16,"actualX":0,"actualY":0,"sensitivity":1.026,"currentZoomForScroll":1,"maxScrollStepX":16,"maxScrollStepY":16,"diagonalEvents":4,"clippedEvents":0}
[DebugBridge +8801.2ms] wheel_scroll_motion {"eventCount":4,"rawAbsX":22,"rawAbsY":72,"rawX":-22,"rawY":-72,"clippedAbsX":22,"clippedAbsY":72,"clippedX":-22,"clippedY":-72,"requestedAppliedX":-22.572000000000003,"requestedAppliedY":-73.872,"appliedX":-16,"appliedY":-38.988,"actualX":0,"actualY":0,"sensitivity":1.026,"currentZoomForScroll":1,"maxScrollStepX":16,"maxScrollStepY":38.988,"diagonalEvents":4,"clippedEvents":0}
[DebugBridge +8838.6ms] wheel_scroll_motion {"eventCount":4,"rawAbsX":16,"rawAbsY":38,"rawX":-16,"rawY":-38,"clippedAbsX":16,"clippedAbsY":38,"clippedX":-16,"clippedY":-38,"requestedAppliedX":-16.416,"requestedAppliedY":-38.988,"appliedX":-16,"appliedY":-16.416,"actualX":0,"actualY":0,"sensitivity":1.026,"currentZoomForScroll":1,"maxScrollStepX":16,"maxScrollStepY":16.416,"diagonalEvents":4,"clippedEvents":0}
[DebugBridge +8869.0ms] wheel_scroll_motion {"eventCount":3,"rawAbsX":12,"rawAbsY":20,"rawX":-12,"rawY":-20,"clippedAbsX":12,"clippedAbsY":20,"clippedX":-12,"clippedY":-20,"requestedAppliedX":-12.312000000000001,"requestedAppliedY":-20.520000000000003,"appliedX":-12.312000000000001,"appliedY":-16,"actualX":0,"actualY":0,"sensitivity":1.026,"currentZoomForScroll":1,"maxScrollStepX":16,"maxScrollStepY":16,"diagonalEvents":3,"clippedEvents":0}
[DebugBridge +8895.0ms] wheel_scroll_motion {"eventCount":3,"rawAbsX":6,"rawAbsY":12,"rawX":-6,"rawY":-12,"clippedAbsX":6,"clippedAbsY":12,"clippedX":-6,"clippedY":-12,"requestedAppliedX":-6.156000000000001,"requestedAppliedY":-12.312000000000001,"appliedX":-6.156000000000001,"appliedY":-12.312000000000001,"actualX":0,"actualY":0,"sensitivity":1.026,"currentZoomForScroll":1,"maxScrollStepX":16,"maxScrollStepY":16,"diagonalEvents":3,"clippedEvents":0}
[DebugBridge +8921.8ms] wheel_scroll_motion {"eventCount":4,"rawAbsX":2,"rawAbsY":18,"rawX":-2,"rawY":-18,"clippedAbsX":2,"clippedAbsY":18,"clippedX":-2,"clippedY":-18,"requestedAppliedX":-2.052,"requestedAppliedY":-19.224,"appliedX":-2.052,"appliedY":-16,"actualX":0,"actualY":0,"sensitivity":1.08,"currentZoomForScroll":1,"maxScrollStepX":16,"maxScrollStepY":16,"diagonalEvents":1,"clippedEvents":0}
[DebugBridge +8953.9ms] wheel_scroll_motion {"eventCount":4,"rawAbsX":0,"rawAbsY":24,"rawX":0,"rawY":-24,"clippedAbsX":0,"clippedAbsY":24,"clippedX":0,"clippedY":-24,"requestedAppliedX":0,"requestedAppliedY":-25.92,"appliedX":0,"appliedY":-16,"actualX":0,"actualY":0,"sensitivity":1.08,"currentZoomForScroll":1,"maxScrollStepX":16,"maxScrollStepY":16,"diagonalEvents":0,"clippedEvents":0}
[DebugBridge +8985.8ms] wheel_scroll_motion {"eventCount":3,"rawAbsX":0,"rawAbsY":18,"rawX":0,"rawY":-18,"clippedAbsX":0,"clippedAbsY":18,"clippedX":0,"clippedY":-18,"requestedAppliedX":0,"requestedAppliedY":-19.44,"appliedX":0,"appliedY":-16,"actualX":0,"actualY":0,"sensitivity":1.08,"currentZoomForScroll":1,"maxScrollStepX":16,"maxScrollStepY":16,"diagonalEvents":0,"clippedEvents":0}
[DebugBridge +9012.0ms] wheel_scroll_motion {"eventCount":4,"rawAbsX":0,"rawAbsY":24,"rawX":0,"rawY":-24,"clippedAbsX":0,"clippedAbsY":24,"clippedX":0,"clippedY":-24,"requestedAppliedX":0,"requestedAppliedY":-25.92,"appliedX":0,"appliedY":-16,"actualX":0,"actualY":0,"sensitivity":1.08,"currentZoomForScroll":1,"maxScrollStepX":16,"maxScrollStepY":16,"diagonalEvents":0,"clippedEvents":0}
[DebugBridge +9050.0ms] wheel_scroll_motion {"eventCount":3,"rawAbsX":0,"rawAbsY":30,"rawX":0,"rawY":-30,"clippedAbsX":0,"clippedAbsY":30,"clippedX":0,"clippedY":-30,"requestedAppliedX":0,"requestedAppliedY":-32.400000000000006,"appliedX":0,"appliedY":-19.44,"actualX":0,"actualY":0,"sensitivity":1.08,"currentZoomForScroll":1,"maxScrollStepX":16,"maxScrollStepY":19.44,"diagonalEvents":0,"clippedEvents":0}
[DebugBridge +9078.7ms] wheel_scroll_motion {"eventCount":4,"rawAbsX":0,"rawAbsY":16,"rawX":0,"rawY":-16,"clippedAbsX":0,"clippedAbsY":16,"clippedX":0,"clippedY":-16,"requestedAppliedX":0,"requestedAppliedY":-17.28,"appliedX":0,"appliedY":-16,"actualX":0,"actualY":0,"sensitivity":1.08,"currentZoomForScroll":1,"maxScrollStepX":16,"maxScrollStepY":16,"diagonalEvents":0,"clippedEvents":0}
[DebugBridge +9112.1ms] wheel_scroll_motion {"eventCount":3,"rawAbsX":0,"rawAbsY":12,"rawX":0,"rawY":-12,"clippedAbsX":0,"clippedAbsY":12,"clippedX":0,"clippedY":-12,"requestedAppliedX":0,"requestedAppliedY":-12.96,"appliedX":0,"appliedY":-12.96,"actualX":0,"actualY":0,"sensitivity":1.08,"currentZoomForScroll":1,"maxScrollStepX":16,"maxScrollStepY":16,"diagonalEvents":0,"clippedEvents":0}
[DebugBridge +9212.7ms] wheel_scroll_motion {"eventCount":4,"rawAbsX":0,"rawAbsY":14,"rawX":0,"rawY":14,"clippedAbsX":0,"clippedAbsY":14,"clippedX":0,"clippedY":14,"requestedAppliedX":0,"requestedAppliedY":15.120000000000001,"appliedX":0,"appliedY":15.120000000000001,"actualX":0,"actualY":15,"sensitivity":1.08,"currentZoomForScroll":1,"maxScrollStepX":16,"maxScrollStepY":16,"diagonalEvents":0,"clippedEvents":0}
[DebugBridge +9245.0ms] wheel_scroll_motion {"eventCount":3,"rawAbsX":4,"rawAbsY":28,"rawX":-4,"rawY":28,"clippedAbsX":4,"clippedAbsY":28,"clippedX":-4,"clippedY":28,"requestedAppliedX":-4.104,"requestedAppliedY":29.592000000000002,"appliedX":-4.104,"appliedY":16,"actualX":0,"actualY":16,"sensitivity":1.08,"currentZoomForScroll":1,"maxScrollStepX":16,"maxScrollStepY":16,"diagonalEvents":1,"clippedEvents":0}
[DebugBridge +9270.5ms] wheel_scroll_motion {"eventCount":4,"rawAbsX":6,"rawAbsY":46,"rawX":-6,"rawY":46,"clippedAbsX":6,"clippedAbsY":46,"clippedX":-6,"clippedY":46,"requestedAppliedX":-6.156000000000001,"requestedAppliedY":48.06,"appliedX":-6.156000000000001,"appliedY":16.416,"actualX":0,"actualY":16,"sensitivity":1.026,"currentZoomForScroll":1,"maxScrollStepX":16,"maxScrollStepY":16.416,"diagonalEvents":2,"clippedEvents":0}
[DebugBridge +9304.2ms] wheel_scroll_motion {"eventCount":4,"rawAbsX":0,"rawAbsY":70,"rawX":0,"rawY":70,"clippedAbsX":0,"clippedAbsY":70,"clippedX":0,"clippedY":70,"requestedAppliedX":0,"requestedAppliedY":75.60000000000001,"appliedX":0,"appliedY":28.080000000000002,"actualX":0,"actualY":28,"sensitivity":1.08,"currentZoomForScroll":1,"maxScrollStepX":16,"maxScrollStepY":28.080000000000002,"diagonalEvents":0,"clippedEvents":0}
[DebugBridge +9335.7ms] wheel_scroll_motion {"eventCount":3,"rawAbsX":0,"rawAbsY":46,"rawX":0,"rawY":46,"clippedAbsX":0,"clippedAbsY":46,"clippedX":0,"clippedY":46,"requestedAppliedX":0,"requestedAppliedY":49.68000000000001,"appliedX":0,"appliedY":21.6,"actualX":0,"actualY":21.5,"sensitivity":1.08,"currentZoomForScroll":1,"maxScrollStepX":16,"maxScrollStepY":21.6,"diagonalEvents":0,"clippedEvents":0}
[DebugBridge +9362.5ms] wheel_scroll_motion {"eventCount":4,"rawAbsX":0,"rawAbsY":60,"rawX":0,"rawY":60,"clippedAbsX":0,"clippedAbsY":60,"clippedX":0,"clippedY":60,"requestedAppliedX":0,"requestedAppliedY":64.80000000000001,"appliedX":0,"appliedY":32.400000000000006,"actualX":0,"actualY":32,"sensitivity":1.08,"currentZoomForScroll":1,"maxScrollStepX":16,"maxScrollStepY":32.400000000000006,"diagonalEvents":0,"clippedEvents":0}
[DebugBridge +9396.3ms] wheel_scroll_motion {"eventCount":4,"rawAbsX":0,"rawAbsY":40,"rawX":0,"rawY":40,"clippedAbsX":0,"clippedAbsY":40,"clippedX":0,"clippedY":40,"requestedAppliedX":0,"requestedAppliedY":43.2,"appliedX":0,"appliedY":16,"actualX":0,"actualY":16,"sensitivity":1.08,"currentZoomForScroll":1,"maxScrollStepX":16,"maxScrollStepY":16,"diagonalEvents":0,"clippedEvents":0}
[DebugBridge +9428.0ms] wheel_scroll_motion {"eventCount":3,"rawAbsX":0,"rawAbsY":20,"rawX":0,"rawY":20,"clippedAbsX":0,"clippedAbsY":20,"clippedX":0,"clippedY":20,"requestedAppliedX":0,"requestedAppliedY":21.6,"appliedX":0,"appliedY":16,"actualX":0,"actualY":16,"sensitivity":1.08,"currentZoomForScroll":1,"maxScrollStepX":16,"maxScrollStepY":16,"diagonalEvents":0,"clippedEvents":0}
[DebugBridge +9454.0ms] wheel_scroll_motion {"eventCount":4,"rawAbsX":0,"rawAbsY":14,"rawX":0,"rawY":14,"clippedAbsX":0,"clippedAbsY":14,"clippedX":0,"clippedY":14,"requestedAppliedX":0,"requestedAppliedY":15.120000000000001,"appliedX":0,"appliedY":15.120000000000001,"actualX":0,"actualY":15,"sensitivity":1.08,"currentZoomForScroll":1,"maxScrollStepX":16,"maxScrollStepY":16,"diagonalEvents":0,"clippedEvents":0}
[DebugBridge +9488.2ms] wheel_scroll_motion {"eventCount":4,"rawAbsX":4,"rawAbsY":14,"rawX":4,"rawY":14,"clippedAbsX":4,"clippedAbsY":14,"clippedX":4,"clippedY":14,"requestedAppliedX":4.104,"requestedAppliedY":14.904,"appliedX":4.104,"appliedY":14.904,"actualX":0,"actualY":14.5,"sensitivity":1.026,"currentZoomForScroll":1,"maxScrollStepX":16,"maxScrollStepY":16,"diagonalEvents":2,"clippedEvents":0}
[DebugBridge +9589.0ms] wheel_scroll_motion {"eventCount":2,"rawAbsX":0,"rawAbsY":4,"rawX":0,"rawY":4,"clippedAbsX":0,"clippedAbsY":4,"clippedX":0,"clippedY":4,"requestedAppliedX":0,"requestedAppliedY":4.32,"appliedX":0,"appliedY":4.32,"actualX":0,"actualY":4,"sensitivity":1.08,"currentZoomForScroll":1,"maxScrollStepX":16,"maxScrollStepY":16,"diagonalEvents":0,"clippedEvents":0}
[DebugBridge +10314.8ms] wheel_scroll_motion {"eventCount":2,"rawAbsX":2,"rawAbsY":2,"rawX":-2,"rawY":-2,"clippedAbsX":2,"clippedAbsY":2,"clippedX":-2,"clippedY":-2,"requestedAppliedX":-2.16,"requestedAppliedY":-2.16,"appliedX":-2.16,"appliedY":-2.16,"actualX":0,"actualY":-2.5,"sensitivity":1.08,"currentZoomForScroll":1,"maxScrollStepX":16,"maxScrollStepY":16,"diagonalEvents":0,"clippedEvents":0}
[DebugBridge +10345.2ms] wheel_scroll_motion {"eventCount":2,"rawAbsX":0,"rawAbsY":4,"rawX":0,"rawY":-4,"clippedAbsX":0,"clippedAbsY":4,"clippedX":0,"clippedY":-4,"requestedAppliedX":0,"requestedAppliedY":-4.32,"appliedX":0,"appliedY":-4.32,"actualX":0,"actualY":-4.5,"sensitivity":1.08,"currentZoomForScroll":1,"maxScrollStepX":16,"maxScrollStepY":16,"diagonalEvents":0,"clippedEvents":0}
[PreviewDiag] sync push {"kind":"survey-highlight","count":1,"highlightCount":14}
[App] TOOL ACTIVATED: callout {"isDrawingTool":false,"willMountDrawingCanvas":false,"willMountCalloutUI":true,"NOTE":"CALLOUT TOOL HAS NO CREATION UI — isDrawingTool=false, no canvas mounts, no click handler"}
[DebugBridge +14592.0ms] wheel_scroll_motion {"eventCount":4,"rawAbsX":4,"rawAbsY":40,"rawX":-4,"rawY":-40,"clippedAbsX":4,"clippedAbsY":40,"clippedX":-4,"clippedY":-40,"requestedAppliedX":-4.104,"requestedAppliedY":-42.336,"appliedX":-4.104,"appliedY":-21.6,"actualX":0,"actualY":-22,"sensitivity":1.08,"currentZoomForScroll":1,"maxScrollStepX":16,"maxScrollStepY":21.6,"diagonalEvents":2,"clippedEvents":0}
[DebugBridge +14625.4ms] wheel_scroll_motion {"eventCount":4,"rawAbsX":16,"rawAbsY":84,"rawX":-16,"rawY":-84,"clippedAbsX":16,"clippedAbsY":84,"clippedX":-16,"clippedY":-84,"requestedAppliedX":-16.416,"requestedAppliedY":-86.184,"appliedX":-16,"appliedY":-24.624000000000002,"actualX":0,"actualY":-25,"sensitivity":1.026,"currentZoomForScroll":1,"maxScrollStepX":16,"maxScrollStepY":24.624000000000002,"diagonalEvents":4,"clippedEvents":0}
[DebugBridge +14658.9ms] wheel_scroll_motion {"eventCount":4,"rawAbsX":16,"rawAbsY":94,"rawX":-16,"rawY":-94,"clippedAbsX":16,"clippedAbsY":94,"clippedX":-16,"clippedY":-94,"requestedAppliedX":-16.416,"requestedAppliedY":-96.444,"appliedX":-16,"appliedY":-41.04,"actualX":0,"actualY":-41.5,"sensitivity":1.026,"currentZoomForScroll":1,"maxScrollStepX":16,"maxScrollStepY":41.04,"diagonalEvents":4,"clippedEvents":0}
[DebugBridge +14692.8ms] wheel_scroll_motion {"eventCount":4,"rawAbsX":12,"rawAbsY":82,"rawX":-12,"rawY":-82,"clippedAbsX":12,"clippedAbsY":82,"clippedX":-12,"clippedY":-82,"requestedAppliedX":-12.312,"requestedAppliedY":-84.132,"appliedX":-12.312,"appliedY":-28.728,"actualX":0,"actualY":-29,"sensitivity":1.026,"currentZoomForScroll":1,"maxScrollStepX":16,"maxScrollStepY":28.728,"diagonalEvents":4,"clippedEvents":0}
[DebugBridge +14725.1ms] wheel_scroll_motion {"eventCount":4,"rawAbsX":14,"rawAbsY":42,"rawX":-14,"rawY":-42,"clippedAbsX":14,"clippedAbsY":42,"clippedX":-14,"clippedY":-42,"requestedAppliedX":-14.364,"requestedAppliedY":-43.092,"appliedX":-14.364,"appliedY":-18.468,"actualX":0,"actualY":-18.5,"sensitivity":1.026,"currentZoomForScroll":1,"maxScrollStepX":16,"maxScrollStepY":18.468,"diagonalEvents":4,"clippedEvents":0}
[DebugBridge +14759.2ms] wheel_scroll_motion {"eventCount":4,"rawAbsX":16,"rawAbsY":40,"rawX":-16,"rawY":-40,"clippedAbsX":16,"clippedAbsY":40,"clippedX":-16,"clippedY":-40,"requestedAppliedX":-16.416,"requestedAppliedY":-41.04,"appliedX":-16,"appliedY":-16.416,"actualX":0,"actualY":-16.5,"sensitivity":1.026,"currentZoomForScroll":1,"maxScrollStepX":16,"maxScrollStepY":16.416,"diagonalEvents":4,"clippedEvents":0}
[DebugBridge +14791.9ms] wheel_scroll_motion {"eventCount":4,"rawAbsX":14,"rawAbsY":32,"rawX":-14,"rawY":-32,"clippedAbsX":14,"clippedAbsY":32,"clippedX":-14,"clippedY":-32,"requestedAppliedX":-14.364,"requestedAppliedY":-32.832,"appliedX":-14.364,"appliedY":-16,"actualX":0,"actualY":-16,"sensitivity":1.026,"currentZoomForScroll":1,"maxScrollStepX":16,"maxScrollStepY":16,"diagonalEvents":4,"clippedEvents":0}
[DebugBridge +14825.2ms] wheel_scroll_motion {"eventCount":4,"rawAbsX":0,"rawAbsY":52,"rawX":0,"rawY":-52,"clippedAbsX":0,"clippedAbsY":52,"clippedX":0,"clippedY":-52,"requestedAppliedX":0,"requestedAppliedY":-56.16000000000001,"appliedX":0,"appliedY":-16,"actualX":0,"actualY":-16,"sensitivity":1.08,"currentZoomForScroll":1,"maxScrollStepX":16,"maxScrollStepY":16,"diagonalEvents":0,"clippedEvents":0}
[DebugBridge +14857.0ms] wheel_scroll_motion {"eventCount":3,"rawAbsX":0,"rawAbsY":44,"rawX":0,"rawY":-44,"clippedAbsX":0,"clippedAbsY":44,"clippedX":0,"clippedY":-44,"requestedAppliedX":0,"requestedAppliedY":-47.52,"appliedX":0,"appliedY":-17.28,"actualX":0,"actualY":-2.5,"sensitivity":1.08,"currentZoomForScroll":1,"maxScrollStepX":16,"maxScrollStepY":17.28,"diagonalEvents":0,"clippedEvents":0}
[DebugBridge +14882.2ms] wheel_scroll_motion {"eventCount":3,"rawAbsX":0,"rawAbsY":48,"rawX":0,"rawY":-48,"clippedAbsX":0,"clippedAbsY":48,"clippedX":0,"clippedY":-48,"requestedAppliedX":0,"requestedAppliedY":-51.84,"appliedX":0,"appliedY":-17.28,"actualX":0,"actualY":0,"sensitivity":1.08,"currentZoomForScroll":1,"maxScrollStepX":16,"maxScrollStepY":17.28,"diagonalEvents":0,"clippedEvents":0}
[DebugBridge +14909.5ms] wheel_scroll_motion {"eventCount":4,"rawAbsX":0,"rawAbsY":58,"rawX":0,"rawY":-58,"clippedAbsX":0,"clippedAbsY":58,"clippedX":0,"clippedY":-58,"requestedAppliedX":0,"requestedAppliedY":-62.640000000000015,"appliedX":0,"appliedY":-17.28,"actualX":0,"actualY":0,"sensitivity":1.08,"currentZoomForScroll":1,"maxScrollStepX":16,"maxScrollStepY":17.28,"diagonalEvents":0,"clippedEvents":0}
[DebugBridge +14941.1ms] wheel_scroll_motion {"eventCount":3,"rawAbsX":0,"rawAbsY":34,"rawX":0,"rawY":-34,"clippedAbsX":0,"clippedAbsY":34,"clippedX":0,"clippedY":-34,"requestedAppliedX":0,"requestedAppliedY":-36.72,"appliedX":0,"appliedY":-16,"actualX":0,"actualY":0,"sensitivity":1.08,"currentZoomForScroll":1,"maxScrollStepX":16,"maxScrollStepY":16,"diagonalEvents":0,"clippedEvents":0}
[DebugBridge +14966.5ms] wheel_scroll_motion {"eventCount":4,"rawAbsX":0,"rawAbsY":48,"rawX":0,"rawY":-48,"clippedAbsX":0,"clippedAbsY":48,"clippedX":0,"clippedY":-48,"requestedAppliedX":0,"requestedAppliedY":-51.84,"appliedX":0,"appliedY":-19.44,"actualX":0,"actualY":0,"sensitivity":1.08,"currentZoomForScroll":1,"maxScrollStepX":16,"maxScrollStepY":19.44,"diagonalEvents":0,"clippedEvents":0}
[DebugBridge +15000.6ms] wheel_scroll_motion {"eventCount":4,"rawAbsX":0,"rawAbsY":32,"rawX":0,"rawY":-32,"clippedAbsX":0,"clippedAbsY":32,"clippedX":0,"clippedY":-32,"requestedAppliedX":0,"requestedAppliedY":-34.56,"appliedX":0,"appliedY":-16,"actualX":0,"actualY":0,"sensitivity":1.08,"currentZoomForScroll":1,"maxScrollStepX":16,"maxScrollStepY":16,"diagonalEvents":0,"clippedEvents":0}
[DebugBridge +15032.6ms] wheel_scroll_motion {"eventCount":3,"rawAbsX":0,"rawAbsY":20,"rawX":0,"rawY":-20,"clippedAbsX":0,"clippedAbsY":20,"clippedX":0,"clippedY":-20,"requestedAppliedX":0,"requestedAppliedY":-21.6,"appliedX":0,"appliedY":-16,"actualX":0,"actualY":0,"sensitivity":1.08,"currentZoomForScroll":1,"maxScrollStepX":16,"maxScrollStepY":16,"diagonalEvents":0,"clippedEvents":0}
[DebugBridge +15058.4ms] wheel_scroll_motion {"eventCount":4,"rawAbsX":0,"rawAbsY":24,"rawX":0,"rawY":-24,"clippedAbsX":0,"clippedAbsY":24,"clippedX":0,"clippedY":-24,"requestedAppliedX":0,"requestedAppliedY":-25.92,"appliedX":0,"appliedY":-16,"actualX":0,"actualY":0,"sensitivity":1.08,"currentZoomForScroll":1,"maxScrollStepX":16,"maxScrollStepY":16,"diagonalEvents":0,"clippedEvents":0}
[DebugBridge +15092.4ms] wheel_scroll_motion {"eventCount":4,"rawAbsX":0,"rawAbsY":24,"rawX":0,"rawY":-24,"clippedAbsX":0,"clippedAbsY":24,"clippedX":0,"clippedY":-24,"requestedAppliedX":0,"requestedAppliedY":-25.92,"appliedX":0,"appliedY":-16,"actualX":0,"actualY":0,"sensitivity":1.08,"currentZoomForScroll":1,"maxScrollStepX":16,"maxScrollStepY":16,"diagonalEvents":0,"clippedEvents":0}
[DebugBridge +15125.2ms] wheel_scroll_motion {"eventCount":1,"rawAbsX":0,"rawAbsY":6,"rawX":0,"rawY":-6,"clippedAbsX":0,"clippedAbsY":6,"clippedX":0,"clippedY":-6,"requestedAppliedX":0,"requestedAppliedY":-6.48,"appliedX":0,"appliedY":-6.48,"actualX":0,"actualY":0,"sensitivity":1.08,"currentZoomForScroll":1,"maxScrollStepX":16,"maxScrollStepY":16,"diagonalEvents":0,"clippedEvents":0}
[DebugBridge +15574.3ms] wheel_scroll_motion {"eventCount":3,"rawAbsX":2,"rawAbsY":14,"rawX":-2,"rawY":-14,"clippedAbsX":2,"clippedAbsY":14,"clippedX":-2,"clippedY":-14,"requestedAppliedX":-2.052,"requestedAppliedY":-14.796000000000001,"appliedX":-2.052,"appliedY":-14.796000000000001,"actualX":0,"actualY":0,"sensitivity":1.026,"currentZoomForScroll":1,"maxScrollStepX":16,"maxScrollStepY":16,"diagonalEvents":1,"clippedEvents":0}
[DebugBridge +15600.2ms] wheel_scroll_motion {"eventCount":4,"rawAbsX":12,"rawAbsY":80,"rawX":-12,"rawY":-80,"clippedAbsX":12,"clippedAbsY":80,"clippedX":-12,"clippedY":-80,"requestedAppliedX":-12.312000000000001,"requestedAppliedY":-82.08000000000001,"appliedX":-12.312000000000001,"appliedY":-36.936,"actualX":0,"actualY":0,"sensitivity":1.026,"currentZoomForScroll":1,"maxScrollStepX":16,"maxScrollStepY":36.936,"diagonalEvents":4,"clippedEvents":0}
[DebugBridge +15632.2ms] wheel_scroll_motion {"eventCount":3,"rawAbsX":12,"rawAbsY":108,"rawX":-12,"rawY":-108,"clippedAbsX":12,"clippedAbsY":108,"clippedX":-12,"clippedY":-108,"requestedAppliedX":-12.312000000000001,"requestedAppliedY":-110.808,"appliedX":-12.312000000000001,"appliedY":-43.092,"actualX":0,"actualY":0,"sensitivity":1.026,"currentZoomForScroll":1,"maxScrollStepX":16,"maxScrollStepY":43.092,"diagonalEvents":3,"clippedEvents":0}
[DebugBridge +15659.2ms] wheel_scroll_motion {"eventCount":4,"rawAbsX":16,"rawAbsY":144,"rawX":-16,"rawY":-144,"clippedAbsX":16,"clippedAbsY":144,"clippedX":-16,"clippedY":-144,"requestedAppliedX":-16.416,"requestedAppliedY":-147.744,"appliedX":-16,"appliedY":-43.092,"actualX":0,"actualY":0,"sensitivity":1.026,"currentZoomForScroll":1,"maxScrollStepX":16,"maxScrollStepY":43.092,"diagonalEvents":4,"clippedEvents":0}
[DebugBridge +15692.5ms] wheel_scroll_motion {"eventCount":4,"rawAbsX":16,"rawAbsY":82,"rawX":-16,"rawY":-82,"clippedAbsX":16,"clippedAbsY":82,"clippedX":-16,"clippedY":-82,"requestedAppliedX":-16.416,"requestedAppliedY":-84.132,"appliedX":-16,"appliedY":-28.728,"actualX":0,"actualY":0,"sensitivity":1.026,"currentZoomForScroll":1,"maxScrollStepX":16,"maxScrollStepY":28.728,"diagonalEvents":4,"clippedEvents":0}
[DebugBridge +15724.4ms] wheel_scroll_motion {"eventCount":3,"rawAbsX":8,"rawAbsY":38,"rawX":-8,"rawY":-38,"clippedAbsX":8,"clippedAbsY":38,"clippedX":-8,"clippedY":-38,"requestedAppliedX":-8.208,"requestedAppliedY":-38.988,"appliedX":-8.208,"appliedY":-22.572,"actualX":0,"actualY":0,"sensitivity":1.026,"currentZoomForScroll":1,"maxScrollStepX":16,"maxScrollStepY":22.572,"diagonalEvents":3,"clippedEvents":0}
[DebugBridge +15749.1ms] wheel_scroll_motion {"eventCount":3,"rawAbsX":12,"rawAbsY":26,"rawX":-12,"rawY":-26,"clippedAbsX":12,"clippedAbsY":26,"clippedX":-12,"clippedY":-26,"requestedAppliedX":-12.312000000000001,"requestedAppliedY":-26.676000000000002,"appliedX":-12.312000000000001,"appliedY":-16,"actualX":0,"actualY":0,"sensitivity":1.026,"currentZoomForScroll":1,"maxScrollStepX":16,"maxScrollStepY":16,"diagonalEvents":3,"clippedEvents":0}
[DebugBridge +15775.5ms] wheel_scroll_motion {"eventCount":4,"rawAbsX":2,"rawAbsY":44,"rawX":-2,"rawY":-44,"clippedAbsX":2,"clippedAbsY":44,"clippedX":-2,"clippedY":-44,"requestedAppliedX":-2.052,"requestedAppliedY":-47.196000000000005,"appliedX":-2.052,"appliedY":-17.28,"actualX":0,"actualY":0,"sensitivity":1.08,"currentZoomForScroll":1,"maxScrollStepX":16,"maxScrollStepY":17.28,"diagonalEvents":1,"clippedEvents":0}
[DebugBridge +15809.2ms] wheel_scroll_motion {"eventCount":4,"rawAbsX":0,"rawAbsY":70,"rawX":0,"rawY":-70,"clippedAbsX":0,"clippedAbsY":70,"clippedX":0,"clippedY":-70,"requestedAppliedX":0,"requestedAppliedY":-75.6,"appliedX":0,"appliedY":-19.44,"actualX":0,"actualY":0,"sensitivity":1.08,"currentZoomForScroll":1,"maxScrollStepX":16,"maxScrollStepY":19.44,"diagonalEvents":0,"clippedEvents":0}
[DebugBridge +15839.5ms] wheel_scroll_motion {"eventCount":3,"rawAbsX":0,"rawAbsY":66,"rawX":0,"rawY":-66,"clippedAbsX":0,"clippedAbsY":66,"clippedX":0,"clippedY":-66,"requestedAppliedX":0,"requestedAppliedY":-71.28,"appliedX":0,"appliedY":-23.76,"actualX":0,"actualY":0,"sensitivity":1.08,"currentZoomForScroll":1,"maxScrollStepX":16,"maxScrollStepY":23.76,"diagonalEvents":0,"clippedEvents":0}
[DebugBridge +15865.8ms] wheel_scroll_motion {"eventCount":4,"rawAbsX":0,"rawAbsY":74,"rawX":0,"rawY":-74,"clippedAbsX":0,"clippedAbsY":74,"clippedX":0,"clippedY":-74,"requestedAppliedX":0,"requestedAppliedY":-79.92,"appliedX":0,"appliedY":-21.6,"actualX":0,"actualY":0,"sensitivity":1.08,"currentZoomForScroll":1,"maxScrollStepX":16,"maxScrollStepY":21.6,"diagonalEvents":0,"clippedEvents":0}
[DebugBridge +15899.4ms] wheel_scroll_motion {"eventCount":3,"rawAbsX":0,"rawAbsY":48,"rawX":0,"rawY":-48,"clippedAbsX":0,"clippedAbsY":48,"clippedX":0,"clippedY":-48,"requestedAppliedX":0,"requestedAppliedY":-51.84,"appliedX":0,"appliedY":-17.28,"actualX":0,"actualY":0,"sensitivity":1.08,"currentZoomForScroll":1,"maxScrollStepX":16,"maxScrollStepY":17.28,"diagonalEvents":0,"clippedEvents":0}
[DebugBridge +15925.1ms] wheel_scroll_motion {"eventCount":4,"rawAbsX":0,"rawAbsY":58,"rawX":0,"rawY":-58,"clippedAbsX":0,"clippedAbsY":58,"clippedX":0,"clippedY":-58,"requestedAppliedX":0,"requestedAppliedY":-62.640000000000015,"appliedX":0,"appliedY":-17.28,"actualX":0,"actualY":0,"sensitivity":1.08,"currentZoomForScroll":1,"maxScrollStepX":16,"maxScrollStepY":17.28,"diagonalEvents":0,"clippedEvents":0}
[DebugBridge +15958.5ms] wheel_scroll_motion {"eventCount":3,"rawAbsX":0,"rawAbsY":38,"rawX":0,"rawY":-38,"clippedAbsX":0,"clippedAbsY":38,"clippedX":0,"clippedY":-38,"requestedAppliedX":0,"requestedAppliedY":-41.040000000000006,"appliedX":0,"appliedY":-16,"actualX":0,"actualY":0,"sensitivity":1.08,"currentZoomForScroll":1,"maxScrollStepX":16,"maxScrollStepY":16,"diagonalEvents":0,"clippedEvents":0}
[UndoDiag] {"seq":2,"order":1,"at":"2026-05-10T01:24:30.310Z","event":"checkpoint_added","actionType":"create","rawActionType":"callouts:create","annotationType":"callout","annotationId":"callout-7rtzwtxbf-moz3bbym","pageNumber":1,"lane":"callout history","receivedStack":"legacyUndoHistory","chosenStack":null,"chosenLane":"callout history","decisionReason":null,"undoDepth":1,"redoDepth":0}
[CloudSync][hook] callout state changed — debounce push scheduled {"count":1,"priorCount":0,"isCalloutWipePush":false,"deferredUntilPointerUp":false,"debounceMs":800}
[CalloutEditCanvasDiag] {"effectiveScale":0.8937908496732027,"effectiveScaleY":0.8939393939393939,"useNonUniform":false,"canvasWidth":164,"canvasHeight":85,"parentOffset":{"w":547,"h":708},"pageSize":{"w":612,"h":792},"vpt":[0.8937908496732027,0,0,0.8937908496732027,0,0],"zoom":0.8937908496732027}
[Diag] tool-switch DETECTED → select (scheduling t+1000ms capture)
[CloudSync][hook] callout push debounce elapsed — pushing now
[CloudSync][push] upsertCallouts start {"documentId":"d30ac66b-5d2e-4a93-aab3-8fdd84a0af86","userId":"170d915c-5741-4e0b-b03f-deaeedae27bd","count":1}
[CloudSync][realtime] echo-filtered INSERT {"highlightId":"callout-7rtzwtxbf-moz3bbym","annotationType":"callout","lastModifiedBy":"170d915c-5741-4e0b-b03f-deaeedae27bd","rowSessionId":"85f464fc-6a13-4e44-a740-6778eccd3d27","currentSessionId":"85f464fc-6a13-4e44-a740-6778eccd3d27","reason":"same-session"}
[CloudSync][push] upsertCallouts ok {"elapsedMs":377,"rowsReturned":1}
[CloudSync][hook] callout push synced {"count":1}
[PreviewDiag] sync push {"kind":"callout","count":1,"calloutCount":1,"priorCalloutCount":0,"deletedCount":0}
[Diag select] screenshot saved (793 KB) → /Users/isaiahcalvo/Desktop/Survey-BetaSafeS2/TestLogs/testlog-screenshot-select.png
[Diag select] CAPTURED @ t+1109ms — annotations=17 callouts=1 svgWrappers=1 svgVis=[visible] svgElems=7 svgVisElems=7 eraserCanvases=0 svgMarkupBytes=25415
[EditCanvas] COMMIT pre-convert — text="bkjbkjbjkb" fontSize=14 width=108 height=15.82 scaleX=1 scaleY=1 left=38 top=42.54 isNewText=false
[EditCanvas] COMMIT post-convert — text="bkjbkjbjkb" fontSize=14 width=120 height=32 scaleX=1 scaleY=1 left=310.6175478708203 top=406.7349661005719
[UndoDiag] {"seq":3,"order":2,"at":"2026-05-10T01:24:33.124Z","event":"checkpoint_added","actionType":"callout edit","rawActionType":"callouts:edit-commit","annotationType":"callout","annotationId":"callout-7rtzwtxbf-moz3bbym","pageNumber":null,"lane":"callout history","receivedStack":"legacyUndoHistory","chosenStack":null,"chosenLane":"callout history","decisionReason":null,"undoDepth":2,"redoDepth":0}
[CloudSync][hook] callout state changed — debounce push scheduled {"count":1,"priorCount":1,"isCalloutWipePush":false,"deferredUntilPointerUp":true,"debounceMs":800}
[PreviewDiag] sync attempted while pointer down {"gestureId":null,"deferred":true,"kind":"callout","pointerDown":true,"count":1,"calloutCount":1,"priorCalloutCount":1}
[CloudSync][hook] callout push deferred — pointer is down {"count":1,"priorCount":1}
[CloudSync][hook] callout state changed — debounce push scheduled {"count":1,"priorCount":1,"isCalloutWipePush":false,"deferredUntilPointerUp":false,"debounceMs":800}
[CloudSync][hook] callout push debounce elapsed — pushing now
[CloudSync][push] upsertCallouts start {"documentId":"d30ac66b-5d2e-4a93-aab3-8fdd84a0af86","userId":"170d915c-5741-4e0b-b03f-deaeedae27bd","count":1}
[CloudSync][push] upsertCallouts ok {"elapsedMs":68,"rowsReturned":1}
[CloudSync][hook] callout push synced {"count":1}
[PreviewDiag] sync push {"kind":"callout","count":1,"calloutCount":1,"priorCalloutCount":1,"deletedCount":0}
[CloudSync][realtime] echo-filtered UPDATE {"highlightId":"callout-7rtzwtxbf-moz3bbym","annotationType":"callout","lastModifiedBy":"170d915c-5741-4e0b-b03f-deaeedae27bd","rowSessionId":"85f464fc-6a13-4e44-a740-6778eccd3d27","currentSessionId":"85f464fc-6a13-4e44-a740-6778eccd3d27","reason":"same-session"}
[Phase31 UAT] focus rehydrate skipped — doc is cutover-sealed, Y.Doc + realtime is source of truth {"documentId":"d30ac66b-5d2e-4a93-aab3-8fdd84a0af86","pdfId":"Package 2 - Rev 4 -- IC.pdf-6291605","cutoverTs":"2026-05-05T16:30:00.778+00:00","ydocAuthoritative":true}
[Phase31 UAT] focus rehydrate skipped — doc is cutover-sealed, Y.Doc + realtime is source of truth {"documentId":"d30ac66b-5d2e-4a93-aab3-8fdd84a0af86","pdfId":"Package 2 - Rev 4 -- IC.pdf-6291605","cutoverTs":"2026-05-05T16:30:00.778+00:00","ydocAuthoritative":true}

===== Undo/Redo Chronology =====
events=3
lanes=local annotation history | callout history | legacy history | Yjs/CRDT history
{"seq":1,"order":null,"at":"2026-05-10T01:24:15.778Z","event":"history_reset_for_pdf_change","actionType":"pdf:change","rawActionType":"pdf:change","annotationType":null,"annotationId":null,"pageNumber":null,"lane":null,"receivedStack":null,"chosenStack":null,"chosenLane":null,"decisionReason":null,"undoDepth":0,"redoDepth":0}
{"seq":2,"order":1,"at":"2026-05-10T01:24:30.310Z","event":"checkpoint_added","actionType":"create","rawActionType":"callouts:create","annotationType":"callout","annotationId":"callout-7rtzwtxbf-moz3bbym","pageNumber":1,"lane":"callout history","receivedStack":"legacyUndoHistory","chosenStack":null,"chosenLane":"callout history","decisionReason":null,"undoDepth":1,"redoDepth":0}
{"seq":3,"order":2,"at":"2026-05-10T01:24:33.124Z","event":"checkpoint_added","actionType":"callout edit","rawActionType":"callouts:edit-commit","annotationType":"callout","annotationId":"callout-7rtzwtxbf-moz3bbym","pageNumber":null,"lane":"callout history","receivedStack":"legacyUndoHistory","chosenStack":null,"chosenLane":"callout history","decisionReason":null,"undoDepth":2,"redoDepth":0}
===== End Undo/Redo Chronology =====
