===== SurveyApp Save Log =====
version:   0.1.45
runtime:   dev-server
platform:  desktop
device:    Mac
os:        macOS 10.15.7
screen:    1512x982 @2x
viewport:  1512x826
locale:    en-US
timestamp: 2026-05-04T19:44:09.801Z (5/4/2026, 3:44:09 PM)
==============================
[dev-auto-login] boot {"hasDevEmail":true,"devEmailHint":"isai***","hasDevPassword":true,"hasCachedSession":true,"cachedSessionEmail":"isaiahcalvo123@gmail.com","cachedSessionExpiresAt":1777923100}
[dev-auto-login] cached session matches dev email, keeping it
[dev-auto-login] decision {"needsAutoLogin":false,"willAttemptSignIn":false}
[CloudSync][hook] session id minted {"sessionId":"2b8f6010-ef7a-43eb-9080-a8eb4b18554e"}
[AnnotPerf] finalize idle (forced-reset) — deferring CSS transform removal, waiting for PAL confirmation
[DebugBridge +17023.6ms] zoom_start {"scale":2.9546793951988217,"targetScale":1,"source":"keyboard_toolbar"}
[CloudSync][hook][state-obs] annotationsByPage initial {"currentCount":0,"pages":0,"hydrated":false}
[CloudSync][hook][state-obs] callouts initial {"currentCount":0,"hydrated":false}
[CloudSync][hook] hydrate effect fired {"enabled":false,"documentId":"70dadd86-35f0-432b-925f-c59e919a4e4d","userId":"170d915c-5741-4e0b-b03f-deaeedae27bd","pdfId":null}
[CloudSync][hook] hydrate skipped — missing prerequisite {"enabled":false,"hasDocumentId":true,"hasUserId":true,"hasPdfId":false}
[CSeries wipe] doc=Package 2 - Rev 4 -- IC.pdf-8316501 totalCounters=1 legacyRemoved=0 — nothing to wipe.
[Phase31 UAT] backfill:effect {"hasYdoc":true,"docId":"70dadd86-35f0-432b-925f-c59e919a4e4d","userId":null,"alreadyRanFor":null,"willRun":false}
[CloudSync][hook][state-obs] change {"prevCount":0,"currentCount":5761,"delta":5761,"hydrated":false,"sameRefAsLastByPage":false}
[CloudSync][hook][state-obs] callout change {"prevCount":0,"currentCount":0,"delta":0,"hydrated":false,"sameRefAsLastCallouts":false}
[CloudSync][hook] hydrate effect fired {"enabled":false,"documentId":"70dadd86-35f0-432b-925f-c59e919a4e4d","userId":"170d915c-5741-4e0b-b03f-deaeedae27bd","pdfId":"Package 2 - Rev 4 -- IC.pdf-8316501"}
[CloudSync][hook] hydrate skipped — missing prerequisite {"enabled":false,"hasDocumentId":true,"hasUserId":true,"hasPdfId":true}
[Phase31 UAT] backfill:effect {"hasYdoc":true,"docId":"70dadd86-35f0-432b-925f-c59e919a4e4d","userId":"170d915c-5741-4e0b-b03f-deaeedae27bd","alreadyRanFor":null,"willRun":true}
[Phase31 UAT] backfill:start {"hasYdoc":true,"hasSupabase":true,"documentId":"70dadd86-35f0-432b-925f-c59e919a4e4d","userId":"170d915c-5741-4e0b-b03f-deaeedae27bd","markCutoverComplete":true}
[CloudSync][hydrate] loadAllNonHighlightAnnotations start {"documentId":"70dadd86-35f0-432b-925f-c59e919a4e4d"}
console.warn @ [SupabaseYjsProvider] update exceeds soft cap 14122975 bytes — skipping broadcast
[DebugBridge +20238.9ms] zoom_end {"source":"keyboard_toolbar_settle"}
[PrintPanel] RENDER — panel closed
console.warn @ [CloudSync][hook][state-obs] SHRINK {"prevCount":5761,"currentCount":3059,"delta":-2702,"hydrated":false,"sameRefAsLastByPage":false,"stack":"    at commitHookEffectListMount (http://localhost:5173/node_modules/.vite/deps/chunk-DSUIPI7G.js?v=d338d6e7:23793:34) |     at commitPassiveMountOnFiber (http://localhost:5173/node_modules/.vite/deps/chunk-DSUIPI7G.js?v=d338d6e7:25034:19) |     at commitPassiveMountEffects_complete (http://localhost:5173/node_modules/.vite/deps/chunk-DSUIPI7G.js?v=d338d6e7:25007:17) |     at commitPassiveMountEffects_begin (http://localhost:5173/node_modules/.vite/deps/chunk-DSUIPI7G.js?v=d338d6e7:24997:15) |     at commitPassiveMountEffects (http://localhost:5173/node_modules/.vite/deps/chunk-DSUIPI7G.js?v=d338d6e7:24987:11) |     at flushPassiveEffectsImpl (http://localhost:5173/node_modules/.vite/deps/chunk-DSUIPI7G.js?v=d338d6e7:26368:11)"}
[CloudSync][hook][state-obs] callout change {"prevCount":0,"currentCount":0,"delta":0,"hydrated":false,"sameRefAsLastCallouts":false}
[Counter SVG p1] dispatching renderCounter — i=0, displayNumber=1, fill=#ef4444, numberColor=unset, left=869.89, top=298.11, radius=14
[SVGAnnotationLayer] setRotInputVisible(false) reason=selectedIds.size !== 1
[SVGAnnotationLayer] setRotInputVisible(false) reason=selectedIds.size !== 1
[SVGAnnotationLayer] setRotInputVisible(false) reason=selectedIds.size !== 1
[SVGAnnotationLayer] setRotInputVisible(false) reason=selectedIds.size !== 1
[SVGAnnotationLayer] setRotInputVisible(false) reason=selectedIds.size !== 1
[SVGAnnotationLayer] setRotInputVisible(false) reason=selectedIds.size !== 1
[DebugBridge +21665.5ms] pdf_loaded {"pageCount":36,"currentPage":1}
[DebugBridge +21745.0ms] zoom_start {"scale":1.1732,"targetScale":0.9,"source":"zoomChange"}
[HyperlinkDiag] post-load scan {"hyperlinkCount":0,"samples":[]}
[HyperlinkDiag] page 1 layers {"hyperlinkChildren":0,"layerClasses":["DIV","e-spinner-pane e-spin-show","e-pv-page-canvas","e-pv-annotation-canvas","DIV","e-pv-text-layer"]}
[HyperlinkDiag] page 2 layers {"hyperlinkChildren":0,"layerClasses":["DIV","e-spinner-pane e-spin-show","e-pv-page-canvas","e-pv-annotation-canvas","DIV","e-pv-text-layer"]}
[HyperlinkDiag] page 3 layers {"hyperlinkChildren":0,"layerClasses":["DIV","e-spinner-pane e-spin-hide","e-pv-page-canvas","e-pv-annotation-canvas","DIV","IMG","IMG","IMG","IMG","e-pv-text-layer"]}
[HyperlinkDiag] page 4 layers {"hyperlinkChildren":0,"layerClasses":["DIV","e-spinner-pane e-spin-hide","e-pv-page-canvas","e-pv-annotation-canvas","DIV","IMG"]}
[HIGHLIGHT-SYNC][load.legacy][pdf=Package 2 - Rev 4 -- IC.pdf] {"documentId":"70dadd86-35f0-432b-925f-c59e919a4e4d","totalRows":1820,"fabricCarryingDropped":1820,"keptCount":0,"keptIds":[]}
[DebugBridge +22993.5ms] zoom_end {"source":"zoomChange_settle"}
[CloudSync][hook] hydrate effect fired {"enabled":true,"documentId":"70dadd86-35f0-432b-925f-c59e919a4e4d","userId":"170d915c-5741-4e0b-b03f-deaeedae27bd","pdfId":"Package 2 - Rev 4 -- IC.pdf-8316501"}
[CloudSync][hook] stage=hydrating
[CloudSync][hook] fabric push skipped — not hydrated yet
[CloudSync][hook] callout push skipped — not hydrated yet
[CloudSync][realtime] subscribing {"documentId":"70dadd86-35f0-432b-925f-c59e919a4e4d","currentUserId":"170d915c-5741-4e0b-b03f-deaeedae27bd","currentSessionId":"2b8f6010-ef7a-43eb-9080-a8eb4b18554e","hasFabricInsert":true,"hasFabricUpdate":true,"hasFabricDelete":true,"hasCalloutInsert":true,"hasCalloutUpdate":true,"hasCalloutDelete":true}
[CloudSync][realtime] subscribe status {"status":"SUBSCRIBED","error":null}
[CloudSync][hook] post-subscribe catch-up skipped — startup sync already in flight
[SVGAnnotationLayer] setRotInputVisible(false) reason=selectedIds.size !== 1
[SVGAnnotationLayer] setRotInputVisible(false) reason=selectedIds.size !== 1
[CloudSync][hook] cutover-complete hydrate — reading from Y.Doc {"documentId":"70dadd86-35f0-432b-925f-c59e919a4e4d","cutoverTs":"2026-05-04T18:30:47.673+00:00"}
[Phase31 UAT] hydrate:cutover-sealed {"documentId":"70dadd86-35f0-432b-925f-c59e919a4e4d","pdfId":"Package 2 - Rev 4 -- IC.pdf-8316501","cutoverTs":"2026-05-04T18:30:47.673+00:00","yMapSize":5761,"materializedTotal":5761,"materializedDrawnByMe":5761,"materializedDrawnByOthers":0,"materializedImported":0,"pages":7,"perPage":{"1":1,"6":763,"7":291,"8":785,"9":2754,"10":654,"11":513},"currentStateCount":3059,"ydocLooksDegenerate":false}
[Phase31 UAT] hydrate:cutover-sealed:by-type {"documentId":"70dadd86-35f0-432b-925f-c59e919a4e4d","pdfFile":"Package 2 - Rev 4 -- IC.pdf-8316501","viewerUserId":"170d915c-5741-4e0b-b03f-deaeedae27bd","yMapTotal":5761,"yMapByType":{"path":5753,"rect":6,"textbox":1,"circle":1},"yMapByAuthor":{"byMe":5761,"byOthers":0,"anonymous":0},"yMapByTypeByAuthor":{"path":{"byMe":5753,"byOthers":0,"anonymous":0},"rect":{"byMe":6,"byOthers":0,"anonymous":0},"textbox":{"byMe":1,"byOthers":0,"anonymous":0},"circle":{"byMe":1,"byOthers":0,"anonymous":0}},"yMapPerTypePerPage":{"path":{"6":761,"7":290,"8":784,"9":2753,"10":653,"11":512},"rect":{"6":1,"7":1,"8":1,"9":1,"10":1,"11":1},"textbox":{"6":1},"circle":{"unknown":1}},"byPageTotal":5761,"byPageByType":{"circle":1,"path":5753,"rect":6,"textbox":1},"byPagePerPagePerType":{"1":{"circle":1},"6":{"path":761,"rect":1,"textbox":1},"7":{"rect":1,"path":290},"8":{"rect":1,"path":784},"9":{"path":2753,"rect":1},"10":{"path":653,"rect":1},"11":{"rect":1,"path":512}}}
[SVGAnnotationLayer] setRotInputVisible(false) reason=selectedIds.size !== 1
[Counter SVG p1] dispatching renderCounter — i=0, displayNumber=1, fill=#ef4444, numberColor=unset, left=869.89, top=298.11, radius=14
[CloudSync][hook][state-obs] change {"prevCount":3059,"currentCount":5761,"delta":2702,"hydrated":true,"sameRefAsLastByPage":true}
[SVGAnnotationLayer] setRotInputVisible(false) reason=selectedIds.size !== 1
[DebugBridge +27144.6ms] zoom_start {"scale":0.67,"source":"zoomTo_pre"}
[DebugBridge +28532.1ms] zoom_end {"source":"zoomChange_settle"}
[DebugBridge +29418.4ms] zoom_start {"scale":0.93,"source":"zoomTo_pre"}
[Phase31 UAT] backfill:degeneracy-probe {"documentId":"70dadd86-35f0-432b-925f-c59e919a4e4d","userId":"170d915c-5741-4e0b-b03f-deaeedae27bd","yMapSize":5761,"legacyCount":null,"probeOk":false,"tolerance":0,"yMapLooksHealthy":true,"dedupeRan":true,"lastGoodSize":5767}
console.error @ [AnnotationSync] Error upserting annotations: {"code":"57014","details":null,"hint":null,"message":"canceling statement due to statement timeout"}
console.error @ [DocumentSync] Sync failed: {"code":"57014","details":null,"hint":null,"message":"canceling statement due to statement timeout"}
[DebugBridge +34987.2ms] zoom_end {"source":"zoomChange_settle"}
[DebugBridge +39899.7ms] zoom_start {"scale":2.9,"source":"zoomTo_pre"}
[DebugBridge +41547.7ms] zoom_end {"source":"zoomChange_settle"}
[Counter SVG p1] dispatching renderCounter — i=0, displayNumber=1, fill=#ef4444, numberColor=unset, left=869.89, top=298.11, radius=14
[Diag] tool-switch DETECTED → select (scheduling t+1000ms capture)
[SVGAnnotationLayer] setRotInputVisible(false) reason=selectedIds.size !== 1
console.warn @ [CloudSync][hook][state-obs] SHRINK {"prevCount":5761,"currentCount":5760,"delta":-1,"hydrated":true,"sameRefAsLastByPage":false,"stack":"    at commitHookEffectListMount (http://localhost:5173/node_modules/.vite/deps/chunk-DSUIPI7G.js?v=d338d6e7:23793:34) |     at commitPassiveMountOnFiber (http://localhost:5173/node_modules/.vite/deps/chunk-DSUIPI7G.js?v=d338d6e7:25034:19) |     at commitPassiveMountEffects_complete (http://localhost:5173/node_modules/.vite/deps/chunk-DSUIPI7G.js?v=d338d6e7:25007:17) |     at commitPassiveMountEffects_begin (http://localhost:5173/node_modules/.vite/deps/chunk-DSUIPI7G.js?v=d338d6e7:24997:15) |     at commitPassiveMountEffects (http://localhost:5173/node_modules/.vite/deps/chunk-DSUIPI7G.js?v=d338d6e7:24987:11) |     at flushPassiveEffectsImpl (http://localhost:5173/node_modules/.vite/deps/chunk-DSUIPI7G.js?v=d338d6e7:26368:11)"}
[CloudSync][hook] fabric state changed — debounce push scheduled {"pageCount":7,"objectCount":5760,"priorObjectCount":5761,"isWipePush":false,"debounceMs":800}
[CloudSync][hook] fabric push debounce elapsed — pushing now
[Phase31 UAT] save:start {"documentId":"70dadd86-35f0-432b-925f-c59e919a4e4d","pdfId":"Package 2 - Rev 4 -- IC.pdf-8316501","userId":"170d915c-5741-4e0b-b03f-deaeedae27bd","legacyBulkUpsertEnabled":false,"crdtEnabled":true,"ydocMounted":true,"route":"crdt-only","currentTotal":5760,"currentDrawnByMe":5760,"currentDrawnByOthers":0,"currentImported":0,"priorTotal":5761,"priorDrawnByMe":5761,"priorImported":0,"deltaTotal":-1}
[CloudSync][hook] eraser/delete detected — removing rows from cloud {"count":1,"firstFew":["ink-1777522194735-iq7g4ba2d"]}
[Phase31 UAT] delete:fan-out done {"documentId":"70dadd86-35f0-432b-925f-c59e919a4e4d","pdfId":"Package 2 - Rev 4 -- IC.pdf-8316501","userId":"170d915c-5741-4e0b-b03f-deaeedae27bd","requested":1,"deleted":1,"yMapSizeAfter":5760}
[Phase31 UAT] save:fan-out done {"documentId":"70dadd86-35f0-432b-925f-c59e919a4e4d","pdfId":"Package 2 - Rev 4 -- IC.pdf-8316501","userId":"170d915c-5741-4e0b-b03f-deaeedae27bd","dispatched":1,"skippedHighlightOrCallout":0,"skippedOtherType":5759,"yMapSizeAfter":5760}
[CloudSync][hook] fabric push synced {"count":0}
[Diag select] screenshot saved (556 KB) → /Users/isaiahcalvo/Desktop/Survey-BetaSafeS2/TestLogs/testlog-screenshot-select.png
[Diag select] CAPTURED @ t+2069ms — annotations=762 callouts=0 svgWrappers=5 svgVis=[visible,visible,visible,visible,visible] svgElems=1839 svgVisElems=1839 eraserCanvases=0 svgMarkupBytes=8746148
[SaveLog] bulletproof local snapshot saved at /Users/isaiahcalvo/Desktop/Survey-BetaSafeS2/Logs/2026-05-04_19-19-59
[SaveLog] runPush start {"hasElectronApi":true,"hasPushLogFn":true,"hasGhTokenEnv":true,"payloadLength":12587}
[SaveLog] runPush start {"hasElectronApi":true,"hasPushLogFn":true,"hasGhTokenEnv":true,"payloadLength":12587}
[SaveLogBanner] GitHub push OK {"url":"https://github.com/IsaiahCalvo/Survey/blob/logs/mac-isaiahs-macbook-pro-2026-05-04T19-20-04-947Z.log","filename":"mac-isaiahs-macbook-pro-2026-05-04T19-20-04-947Z.log"}
[SaveLogBanner] GitHub push OK {"url":"https://github.com/IsaiahCalvo/Survey/blob/logs/mac-isaiahs-macbook-pro-2026-05-04T19-20-04-950Z.log","filename":"mac-isaiahs-macbook-pro-2026-05-04T19-20-04-950Z.log"}
[CloudSync][hydrate] loadAllNonHighlightAnnotations ok {"elapsedMs":41873,"totalRowsScanned":24450,"scanned":{"nonHighlight":22630,"legacyFabricHighlights":1820},"totalRows":24450,"rowsByType":{"ink":22584,"square":42,"freetext":4,"highlight":1820},"pagesWithObjects":6,"calloutCount":0}
[Counter SVG p1] dispatching renderCounter — i=0, displayNumber=1, fill=#ef4444, numberColor=unset, left=869.89, top=298.11, radius=14
[CloudSync][realtime] unsubscribing {"documentId":"70dadd86-35f0-432b-925f-c59e919a4e4d"}
[CloudSync][realtime] subscribe status {"status":"CLOSED","error":null}
[AnnotPerf] finalize idle (forced-reset) — deferring CSS transform removal, waiting for PAL confirmation
[Diag] tool-switch DETECTED → select (scheduling t+1000ms capture)
[DebugBridge +240726.1ms] zoom_start {"scale":3.3146282348632816,"targetScale":0.8800505050505051,"source":"keyboard_toolbar"}
console.error @ The above error occurred in the <PDFViewer> component:

    at PDFViewer (http://localhost:5173/src/App.jsx?t=1777922592539:10538:22)
    at YDocProviderInner (http://localhost:5173/src/components/collab/YDocProvider.jsx?t=1777921946318:119:30)
    at YDocProvider (http://localhost:5173/src/components/collab/YDocProvider.jsx?t=1777921946318:103:32)
    at div
    at div
    at div
    at App (http://localhost:5173/src/App.jsx?t=1777922592539:38148:151)
    at MSGraphProvider (http://localhost:5173/src/contexts/MSGraphContext.jsx:65:35)
    at AuthProvider (http://localhost:5173/src/contexts/AuthContext.jsx:37:32)
    at ErrorBoundary (http://localhost:5173/src/components/ErrorBoundary.jsx:16:5)

React will try to recreate this component tree from scratch using the error boundary you provided, ErrorBoundary.
console.error @ ErrorBoundary caught an error: {} {"componentStack":"\n    at PDFViewer (http://localhost:5173/src/App.jsx?t=1777922592539:10538:22)\n    at YDocProviderInner (http://localhost:5173/src/components/collab/YDocProvider.jsx?t=1777921946318:119:30)\n    at YDocProvider (http://localhost:5173/src/components/collab/YDocProvider.jsx?t=1777921946318:103:32)\n    at div\n    at div\n    at div\n    at App (http://localhost:5173/src/App.jsx?t=1777922592539:38148:151)\n    at MSGraphProvider (http://localhost:5173/src/contexts/MSGraphContext.jsx:65:35)\n    at AuthProvider (http://localhost:5173/src/contexts/AuthContext.jsx:37:32)\n    at ErrorBoundary (http://localhost:5173/src/components/ErrorBoundary.jsx:16:5)"}
[DocumentSync] unmount flush — pushing pending highlight sync
[DebugBridge +242491.1ms] zoom_end {"source":"zoomChange_settle"}
[HIGHLIGHT-SYNC][load.legacy][pdf=Package 2 - Rev 4 -- IC.pdf] {"documentId":"70dadd86-35f0-432b-925f-c59e919a4e4d","totalRows":1820,"fabricCarryingDropped":1820,"keptCount":0,"keptIds":[]}
console.error @ [AnnotationSync] Error upserting annotations: {"code":"57014","details":null,"hint":null,"message":"canceling statement due to statement timeout"}
[dev-auto-login] boot {"hasDevEmail":true,"devEmailHint":"isai***","hasDevPassword":true,"hasCachedSession":true,"cachedSessionEmail":"isaiahcalvo123@gmail.com","cachedSessionExpiresAt":1777923100}
[dev-auto-login] cached session matches dev email, keeping it
[dev-auto-login] decision {"needsAutoLogin":false,"willAttemptSignIn":false}
[CloudSync][hook] session id minted {"sessionId":"3f9c44ce-f934-41c2-b18e-85950e2a606d"}
[AnnotPerf] finalize idle (forced-reset) — deferring CSS transform removal, waiting for PAL confirmation
[DebugBridge +1014030.9ms] zoom_start {"scale":3.3146282348632816,"targetScale":1,"source":"keyboard_toolbar"}
[CloudSync][hook][state-obs] annotationsByPage initial {"currentCount":0,"pages":0,"hydrated":false}
[CloudSync][hook][state-obs] callouts initial {"currentCount":0,"hydrated":false}
[CloudSync][hook] hydrate effect fired {"enabled":false,"documentId":"70dadd86-35f0-432b-925f-c59e919a4e4d","userId":"170d915c-5741-4e0b-b03f-deaeedae27bd","pdfId":null}
[CloudSync][hook] hydrate skipped — missing prerequisite {"enabled":false,"hasDocumentId":true,"hasUserId":true,"hasPdfId":false}
[CSeries wipe] doc=Package 2 - Rev 4 -- IC.pdf-8316501 totalCounters=1 legacyRemoved=0 — nothing to wipe.
[Phase31 UAT] backfill:effect {"hasYdoc":true,"docId":"70dadd86-35f0-432b-925f-c59e919a4e4d","userId":null,"alreadyRanFor":null,"willRun":false}
[CloudSync][hook][state-obs] change {"prevCount":0,"currentCount":5760,"delta":5760,"hydrated":false,"sameRefAsLastByPage":false}
[CloudSync][hook][state-obs] callout change {"prevCount":0,"currentCount":0,"delta":0,"hydrated":false,"sameRefAsLastCallouts":false}
[CloudSync][hook] hydrate effect fired {"enabled":false,"documentId":"70dadd86-35f0-432b-925f-c59e919a4e4d","userId":"170d915c-5741-4e0b-b03f-deaeedae27bd","pdfId":"Package 2 - Rev 4 -- IC.pdf-8316501"}
[CloudSync][hook] hydrate skipped — missing prerequisite {"enabled":false,"hasDocumentId":true,"hasUserId":true,"hasPdfId":true}
[Phase31 UAT] backfill:effect {"hasYdoc":true,"docId":"70dadd86-35f0-432b-925f-c59e919a4e4d","userId":"170d915c-5741-4e0b-b03f-deaeedae27bd","alreadyRanFor":null,"willRun":true}
[Phase31 UAT] backfill:start {"hasYdoc":true,"hasSupabase":true,"documentId":"70dadd86-35f0-432b-925f-c59e919a4e4d","userId":"170d915c-5741-4e0b-b03f-deaeedae27bd","markCutoverComplete":true}
[CloudSync][hydrate] loadAllNonHighlightAnnotations start {"documentId":"70dadd86-35f0-432b-925f-c59e919a4e4d"}
[DebugBridge +1015649.2ms] zoom_end {"source":"keyboard_toolbar_settle"}
[PrintPanel] RENDER — panel closed
console.warn @ [CloudSync][hook][state-obs] SHRINK {"prevCount":5760,"currentCount":3059,"delta":-2701,"hydrated":false,"sameRefAsLastByPage":false,"stack":"    at commitHookEffectListMount (http://localhost:5173/node_modules/.vite/deps/chunk-DSUIPI7G.js?v=d338d6e7:23793:34) |     at commitPassiveMountOnFiber (http://localhost:5173/node_modules/.vite/deps/chunk-DSUIPI7G.js?v=d338d6e7:25034:19) |     at commitPassiveMountEffects_complete (http://localhost:5173/node_modules/.vite/deps/chunk-DSUIPI7G.js?v=d338d6e7:25007:17) |     at commitPassiveMountEffects_begin (http://localhost:5173/node_modules/.vite/deps/chunk-DSUIPI7G.js?v=d338d6e7:24997:15) |     at commitPassiveMountEffects (http://localhost:5173/node_modules/.vite/deps/chunk-DSUIPI7G.js?v=d338d6e7:24987:11) |     at flushPassiveEffectsImpl (http://localhost:5173/node_modules/.vite/deps/chunk-DSUIPI7G.js?v=d338d6e7:26368:11)"}
[CloudSync][hook][state-obs] callout change {"prevCount":0,"currentCount":0,"delta":0,"hydrated":false,"sameRefAsLastCallouts":false}
[Counter SVG p1] dispatching renderCounter — i=0, displayNumber=1, fill=#ef4444, numberColor=unset, left=869.89, top=298.11, radius=14
[SVGAnnotationLayer] setRotInputVisible(false) reason=selectedIds.size !== 1
[SVGAnnotationLayer] setRotInputVisible(false) reason=selectedIds.size !== 1
[SVGAnnotationLayer] setRotInputVisible(false) reason=selectedIds.size !== 1
[SVGAnnotationLayer] setRotInputVisible(false) reason=selectedIds.size !== 1
[SVGAnnotationLayer] setRotInputVisible(false) reason=selectedIds.size !== 1
[SVGAnnotationLayer] setRotInputVisible(false) reason=selectedIds.size !== 1
[DebugBridge +1016352.0ms] pdf_loaded {"pageCount":36,"currentPage":1}
[DebugBridge +1016443.5ms] zoom_start {"scale":1.1732,"targetScale":0.9,"source":"zoomChange"}
[HyperlinkDiag] post-load scan {"hyperlinkCount":0,"samples":[]}
[HyperlinkDiag] page 1 layers {"hyperlinkChildren":0,"layerClasses":["DIV","e-spinner-pane e-spin-show","e-pv-page-canvas","e-pv-annotation-canvas","DIV","e-pv-text-layer"]}
[HyperlinkDiag] page 2 layers {"hyperlinkChildren":0,"layerClasses":["DIV","e-spinner-pane e-spin-show","e-pv-page-canvas","e-pv-annotation-canvas","DIV","e-pv-text-layer"]}
[HyperlinkDiag] page 3 layers {"hyperlinkChildren":0,"layerClasses":["DIV","e-spinner-pane e-spin-hide","e-pv-page-canvas","e-pv-annotation-canvas","DIV","IMG","IMG","IMG","IMG","e-pv-text-layer"]}
[HyperlinkDiag] page 4 layers {"hyperlinkChildren":0,"layerClasses":["DIV","e-spinner-pane e-spin-hide","e-pv-page-canvas","e-pv-annotation-canvas","DIV","IMG"]}
[DebugBridge +1017671.4ms] zoom_end {"source":"zoomChange_settle"}
[HIGHLIGHT-SYNC][load.legacy][pdf=Package 2 - Rev 4 -- IC.pdf] {"documentId":"70dadd86-35f0-432b-925f-c59e919a4e4d","totalRows":1820,"fabricCarryingDropped":1820,"keptCount":0,"keptIds":[]}
[CloudSync][hook] hydrate effect fired {"enabled":true,"documentId":"70dadd86-35f0-432b-925f-c59e919a4e4d","userId":"170d915c-5741-4e0b-b03f-deaeedae27bd","pdfId":"Package 2 - Rev 4 -- IC.pdf-8316501"}
[CloudSync][hook] stage=hydrating
[CloudSync][hook] fabric push skipped — not hydrated yet
[CloudSync][hook] callout push skipped — not hydrated yet
[CloudSync][realtime] subscribing {"documentId":"70dadd86-35f0-432b-925f-c59e919a4e4d","currentUserId":"170d915c-5741-4e0b-b03f-deaeedae27bd","currentSessionId":"3f9c44ce-f934-41c2-b18e-85950e2a606d","hasFabricInsert":true,"hasFabricUpdate":true,"hasFabricDelete":true,"hasCalloutInsert":true,"hasCalloutUpdate":true,"hasCalloutDelete":true}
[CloudSync][realtime] subscribe status {"status":"SUBSCRIBED","error":null}
[CloudSync][hook] post-subscribe catch-up skipped — startup sync already in flight
[CloudSync][hook] cutover-complete hydrate — reading from Y.Doc {"documentId":"70dadd86-35f0-432b-925f-c59e919a4e4d","cutoverTs":"2026-05-04T18:30:47.673+00:00"}
[Phase31 UAT] hydrate:cutover-sealed {"documentId":"70dadd86-35f0-432b-925f-c59e919a4e4d","pdfId":"Package 2 - Rev 4 -- IC.pdf-8316501","cutoverTs":"2026-05-04T18:30:47.673+00:00","yMapSize":5760,"materializedTotal":5760,"materializedDrawnByMe":5760,"materializedDrawnByOthers":0,"materializedImported":0,"pages":7,"perPage":{"1":1,"6":762,"7":291,"8":785,"9":2754,"10":654,"11":513},"currentStateCount":3059,"ydocLooksDegenerate":false}
[Phase31 UAT] hydrate:cutover-sealed:by-type {"documentId":"70dadd86-35f0-432b-925f-c59e919a4e4d","pdfFile":"Package 2 - Rev 4 -- IC.pdf-8316501","viewerUserId":"170d915c-5741-4e0b-b03f-deaeedae27bd","yMapTotal":5760,"yMapByType":{"path":5752,"rect":6,"textbox":1,"circle":1},"yMapByAuthor":{"byMe":5760,"byOthers":0,"anonymous":0},"yMapByTypeByAuthor":{"path":{"byMe":5752,"byOthers":0,"anonymous":0},"rect":{"byMe":6,"byOthers":0,"anonymous":0},"textbox":{"byMe":1,"byOthers":0,"anonymous":0},"circle":{"byMe":1,"byOthers":0,"anonymous":0}},"yMapPerTypePerPage":{"path":{"6":760,"7":290,"8":784,"9":2753,"10":653,"11":512},"rect":{"6":1,"7":1,"8":1,"9":1,"10":1,"11":1},"textbox":{"6":1},"circle":{"unknown":1}},"byPageTotal":5760,"byPageByType":{"circle":1,"path":5752,"rect":6,"textbox":1},"byPagePerPagePerType":{"1":{"circle":1},"6":{"path":760,"rect":1,"textbox":1},"7":{"rect":1,"path":290},"8":{"rect":1,"path":784},"9":{"path":2753,"rect":1},"10":{"path":653,"rect":1},"11":{"rect":1,"path":512}}}
[Counter SVG p1] dispatching renderCounter — i=0, displayNumber=1, fill=#ef4444, numberColor=unset, left=869.89, top=298.11, radius=14
[CloudSync][hook][state-obs] change {"prevCount":3059,"currentCount":5760,"delta":2701,"hydrated":true,"sameRefAsLastByPage":true}
[Phase31 UAT] backfill:degeneracy-probe {"documentId":"70dadd86-35f0-432b-925f-c59e919a4e4d","userId":"170d915c-5741-4e0b-b03f-deaeedae27bd","yMapSize":5760,"legacyCount":null,"probeOk":false,"tolerance":0,"yMapLooksHealthy":true,"dedupeRan":true,"lastGoodSize":5767}
[crdtDedupePdfImports] removed 1257 duplicate PDF-imported annotations across 5752 unique signatures
[CloudSync][hook] dedupe-resync — restoring state {"documentId":"70dadd86-35f0-432b-925f-c59e919a4e4d","removed":1257,"resyncCount":4503}
[Counter SVG p1] dispatching renderCounter — i=0, displayNumber=1, fill=#ef4444, numberColor=unset, left=869.89, top=298.11, radius=14
console.warn @ [CloudSync][hook][state-obs] SHRINK {"prevCount":5760,"currentCount":4503,"delta":-1257,"hydrated":true,"sameRefAsLastByPage":true,"stack":"    at commitHookEffectListMount (http://localhost:5173/node_modules/.vite/deps/chunk-DSUIPI7G.js?v=d338d6e7:23793:34) |     at commitPassiveMountOnFiber (http://localhost:5173/node_modules/.vite/deps/chunk-DSUIPI7G.js?v=d338d6e7:25034:19) |     at commitPassiveMountEffects_complete (http://localhost:5173/node_modules/.vite/deps/chunk-DSUIPI7G.js?v=d338d6e7:25007:17) |     at commitPassiveMountEffects_begin (http://localhost:5173/node_modules/.vite/deps/chunk-DSUIPI7G.js?v=d338d6e7:24997:15) |     at commitPassiveMountEffects (http://localhost:5173/node_modules/.vite/deps/chunk-DSUIPI7G.js?v=d338d6e7:24987:11) |     at flushPassiveEffectsImpl (http://localhost:5173/node_modules/.vite/deps/chunk-DSUIPI7G.js?v=d338d6e7:26368:11)"}
console.error @ [AnnotationSync] Error upserting annotations: {"code":"57014","details":null,"hint":null,"message":"canceling statement due to statement timeout"}
console.error @ [DocumentSync] Sync failed: {"code":"57014","details":null,"hint":null,"message":"canceling statement due to statement timeout"}
[CloudSync][hydrate] loadAllNonHighlightAnnotations ok {"elapsedMs":38873,"totalRowsScanned":24450,"scanned":{"nonHighlight":22630,"legacyFabricHighlights":1820},"totalRows":24450,"rowsByType":{"ink":22584,"square":42,"freetext":4,"highlight":1820},"pagesWithObjects":6,"calloutCount":0}
[SVGAnnotationLayer] setRotInputVisible(false) reason=selectedIds.size !== 1
[SVGAnnotationLayer] setRotInputVisible(false) reason=selectedIds.size !== 1
[SVGAnnotationLayer] setRotInputVisible(false) reason=selectedIds.size !== 1
[SVGAnnotationLayer] setRotInputVisible(false) reason=selectedIds.size !== 1
[DebugBridge +1057096.9ms] zoom_start {"scale":0.67,"source":"zoomTo_pre"}
[DebugBridge +1060259.2ms] zoom_end {"source":"zoomChange_settle"}
[DebugBridge +1060453.3ms] zoom_start {"scale":1.78,"source":"zoomTo_pre"}
[DebugBridge +1063575.1ms] zoom_end {"source":"zoomChange_settle"}
[DebugBridge +1063846.8ms] zoom_start {"scale":2.97,"source":"zoomTo_pre"}
[DebugBridge +1065550.2ms] zoom_end {"source":"zoomChange_settle"}
[Counter SVG p1] dispatching renderCounter — i=0, displayNumber=1, fill=#ef4444, numberColor=unset, left=869.89, top=298.11, radius=14
[Diag] tool-switch DETECTED → select (scheduling t+1000ms capture)
[Diag select] screenshot saved (429 KB) → /Users/isaiahcalvo/Desktop/Survey-BetaSafeS2/TestLogs/testlog-screenshot-select.png
[Diag select] CAPTURED @ t+1000ms — annotations=617 callouts=0 svgWrappers=5 svgVis=[visible,visible,visible,visible,visible] svgElems=1447 svgVisElems=1447 eraserCanvases=0 svgMarkupBytes=7395638
[SVGAnnotationLayer] setRotInputVisible(false) reason=selectedIds.size !== 1
console.warn @ [CloudSync][hook][state-obs] SHRINK {"prevCount":4503,"currentCount":4502,"delta":-1,"hydrated":true,"sameRefAsLastByPage":false,"stack":"    at commitHookEffectListMount (http://localhost:5173/node_modules/.vite/deps/chunk-DSUIPI7G.js?v=d338d6e7:23793:34) |     at commitPassiveMountOnFiber (http://localhost:5173/node_modules/.vite/deps/chunk-DSUIPI7G.js?v=d338d6e7:25034:19) |     at commitPassiveMountEffects_complete (http://localhost:5173/node_modules/.vite/deps/chunk-DSUIPI7G.js?v=d338d6e7:25007:17) |     at commitPassiveMountEffects_begin (http://localhost:5173/node_modules/.vite/deps/chunk-DSUIPI7G.js?v=d338d6e7:24997:15) |     at commitPassiveMountEffects (http://localhost:5173/node_modules/.vite/deps/chunk-DSUIPI7G.js?v=d338d6e7:24987:11) |     at flushPassiveEffectsImpl (http://localhost:5173/node_modules/.vite/deps/chunk-DSUIPI7G.js?v=d338d6e7:26368:11)"}
[CloudSync][hook] fabric state changed — debounce push scheduled {"pageCount":7,"objectCount":4502,"priorObjectCount":4503,"isWipePush":false,"debounceMs":800}
[CloudSync][hook] fabric push debounce elapsed — pushing now
[Phase31 UAT] save:start {"documentId":"70dadd86-35f0-432b-925f-c59e919a4e4d","pdfId":"Package 2 - Rev 4 -- IC.pdf-8316501","userId":"170d915c-5741-4e0b-b03f-deaeedae27bd","legacyBulkUpsertEnabled":false,"crdtEnabled":true,"ydocMounted":true,"route":"crdt-only","currentTotal":4502,"currentDrawnByMe":4502,"currentDrawnByOthers":0,"currentImported":0,"priorTotal":4503,"priorDrawnByMe":4503,"priorImported":0,"deltaTotal":-1}
[CloudSync][hook] eraser/delete detected — removing rows from cloud {"count":1,"firstFew":["ink-1777522194735-s0545f7mn"]}
[Phase31 UAT] delete:fan-out done {"documentId":"70dadd86-35f0-432b-925f-c59e919a4e4d","pdfId":"Package 2 - Rev 4 -- IC.pdf-8316501","userId":"170d915c-5741-4e0b-b03f-deaeedae27bd","requested":1,"deleted":1,"yMapSizeAfter":4502}
[Phase31 UAT] save:fan-out done {"documentId":"70dadd86-35f0-432b-925f-c59e919a4e4d","pdfId":"Package 2 - Rev 4 -- IC.pdf-8316501","userId":"170d915c-5741-4e0b-b03f-deaeedae27bd","dispatched":1,"skippedHighlightOrCallout":0,"skippedOtherType":4501,"yMapSizeAfter":4502}
[CloudSync][hook] fabric push synced {"count":0}
[BboxScaleDiag] annotation-pointerdown {"ts":"2026-05-04T19:37:11.729Z","annotationIndex":592,"objType":"path","shiftKey":false,"altKey":false,"metaKey":false,"alreadySelected":false,"objSnapshot":{"left":684.486,"top":217.88099999999997,"width":20.359000000000037,"height":20.387000000000057}}
[SVGAnnotationLayer] setRotInputVisible(false) reason=selectedIds.size !== 1
console.warn @ [CloudSync][hook][state-obs] SHRINK {"prevCount":4502,"currentCount":4501,"delta":-1,"hydrated":true,"sameRefAsLastByPage":false,"stack":"    at commitHookEffectListMount (http://localhost:5173/node_modules/.vite/deps/chunk-DSUIPI7G.js?v=d338d6e7:23793:34) |     at commitPassiveMountOnFiber (http://localhost:5173/node_modules/.vite/deps/chunk-DSUIPI7G.js?v=d338d6e7:25034:19) |     at commitPassiveMountEffects_complete (http://localhost:5173/node_modules/.vite/deps/chunk-DSUIPI7G.js?v=d338d6e7:25007:17) |     at commitPassiveMountEffects_begin (http://localhost:5173/node_modules/.vite/deps/chunk-DSUIPI7G.js?v=d338d6e7:24997:15) |     at commitPassiveMountEffects (http://localhost:5173/node_modules/.vite/deps/chunk-DSUIPI7G.js?v=d338d6e7:24987:11) |     at flushPassiveEffectsImpl (http://localhost:5173/node_modules/.vite/deps/chunk-DSUIPI7G.js?v=d338d6e7:26368:11)"}
[CloudSync][hook] fabric state changed — debounce push scheduled {"pageCount":7,"objectCount":4501,"priorObjectCount":4502,"isWipePush":false,"debounceMs":800}
[CloudSync][hook] fabric push debounce elapsed — pushing now
[Phase31 UAT] save:start {"documentId":"70dadd86-35f0-432b-925f-c59e919a4e4d","pdfId":"Package 2 - Rev 4 -- IC.pdf-8316501","userId":"170d915c-5741-4e0b-b03f-deaeedae27bd","legacyBulkUpsertEnabled":false,"crdtEnabled":true,"ydocMounted":true,"route":"crdt-only","currentTotal":4501,"currentDrawnByMe":4501,"currentDrawnByOthers":0,"currentImported":0,"priorTotal":4502,"priorDrawnByMe":4502,"priorImported":0,"deltaTotal":-1}
[CloudSync][hook] eraser/delete detected — removing rows from cloud {"count":1,"firstFew":["ink-1777381799486-g0e34a8jb"]}
[Phase31 UAT] delete:fan-out done {"documentId":"70dadd86-35f0-432b-925f-c59e919a4e4d","pdfId":"Package 2 - Rev 4 -- IC.pdf-8316501","userId":"170d915c-5741-4e0b-b03f-deaeedae27bd","requested":1,"deleted":1,"yMapSizeAfter":4501}
[Phase31 UAT] save:fan-out done {"documentId":"70dadd86-35f0-432b-925f-c59e919a4e4d","pdfId":"Package 2 - Rev 4 -- IC.pdf-8316501","userId":"170d915c-5741-4e0b-b03f-deaeedae27bd","dispatched":1,"skippedHighlightOrCallout":0,"skippedOtherType":4500,"yMapSizeAfter":4501}
[CloudSync][hook] fabric push synced {"count":0}
[SaveLog] bulletproof local snapshot saved at /Users/isaiahcalvo/Desktop/Survey-BetaSafeS2/Logs/2026-05-04_19-37-15
[SaveLog] runPush start {"hasElectronApi":true,"hasPushLogFn":true,"hasGhTokenEnv":true,"payloadLength":32642}
[SaveLog] runPush start {"hasElectronApi":true,"hasPushLogFn":true,"hasGhTokenEnv":true,"payloadLength":32642}
[SaveLogBanner] GitHub push OK {"url":"https://github.com/IsaiahCalvo/Survey/blob/logs/mac-isaiahs-macbook-pro-2026-05-04T19-37-20-673Z.log","filename":"mac-isaiahs-macbook-pro-2026-05-04T19-37-20-673Z.log"}
[SaveLogBanner] GitHub push OK {"url":"https://github.com/IsaiahCalvo/Survey/blob/logs/mac-isaiahs-macbook-pro-2026-05-04T19-37-20-677Z.log","filename":"mac-isaiahs-macbook-pro-2026-05-04T19-37-20-677Z.log"}
[DebugBridge +1283414.1ms] zoom_start {"scale":3.3083977818489076,"targetScale":0.8800505050505051,"source":"keyboard_toolbar"}
[DebugBridge +1284888.5ms] zoom_end {"source":"zoomChange_settle"}
[Counter SVG p1] dispatching renderCounter — i=0, displayNumber=1, fill=#ef4444, numberColor=unset, left=869.89, top=298.11, radius=14
[CloudSync][realtime] unsubscribing {"documentId":"70dadd86-35f0-432b-925f-c59e919a4e4d"}
[CloudSync][realtime] subscribe status {"status":"CLOSED","error":null}
[AnnotPerf] finalize idle (forced-reset) — deferring CSS transform removal, waiting for PAL confirmation
[Diag] tool-switch DETECTED → select (scheduling t+1000ms capture)
[DebugBridge +1292613.1ms] zoom_start {"scale":0.8800505050505051,"targetScale":0.8926767676767676,"source":"keyboard_toolbar"}
console.error @ The above error occurred in the <PDFViewer> component:

    at PDFViewer (http://localhost:5173/src/App.jsx?t=1777923644667:10538:22)
    at YDocProviderInner (http://localhost:5173/src/components/collab/YDocProvider.jsx?t=1777922700639:119:30)
    at YDocProvider (http://localhost:5173/src/components/collab/YDocProvider.jsx?t=1777922700639:103:32)
    at div
    at div
    at div
    at App (http://localhost:5173/src/App.jsx?t=1777923644667:38137:151)
    at MSGraphProvider (http://localhost:5173/src/contexts/MSGraphContext.jsx:65:35)
    at AuthProvider (http://localhost:5173/src/contexts/AuthContext.jsx:37:32)
    at ErrorBoundary (http://localhost:5173/src/components/ErrorBoundary.jsx:16:5)

React will try to recreate this component tree from scratch using the error boundary you provided, ErrorBoundary.
console.error @ ErrorBoundary caught an error: {} {"componentStack":"\n    at PDFViewer (http://localhost:5173/src/App.jsx?t=1777923644667:10538:22)\n    at YDocProviderInner (http://localhost:5173/src/components/collab/YDocProvider.jsx?t=1777922700639:119:30)\n    at YDocProvider (http://localhost:5173/src/components/collab/YDocProvider.jsx?t=1777922700639:103:32)\n    at div\n    at div\n    at div\n    at App (http://localhost:5173/src/App.jsx?t=1777923644667:38137:151)\n    at MSGraphProvider (http://localhost:5173/src/contexts/MSGraphContext.jsx:65:35)\n    at AuthProvider (http://localhost:5173/src/contexts/AuthContext.jsx:37:32)\n    at ErrorBoundary (http://localhost:5173/src/components/ErrorBoundary.jsx:16:5)"}
[DocumentSync] unmount flush — pushing pending highlight sync
[DebugBridge +1293670.9ms] zoom_end {"source":"zoomChange_settle"}
[HIGHLIGHT-SYNC][load.legacy][pdf=Package 2 - Rev 4 -- IC.pdf] {"documentId":"70dadd86-35f0-432b-925f-c59e919a4e4d","totalRows":1820,"fabricCarryingDropped":1820,"keptCount":0,"keptIds":[]}
console.error @ [AnnotationSync] Error upserting annotations: {"code":"57014","details":null,"hint":null,"message":"canceling statement due to statement timeout"}
[dev-auto-login] boot {"hasDevEmail":true,"devEmailHint":"isai***","hasDevPassword":true,"hasCachedSession":true,"cachedSessionEmail":"isaiahcalvo123@gmail.com","cachedSessionExpiresAt":1777926665}
[dev-auto-login] cached session matches dev email, keeping it
[dev-auto-login] decision {"needsAutoLogin":false,"willAttemptSignIn":false}
[CloudSync][hook] session id minted {"sessionId":"54cd7ba9-1ed8-45fe-9502-ff64dc1ea2f0"}
[AnnotPerf] finalize idle (forced-reset) — deferring CSS transform removal, waiting for PAL confirmation
[DebugBridge +1458078.4ms] zoom_start {"scale":0.8800505050505051,"targetScale":1,"source":"keyboard_toolbar"}
[CloudSync][hook][state-obs] annotationsByPage initial {"currentCount":0,"pages":0,"hydrated":false}
[CloudSync][hook][state-obs] callouts initial {"currentCount":0,"hydrated":false}
[CloudSync][hook] hydrate effect fired {"enabled":false,"documentId":"70dadd86-35f0-432b-925f-c59e919a4e4d","userId":"170d915c-5741-4e0b-b03f-deaeedae27bd","pdfId":null}
[CloudSync][hook] hydrate skipped — missing prerequisite {"enabled":false,"hasDocumentId":true,"hasUserId":true,"hasPdfId":false}
[CSeries wipe] doc=Package 2 - Rev 4 -- IC.pdf-8316501 totalCounters=1 legacyRemoved=0 — nothing to wipe.
[Phase31 UAT] backfill:effect {"hasYdoc":true,"docId":"70dadd86-35f0-432b-925f-c59e919a4e4d","userId":null,"alreadyRanFor":null,"willRun":false}
[CloudSync][hook][state-obs] change {"prevCount":0,"currentCount":4501,"delta":4501,"hydrated":false,"sameRefAsLastByPage":false}
[CloudSync][hook][state-obs] callout change {"prevCount":0,"currentCount":0,"delta":0,"hydrated":false,"sameRefAsLastCallouts":false}
[CloudSync][hook] hydrate effect fired {"enabled":false,"documentId":"70dadd86-35f0-432b-925f-c59e919a4e4d","userId":"170d915c-5741-4e0b-b03f-deaeedae27bd","pdfId":"Package 2 - Rev 4 -- IC.pdf-8316501"}
[CloudSync][hook] hydrate skipped — missing prerequisite {"enabled":false,"hasDocumentId":true,"hasUserId":true,"hasPdfId":true}
[Phase31 UAT] backfill:effect {"hasYdoc":true,"docId":"70dadd86-35f0-432b-925f-c59e919a4e4d","userId":"170d915c-5741-4e0b-b03f-deaeedae27bd","alreadyRanFor":null,"willRun":true}
[Phase31 UAT] backfill:start {"hasYdoc":true,"hasSupabase":true,"documentId":"70dadd86-35f0-432b-925f-c59e919a4e4d","userId":"170d915c-5741-4e0b-b03f-deaeedae27bd","markCutoverComplete":true}
[CloudSync][hydrate] loadAllNonHighlightAnnotations start {"documentId":"70dadd86-35f0-432b-925f-c59e919a4e4d"}
[DebugBridge +1459606.0ms] zoom_end {"source":"keyboard_toolbar_settle"}
[PrintPanel] RENDER — panel closed
console.warn @ [CloudSync][hook][state-obs] SHRINK {"prevCount":4501,"currentCount":3059,"delta":-1442,"hydrated":false,"sameRefAsLastByPage":false,"stack":"    at commitHookEffectListMount (http://localhost:5173/node_modules/.vite/deps/chunk-DSUIPI7G.js?v=d338d6e7:23793:34) |     at commitPassiveMountOnFiber (http://localhost:5173/node_modules/.vite/deps/chunk-DSUIPI7G.js?v=d338d6e7:25034:19) |     at commitPassiveMountEffects_complete (http://localhost:5173/node_modules/.vite/deps/chunk-DSUIPI7G.js?v=d338d6e7:25007:17) |     at commitPassiveMountEffects_begin (http://localhost:5173/node_modules/.vite/deps/chunk-DSUIPI7G.js?v=d338d6e7:24997:15) |     at commitPassiveMountEffects (http://localhost:5173/node_modules/.vite/deps/chunk-DSUIPI7G.js?v=d338d6e7:24987:11) |     at flushPassiveEffectsImpl (http://localhost:5173/node_modules/.vite/deps/chunk-DSUIPI7G.js?v=d338d6e7:26368:11)"}
[CloudSync][hook][state-obs] callout change {"prevCount":0,"currentCount":0,"delta":0,"hydrated":false,"sameRefAsLastCallouts":false}
[Counter SVG p1] dispatching renderCounter — i=0, displayNumber=1, fill=#ef4444, numberColor=unset, left=869.89, top=298.11, radius=14
[SVGAnnotationLayer] setRotInputVisible(false) reason=selectedIds.size !== 1
[SVGAnnotationLayer] setRotInputVisible(false) reason=selectedIds.size !== 1
[SVGAnnotationLayer] setRotInputVisible(false) reason=selectedIds.size !== 1
[SVGAnnotationLayer] setRotInputVisible(false) reason=selectedIds.size !== 1
[SVGAnnotationLayer] setRotInputVisible(false) reason=selectedIds.size !== 1
[SVGAnnotationLayer] setRotInputVisible(false) reason=selectedIds.size !== 1
[DebugBridge +1460252.9ms] pdf_loaded {"pageCount":36,"currentPage":1}
[DebugBridge +1460357.9ms] zoom_start {"scale":1.1732,"targetScale":0.9,"source":"zoomChange"}
[HyperlinkDiag] post-load scan {"hyperlinkCount":0,"samples":[]}
[HyperlinkDiag] page 1 layers {"hyperlinkChildren":0,"layerClasses":["DIV","e-spinner-pane e-spin-show","e-pv-page-canvas","e-pv-annotation-canvas","DIV","e-pv-text-layer"]}
[HyperlinkDiag] page 2 layers {"hyperlinkChildren":0,"layerClasses":["DIV","e-spinner-pane e-spin-show","e-pv-page-canvas","e-pv-annotation-canvas","DIV","e-pv-text-layer"]}
[HyperlinkDiag] page 3 layers {"hyperlinkChildren":0,"layerClasses":["DIV","e-spinner-pane e-spin-hide","e-pv-page-canvas","e-pv-annotation-canvas","DIV","IMG","IMG","IMG","IMG","e-pv-text-layer"]}
[HyperlinkDiag] page 4 layers {"hyperlinkChildren":0,"layerClasses":["DIV","e-spinner-pane e-spin-hide","e-pv-page-canvas","e-pv-annotation-canvas","DIV","IMG"]}
[HIGHLIGHT-SYNC][load.legacy][pdf=Package 2 - Rev 4 -- IC.pdf] {"documentId":"70dadd86-35f0-432b-925f-c59e919a4e4d","totalRows":1820,"fabricCarryingDropped":1820,"keptCount":0,"keptIds":[]}
[DebugBridge +1462566.4ms] zoom_end {"source":"zoomChange_settle"}
[DebugBridge +1462746.6ms] zoom_start {"scale":1.01,"source":"zoomTo_pre"}
[CloudSync][hook] hydrate effect fired {"enabled":true,"documentId":"70dadd86-35f0-432b-925f-c59e919a4e4d","userId":"170d915c-5741-4e0b-b03f-deaeedae27bd","pdfId":"Package 2 - Rev 4 -- IC.pdf-8316501"}
[CloudSync][hook] stage=hydrating
[CloudSync][hook] fabric push skipped — not hydrated yet
[CloudSync][hook] callout push skipped — not hydrated yet
[CloudSync][realtime] subscribing {"documentId":"70dadd86-35f0-432b-925f-c59e919a4e4d","currentUserId":"170d915c-5741-4e0b-b03f-deaeedae27bd","currentSessionId":"54cd7ba9-1ed8-45fe-9502-ff64dc1ea2f0","hasFabricInsert":true,"hasFabricUpdate":true,"hasFabricDelete":true,"hasCalloutInsert":true,"hasCalloutUpdate":true,"hasCalloutDelete":true}
[CloudSync][realtime] subscribe status {"status":"SUBSCRIBED","error":null}
[CloudSync][hook] post-subscribe catch-up skipped — startup sync already in flight
[CloudSync][hook] cutover-complete hydrate — reading from Y.Doc {"documentId":"70dadd86-35f0-432b-925f-c59e919a4e4d","cutoverTs":"2026-05-04T18:30:47.673+00:00"}
[Phase31 UAT] hydrate:cutover-sealed {"documentId":"70dadd86-35f0-432b-925f-c59e919a4e4d","pdfId":"Package 2 - Rev 4 -- IC.pdf-8316501","cutoverTs":"2026-05-04T18:30:47.673+00:00","yMapSize":4501,"materializedTotal":4501,"materializedDrawnByMe":4501,"materializedDrawnByOthers":0,"materializedImported":0,"pages":7,"perPage":{"1":1,"6":615,"7":265,"8":564,"9":2172,"10":516,"11":368},"currentStateCount":3059,"ydocLooksDegenerate":false}
[Phase31 UAT] hydrate:cutover-sealed:by-type {"documentId":"70dadd86-35f0-432b-925f-c59e919a4e4d","pdfFile":"Package 2 - Rev 4 -- IC.pdf-8316501","viewerUserId":"170d915c-5741-4e0b-b03f-deaeedae27bd","yMapTotal":4501,"yMapByType":{"path":4493,"rect":6,"textbox":1,"circle":1},"yMapByAuthor":{"byMe":4501,"byOthers":0,"anonymous":0},"yMapByTypeByAuthor":{"path":{"byMe":4493,"byOthers":0,"anonymous":0},"rect":{"byMe":6,"byOthers":0,"anonymous":0},"textbox":{"byMe":1,"byOthers":0,"anonymous":0},"circle":{"byMe":1,"byOthers":0,"anonymous":0}},"yMapPerTypePerPage":{"path":{"6":613,"7":264,"8":563,"9":2171,"10":515,"11":367},"rect":{"6":1,"7":1,"8":1,"9":1,"10":1,"11":1},"textbox":{"6":1},"circle":{"unknown":1}},"byPageTotal":4501,"byPageByType":{"circle":1,"rect":6,"path":4493,"textbox":1},"byPagePerPagePerType":{"1":{"circle":1},"6":{"rect":1,"path":613,"textbox":1},"7":{"rect":1,"path":264},"8":{"rect":1,"path":563},"9":{"path":2171,"rect":1},"10":{"path":515,"rect":1},"11":{"rect":1,"path":367}}}
[Counter SVG p1] dispatching renderCounter — i=0, displayNumber=1, fill=#ef4444, numberColor=unset, left=869.89, top=298.11, radius=14
[CloudSync][hook][state-obs] change {"prevCount":3059,"currentCount":4501,"delta":1442,"hydrated":true,"sameRefAsLastByPage":true}
[Phase31 UAT] backfill:degeneracy-probe {"documentId":"70dadd86-35f0-432b-925f-c59e919a4e4d","userId":"170d915c-5741-4e0b-b03f-deaeedae27bd","yMapSize":4501,"legacyCount":null,"probeOk":false,"tolerance":0,"yMapLooksHealthy":true,"dedupeRan":true,"lastGoodSize":5767}
[crdtDedupePdfImports] removed 558 duplicate PDF-imported annotations across 4493 unique signatures
[CloudSync][hook] dedupe-resync — restoring state {"documentId":"70dadd86-35f0-432b-925f-c59e919a4e4d","removed":558,"resyncCount":3943}
[Counter SVG p1] dispatching renderCounter — i=0, displayNumber=1, fill=#ef4444, numberColor=unset, left=869.89, top=298.11, radius=14
console.warn @ [CloudSync][hook][state-obs] SHRINK {"prevCount":4501,"currentCount":3943,"delta":-558,"hydrated":true,"sameRefAsLastByPage":true,"stack":"    at commitHookEffectListMount (http://localhost:5173/node_modules/.vite/deps/chunk-DSUIPI7G.js?v=d338d6e7:23793:34) |     at commitPassiveMountOnFiber (http://localhost:5173/node_modules/.vite/deps/chunk-DSUIPI7G.js?v=d338d6e7:25034:19) |     at commitPassiveMountEffects_complete (http://localhost:5173/node_modules/.vite/deps/chunk-DSUIPI7G.js?v=d338d6e7:25007:17) |     at commitPassiveMountEffects_begin (http://localhost:5173/node_modules/.vite/deps/chunk-DSUIPI7G.js?v=d338d6e7:24997:15) |     at commitPassiveMountEffects (http://localhost:5173/node_modules/.vite/deps/chunk-DSUIPI7G.js?v=d338d6e7:24987:11) |     at flushPassiveEffectsImpl (http://localhost:5173/node_modules/.vite/deps/chunk-DSUIPI7G.js?v=d338d6e7:26368:11)"}
[DebugBridge +1467832.8ms] zoom_end {"source":"zoomChange_settle"}
[DebugBridge +1467849.6ms] zoom_start {"scale":2.39,"source":"zoomTo_pre"}
[SVGAnnotationLayer] setRotInputVisible(false) reason=selectedIds.size !== 1
[SVGAnnotationLayer] setRotInputVisible(false) reason=selectedIds.size !== 1
[DebugBridge +1470670.3ms] zoom_end {"source":"zoomChange_settle"}
[SVGAnnotationLayer] setRotInputVisible(false) reason=selectedIds.size !== 1
[SVGAnnotationLayer] setRotInputVisible(false) reason=selectedIds.size !== 1
[DebugBridge +1472382.6ms] zoom_start {"scale":0.99,"source":"zoomTo_pre"}
[DebugBridge +1476499.7ms] zoom_end {"source":"zoomChange_settle"}
[Counter SVG p1] dispatching renderCounter — i=0, displayNumber=1, fill=#ef4444, numberColor=unset, left=869.89, top=298.11, radius=14
[Diag] tool-switch DETECTED → select (scheduling t+1000ms capture)
[SVGAnnotationLayer] setRotInputVisible(false) reason=selectedIds.size !== 1
[Diag select] screenshot saved (564 KB) → /Users/isaiahcalvo/Desktop/Survey-BetaSafeS2/TestLogs/testlog-screenshot-select.png
[Diag select] CAPTURED @ t+1243ms — annotations=567 callouts=0 svgWrappers=5 svgVis=[visible,visible,visible,visible,visible] svgElems=1284 svgVisElems=1284 eraserCanvases=0 svgMarkupBytes=6767652
[DebugBridge +1482436.3ms] zoom_start {"scale":3.49,"source":"zoomTo_pre"}
[DebugBridge +1484959.9ms] zoom_end {"source":"zoomChange_settle"}
[BboxScaleDiag] annotation-pointerdown {"ts":"2026-05-04T19:44:00.036Z","annotationIndex":142,"objType":"path","shiftKey":false,"altKey":false,"metaKey":false,"alreadySelected":false,"objSnapshot":{"left":668.407,"top":274.571,"width":3.4309999999999263,"height":7.791999999999973}}
[SVGAnnotationLayer] setRotInputVisible(false) reason=selectedIds.size !== 1
console.warn @ [CloudSync][hook][state-obs] SHRINK {"prevCount":3943,"currentCount":3942,"delta":-1,"hydrated":true,"sameRefAsLastByPage":false,"stack":"    at commitHookEffectListMount (http://localhost:5173/node_modules/.vite/deps/chunk-DSUIPI7G.js?v=d338d6e7:23793:34) |     at commitPassiveMountOnFiber (http://localhost:5173/node_modules/.vite/deps/chunk-DSUIPI7G.js?v=d338d6e7:25034:19) |     at commitPassiveMountEffects_complete (http://localhost:5173/node_modules/.vite/deps/chunk-DSUIPI7G.js?v=d338d6e7:25007:17) |     at commitPassiveMountEffects_begin (http://localhost:5173/node_modules/.vite/deps/chunk-DSUIPI7G.js?v=d338d6e7:24997:15) |     at commitPassiveMountEffects (http://localhost:5173/node_modules/.vite/deps/chunk-DSUIPI7G.js?v=d338d6e7:24987:11) |     at flushPassiveEffectsImpl (http://localhost:5173/node_modules/.vite/deps/chunk-DSUIPI7G.js?v=d338d6e7:26368:11)"}
[CloudSync][hook] fabric state changed — debounce push scheduled {"pageCount":7,"objectCount":3942,"priorObjectCount":3943,"isWipePush":false,"debounceMs":800}
[CloudSync][hook] fabric push debounce elapsed — pushing now
[Phase31 UAT] save:start {"documentId":"70dadd86-35f0-432b-925f-c59e919a4e4d","pdfId":"Package 2 - Rev 4 -- IC.pdf-8316501","userId":"170d915c-5741-4e0b-b03f-deaeedae27bd","legacyBulkUpsertEnabled":false,"crdtEnabled":true,"ydocMounted":true,"route":"crdt-only","currentTotal":3942,"currentDrawnByMe":3942,"currentDrawnByOthers":0,"currentImported":0,"priorTotal":3943,"priorDrawnByMe":3943,"priorImported":0,"deltaTotal":-1}
[CloudSync][hook] eraser/delete detected — removing rows from cloud {"count":1,"firstFew":["ink-1777522194735-4cdk9qppz"]}
[Phase31 UAT] delete:fan-out done {"documentId":"70dadd86-35f0-432b-925f-c59e919a4e4d","pdfId":"Package 2 - Rev 4 -- IC.pdf-8316501","userId":"170d915c-5741-4e0b-b03f-deaeedae27bd","requested":1,"deleted":1,"yMapSizeAfter":3942}
[Phase31 UAT] save:fan-out done {"documentId":"70dadd86-35f0-432b-925f-c59e919a4e4d","pdfId":"Package 2 - Rev 4 -- IC.pdf-8316501","userId":"170d915c-5741-4e0b-b03f-deaeedae27bd","dispatched":1,"skippedHighlightOrCallout":0,"skippedOtherType":3941,"yMapSizeAfter":3942}
[CloudSync][hook] fabric push synced {"count":0}