===== SurveyApp Save Log =====
version:   0.1.35
runtime:   dev-server
platform:  desktop
device:    Mac
os:        macOS 10.15.7
screen:    1512x982 @2x
viewport:  1203x826
locale:    en-US
timestamp: 2026-04-26T04:09:30.069Z (4/26/2026, 12:09:30 AM)
==============================
[dev-auto-login] boot {"hasDevEmail":true,"devEmailHint":"isai***","hasDevPassword":true,"hasCachedSession":true,"cachedSessionEmail":"isaiahcalvo123@gmail.com","cachedSessionExpiresAt":1777178119}
[dev-auto-login] cached session matches dev email, keeping it
[dev-auto-login] decision {"needsAutoLogin":false,"willAttemptSignIn":false}
[CloudSync][hook] session id minted {"sessionId":"844fc2f9-c964-4799-8922-a39ab7331437"}
[AnnotPerf] finalize idle (forced-reset) — deferring CSS transform removal, waiting for PAL confirmation
[DebugBridge +444765.4ms] zoom_start {"scale":0.8926767676767676,"targetScale":1,"source":"keyboard_toolbar"}
[CloudSync][hook] hydrate effect fired {"enabled":false,"documentId":"1a7f57f8-3796-470e-afd2-f38919a873b3","userId":"170d915c-5741-4e0b-b03f-deaeedae27bd","pdfId":null}
[CloudSync][hook] hydrate skipped — missing prerequisite {"enabled":false,"hasDocumentId":true,"hasUserId":true,"hasPdfId":false}
[CSeries wipe] doc=sync-test.pdf-2489 totalCounters=0 legacyRemoved=0 — nothing to wipe.
[PrintPanel] mount — binding Cmd/Ctrl+P listeners. electronAPI available: true onPrintPdf available: true
[CloudSync][hook] hydrate effect fired {"enabled":false,"documentId":"1a7f57f8-3796-470e-afd2-f38919a873b3","userId":"170d915c-5741-4e0b-b03f-deaeedae27bd","pdfId":"sync-test.pdf-2489"}
[CloudSync][hook] hydrate skipped — missing prerequisite {"enabled":false,"hasDocumentId":true,"hasUserId":true,"hasPdfId":true}
[ZoomLive svg p1] {"interactionPhase":"idle","zoomOverlayTransformActive":true,"viewerScale":0.89268,"measuredScale":0.89268,"committedScale":0,"overlayTransform":"none","overlayTransformScale":1,"pageHostRect":null,"overlayLayerRect":null,"overlayContentRect":null,"legacyCompensationRect":null,"legacyCompensationTransform":"none","palRootRect":null,"canvasContainerRect":null,"palCanvasRect":null,"regionRootRect":null,"regionSvgRect":null,"regionScreenWidth":0,"regionScreenHeight":0,"svgLayerRect":null,"activeSpaceId":null,"activeRegionId":null,"showRegionSelection":false}
[PrintPanel] mount — binding Cmd/Ctrl+P listeners. electronAPI available: true onPrintPdf available: true
[PrintPanel] mount — binding Cmd/Ctrl+P listeners. electronAPI available: true onPrintPdf available: true
[PrintPanel] mount — binding Cmd/Ctrl+P listeners. electronAPI available: true onPrintPdf available: true
[PrintPanel] RENDER — panel closed
[ZoomLive svg p1] {"interactionPhase":"idle","zoomOverlayTransformActive":true,"viewerScale":0.1,"measuredScale":0.1,"committedScale":0,"overlayTransform":"none","overlayTransformScale":1,"pageHostRect":null,"overlayLayerRect":null,"overlayContentRect":null,"legacyCompensationRect":null,"legacyCompensationTransform":"none","palRootRect":null,"canvasContainerRect":null,"palCanvasRect":null,"regionRootRect":null,"regionSvgRect":null,"regionScreenWidth":0,"regionScreenHeight":0,"svgLayerRect":null,"activeSpaceId":null,"activeRegionId":null,"showRegionSelection":false}
[CloudSync][hook] hydrate effect fired {"enabled":true,"documentId":"1a7f57f8-3796-470e-afd2-f38919a873b3","userId":"170d915c-5741-4e0b-b03f-deaeedae27bd","pdfId":"sync-test.pdf-2489"}
[CloudSync][hook] stage=hydrating
[CloudSync][hydrate] loadAllNonHighlightAnnotations start {"documentId":"1a7f57f8-3796-470e-afd2-f38919a873b3"}
[CloudSync][hook] fabric push skipped — not hydrated yet
[CloudSync][hook] callout push skipped — not hydrated yet
[CloudSync][realtime] subscribing {"documentId":"1a7f57f8-3796-470e-afd2-f38919a873b3","currentUserId":"170d915c-5741-4e0b-b03f-deaeedae27bd","currentSessionId":"844fc2f9-c964-4799-8922-a39ab7331437","hasFabricInsert":true,"hasFabricUpdate":true,"hasFabricDelete":true,"hasCalloutInsert":true,"hasCalloutUpdate":true,"hasCalloutDelete":true}
[CursorScope] bound mousemove on container syncfusion-pdf-viewer-tab-1777176528555-k4xi0r9x8_pageViewContainer
[App-Debug p1] PAL render — pageSize={w:612, h:792}, layerScale=1.33333, measuredPageScale=1.33333, committedPageScale=none, legacyCommitCompensationPending=false, legacyCommitCompensationScale=1, overlayContentTransformScale=1, storedOverlayTransformScale=1, syncfusionViewerScale=0.1, overlayDiv=true, overlayDivW=816, overlayDivH=1056, overlayDivTransform=none, overlayContentTransform=none
[SVG p1] render — 5 objs, viewBox=612x792
[SVGAnnotationLayer] setRotInputVisible(false) reason=selectedIds.size !== 1
[SVG p1] MOUNT — 5 annotations, 0 callouts, viewBox=612x792
[App-Debug p1] PAL render — pageSize={w:612, h:792}, layerScale=1.33333, measuredPageScale=1.33333, committedPageScale=1.33333, legacyCommitCompensationPending=false, legacyCommitCompensationScale=1, overlayContentTransformScale=1, storedOverlayTransformScale=1, syncfusionViewerScale=0.1, overlayDiv=true, overlayDivW=816, overlayDivH=1056, overlayDivTransform=none, overlayContentTransform=none
[SVG p1] render — 5 objs, viewBox=612x792
[App-Debug p1] PAL render — pageSize={w:612, h:792}, layerScale=1.33333, measuredPageScale=1.33333, committedPageScale=1.33333, legacyCommitCompensationPending=false, legacyCommitCompensationScale=1, overlayContentTransformScale=1, storedOverlayTransformScale=1, syncfusionViewerScale=0.1, overlayDiv=true, overlayDivW=816, overlayDivH=1056, overlayDivTransform=none, overlayContentTransform=none
[SVG p1] render — 5 objs, viewBox=612x792
[DebugBridge +445224.1ms] pdf_loaded {"pageCount":3,"currentPage":1}
[App-Debug p1] PAL render — pageSize={w:612, h:792}, layerScale=1.33333, measuredPageScale=1.33333, committedPageScale=1.33333, legacyCommitCompensationPending=false, legacyCommitCompensationScale=1, overlayContentTransformScale=1, storedOverlayTransformScale=1, syncfusionViewerScale=0.1, overlayDiv=true, overlayDivW=816, overlayDivH=1056, overlayDivTransform=none, overlayContentTransform=none
[SVG p1] render — 5 objs, viewBox=612x792
[App-Debug p1] PAL render — pageSize={w:612, h:792}, layerScale=1.33333, measuredPageScale=1.33333, committedPageScale=1.33333, legacyCommitCompensationPending=false, legacyCommitCompensationScale=1, overlayContentTransformScale=1, storedOverlayTransformScale=1, syncfusionViewerScale=0.1, overlayDiv=true, overlayDivW=816, overlayDivH=1056, overlayDivTransform=none, overlayContentTransform=none
[SVG p1] render — 5 objs, viewBox=612x792
[CloudSync][hydrate] loadAllNonHighlightAnnotations ok {"elapsedMs":148,"totalRows":0,"rowsByType":{},"pagesWithObjects":0,"calloutCount":0}
[CloudSync][hook] replacing local fabric state with cloud (cloud is authoritative) {"pages":0,"migrationDone":true}
[CloudSync][hook] replacing local callouts with cloud (cloud is authoritative) {"count":0,"migrationDone":true}
[CloudSync][hook] stage=migrating (one-time local→cloud push)
[CloudSync][hook] hydrate+migrate complete — push gate OPEN {"migrationPushed":0}
[CloudSync][realtime] subscribe status {"status":"SUBSCRIBED","error":null}
[CloudSync][hydrate] loadAllNonHighlightAnnotations start {"documentId":"1a7f57f8-3796-470e-afd2-f38919a873b3"}
[ZoomLive svg p1] {"interactionPhase":"idle","zoomOverlayTransformActive":true,"viewerScale":0.9,"measuredScale":1.19935,"committedScale":1.19935,"overlayTransform":"none","overlayTransformScale":1,"pageHostRect":{"w":734.398,"h":950.398,"left":252.797,"top":86.195},"overlayLayerRect":null,"overlayContentRect":null,"legacyCompensationRect":null,"legacyCompensationTransform":"none","palRootRect":null,"canvasContainerRect":null,"palCanvasRect":null,"regionRootRect":null,"regionSvgRect":null,"regionScreenWidth":0,"regionScreenHeight":0,"svgLayerRect":null,"activeSpaceId":null,"activeRegionId":null,"showRegionSelection":false}
[ZoomLive svg p1] {"interactionPhase":"idle","zoomOverlayTransformActive":true,"viewerScale":0.67,"measuredScale":0.89379,"committedScale":0.89379,"overlayTransform":"none","overlayTransformScale":1,"pageHostRect":{"w":546.719,"h":707.516,"left":346.633,"top":84.359},"overlayLayerRect":null,"overlayContentRect":null,"legacyCompensationRect":null,"legacyCompensationTransform":"none","palRootRect":null,"canvasContainerRect":null,"palCanvasRect":null,"regionRootRect":null,"regionSvgRect":null,"regionScreenWidth":0,"regionScreenHeight":0,"svgLayerRect":null,"activeSpaceId":null,"activeRegionId":null,"showRegionSelection":false}
[ZoomLive svg p1] {"interactionPhase":"idle","zoomOverlayTransformActive":true,"viewerScale":0.67,"measuredScale":0.89379,"committedScale":0.89379,"overlayTransform":"none","overlayTransformScale":1,"pageHostRect":{"w":546.719,"h":707.516,"left":346.633,"top":84.359},"overlayLayerRect":null,"overlayContentRect":null,"legacyCompensationRect":null,"legacyCompensationTransform":"none","palRootRect":null,"canvasContainerRect":null,"palCanvasRect":null,"regionRootRect":null,"regionSvgRect":null,"regionScreenWidth":0,"regionScreenHeight":0,"svgLayerRect":null,"activeSpaceId":null,"activeRegionId":null,"showRegionSelection":false}
[CloudSync][hydrate] loadAllNonHighlightAnnotations ok {"elapsedMs":548,"totalRows":0,"rowsByType":{},"pagesWithObjects":0,"calloutCount":0}
[CloudSync][hook] post-subscribe catch-up rehydrate complete {"pagesFromCloud":0,"calloutsFromCloud":0}
[HyperlinkDiag] post-load scan {"hyperlinkCount":0,"samples":[]}
[HyperlinkDiag] page 1 layers {"hyperlinkChildren":0,"layerClasses":["DIV","e-spinner-pane e-spin-show","e-pv-page-canvas","DIV","e-pv-annotation-canvas","e-pv-text-layer"]}
[HyperlinkDiag] page 2 layers {"hyperlinkChildren":0,"layerClasses":["DIV","e-spinner-pane e-spin-show","e-pv-page-canvas","DIV","e-pv-annotation-canvas","e-pv-text-layer"]}
[HyperlinkDiag] page 3 layers {"hyperlinkChildren":0,"layerClasses":["DIV","e-spinner-pane e-spin-show","e-pv-page-canvas","DIV","e-pv-annotation-canvas","e-pv-text-layer"]}
[ZoomLive svg p1] {"interactionPhase":"idle","zoomOverlayTransformActive":true,"viewerScale":0.67,"measuredScale":0.89379,"committedScale":0.89379,"overlayTransform":"none","overlayTransformScale":1,"pageHostRect":{"w":546.719,"h":707.516,"left":346.633,"top":84.359},"overlayLayerRect":null,"overlayContentRect":null,"legacyCompensationRect":null,"legacyCompensationTransform":"none","palRootRect":null,"canvasContainerRect":null,"palCanvasRect":null,"regionRootRect":null,"regionSvgRect":null,"regionScreenWidth":0,"regionScreenHeight":0,"svgLayerRect":null,"activeSpaceId":null,"activeRegionId":null,"showRegionSelection":false}
[ZoomLive svg p1] {"interactionPhase":"idle","zoomOverlayTransformActive":true,"viewerScale":0.67,"measuredScale":0.89379,"committedScale":0.89379,"overlayTransform":"none","overlayTransformScale":1,"pageHostRect":{"w":546.719,"h":707.516,"left":346.633,"top":84.359},"overlayLayerRect":null,"overlayContentRect":null,"legacyCompensationRect":null,"legacyCompensationTransform":"none","palRootRect":null,"canvasContainerRect":null,"palCanvasRect":null,"regionRootRect":null,"regionSvgRect":null,"regionScreenWidth":0,"regionScreenHeight":0,"svgLayerRect":null,"activeSpaceId":null,"activeRegionId":null,"showRegionSelection":false}
[DebugBridge +446532.0ms] zoom_end {"source":"zoomChange_settle"}
[CursorScope] mousemove cursor=(287,405) onPage=false target=<div#syncfusion-pdf-viewer-tab-1777176528555-k4xi0r9x8_pageViewContainer> computedCursor=auto transitioned=true
[CursorScope] mousemove cursor=(289,405) onPage=false target=<div#syncfusion-pdf-viewer-tab-1777176528555-k4xi0r9x8_pageViewContainer> computedCursor=default transitioned=false
[CursorScope] mousemove cursor=(348,399) onPage=true target=<div#syncfusion-pdf-viewer-tab-1777176528555-k4xi0r9x8_textLayer_0> computedCursor=default transitioned=true
[HitTest pageDiv-bounds] sfIndex=0 cursor=(348,399) pageDiv={"l":347,"t":84,"r":893,"b":792,"w":547,"h":708} pageCanvas={"l":347,"t":84,"r":893,"b":792,"w":547,"h":708} canvasIntrinsic=547x708
[HitTest ref-rect] usingCanvas=true ref=(347,84)-(893,792) inside=true
[HitTest pageDiv-bounds] sfIndex=0 cursor=(356,398) pageDiv={"l":347,"t":84,"r":893,"b":792,"w":547,"h":708} pageCanvas={"l":347,"t":84,"r":893,"b":792,"w":547,"h":708} canvasIntrinsic=547x708
[HitTest ref-rect] usingCanvas=true ref=(347,84)-(893,792) inside=true
[HitTest pageDiv-bounds] sfIndex=0 cursor=(363,396) pageDiv={"l":347,"t":84,"r":893,"b":792,"w":547,"h":708} pageCanvas={"l":347,"t":84,"r":893,"b":792,"w":547,"h":708} canvasIntrinsic=547x708
[HitTest ref-rect] usingCanvas=true ref=(347,84)-(893,792) inside=true
[HitTest pageDiv-bounds] sfIndex=0 cursor=(368,395) pageDiv={"l":347,"t":84,"r":893,"b":792,"w":547,"h":708} pageCanvas={"l":347,"t":84,"r":893,"b":792,"w":547,"h":708} canvasIntrinsic=547x708
[HitTest ref-rect] usingCanvas=true ref=(347,84)-(893,792) inside=true
[HitTest pageDiv-bounds] sfIndex=0 cursor=(371,394) pageDiv={"l":347,"t":84,"r":893,"b":792,"w":547,"h":708} pageCanvas={"l":347,"t":84,"r":893,"b":792,"w":547,"h":708} canvasIntrinsic=547x708
[HitTest ref-rect] usingCanvas=true ref=(347,84)-(893,792) inside=true
[HitTest pageDiv-bounds] sfIndex=0 cursor=(375,393) pageDiv={"l":347,"t":84,"r":893,"b":792,"w":547,"h":708} pageCanvas={"l":347,"t":84,"r":893,"b":792,"w":547,"h":708} canvasIntrinsic=547x708
[HitTest ref-rect] usingCanvas=true ref=(347,84)-(893,792) inside=true
[HitTest pageDiv-bounds] sfIndex=0 cursor=(379,392) pageDiv={"l":347,"t":84,"r":893,"b":792,"w":547,"h":708} pageCanvas={"l":347,"t":84,"r":893,"b":792,"w":547,"h":708} canvasIntrinsic=547x708
[HitTest ref-rect] usingCanvas=true ref=(347,84)-(893,792) inside=true
[HitTest pageDiv-bounds] sfIndex=0 cursor=(382,392) pageDiv={"l":347,"t":84,"r":893,"b":792,"w":547,"h":708} pageCanvas={"l":347,"t":84,"r":893,"b":792,"w":547,"h":708} canvasIntrinsic=547x708
[HitTest ref-rect] usingCanvas=true ref=(347,84)-(893,792) inside=true
[HitTest pageDiv-bounds] sfIndex=0 cursor=(384,391) pageDiv={"l":347,"t":84,"r":893,"b":792,"w":547,"h":708} pageCanvas={"l":347,"t":84,"r":893,"b":792,"w":547,"h":708} canvasIntrinsic=547x708
[HitTest ref-rect] usingCanvas=true ref=(347,84)-(893,792) inside=true
[HitTest pageDiv-bounds] sfIndex=0 cursor=(385,391) pageDiv={"l":347,"t":84,"r":893,"b":792,"w":547,"h":708} pageCanvas={"l":347,"t":84,"r":893,"b":792,"w":547,"h":708} canvasIntrinsic=547x708
[HitTest ref-rect] usingCanvas=true ref=(347,84)-(893,792) inside=true
[HitTest pageDiv-bounds] sfIndex=0 cursor=(388,390) pageDiv={"l":347,"t":84,"r":893,"b":792,"w":547,"h":708} pageCanvas={"l":347,"t":84,"r":893,"b":792,"w":547,"h":708} canvasIntrinsic=547x708
[HitTest ref-rect] usingCanvas=true ref=(347,84)-(893,792) inside=true
[HitTest pageDiv-bounds] sfIndex=0 cursor=(388,390) pageDiv={"l":347,"t":84,"r":893,"b":792,"w":547,"h":708} pageCanvas={"l":347,"t":84,"r":893,"b":792,"w":547,"h":708} canvasIntrinsic=547x708
[HitTest ref-rect] usingCanvas=true ref=(347,84)-(893,792) inside=true
[HitTest pageDiv-bounds] sfIndex=0 cursor=(389,390) pageDiv={"l":347,"t":84,"r":893,"b":792,"w":547,"h":708} pageCanvas={"l":347,"t":84,"r":893,"b":792,"w":547,"h":708} canvasIntrinsic=547x708
[HitTest ref-rect] usingCanvas=true ref=(347,84)-(893,792) inside=true
[HitTest pageDiv-bounds] sfIndex=0 cursor=(389,390) pageDiv={"l":347,"t":84,"r":893,"b":792,"w":547,"h":708} pageCanvas={"l":347,"t":84,"r":893,"b":792,"w":547,"h":708} canvasIntrinsic=547x708
[HitTest ref-rect] usingCanvas=true ref=(347,84)-(893,792) inside=true
[HitTest pageDiv-bounds] sfIndex=0 cursor=(389,390) pageDiv={"l":347,"t":84,"r":893,"b":792,"w":547,"h":708} pageCanvas={"l":347,"t":84,"r":893,"b":792,"w":547,"h":708} canvasIntrinsic=547x708
[HitTest ref-rect] usingCanvas=true ref=(347,84)-(893,792) inside=true
[HitTest pageDiv-bounds] sfIndex=0 cursor=(389,390) pageDiv={"l":347,"t":84,"r":893,"b":792,"w":547,"h":708} pageCanvas={"l":347,"t":84,"r":893,"b":792,"w":547,"h":708} canvasIntrinsic=547x708
[HitTest ref-rect] usingCanvas=true ref=(347,84)-(893,792) inside=true
[HitTest pageDiv-bounds] sfIndex=0 cursor=(390,390) pageDiv={"l":347,"t":84,"r":893,"b":792,"w":547,"h":708} pageCanvas={"l":347,"t":84,"r":893,"b":792,"w":547,"h":708} canvasIntrinsic=547x708
[HitTest ref-rect] usingCanvas=true ref=(347,84)-(893,792) inside=true
[HitTest pageDiv-bounds] sfIndex=0 cursor=(390,390) pageDiv={"l":347,"t":84,"r":893,"b":792,"w":547,"h":708} pageCanvas={"l":347,"t":84,"r":893,"b":792,"w":547,"h":708} canvasIntrinsic=547x708
[HitTest ref-rect] usingCanvas=true ref=(347,84)-(893,792) inside=true
[HitTest pageDiv-bounds] sfIndex=0 cursor=(390,390) pageDiv={"l":347,"t":84,"r":893,"b":792,"w":547,"h":708} pageCanvas={"l":347,"t":84,"r":893,"b":792,"w":547,"h":708} canvasIntrinsic=547x708
[HitTest ref-rect] usingCanvas=true ref=(347,84)-(893,792) inside=true
[HitTest pageDiv-bounds] sfIndex=0 cursor=(390,390) pageDiv={"l":347,"t":84,"r":893,"b":792,"w":547,"h":708} pageCanvas={"l":347,"t":84,"r":893,"b":792,"w":547,"h":708} canvasIntrinsic=547x708
[HitTest ref-rect] usingCanvas=true ref=(347,84)-(893,792) inside=true
[HitTest pageDiv-bounds] sfIndex=0 cursor=(391,390) pageDiv={"l":347,"t":84,"r":893,"b":792,"w":547,"h":708} pageCanvas={"l":347,"t":84,"r":893,"b":792,"w":547,"h":708} canvasIntrinsic=547x708
[HitTest ref-rect] usingCanvas=true ref=(347,84)-(893,792) inside=true
[HitTest pageDiv-bounds] sfIndex=0 cursor=(391,390) pageDiv={"l":347,"t":84,"r":893,"b":792,"w":547,"h":708} pageCanvas={"l":347,"t":84,"r":893,"b":792,"w":547,"h":708} canvasIntrinsic=547x708
[HitTest ref-rect] usingCanvas=true ref=(347,84)-(893,792) inside=true
[HitTest pageDiv-bounds] sfIndex=0 cursor=(391,390) pageDiv={"l":347,"t":84,"r":893,"b":792,"w":547,"h":708} pageCanvas={"l":347,"t":84,"r":893,"b":792,"w":547,"h":708} canvasIntrinsic=547x708
[HitTest ref-rect] usingCanvas=true ref=(347,84)-(893,792) inside=true
[HitTest pageDiv-bounds] sfIndex=0 cursor=(391,390) pageDiv={"l":347,"t":84,"r":893,"b":792,"w":547,"h":708} pageCanvas={"l":347,"t":84,"r":893,"b":792,"w":547,"h":708} canvasIntrinsic=547x708
[HitTest ref-rect] usingCanvas=true ref=(347,84)-(893,792) inside=true
[HitTest pageDiv-bounds] sfIndex=0 cursor=(391,391) pageDiv={"l":347,"t":84,"r":893,"b":792,"w":547,"h":708} pageCanvas={"l":347,"t":84,"r":893,"b":792,"w":547,"h":708} canvasIntrinsic=547x708
[HitTest ref-rect] usingCanvas=true ref=(347,84)-(893,792) inside=true
[HitTest pageDiv-bounds] sfIndex=0 cursor=(392,391) pageDiv={"l":347,"t":84,"r":893,"b":792,"w":547,"h":708} pageCanvas={"l":347,"t":84,"r":893,"b":792,"w":547,"h":708} canvasIntrinsic=547x708
[HitTest ref-rect] usingCanvas=true ref=(347,84)-(893,792) inside=true
[HitTest pageDiv-bounds] sfIndex=0 cursor=(392,392) pageDiv={"l":347,"t":84,"r":893,"b":792,"w":547,"h":708} pageCanvas={"l":347,"t":84,"r":893,"b":792,"w":547,"h":708} canvasIntrinsic=547x708
[HitTest ref-rect] usingCanvas=true ref=(347,84)-(893,792) inside=true
[HitTest pageDiv-bounds] sfIndex=0 cursor=(393,394) pageDiv={"l":347,"t":84,"r":893,"b":792,"w":547,"h":708} pageCanvas={"l":347,"t":84,"r":893,"b":792,"w":547,"h":708} canvasIntrinsic=547x708
[HitTest ref-rect] usingCanvas=true ref=(347,84)-(893,792) inside=true
[HitTest pageDiv-bounds] sfIndex=0 cursor=(394,395) pageDiv={"l":347,"t":84,"r":893,"b":792,"w":547,"h":708} pageCanvas={"l":347,"t":84,"r":893,"b":792,"w":547,"h":708} canvasIntrinsic=547x708
[HitTest ref-rect] usingCanvas=true ref=(347,84)-(893,792) inside=true
[HitTest pageDiv-bounds] sfIndex=0 cursor=(394,396) pageDiv={"l":347,"t":84,"r":893,"b":792,"w":547,"h":708} pageCanvas={"l":347,"t":84,"r":893,"b":792,"w":547,"h":708} canvasIntrinsic=547x708
[HitTest ref-rect] usingCanvas=true ref=(347,84)-(893,792) inside=true
[HitTest pageDiv-bounds] sfIndex=0 cursor=(395,397) pageDiv={"l":347,"t":84,"r":893,"b":792,"w":547,"h":708} pageCanvas={"l":347,"t":84,"r":893,"b":792,"w":547,"h":708} canvasIntrinsic=547x708
[HitTest ref-rect] usingCanvas=true ref=(347,84)-(893,792) inside=true
[HitTest pageDiv-bounds] sfIndex=0 cursor=(397,399) pageDiv={"l":347,"t":84,"r":893,"b":792,"w":547,"h":708} pageCanvas={"l":347,"t":84,"r":893,"b":792,"w":547,"h":708} canvasIntrinsic=547x708
[HitTest ref-rect] usingCanvas=true ref=(347,84)-(893,792) inside=true
[HitTest pageDiv-bounds] sfIndex=0 cursor=(399,400) pageDiv={"l":347,"t":84,"r":893,"b":792,"w":547,"h":708} pageCanvas={"l":347,"t":84,"r":893,"b":792,"w":547,"h":708} canvasIntrinsic=547x708
[HitTest ref-rect] usingCanvas=true ref=(347,84)-(893,792) inside=true
[HitTest pageDiv-bounds] sfIndex=0 cursor=(401,402) pageDiv={"l":347,"t":84,"r":893,"b":792,"w":547,"h":708} pageCanvas={"l":347,"t":84,"r":893,"b":792,"w":547,"h":708} canvasIntrinsic=547x708
[HitTest ref-rect] usingCanvas=true ref=(347,84)-(893,792) inside=true
[HitTest pageDiv-bounds] sfIndex=0 cursor=(403,403) pageDiv={"l":347,"t":84,"r":893,"b":792,"w":547,"h":708} pageCanvas={"l":347,"t":84,"r":893,"b":792,"w":547,"h":708} canvasIntrinsic=547x708
[HitTest ref-rect] usingCanvas=true ref=(347,84)-(893,792) inside=true
[HitTest pageDiv-bounds] sfIndex=0 cursor=(406,404) pageDiv={"l":347,"t":84,"r":893,"b":792,"w":547,"h":708} pageCanvas={"l":347,"t":84,"r":893,"b":792,"w":547,"h":708} canvasIntrinsic=547x708
[HitTest ref-rect] usingCanvas=true ref=(347,84)-(893,792) inside=true
[HitTest pageDiv-bounds] sfIndex=0 cursor=(407,405) pageDiv={"l":347,"t":84,"r":893,"b":792,"w":547,"h":708} pageCanvas={"l":347,"t":84,"r":893,"b":792,"w":547,"h":708} canvasIntrinsic=547x708
[HitTest ref-rect] usingCanvas=true ref=(347,84)-(893,792) inside=true
[HitTest pageDiv-bounds] sfIndex=0 cursor=(411,407) pageDiv={"l":347,"t":84,"r":893,"b":792,"w":547,"h":708} pageCanvas={"l":347,"t":84,"r":893,"b":792,"w":547,"h":708} canvasIntrinsic=547x708
[HitTest ref-rect] usingCanvas=true ref=(347,84)-(893,792) inside=true
[HitTest pageDiv-bounds] sfIndex=0 cursor=(414,408) pageDiv={"l":347,"t":84,"r":893,"b":792,"w":547,"h":708} pageCanvas={"l":347,"t":84,"r":893,"b":792,"w":547,"h":708} canvasIntrinsic=547x708
[HitTest ref-rect] usingCanvas=true ref=(347,84)-(893,792) inside=true
[HitTest pageDiv-bounds] sfIndex=0 cursor=(415,409) pageDiv={"l":347,"t":84,"r":893,"b":792,"w":547,"h":708} pageCanvas={"l":347,"t":84,"r":893,"b":792,"w":547,"h":708} canvasIntrinsic=547x708
[HitTest ref-rect] usingCanvas=true ref=(347,84)-(893,792) inside=true
[HitTest pageDiv-bounds] sfIndex=0 cursor=(418,409) pageDiv={"l":347,"t":84,"r":893,"b":792,"w":547,"h":708} pageCanvas={"l":347,"t":84,"r":893,"b":792,"w":547,"h":708} canvasIntrinsic=547x708
[HitTest ref-rect] usingCanvas=true ref=(347,84)-(893,792) inside=true
[HitTest pageDiv-bounds] sfIndex=0 cursor=(420,410) pageDiv={"l":347,"t":84,"r":893,"b":792,"w":547,"h":708} pageCanvas={"l":347,"t":84,"r":893,"b":792,"w":547,"h":708} canvasIntrinsic=547x708
[HitTest ref-rect] usingCanvas=true ref=(347,84)-(893,792) inside=true
[HitTest pageDiv-bounds] sfIndex=0 cursor=(423,412) pageDiv={"l":347,"t":84,"r":893,"b":792,"w":547,"h":708} pageCanvas={"l":347,"t":84,"r":893,"b":792,"w":547,"h":708} canvasIntrinsic=547x708
[HitTest ref-rect] usingCanvas=true ref=(347,84)-(893,792) inside=true
[HitTest pageDiv-bounds] sfIndex=0 cursor=(425,412) pageDiv={"l":347,"t":84,"r":893,"b":792,"w":547,"h":708} pageCanvas={"l":347,"t":84,"r":893,"b":792,"w":547,"h":708} canvasIntrinsic=547x708
[HitTest ref-rect] usingCanvas=true ref=(347,84)-(893,792) inside=true
[HitTest pageDiv-bounds] sfIndex=0 cursor=(426,413) pageDiv={"l":347,"t":84,"r":893,"b":792,"w":547,"h":708} pageCanvas={"l":347,"t":84,"r":893,"b":792,"w":547,"h":708} canvasIntrinsic=547x708
[HitTest ref-rect] usingCanvas=true ref=(347,84)-(893,792) inside=true
[HitTest pageDiv-bounds] sfIndex=0 cursor=(426,413) pageDiv={"l":347,"t":84,"r":893,"b":792,"w":547,"h":708} pageCanvas={"l":347,"t":84,"r":893,"b":792,"w":547,"h":708} canvasIntrinsic=547x708
[HitTest ref-rect] usingCanvas=true ref=(347,84)-(893,792) inside=true
[HitTest pageDiv-bounds] sfIndex=0 cursor=(427,414) pageDiv={"l":347,"t":84,"r":893,"b":792,"w":547,"h":708} pageCanvas={"l":347,"t":84,"r":893,"b":792,"w":547,"h":708} canvasIntrinsic=547x708
[HitTest ref-rect] usingCanvas=true ref=(347,84)-(893,792) inside=true
[HitTest pageDiv-bounds] sfIndex=0 cursor=(427,414) pageDiv={"l":347,"t":84,"r":893,"b":792,"w":547,"h":708} pageCanvas={"l":347,"t":84,"r":893,"b":792,"w":547,"h":708} canvasIntrinsic=547x708
[HitTest ref-rect] usingCanvas=true ref=(347,84)-(893,792) inside=true
[CursorScope] mousemove cursor=(428,415) onPage=true target=<div#syncfusion-pdf-viewer-tab-1777176528555-k4xi0r9x8_textLayer_0> computedCursor=grab transitioned=false
[HitTest pageDiv-bounds] sfIndex=0 cursor=(428,415) pageDiv={"l":347,"t":84,"r":893,"b":792,"w":547,"h":708} pageCanvas={"l":347,"t":84,"r":893,"b":792,"w":547,"h":708} canvasIntrinsic=547x708
[HitTest ref-rect] usingCanvas=true ref=(347,84)-(893,792) inside=true
[CloudSync][realtime] applying UPDATE fabric {"highlightId":"ink-1777175080202-n3dae4rx2","annotationType":"ink","pageNumber":1,"lastModifiedBy":"170d915c-5741-4e0b-b03f-deaeedae27bd"}
[CloudSync][realtime] applying UPDATE fabric {"highlightId":"ink-1777175093072-zqplg8pgc","annotationType":"ink","pageNumber":1,"lastModifiedBy":"170d915c-5741-4e0b-b03f-deaeedae27bd"}
[CloudSync][realtime] applying UPDATE fabric {"highlightId":"ink-1777175105685-e2ennkhn7","annotationType":"ink","pageNumber":1,"lastModifiedBy":"170d915c-5741-4e0b-b03f-deaeedae27bd"}
[App-Debug p1] PAL render — pageSize={w:612, h:792}, layerScale=0.89379, measuredPageScale=0.89379, committedPageScale=0.89379, legacyCommitCompensationPending=false, legacyCommitCompensationScale=1, overlayContentTransformScale=1, storedOverlayTransformScale=1, syncfusionViewerScale=0.67, overlayDiv=true, overlayDivW=547, overlayDivH=708, overlayDivTransform=none, overlayContentTransform=none
[SVG p1] render — 3 objs, viewBox=612x792
[CloudSync][realtime] applying UPDATE fabric {"highlightId":"ink-1777175111627-b4vwca5mo","annotationType":"ink","pageNumber":1,"lastModifiedBy":"170d915c-5741-4e0b-b03f-deaeedae27bd"}
[CloudSync][realtime] applying UPDATE fabric {"highlightId":"ink-1777175763323-c0p1lopth","annotationType":"ink","pageNumber":1,"lastModifiedBy":"170d915c-5741-4e0b-b03f-deaeedae27bd"}
[CloudSync][realtime] applying INSERT fabric {"highlightId":"ink-1777176536533-75nrf5eoa","annotationType":"ink","pageNumber":1,"lastModifiedBy":"170d915c-5741-4e0b-b03f-deaeedae27bd"}
[SVGAnnotationLayer] setRotInputVisible(false) reason=selectedIds.size !== 1
[SVG p1] MOUNT — 3 annotations, 0 callouts, viewBox=612x792
[App-Debug p1] PAL render — pageSize={w:612, h:792}, layerScale=0.89379, measuredPageScale=0.89379, committedPageScale=0.89379, legacyCommitCompensationPending=false, legacyCommitCompensationScale=1, overlayContentTransformScale=1, storedOverlayTransformScale=1, syncfusionViewerScale=0.67, overlayDiv=true, overlayDivW=547, overlayDivH=708, overlayDivTransform=none, overlayContentTransform=none
[SVG p1] render — 6 objs, viewBox=612x792
[SVG p1] MOUNT — 6 annotations, 0 callouts, viewBox=612x792
[App-Debug p1] PAL render — pageSize={w:612, h:792}, layerScale=0.89379, measuredPageScale=0.89379, committedPageScale=0.89379, legacyCommitCompensationPending=false, legacyCommitCompensationScale=1, overlayContentTransformScale=1, storedOverlayTransformScale=1, syncfusionViewerScale=0.67, overlayDiv=true, overlayDivW=547, overlayDivH=708, overlayDivTransform=none, overlayContentTransform=none
[SVG p1] render — 6 objs, viewBox=612x792
[App-Debug p1] PAL render — pageSize={w:612, h:792}, layerScale=0.89379, measuredPageScale=0.89379, committedPageScale=0.89379, legacyCommitCompensationPending=false, legacyCommitCompensationScale=1, overlayContentTransformScale=1, storedOverlayTransformScale=1, syncfusionViewerScale=0.67, overlayDiv=true, overlayDivW=547, overlayDivH=708, overlayDivTransform=none, overlayContentTransform=none
[App-Debug p1] PAL render — pageSize={w:612, h:792}, layerScale=0.89379, measuredPageScale=0.89379, committedPageScale=0.89379, legacyCommitCompensationPending=false, legacyCommitCompensationScale=1, overlayContentTransformScale=1, storedOverlayTransformScale=1, syncfusionViewerScale=0.67, overlayDiv=true, overlayDivW=547, overlayDivH=708, overlayDivTransform=none, overlayContentTransform=none
[SVG p1] render — 6 objs, viewBox=612x792
[CloudSync][realtime] applying DELETE {"payloadKeys":["id"]}
[CloudSync][hydrate] loadAllNonHighlightAnnotations start {"documentId":"1a7f57f8-3796-470e-afd2-f38919a873b3"}
[CloudSync][realtime] applying UPDATE fabric {"highlightId":"ink-1777175080202-n3dae4rx2","annotationType":"ink","pageNumber":1,"lastModifiedBy":"170d915c-5741-4e0b-b03f-deaeedae27bd"}
[CloudSync][realtime] applying UPDATE fabric {"highlightId":"ink-1777175093072-zqplg8pgc","annotationType":"ink","pageNumber":1,"lastModifiedBy":"170d915c-5741-4e0b-b03f-deaeedae27bd"}
[App-Debug p1] PAL render — pageSize={w:612, h:792}, layerScale=0.89379, measuredPageScale=0.89379, committedPageScale=0.89379, legacyCommitCompensationPending=false, legacyCommitCompensationScale=1, overlayContentTransformScale=1, storedOverlayTransformScale=1, syncfusionViewerScale=0.67, overlayDiv=true, overlayDivW=547, overlayDivH=708, overlayDivTransform=none, overlayContentTransform=none
[SVG p1] render — 6 objs, viewBox=612x792
[CloudSync][realtime] applying UPDATE fabric {"highlightId":"ink-1777175111627-b4vwca5mo","annotationType":"ink","pageNumber":1,"lastModifiedBy":"170d915c-5741-4e0b-b03f-deaeedae27bd"}
[CloudSync][realtime] applying UPDATE fabric {"highlightId":"ink-1777175763323-c0p1lopth","annotationType":"ink","pageNumber":1,"lastModifiedBy":"170d915c-5741-4e0b-b03f-deaeedae27bd"}
[CloudSync][realtime] applying UPDATE fabric {"highlightId":"ink-1777176536533-75nrf5eoa","annotationType":"ink","pageNumber":1,"lastModifiedBy":"170d915c-5741-4e0b-b03f-deaeedae27bd"}
[App-Debug p1] PAL render — pageSize={w:612, h:792}, layerScale=0.89379, measuredPageScale=0.89379, committedPageScale=0.89379, legacyCommitCompensationPending=false, legacyCommitCompensationScale=1, overlayContentTransformScale=1, storedOverlayTransformScale=1, syncfusionViewerScale=0.67, overlayDiv=true, overlayDivW=547, overlayDivH=708, overlayDivTransform=none, overlayContentTransform=none
[SVG p1] render — 6 objs, viewBox=612x792
[App-Debug p1] PAL render — pageSize={w:612, h:792}, layerScale=0.89379, measuredPageScale=0.89379, committedPageScale=0.89379, legacyCommitCompensationPending=false, legacyCommitCompensationScale=1, overlayContentTransformScale=1, storedOverlayTransformScale=1, syncfusionViewerScale=0.67, overlayDiv=true, overlayDivW=547, overlayDivH=708, overlayDivTransform=none, overlayContentTransform=none
[SVG p1] render — 6 objs, viewBox=612x792
[App-Debug p1] PAL render — pageSize={w:612, h:792}, layerScale=0.89379, measuredPageScale=0.89379, committedPageScale=0.89379, legacyCommitCompensationPending=false, legacyCommitCompensationScale=1, overlayContentTransformScale=1, storedOverlayTransformScale=1, syncfusionViewerScale=0.67, overlayDiv=true, overlayDivW=547, overlayDivH=708, overlayDivTransform=none, overlayContentTransform=none
[CloudSync][hydrate] loadAllNonHighlightAnnotations ok {"elapsedMs":89,"totalRows":5,"rowsByType":{"ink":5},"pagesWithObjects":1,"calloutCount":0}
[CloudSync][hook] delete-fallback reconcile {"pages":1,"callouts":0}
[App-Debug p1] PAL render — pageSize={w:612, h:792}, layerScale=0.89379, measuredPageScale=0.89379, committedPageScale=0.89379, legacyCommitCompensationPending=false, legacyCommitCompensationScale=1, overlayContentTransformScale=1, storedOverlayTransformScale=1, syncfusionViewerScale=0.67, overlayDiv=true, overlayDivW=547, overlayDivH=708, overlayDivTransform=none, overlayContentTransform=none
[SVG p1] render — 5 objs, viewBox=612x792
[SVG p1] MOUNT — 5 annotations, 0 callouts, viewBox=612x792
[App-Debug p1] PAL render — pageSize={w:612, h:792}, layerScale=0.89379, measuredPageScale=0.89379, committedPageScale=0.89379, legacyCommitCompensationPending=false, legacyCommitCompensationScale=1, overlayContentTransformScale=1, storedOverlayTransformScale=1, syncfusionViewerScale=0.67, overlayDiv=true, overlayDivW=547, overlayDivH=708, overlayDivTransform=none, overlayContentTransform=none
[SVG p1] render — 5 objs, viewBox=612x792
[App-Debug p1] PAL render — pageSize={w:612, h:792}, layerScale=0.89379, measuredPageScale=0.89379, committedPageScale=0.89379, legacyCommitCompensationPending=false, legacyCommitCompensationScale=1, overlayContentTransformScale=1, storedOverlayTransformScale=1, syncfusionViewerScale=0.67, overlayDiv=true, overlayDivW=547, overlayDivH=708, overlayDivTransform=none, overlayContentTransform=none
[App-Debug p1] PAL render — pageSize={w:612, h:792}, layerScale=0.89379, measuredPageScale=0.89379, committedPageScale=0.89379, legacyCommitCompensationPending=false, legacyCommitCompensationScale=1, overlayContentTransformScale=1, storedOverlayTransformScale=1, syncfusionViewerScale=0.67, overlayDiv=true, overlayDivW=547, overlayDivH=708, overlayDivTransform=none, overlayContentTransform=none
[SVG p1] render — 5 objs, viewBox=612x792
[DrawCanvas p1] MOUNT — tool=pen, isShape=false, isDrawingMode=true
[DrawCanvas p1] shape effect — tool=pen, isShape=false, isDrawingMode=true
[App-Debug p1] PAL render — pageSize={w:612, h:792}, layerScale=0.89379, measuredPageScale=0.89379, committedPageScale=0.89379, legacyCommitCompensationPending=false, legacyCommitCompensationScale=1, overlayContentTransformScale=1, storedOverlayTransformScale=1, syncfusionViewerScale=0.67, overlayDiv=true, overlayDivW=547, overlayDivH=708, overlayDivTransform=none, overlayContentTransform=none
[SVG p1] render — 5 objs, viewBox=612x792
[App-Debug p1] PAL render — pageSize={w:612, h:792}, layerScale=0.89379, measuredPageScale=0.89379, committedPageScale=0.89379, legacyCommitCompensationPending=false, legacyCommitCompensationScale=1, overlayContentTransformScale=1, storedOverlayTransformScale=1, syncfusionViewerScale=0.67, overlayDiv=true, overlayDivW=547, overlayDivH=708, overlayDivTransform=none, overlayContentTransform=none
[App-Debug p1] PAL render — pageSize={w:612, h:792}, layerScale=0.89379, measuredPageScale=0.89379, committedPageScale=0.89379, legacyCommitCompensationPending=false, legacyCommitCompensationScale=1, overlayContentTransformScale=1, storedOverlayTransformScale=1, syncfusionViewerScale=0.67, overlayDiv=true, overlayDivW=547, overlayDivH=708, overlayDivTransform=none, overlayContentTransform=none
[SVG p1] render — 5 objs, viewBox=612x792
[App-Debug p1] PAL render — pageSize={w:612, h:792}, layerScale=0.89379, measuredPageScale=0.89379, committedPageScale=0.89379, legacyCommitCompensationPending=false, legacyCommitCompensationScale=1, overlayContentTransformScale=1, storedOverlayTransformScale=1, syncfusionViewerScale=0.67, overlayDiv=true, overlayDivW=547, overlayDivH=708, overlayDivTransform=none, overlayContentTransform=none
[CursorScope] mousemove cursor=(661,519) onPage=true target=<canvas> computedCursor=crosshair transitioned=false
[App-Debug p1] PAL render — pageSize={w:612, h:792}, layerScale=0.89379, measuredPageScale=0.89379, committedPageScale=0.89379, legacyCommitCompensationPending=false, legacyCommitCompensationScale=1, overlayContentTransformScale=1, storedOverlayTransformScale=1, syncfusionViewerScale=0.67, overlayDiv=true, overlayDivW=547, overlayDivH=708, overlayDivTransform=none, overlayContentTransform=none
[SVG p1] render — 6 objs, viewBox=612x792
[SVG p1] MOUNT — 6 annotations, 0 callouts, viewBox=612x792
[CloudSync][hook] fabric state changed — debounce push scheduled {"pageCount":1,"objectCount":6,"debounceMs":800}
[App-Debug p1] PAL render — pageSize={w:612, h:792}, layerScale=0.89379, measuredPageScale=0.89379, committedPageScale=0.89379, legacyCommitCompensationPending=false, legacyCommitCompensationScale=1, overlayContentTransformScale=1, storedOverlayTransformScale=1, syncfusionViewerScale=0.67, overlayDiv=true, overlayDivW=547, overlayDivH=708, overlayDivTransform=none, overlayContentTransform=none
[SVG p1] render — 6 objs, viewBox=612x792
[App-Debug p1] PAL render — pageSize={w:612, h:792}, layerScale=0.89379, measuredPageScale=0.89379, committedPageScale=0.89379, legacyCommitCompensationPending=false, legacyCommitCompensationScale=1, overlayContentTransformScale=1, storedOverlayTransformScale=1, syncfusionViewerScale=0.67, overlayDiv=true, overlayDivW=547, overlayDivH=708, overlayDivTransform=none, overlayContentTransform=none
[CloudSync][hook] fabric push debounce elapsed — pushing now
[CloudSync][push] upsertAnnotationsByPage start {"documentId":"1a7f57f8-3796-470e-afd2-f38919a873b3","userId":"170d915c-5741-4e0b-b03f-deaeedae27bd","totalRows":6,"rowsByType":{"ink":6},"pages":1}
[App-Debug p1] PAL render — pageSize={w:612, h:792}, layerScale=0.89379, measuredPageScale=0.89379, committedPageScale=0.89379, legacyCommitCompensationPending=false, legacyCommitCompensationScale=1, overlayContentTransformScale=1, storedOverlayTransformScale=1, syncfusionViewerScale=0.67, overlayDiv=true, overlayDivW=547, overlayDivH=708, overlayDivTransform=none, overlayContentTransform=none
[SVG p1] render — 6 objs, viewBox=612x792
[App-Debug p1] PAL render — pageSize={w:612, h:792}, layerScale=0.89379, measuredPageScale=0.89379, committedPageScale=0.89379, legacyCommitCompensationPending=false, legacyCommitCompensationScale=1, overlayContentTransformScale=1, storedOverlayTransformScale=1, syncfusionViewerScale=0.67, overlayDiv=true, overlayDivW=547, overlayDivH=708, overlayDivTransform=none, overlayContentTransform=none
[CloudSync][push] upsertAnnotationsByPage ok {"elapsedMs":140,"rowsReturned":6}
[CloudSync][hook] fabric push synced {"count":6}
[App-Debug p1] PAL render — pageSize={w:612, h:792}, layerScale=0.89379, measuredPageScale=0.89379, committedPageScale=0.89379, legacyCommitCompensationPending=false, legacyCommitCompensationScale=1, overlayContentTransformScale=1, storedOverlayTransformScale=1, syncfusionViewerScale=0.67, overlayDiv=true, overlayDivW=547, overlayDivH=708, overlayDivTransform=none, overlayContentTransform=none
[SVG p1] render — 6 objs, viewBox=612x792
[App-Debug p1] PAL render — pageSize={w:612, h:792}, layerScale=0.89379, measuredPageScale=0.89379, committedPageScale=0.89379, legacyCommitCompensationPending=false, legacyCommitCompensationScale=1, overlayContentTransformScale=1, storedOverlayTransformScale=1, syncfusionViewerScale=0.67, overlayDiv=true, overlayDivW=547, overlayDivH=708, overlayDivTransform=none, overlayContentTransform=none
[CloudSync][realtime] echo-filtered UPDATE {"highlightId":"ink-1777175080202-n3dae4rx2","annotationType":"ink","lastModifiedBy":"170d915c-5741-4e0b-b03f-deaeedae27bd","rowSessionId":"844fc2f9-c964-4799-8922-a39ab7331437","currentSessionId":"844fc2f9-c964-4799-8922-a39ab7331437","reason":"same-session"}
[CloudSync][realtime] echo-filtered UPDATE {"highlightId":"ink-1777175093072-zqplg8pgc","annotationType":"ink","lastModifiedBy":"170d915c-5741-4e0b-b03f-deaeedae27bd","rowSessionId":"844fc2f9-c964-4799-8922-a39ab7331437","currentSessionId":"844fc2f9-c964-4799-8922-a39ab7331437","reason":"same-session"}
[CloudSync][realtime] echo-filtered UPDATE {"highlightId":"ink-1777175111627-b4vwca5mo","annotationType":"ink","lastModifiedBy":"170d915c-5741-4e0b-b03f-deaeedae27bd","rowSessionId":"844fc2f9-c964-4799-8922-a39ab7331437","currentSessionId":"844fc2f9-c964-4799-8922-a39ab7331437","reason":"same-session"}
[CloudSync][realtime] echo-filtered UPDATE {"highlightId":"ink-1777175763323-c0p1lopth","annotationType":"ink","lastModifiedBy":"170d915c-5741-4e0b-b03f-deaeedae27bd","rowSessionId":"844fc2f9-c964-4799-8922-a39ab7331437","currentSessionId":"844fc2f9-c964-4799-8922-a39ab7331437","reason":"same-session"}
[CloudSync][realtime] echo-filtered UPDATE {"highlightId":"ink-1777176536533-75nrf5eoa","annotationType":"ink","lastModifiedBy":"170d915c-5741-4e0b-b03f-deaeedae27bd","rowSessionId":"844fc2f9-c964-4799-8922-a39ab7331437","currentSessionId":"844fc2f9-c964-4799-8922-a39ab7331437","reason":"same-session"}
[CloudSync][realtime] echo-filtered INSERT {"highlightId":"ink-1777176550192-cmsmsdwrb","annotationType":"ink","lastModifiedBy":"170d915c-5741-4e0b-b03f-deaeedae27bd","rowSessionId":"844fc2f9-c964-4799-8922-a39ab7331437","currentSessionId":"844fc2f9-c964-4799-8922-a39ab7331437","reason":"same-session"}
[App-Debug p1] PAL render — pageSize={w:612, h:792}, layerScale=0.89379, measuredPageScale=0.89379, committedPageScale=0.89379, legacyCommitCompensationPending=false, legacyCommitCompensationScale=1, overlayContentTransformScale=1, storedOverlayTransformScale=1, syncfusionViewerScale=0.67, overlayDiv=true, overlayDivW=547, overlayDivH=708, overlayDivTransform=none, overlayContentTransform=none
[SVG p1] render — 6 objs, viewBox=612x792
[App-Debug p1] PAL render — pageSize={w:612, h:792}, layerScale=0.89379, measuredPageScale=0.89379, committedPageScale=0.89379, legacyCommitCompensationPending=false, legacyCommitCompensationScale=1, overlayContentTransformScale=1, storedOverlayTransformScale=1, syncfusionViewerScale=0.67, overlayDiv=true, overlayDivW=547, overlayDivH=708, overlayDivTransform=none, overlayContentTransform=none
[CursorScope] mousemove cursor=(774,354) onPage=true target=<canvas> computedCursor=crosshair transitioned=false
[App-Debug p1] PAL render — pageSize={w:612, h:792}, layerScale=0.89379, measuredPageScale=0.89379, committedPageScale=0.89379, legacyCommitCompensationPending=false, legacyCommitCompensationScale=1, overlayContentTransformScale=1, storedOverlayTransformScale=1, syncfusionViewerScale=0.67, overlayDiv=true, overlayDivW=547, overlayDivH=708, overlayDivTransform=none, overlayContentTransform=none
[SVG p1] render — 6 objs, viewBox=612x792
[Diag] tool-switch DETECTED → select (scheduling t+1000ms capture)
[App-Debug p1] PAL render — pageSize={w:612, h:792}, layerScale=0.89379, measuredPageScale=0.89379, committedPageScale=0.89379, legacyCommitCompensationPending=false, legacyCommitCompensationScale=1, overlayContentTransformScale=1, storedOverlayTransformScale=1, syncfusionViewerScale=0.67, overlayDiv=true, overlayDivW=547, overlayDivH=708, overlayDivTransform=none, overlayContentTransform=none
[SVG p1] render — 6 objs, viewBox=612x792
[App-Debug p1] PAL render — pageSize={w:612, h:792}, layerScale=0.89379, measuredPageScale=0.89379, committedPageScale=0.89379, legacyCommitCompensationPending=false, legacyCommitCompensationScale=1, overlayContentTransformScale=1, storedOverlayTransformScale=1, syncfusionViewerScale=0.67, overlayDiv=true, overlayDivW=547, overlayDivH=708, overlayDivTransform=none, overlayContentTransform=none
[SVG p1] render — 6 objs, viewBox=612x792
[SVG p1] render — 6 objs, viewBox=612x792
[SVG p1] render — 6 objs, viewBox=612x792
[SVG p1] render — 6 objs, viewBox=612x792
[SVG p1] render — 6 objs, viewBox=612x792
[SVG p1] render — 6 objs, viewBox=612x792
[SVG p1] render — 6 objs, viewBox=612x792
[SVG p1] render — 6 objs, viewBox=612x792
[SVG p1] render — 6 objs, viewBox=612x792
[SVG p1] render — 6 objs, viewBox=612x792
[SVG p1] render — 6 objs, viewBox=612x792
[CursorScope] mousemove cursor=(699,329) onPage=true target=<svg> computedCursor=default transitioned=false
[SVG p1] render — 6 objs, viewBox=612x792
[Diag select] screenshot saved (115 KB) → /Users/isaiahcalvo/Desktop/Survey-BetaSafeS2/TestLogs/testlog-screenshot-select.png
[Diag select] CAPTURED @ t+1001ms — annotations=6 callouts=0 svgWrappers=1 svgVis=[visible] svgElems=6 svgVisElems=6 eraserCanvases=0 svgMarkupBytes=9025
[SVG p1] render — 6 objs, viewBox=612x792
[SVG p1] render — 6 objs, viewBox=612x792
[SVG p1] render — 6 objs, viewBox=612x792
[SVG p1] render — 6 objs, viewBox=612x792
[SVG p1] render — 6 objs, viewBox=612x792
[SVG p1] render — 6 objs, viewBox=612x792
[SVG p1] render — 6 objs, viewBox=612x792
[SVG p1] render — 6 objs, viewBox=612x792
[SVG p1] render — 6 objs, viewBox=612x792
[SVG p1] render — 6 objs, viewBox=612x792
[SVG p1] render — 6 objs, viewBox=612x792
[App-Debug p1] PAL render — pageSize={w:612, h:792}, layerScale=0.89379, measuredPageScale=0.89379, committedPageScale=0.89379, legacyCommitCompensationPending=false, legacyCommitCompensationScale=1, overlayContentTransformScale=1, storedOverlayTransformScale=1, syncfusionViewerScale=0.67, overlayDiv=true, overlayDivW=547, overlayDivH=708, overlayDivTransform=none, overlayContentTransform=none
[SVG p1] render — 6 objs, viewBox=612x792
[App-Debug p1] PAL render — pageSize={w:612, h:792}, layerScale=0.89379, measuredPageScale=0.89379, committedPageScale=0.89379, legacyCommitCompensationPending=false, legacyCommitCompensationScale=1, overlayContentTransformScale=1, storedOverlayTransformScale=1, syncfusionViewerScale=0.67, overlayDiv=true, overlayDivW=547, overlayDivH=708, overlayDivTransform=none, overlayContentTransform=none
[SVG p1] render — 6 objs, viewBox=612x792
[App-Debug p1] PAL render — pageSize={w:612, h:792}, layerScale=0.89379, measuredPageScale=0.89379, committedPageScale=0.89379, legacyCommitCompensationPending=false, legacyCommitCompensationScale=1, overlayContentTransformScale=1, storedOverlayTransformScale=1, syncfusionViewerScale=0.67, overlayDiv=true, overlayDivW=547, overlayDivH=708, overlayDivTransform=none, overlayContentTransform=none
[SVG p1] render — 5 objs, viewBox=612x792
[SVGAnnotationLayer] setRotInputVisible(false) reason=selectedIds.size !== 1
[SVG p1] MOUNT — 5 annotations, 0 callouts, viewBox=612x792
[CloudSync][hook] fabric state changed — debounce push scheduled {"pageCount":1,"objectCount":5,"debounceMs":800}
[App-Debug p1] PAL render — pageSize={w:612, h:792}, layerScale=0.89379, measuredPageScale=0.89379, committedPageScale=0.89379, legacyCommitCompensationPending=false, legacyCommitCompensationScale=1, overlayContentTransformScale=1, storedOverlayTransformScale=1, syncfusionViewerScale=0.67, overlayDiv=true, overlayDivW=547, overlayDivH=708, overlayDivTransform=none, overlayContentTransform=none
[SVG p1] render — 5 objs, viewBox=612x792
[App-Debug p1] PAL render — pageSize={w:612, h:792}, layerScale=0.89379, measuredPageScale=0.89379, committedPageScale=0.89379, legacyCommitCompensationPending=false, legacyCommitCompensationScale=1, overlayContentTransformScale=1, storedOverlayTransformScale=1, syncfusionViewerScale=0.67, overlayDiv=true, overlayDivW=547, overlayDivH=708, overlayDivTransform=none, overlayContentTransform=none
[CloudSync][hook] fabric push debounce elapsed — pushing now
[CloudSync][hook] eraser/delete detected — removing rows from cloud {"count":1,"firstFew":["ink-1777175080202-n3dae4rx2"]}
[App-Debug p1] PAL render — pageSize={w:612, h:792}, layerScale=0.89379, measuredPageScale=0.89379, committedPageScale=0.89379, legacyCommitCompensationPending=false, legacyCommitCompensationScale=1, overlayContentTransformScale=1, storedOverlayTransformScale=1, syncfusionViewerScale=0.67, overlayDiv=true, overlayDivW=547, overlayDivH=708, overlayDivTransform=none, overlayContentTransform=none
[SVG p1] render — 5 objs, viewBox=612x792
[App-Debug p1] PAL render — pageSize={w:612, h:792}, layerScale=0.89379, measuredPageScale=0.89379, committedPageScale=0.89379, legacyCommitCompensationPending=false, legacyCommitCompensationScale=1, overlayContentTransformScale=1, storedOverlayTransformScale=1, syncfusionViewerScale=0.67, overlayDiv=true, overlayDivW=547, overlayDivH=708, overlayDivTransform=none, overlayContentTransform=none
[CloudSync][push] upsertAnnotationsByPage start {"documentId":"1a7f57f8-3796-470e-afd2-f38919a873b3","userId":"170d915c-5741-4e0b-b03f-deaeedae27bd","totalRows":5,"rowsByType":{"ink":5},"pages":1}
[CloudSync][push] upsertAnnotationsByPage ok {"elapsedMs":59,"rowsReturned":5}
[CloudSync][hook] fabric push synced {"count":5}
[App-Debug p1] PAL render — pageSize={w:612, h:792}, layerScale=0.89379, measuredPageScale=0.89379, committedPageScale=0.89379, legacyCommitCompensationPending=false, legacyCommitCompensationScale=1, overlayContentTransformScale=1, storedOverlayTransformScale=1, syncfusionViewerScale=0.67, overlayDiv=true, overlayDivW=547, overlayDivH=708, overlayDivTransform=none, overlayContentTransform=none
[SVG p1] render — 5 objs, viewBox=612x792
[App-Debug p1] PAL render — pageSize={w:612, h:792}, layerScale=0.89379, measuredPageScale=0.89379, committedPageScale=0.89379, legacyCommitCompensationPending=false, legacyCommitCompensationScale=1, overlayContentTransformScale=1, storedOverlayTransformScale=1, syncfusionViewerScale=0.67, overlayDiv=true, overlayDivW=547, overlayDivH=708, overlayDivTransform=none, overlayContentTransform=none
[App-Debug p1] PAL render — pageSize={w:612, h:792}, layerScale=0.89379, measuredPageScale=0.89379, committedPageScale=0.89379, legacyCommitCompensationPending=false, legacyCommitCompensationScale=1, overlayContentTransformScale=1, storedOverlayTransformScale=1, syncfusionViewerScale=0.67, overlayDiv=true, overlayDivW=547, overlayDivH=708, overlayDivTransform=none, overlayContentTransform=none
[SVG p1] render — 5 objs, viewBox=612x792
[CloudSync][realtime] applying DELETE {"payloadKeys":["id"]}
[CloudSync][hydrate] loadAllNonHighlightAnnotations start {"documentId":"1a7f57f8-3796-470e-afd2-f38919a873b3"}
[CloudSync][realtime] echo-filtered UPDATE {"highlightId":"ink-1777175093072-zqplg8pgc","annotationType":"ink","lastModifiedBy":"170d915c-5741-4e0b-b03f-deaeedae27bd","rowSessionId":"844fc2f9-c964-4799-8922-a39ab7331437","currentSessionId":"844fc2f9-c964-4799-8922-a39ab7331437","reason":"same-session"}
[CloudSync][realtime] echo-filtered UPDATE {"highlightId":"ink-1777175111627-b4vwca5mo","annotationType":"ink","lastModifiedBy":"170d915c-5741-4e0b-b03f-deaeedae27bd","rowSessionId":"844fc2f9-c964-4799-8922-a39ab7331437","currentSessionId":"844fc2f9-c964-4799-8922-a39ab7331437","reason":"same-session"}
[App-Debug p1] PAL render — pageSize={w:612, h:792}, layerScale=0.89379, measuredPageScale=0.89379, committedPageScale=0.89379, legacyCommitCompensationPending=false, legacyCommitCompensationScale=1, overlayContentTransformScale=1, storedOverlayTransformScale=1, syncfusionViewerScale=0.67, overlayDiv=true, overlayDivW=547, overlayDivH=708, overlayDivTransform=none, overlayContentTransform=none
[CloudSync][realtime] echo-filtered UPDATE {"highlightId":"ink-1777175763323-c0p1lopth","annotationType":"ink","lastModifiedBy":"170d915c-5741-4e0b-b03f-deaeedae27bd","rowSessionId":"844fc2f9-c964-4799-8922-a39ab7331437","currentSessionId":"844fc2f9-c964-4799-8922-a39ab7331437","reason":"same-session"}
[CloudSync][realtime] echo-filtered UPDATE {"highlightId":"ink-1777176536533-75nrf5eoa","annotationType":"ink","lastModifiedBy":"170d915c-5741-4e0b-b03f-deaeedae27bd","rowSessionId":"844fc2f9-c964-4799-8922-a39ab7331437","currentSessionId":"844fc2f9-c964-4799-8922-a39ab7331437","reason":"same-session"}
[CloudSync][realtime] echo-filtered UPDATE {"highlightId":"ink-1777176550192-cmsmsdwrb","annotationType":"ink","lastModifiedBy":"170d915c-5741-4e0b-b03f-deaeedae27bd","rowSessionId":"844fc2f9-c964-4799-8922-a39ab7331437","currentSessionId":"844fc2f9-c964-4799-8922-a39ab7331437","reason":"same-session"}
[CloudSync][hydrate] loadAllNonHighlightAnnotations ok {"elapsedMs":101,"totalRows":5,"rowsByType":{"ink":5},"pagesWithObjects":1,"calloutCount":0}
[CloudSync][hook] delete-fallback reconcile {"pages":1,"callouts":0}
[App-Debug p1] PAL render — pageSize={w:612, h:792}, layerScale=0.89379, measuredPageScale=0.89379, committedPageScale=0.89379, legacyCommitCompensationPending=false, legacyCommitCompensationScale=1, overlayContentTransformScale=1, storedOverlayTransformScale=1, syncfusionViewerScale=0.67, overlayDiv=true, overlayDivW=547, overlayDivH=708, overlayDivTransform=none, overlayContentTransform=none
[SVG p1] render — 5 objs, viewBox=612x792
[App-Debug p1] PAL render — pageSize={w:612, h:792}, layerScale=0.89379, measuredPageScale=0.89379, committedPageScale=0.89379, legacyCommitCompensationPending=false, legacyCommitCompensationScale=1, overlayContentTransformScale=1, storedOverlayTransformScale=1, syncfusionViewerScale=0.67, overlayDiv=true, overlayDivW=547, overlayDivH=708, overlayDivTransform=none, overlayContentTransform=none
[SVG p1] render — 5 objs, viewBox=612x792
[App-Debug p1] PAL render — pageSize={w:612, h:792}, layerScale=0.89379, measuredPageScale=0.89379, committedPageScale=0.89379, legacyCommitCompensationPending=false, legacyCommitCompensationScale=1, overlayContentTransformScale=1, storedOverlayTransformScale=1, syncfusionViewerScale=0.67, overlayDiv=true, overlayDivW=547, overlayDivH=708, overlayDivTransform=none, overlayContentTransform=none
[App-Debug p1] PAL render — pageSize={w:612, h:792}, layerScale=0.89379, measuredPageScale=0.89379, committedPageScale=0.89379, legacyCommitCompensationPending=false, legacyCommitCompensationScale=1, overlayContentTransformScale=1, storedOverlayTransformScale=1, syncfusionViewerScale=0.67, overlayDiv=true, overlayDivW=547, overlayDivH=708, overlayDivTransform=none, overlayContentTransform=none
[SVG p1] render — 5 objs, viewBox=612x792
[App-Debug p1] PAL render — pageSize={w:612, h:792}, layerScale=0.89379, measuredPageScale=0.89379, committedPageScale=0.89379, legacyCommitCompensationPending=false, legacyCommitCompensationScale=1, overlayContentTransformScale=1, storedOverlayTransformScale=1, syncfusionViewerScale=0.67, overlayDiv=true, overlayDivW=547, overlayDivH=708, overlayDivTransform=none, overlayContentTransform=none
[CursorScope] mousemove cursor=(771,380) onPage=true target=<svg> computedCursor=default transitioned=false
[CursorScope] mousemove cursor=(740,444) onPage=true target=<svg> computedCursor=default transitioned=false
[SVG p1] render — 5 objs, viewBox=612x792
[SVG p1] render — 5 objs, viewBox=612x792
[CursorScope] mousemove cursor=(699,533) onPage=true target=<svg> computedCursor=default transitioned=false
[SVG p1] render — 5 objs, viewBox=612x792