===== SurveyApp Save Log =====
version:   0.1.45
runtime:   dev-server
platform:  desktop
device:    Mac
os:        macOS 10.15.7
screen:    1512x982 @2x
viewport:  1512x826
locale:    en-US
timestamp: 2026-05-11T20:32:03.711Z (5/11/2026, 4:32:03 PM)
==============================
[dev-auto-login] boot {"hasDevEmail":true,"devEmailHint":"isai***","hasDevPassword":true,"hasCachedSession":true,"cachedSessionEmail":"isaiahcalvo123@gmail.com","cachedSessionExpiresAt":1778530236}
[dev-auto-login] cached session matches dev email, keeping it
[dev-auto-login] decision {"needsAutoLogin":false,"willAttemptSignIn":false}
[CloudSync][hook] session id minted {"sessionId":"e6812c00-7070-4b15-b1f4-902085b63cdb"}
[CloudSync][hook][state-obs] annotationsByPage initial {"currentCount":0,"pages":0,"hydrated":false}
[CloudSync][hook][state-obs] callouts initial {"currentCount":0,"hydrated":false}
[CloudSync][hook] hydrate effect fired {"enabled":false,"hydrateEnabled":true,"documentId":"97f95b32-77b3-4834-a8fc-68f21543eb16","userId":"170d915c-5741-4e0b-b03f-deaeedae27bd","pdfId":null}
[CloudSync][hook] hydrate skipped — missing prerequisite {"hydrateEnabled":true,"hasDocumentId":true,"hasUserId":true,"hasPdfId":false}
[AnnotationHydrationGate][normal] {"documentId":"97f95b32-77b3-4834-a8fc-68f21543eb16","pdfId":null,"ready":false,"source":"missing-prerequisite","normalReady":false,"cutoverTs":null,"count":null,"calloutCount":null,"firstPaintGate":true}
[AnnotationHydrationGate][first-page] {"documentId":"97f95b32-77b3-4834-a8fc-68f21543eb16","pdfId":null,"pageNumber":1,"ready":false,"visualCoverActive":true,"normal":{"documentId":"97f95b32-77b3-4834-a8fc-68f21543eb16","pdfId":null,"ready":false,"source":"pending","firstPaintGate":true},"survey":{"ready":true,"source":"local"}}
[AnnotationHydrationGate][visual-cover] {"documentId":"97f95b32-77b3-4834-a8fc-68f21543eb16","pdfId":null,"pageNumber":1,"active":true,"reason":"annotation-hydration-gated"}
[Cloud render cache] doc=SE-011 Security Shop Drawing Rev2 - 05.06.25.pdf-26263753 painting verified cloud snapshot immediately — count=556.
[CSeries wipe] doc=SE-011 Security Shop Drawing Rev2 - 05.06.25.pdf-26263753 totalCounters=55 legacyRemoved=0 — nothing to wipe.
[Phase31 UAT] backfill:effect {"hasYdoc":true,"docId":"97f95b32-77b3-4834-a8fc-68f21543eb16","userId":null,"alreadyRanFor":null,"willRun":false}
[CloudSync][hook] hydrate effect fired {"enabled":false,"hydrateEnabled":true,"documentId":"97f95b32-77b3-4834-a8fc-68f21543eb16","userId":"170d915c-5741-4e0b-b03f-deaeedae27bd","pdfId":"SE-011 Security Shop Drawing Rev2 - 05.06.25.pdf-26263753"}
[AnnotationHydrationGate][normal] {"documentId":"97f95b32-77b3-4834-a8fc-68f21543eb16","pdfId":"SE-011 Security Shop Drawing Rev2 - 05.06.25.pdf-26263753","ready":false,"source":"starting","normalReady":false,"cutoverTs":null,"count":null,"calloutCount":null,"firstPaintGate":true}
[CloudSync][hook] stage=hydrating
[AnnotationHydrationGate][first-page] {"documentId":"97f95b32-77b3-4834-a8fc-68f21543eb16","pdfId":"SE-011 Security Shop Drawing Rev2 - 05.06.25.pdf-26263753","pageNumber":1,"ready":false,"visualCoverActive":true,"normal":{"documentId":"97f95b32-77b3-4834-a8fc-68f21543eb16","pdfId":null,"ready":false,"source":"missing-prerequisite","normalReady":false,"cutoverTs":null,"count":null,"calloutCount":null,"firstPaintGate":true},"survey":{"ready":false,"source":"supabase-highlight-starting","documentId":"97f95b32-77b3-4834-a8fc-68f21543eb16","pdfId":"SE-011 Security Shop Drawing Rev2 - 05.06.25.pdf-26263753"}}
[AnnotationHydrationGate][visual-cover] {"documentId":"97f95b32-77b3-4834-a8fc-68f21543eb16","pdfId":"SE-011 Security Shop Drawing Rev2 - 05.06.25.pdf-26263753","pageNumber":1,"active":true,"reason":"annotation-hydration-gated"}
[AnnotationHydrationGate][first-page] {"documentId":"97f95b32-77b3-4834-a8fc-68f21543eb16","pdfId":"SE-011 Security Shop Drawing Rev2 - 05.06.25.pdf-26263753","pageNumber":1,"ready":false,"visualCoverActive":true,"normal":{"documentId":"97f95b32-77b3-4834-a8fc-68f21543eb16","pdfId":"SE-011 Security Shop Drawing Rev2 - 05.06.25.pdf-26263753","ready":false,"source":"starting","normalReady":false,"cutoverTs":null,"count":null,"calloutCount":null,"firstPaintGate":true},"survey":{"ready":false,"source":"supabase-highlight-starting","documentId":"97f95b32-77b3-4834-a8fc-68f21543eb16","pdfId":"SE-011 Security Shop Drawing Rev2 - 05.06.25.pdf-26263753"}}
[AnnotationHydrationGate][visual-cover] {"documentId":"97f95b32-77b3-4834-a8fc-68f21543eb16","pdfId":"SE-011 Security Shop Drawing Rev2 - 05.06.25.pdf-26263753","pageNumber":1,"active":true,"reason":"annotation-hydration-gated"}
[Phase31 UAT] backfill:effect {"hasYdoc":true,"docId":"97f95b32-77b3-4834-a8fc-68f21543eb16","userId":"170d915c-5741-4e0b-b03f-deaeedae27bd","alreadyRanFor":null,"willRun":true}
[Phase31 UAT] backfill:start {"hasYdoc":true,"hasSupabase":true,"documentId":"97f95b32-77b3-4834-a8fc-68f21543eb16","userId":"170d915c-5741-4e0b-b03f-deaeedae27bd","markCutoverComplete":true}
[CloudSync][hook] cutover-complete hydrate — reading from Y.Doc {"documentId":"97f95b32-77b3-4834-a8fc-68f21543eb16","cutoverTs":"2026-05-11T20:01:34.065+00:00"}
[Phase31 UAT] hydrate:cutover-sealed {"documentId":"97f95b32-77b3-4834-a8fc-68f21543eb16","pdfId":"SE-011 Security Shop Drawing Rev2 - 05.06.25.pdf-26263753","cutoverTs":"2026-05-11T20:01:34.065+00:00","yMapSize":556,"yMapCalloutsSize":3,"materializedTotal":556,"materializedCallouts":3,"materializedDrawnByMe":48,"materializedDrawnByOthers":508,"materializedImported":0,"pages":1,"perPage":{"1":556},"currentStateCount":556,"ydocLooksDegenerate":false}
[Phase31 UAT] hydrate:cutover-sealed:by-type {"documentId":"97f95b32-77b3-4834-a8fc-68f21543eb16","pdfFile":"SE-011 Security Shop Drawing Rev2 - 05.06.25.pdf-26263753","viewerUserId":"170d915c-5741-4e0b-b03f-deaeedae27bd","yMapTotal":556,"yMapCalloutsTotal":3,"yMapByType":{"circle":55,"path":6,"rect":494,"polygon":1},"yMapByAuthor":{"byMe":48,"byOthers":0,"anonymous":508},"yMapByTypeByAuthor":{"circle":{"byMe":44,"byOthers":0,"anonymous":11},"path":{"byMe":2,"byOthers":0,"anonymous":4},"rect":{"byMe":1,"byOthers":0,"anonymous":493},"polygon":{"byMe":1,"byOthers":0,"anonymous":0}},"yMapPerTypePerPage":{"circle":{"unknown":55},"path":{"unknown":6},"rect":{"unknown":494},"polygon":{"unknown":1}},"byPageTotal":556,"byPageByType":{"circle":55,"path":6,"rect":494,"polygon":1},"byPagePerPagePerType":{"1":{"circle":55,"path":6,"rect":494,"polygon":1}}}
[CloudSync][hydrate] loadAllNonHighlightAnnotations start {"documentId":"97f95b32-77b3-4834-a8fc-68f21543eb16"}
[PDFImport] skipped embedded PDF annotation import — cloud/Y.Doc is authoritative {"documentId":"97f95b32-77b3-4834-a8fc-68f21543eb16"}
[PrintPanel] RENDER — panel closed
[DebugBridge +3240.0ms] zoom_start {"scale":0.65,"targetScale":0.9,"source":"zoomChange"}
[Phase31 UAT] backfill:cutover-dedupe-anchor-skip {"documentId":"97f95b32-77b3-4834-a8fc-68f21543eb16","userId":"170d915c-5741-4e0b-b03f-deaeedae27bd","yMapSize":556,"lastGoodSize":558}
[crdtDedupePdfImports] removed 1 duplicate PDF-imported annotations across 5 unique signatures
[CloudSync][hook] dedupe-resync — restoring state {"documentId":"97f95b32-77b3-4834-a8fc-68f21543eb16","removed":1,"resyncCount":555}
console.warn @ [CloudSync][hook][state-obs] SHRINK {"prevCount":556,"currentCount":555,"delta":-1,"hydrated":false,"sameRefAsLastByPage":true,"stack":"    at commitHookEffectListMount (http://localhost:5173/node_modules/.vite/deps/chunk-DSUIPI7G.js?v=4844aadd:23793:34) |     at commitPassiveMountOnFiber (http://localhost:5173/node_modules/.vite/deps/chunk-DSUIPI7G.js?v=4844aadd:25034:19) |     at commitPassiveMountEffects_complete (http://localhost:5173/node_modules/.vite/deps/chunk-DSUIPI7G.js?v=4844aadd:25007:17) |     at commitPassiveMountEffects_begin (http://localhost:5173/node_modules/.vite/deps/chunk-DSUIPI7G.js?v=4844aadd:24997:15) |     at commitPassiveMountEffects (http://localhost:5173/node_modules/.vite/deps/chunk-DSUIPI7G.js?v=4844aadd:24987:11) |     at flushPassiveEffectsImpl (http://localhost:5173/node_modules/.vite/deps/chunk-DSUIPI7G.js?v=4844aadd:26368:11)"}
[HIGHLIGHT-SYNC][load.legacy][pdf=SE-011 Security Shop Drawing Rev2 - 05.06.25.pdf] {"documentId":"97f95b32-77b3-4834-a8fc-68f21543eb16","totalRows":1576,"fabricCarryingDropped":1235,"keptCount":341,"keptIds":["highlight-1776867816974-fx7v4ppmw","highlight-1776867821835-qquf9z5e8","polygon-1777170644432-5wvs89hb1","highlight-1777061477539-mmy879aei","highlight-1777061482852-6krcz3p7j","callout-l58ra8eqd-moendxzj","highlight-1778529819153-ft6dwm5sk","highlight-1778529770366-t5606bkyy","ink-1777170644432-z0hdzaq5y","square-1777170644432-khupb332c","square-1777170644432-1sj3ae4d7","square-1777170644432-7haxql9sl","square-1777170644432-31ermsbux","square-1777170644432-bvt9h5qva","square-1777170644432-7wfag62vn","square-1777170644432-w6yd283b0","square-1777170644432-vb6lwdwnv","square-1777170644432-s0tcp4grf","square-1777170644432-nowpwivwi","square-1777170644432-9yjmewx9l","square-1777170644432-d96rz5jyo","square-1777170644432-8ivovq4fa","square-1777170644432-mkbufe21u","square-1777170644432-ljbi0ndty","square-1777170644432-sb5bxgn9z","square-1777170644432-i318t9041","square-1777170644432-j5m7voke3","square-1777170644432-dn0xrr8zv","square-1777170644432-z40b9v7l3","square-1777170644432-ty1vlf72p","square-1777170644432-o232p4tx8","square-1777170644432-7cde21112","square-1777170644432-onp93lsek","square-1777170644432-mnfocibcc","square-1777170644432-8doljnzss","square-1777170644432-um7p7zozw","square-1777170644432-knyolydqy","square-1777170644432-fbi9km83d","square-1777170644432-mdlcvebet","square-1777170644432-rms4kazik","square-1777170644432-fqgygzfl1","square-1777170644432-i97czidrb","square-1777170644432-mn7pa1l1l","square-1777170644432-r3icyh6z8","square-1777170644432-3par86kyr","square-1777170644432-qe5cpjtzl","square-1777170644432-esz3ysm2f","square-1777170644432-y4zf59uyo","highlight-1777521733209-y564l9kli","square-1777170644432-cvjqq5gly","highlight-1777521709071-sfq2166a2","highlight-1777521739119-qaeb3gfxl","highlight-1777521697370-ffaje9mqf","square-1777170644432-6s736b9y2","square-1777170644432-y7y14xvmk","square-1777170644432-eijg0n3lk","square-1777170644432-e933y8riz","square-1777170644432-s9fj2804v","square-1777170644432-qa1rsne0t","square-1777170644432-z5xuln1hq","square-1777170644432-fna4ndlwi","square-1777170644432-5cw9n4hai","square-1777170644432-ux2f671j4","square-1777170644432-xdum710ug","square-1777170644432-0soc7uanb","square-1777170644432-nymdwk5dx","square-1777170644432-sje6v34ms","square-1777170644432-pvafybq8c","square-1777170644432-hc24ika26","square-1777170644432-vz1lgt6ct","square-1777170644432-6keqphmo0","square-1777170644432-lmvwmrnz6","square-1777170644432-h8suuaa51","square-1777170644432-h1njjb3vr","square-1777170644432-31mx7swmc","square-1777170644432-q007fyzh1","square-1777170644432-ozyeypoae","square-1777170644432-eb7qe8a2w","square-1777170644432-kveqxg1lq","square-1777170644432-z10bes97y","square-1777170644432-efhhzjsy9","square-1777170644432-kl4uadnp6","square-1777170644432-atct52k6g","square-1777170644432-peg63gm1h","square-1777170644432-x5irblr8i","square-1777170644432-m6ez0dd5u","square-1777170644432-fqg2f5zwf","square-1777170644432-8kvq2szjp","square-1777170644432-mu8ronefe","square-1777170644432-p67692gh5","square-1777170644432-6fnf7fi8o","square-1777170644432-h7xuxr99c","square-1777170644432-3r9bv9zzi","square-1777170644432-vnsk6ucfh","square-1777170644432-xhgaf50mc","square-1777170644432-7lpixocwq","square-1777170644432-fi32e44ai","square-1777170644432-fs678j84g","square-1777170644432-4qeq2x0je","square-1777170644432-u3quepigk","square-1777170644432-yhw1zxqhf","square-1777170644432-2dog5cp8y","square-1777170644432-1h0e9a3zv","square-1777170644432-stoxbabri","square-1777170644432-a1qw2rpjp","square-1777170644432-wkxfpunqz","square-1777170644432-j9l7efrn2","square-1777170644432-erfkuqtyd","square-1777170644432-nlq0n7835","square-1777170644432-ysrn2kmhs","square-1777170644432-0l23k2t72","square-1777170644432-mda35fgil","square-1777170644432-aszfpehvt","square-1777170644432-0zi6ppu8a","squ... [truncated 24 chars]
[AnnotationHydrationGate][survey] supabase highlights complete {"documentId":"97f95b32-77b3-4834-a8fc-68f21543eb16","pdfId":"SE-011 Security Shop Drawing Rev2 - 05.06.25.pdf-26263753","count":341}
[AnnotationHydrationGate][first-page] {"documentId":"97f95b32-77b3-4834-a8fc-68f21543eb16","pdfId":"SE-011 Security Shop Drawing Rev2 - 05.06.25.pdf-26263753","pageNumber":1,"ready":false,"visualCoverActive":true,"normal":{"documentId":"97f95b32-77b3-4834-a8fc-68f21543eb16","pdfId":"SE-011 Security Shop Drawing Rev2 - 05.06.25.pdf-26263753","ready":false,"source":"starting","normalReady":false,"cutoverTs":null,"count":null,"calloutCount":null,"firstPaintGate":true},"survey":{"ready":true,"source":"supabase-highlight","documentId":"97f95b32-77b3-4834-a8fc-68f21543eb16","pdfId":"SE-011 Security Shop Drawing Rev2 - 05.06.25.pdf-26263753","count":341}}
[AnnotationHydrationGate][visual-cover] {"documentId":"97f95b32-77b3-4834-a8fc-68f21543eb16","pdfId":"SE-011 Security Shop Drawing Rev2 - 05.06.25.pdf-26263753","pageNumber":1,"active":true,"reason":"annotation-hydration-gated"}
[CloudSync][hydrate] loadAllNonHighlightAnnotations ok {"elapsedMs":1062,"totalRowsScanned":1794,"scanned":{"nonHighlight":559,"legacyFabricHighlights":1235},"totalRows":1794,"rowsByType":{"counter":55,"square":494,"ink":6,"callout":3,"polygon":1,"highlight":1235},"pagesWithObjects":26,"calloutCount":3}
[CloudSync][verify] first read summary {"contextLabel":"cutover-source-of-truth","documentId":"97f95b32-77b3-4834-a8fc-68f21543eb16","elapsedMs":1064,"firstFabricPages":26,"firstFabricObjects":556,"firstCallouts":3,"firstEmpty":false,"localFabricCount":556,"localCalloutCount":3,"localHasData":true,"willVerify":false}
[CloudSync][source-of-truth] cutover initial hydrate selected Supabase durable snapshot {"documentId":"97f95b32-77b3-4834-a8fc-68f21543eb16","pdfId":"SE-011 Security Shop Drawing Rev2 - 05.06.25.pdf-26263753","cutoverTs":"2026-05-11T20:01:34.065+00:00","ydocFabricCount":556,"ydocCalloutCount":3,"supabaseFabricCount":556,"supabaseCalloutCount":3,"rule":"Supabase durable snapshot wins initial load; Y.Doc is reshaped for live collaboration"}
[Phase31 UAT] save:fan-out done {"documentId":"97f95b32-77b3-4834-a8fc-68f21543eb16","pdfId":"SE-011 Security Shop Drawing Rev2 - 05.06.25.pdf-26263753","userId":"170d915c-5741-4e0b-b03f-deaeedae27bd","dispatched":556,"detected":556,"skippedHighlightOrCallout":0,"skippedOtherType":0,"rawTypeBreakdown":{"counter":55,"pen":1,"path":5,"rect":494,"polygon":1},"resolvedTypeBreakdown":{"counter":55,"ink":6,"square":494,"polygon":1},"skipReasons":{},"skipSamples":[],"yMapSizeAfter":556}
[CloudSync][hook] callout Y.Doc fan-out done {"documentId":"97f95b32-77b3-4834-a8fc-68f21543eb16","pdfId":"SE-011 Security Shop Drawing Rev2 - 05.06.25.pdf-26263753","userId":"170d915c-5741-4e0b-b03f-deaeedae27bd","upserted":3,"deleted":0,"yMapCalloutsSizeAfter":3}
[AnnotationHydrationGate][normal] {"documentId":"97f95b32-77b3-4834-a8fc-68f21543eb16","pdfId":"SE-011 Security Shop Drawing Rev2 - 05.06.25.pdf-26263753","ready":true,"source":"supabase-durable-snapshot","normalReady":true,"cutoverTs":"2026-05-11T20:01:34.065+00:00","count":556,"calloutCount":3,"firstPaintGate":true}
[AnnotationHydrationGate][first-page] {"documentId":"97f95b32-77b3-4834-a8fc-68f21543eb16","pdfId":"SE-011 Security Shop Drawing Rev2 - 05.06.25.pdf-26263753","pageNumber":1,"ready":true,"visualCoverActive":false,"normal":{"documentId":"97f95b32-77b3-4834-a8fc-68f21543eb16","pdfId":"SE-011 Security Shop Drawing Rev2 - 05.06.25.pdf-26263753","ready":true,"source":"supabase-durable-snapshot","normalReady":true,"cutoverTs":"2026-05-11T20:01:34.065+00:00","count":556,"calloutCount":3,"firstPaintGate":true},"survey":{"ready":true,"source":"supabase-highlight","documentId":"97f95b32-77b3-4834-a8fc-68f21543eb16","pdfId":"SE-011 Security Shop Drawing Rev2 - 05.06.25.pdf-26263753","count":341}}
[AnnotationHydrationGate][visual-cover] {"documentId":"97f95b32-77b3-4834-a8fc-68f21543eb16","pdfId":"SE-011 Security Shop Drawing Rev2 - 05.06.25.pdf-26263753","pageNumber":1,"active":false,"reason":"hydration-ready"}
[SVGAnnotationLayer] setRotInputVisible(false) reason=selectedIds.size !== 1
[DebugBridge +4774.2ms] pdf_loaded {"pageCount":99,"currentPage":1}
[CloudSync][realtime] subscribing {"documentId":"97f95b32-77b3-4834-a8fc-68f21543eb16","currentUserId":"170d915c-5741-4e0b-b03f-deaeedae27bd","currentSessionId":"e6812c00-7070-4b15-b1f4-902085b63cdb","hasFabricInsert":true,"hasFabricUpdate":true,"hasFabricDelete":true,"hasCalloutInsert":true,"hasCalloutUpdate":true,"hasCalloutDelete":true}
[HyperlinkDiag] post-load scan {"hyperlinkCount":0,"samples":[]}
[HyperlinkDiag] page 1 layers {"hyperlinkChildren":0,"layerClasses":["DIV","e-spinner-pane e-spin-hide","e-pv-page-canvas","e-pv-annotation-canvas","DIV","IMG","IMG","IMG","IMG","e-pv-text-layer"]}
[HyperlinkDiag] page 2 layers {"hyperlinkChildren":0,"layerClasses":["DIV","e-spinner-pane e-spin-hide","e-pv-page-canvas","e-pv-annotation-canvas","DIV","IMG","IMG","IMG","IMG","e-pv-text-layer"]}
[HyperlinkDiag] page 3 layers {"hyperlinkChildren":0,"layerClasses":["DIV","e-spinner-pane e-spin-hide","e-pv-page-canvas","e-pv-annotation-canvas","DIV","IMG","IMG","IMG","IMG","e-pv-text-layer"]}
[HyperlinkDiag] page 4 layers {"hyperlinkChildren":0,"layerClasses":["DIV","e-spinner-pane e-spin-hide","e-pv-page-canvas","e-pv-annotation-canvas","DIV","IMG","IMG","IMG","IMG"]}
[HyperlinkDiag] page 5 layers {"hyperlinkChildren":0,"layerClasses":["DIV","e-spinner-pane e-spin-show","e-pv-page-canvas","e-pv-annotation-canvas","DIV"]}
[HyperlinkDiag] page 6 layers {"hyperlinkChildren":0,"layerClasses":["DIV","e-spinner-pane e-spin-show","e-pv-page-canvas","e-pv-annotation-canvas","DIV"]}
[HyperlinkDiag] page 7 layers {"hyperlinkChildren":0,"layerClasses":["DIV","e-spinner-pane e-spin-show","e-pv-page-canvas","e-pv-annotation-canvas","DIV"]}
[HyperlinkDiag] page 8 layers {"hyperlinkChildren":0,"layerClasses":["DIV","e-spinner-pane e-spin-show","e-pv-page-canvas","e-pv-annotation-canvas","DIV"]}
[HyperlinkDiag] page 9 layers {"hyperlinkChildren":0,"layerClasses":["DIV","e-spinner-pane e-spin-show","e-pv-page-canvas","e-pv-annotation-canvas","DIV"]}
[HyperlinkDiag] page 10 layers {"hyperlinkChildren":0,"layerClasses":["DIV","e-spinner-pane e-spin-show","e-pv-page-canvas","e-pv-annotation-canvas","DIV"]}
[CloudSync][realtime] subscribe status {"status":"SUBSCRIBED","error":null}
[Phase31 UAT] post-subscribe catch-up skipped — doc is cutover-sealed, Y.Doc + realtime is source of truth {"documentId":"97f95b32-77b3-4834-a8fc-68f21543eb16","pdfId":"SE-011 Security Shop Drawing Rev2 - 05.06.25.pdf-26263753","cutoverTs":"2026-05-11T20:01:34.065+00:00","ydocAuthoritative":true}
[DebugBridge +7585.1ms] zoom_end {"source":"zoomChange_settle"}
[App-RegionOverlay p1] render-svg — regions=1, valid=1, display=1110x718
[SpaceRegionOverlay p1] render — regions=1, screen=1110x718, cutoutPathLength=195, maskId=space-mask-1--r0-
[SpaceRegionOverlay p1] mounted — root=1110x718, svg=1110x718, fillContainer=true, maskId=space-mask-1--r0-
[App-RegionOverlay p1] render-svg — regions=1, valid=1, display=1110x718
[SpaceRegionOverlay p1] render — regions=1, screen=1110x718, cutoutPathLength=195, maskId=space-mask-1--r0-
[App-RegionOverlay p1] render-svg — regions=1, valid=1, display=1110x718
[App-RegionOverlay p1] render-svg — regions=1, valid=1, display=1110x718
[SpaceRegionOverlay p1] render — regions=1, screen=1110x718, cutoutPathLength=195, maskId=space-mask-1--r0-
[App-RegionOverlay p1] render-svg — regions=1, valid=1, display=1110x718
[App-RegionOverlay p1] render-svg — regions=1, valid=1, display=1110x718
[SpaceRegionOverlay p1] render — regions=1, screen=1110x718, cutoutPathLength=195, maskId=space-mask-1--r0-
[App-RegionOverlay p1] render-svg — regions=1, valid=1, display=1110x718
[App-RegionOverlay p1] render-svg — regions=1, valid=1, display=1110x718
[SpaceRegionOverlay p1] render — regions=1, screen=1110x718, cutoutPathLength=195, maskId=space-mask-1--r0-
[App-RegionOverlay p1] render-svg — regions=1, valid=1, display=1110x718
[SpaceRegionOverlay p1] render — regions=1, screen=1110x718, cutoutPathLength=195, maskId=space-mask-1--r0-
[App-RegionOverlay p1] render-svg — regions=1, valid=1, display=1110x718
[App-RegionOverlay p1] render-svg — regions=1, valid=1, display=1110x718
[SpaceRegionOverlay p1] render — regions=1, screen=1110x718, cutoutPathLength=195, maskId=space-mask-1--r0-
[App-RegionOverlay p1] render-svg — regions=1, valid=1, display=1110x718
[App-RegionOverlay p1] render-svg — regions=1, valid=1, display=1110x718
[SpaceRegionOverlay p1] render — regions=1, screen=1110x718, cutoutPathLength=195, maskId=space-mask-1--r0-
[App-RegionOverlay p1] render-svg — regions=1, valid=1, display=1110x718
[App-RegionOverlay p1] render-svg — regions=1, valid=1, display=1110x718
[SpaceRegionOverlay p1] render — regions=1, screen=1110x718, cutoutPathLength=195, maskId=space-mask-1--r0-
[Diag] tool-switch DETECTED → select (scheduling t+1000ms capture)
[App-RegionOverlay p1] render-svg — regions=1, valid=1, display=1110x718
[SpaceRegionOverlay p1] render — regions=1, screen=1110x718, cutoutPathLength=195, maskId=space-mask-1--r0-
[App-RegionOverlay p1] render-svg — regions=1, valid=1, display=1110x718
[SpaceRegionOverlay p1] render — regions=1, screen=1110x718, cutoutPathLength=195, maskId=space-mask-1--r0-
[DrawCanvas p1] MOUNT — tool=highlight, isShape=true, isDrawingMode=false
[DrawCanvas p1] shape effect — tool=highlight, isShape=true, isDrawingMode=false
[App-RegionOverlay p1] render-svg — regions=1, valid=1, display=1110x718
[SpaceRegionOverlay p1] render — regions=1, screen=1110x718, cutoutPathLength=195, maskId=space-mask-1--r0-
[DrawCanvas p1] shape effect — tool=highlight, isShape=true, isDrawingMode=false
[App-RegionOverlay p1] render-svg — regions=1, valid=1, display=1110x718
[App-RegionOverlay p1] render-svg — regions=1, valid=1, display=1110x718
[SpaceRegionOverlay p1] render — regions=1, screen=1110x718, cutoutPathLength=195, maskId=space-mask-1--r0-
[Diag] tool-switch DETECTED → select (scheduling t+1000ms capture)
[App-RegionOverlay p1] render-svg — regions=1, valid=1, display=1110x718
[SpaceRegionOverlay p1] render — regions=1, screen=1110x718, cutoutPathLength=195, maskId=space-mask-1--r0-
[App-RegionOverlay p1] render-svg — regions=1, valid=1, display=1110x718
[App-RegionOverlay p1] render-svg — regions=1, valid=1, display=1110x718
[SpaceRegionOverlay p1] render — regions=1, screen=1110x718, cutoutPathLength=195, maskId=space-mask-1--r0-
[SVGAnnotationLayer] setRotInputVisible(false) reason=selectedIds.size !== 1
[App-RegionOverlay p1] render-svg — regions=1, valid=1, display=1110x718
[Diag select] screenshot saved (802 KB) → /Users/isaiahcalvo/Desktop/Survey-BetaSafeS2/TestLogs/testlog-screenshot-select.png
[Diag select] CAPTURED @ t+1001ms — annotations=52 callouts=3 svgWrappers=1 svgVis=[visible] svgElems=1 svgVisElems=1 eraserCanvases=0 svgMarkupBytes=4798
[App-RegionOverlay p1] render-svg — regions=1, valid=1, display=1110x718
[SpaceRegionOverlay p1] render — regions=1, screen=1110x718, cutoutPathLength=195, maskId=space-mask-1--r0-
[SVGAnnotationLayer] setRotInputVisible(false) reason=selectedIds.size !== 1
[App-RegionOverlay p1] render-svg — regions=1, valid=1, display=1110x718
[App-RegionOverlay p1] render-svg — regions=1, valid=1, display=1110x718
[SpaceRegionOverlay p1] render — regions=1, screen=1110x718, cutoutPathLength=195, maskId=space-mask-1--r0-
[App-RegionOverlay p1] render-svg — regions=1, valid=1, display=1110x718
[App-RegionOverlay p1] render-svg — regions=1, valid=1, display=1110x718
[SpaceRegionOverlay p1] render — regions=1, screen=1110x718, cutoutPathLength=195, maskId=space-mask-1--r0-
[App-RegionOverlay p1] render-svg — regions=1, valid=1, display=1110x718
[App-RegionOverlay p1] render-svg — regions=1, valid=1, display=1110x718
[SpaceRegionOverlay p1] render — regions=1, screen=1110x718, cutoutPathLength=195, maskId=space-mask-1--r0-
[App-RegionOverlay p1] render-svg — regions=1, valid=1, display=1110x718
[App-RegionOverlay p1] render-svg — regions=1, valid=1, display=1110x718
[SpaceRegionOverlay p1] render — regions=1, screen=1110x718, cutoutPathLength=195, maskId=space-mask-1--r0-
[App-RegionOverlay p1] render-svg — regions=1, valid=1, display=1110x718
[App-RegionOverlay p1] render-svg — regions=1, valid=1, display=1110x718
[SpaceRegionOverlay p1] render — regions=1, screen=1110x718, cutoutPathLength=195, maskId=space-mask-1--r0-
[SVGAnnotationLayer] setRotInputVisible(false) reason=selectedIds.size !== 1
[App-RegionOverlay p1] render-svg — regions=1, valid=1, display=1110x718
[SVGAnnotationLayer] setRotInputVisible(false) reason=selectedIds.size !== 1
[DrawCanvas p1] MOUNT — tool=highlight, isShape=true, isDrawingMode=false
[DrawCanvas p1] shape effect — tool=highlight, isShape=true, isDrawingMode=false
[Diag] tool-switch DETECTED → select (scheduling t+1000ms capture)
[SVGAnnotationLayer] setRotInputVisible(false) reason=selectedIds.size !== 1
[Diag select] screenshot saved (481 KB) → /Users/isaiahcalvo/Desktop/Survey-BetaSafeS2/TestLogs/testlog-screenshot-select.png
[Diag select] CAPTURED @ t+1002ms — annotations=52 callouts=3 svgWrappers=1 svgVis=[visible] svgElems=46 svgVisElems=46 eraserCanvases=0 svgMarkupBytes=49832
[SaveLog] bulletproof local snapshot saved at /Users/isaiahcalvo/Desktop/Survey-BetaSafeS2/Logs/2026-05-11_20-04-37
[SaveLog] runPush start {"hasElectronApi":true,"hasPushLogFn":true,"hasGhTokenEnv":true,"payloadLength":26088}
[SaveLog] runPush start {"hasElectronApi":true,"hasPushLogFn":true,"hasGhTokenEnv":true,"payloadLength":26088}
[SaveLogBanner] GitHub push OK {"url":"https://github.com/IsaiahCalvo/Survey/blob/logs/mac-mac-2026-05-11T20-04-42-647Z.log","filename":"mac-mac-2026-05-11T20-04-42-647Z.log"}
[SaveLogBanner] GitHub push OK {"url":"https://github.com/IsaiahCalvo/Survey/blob/logs/mac-mac-2026-05-11T20-04-42-637Z.log","filename":"mac-mac-2026-05-11T20-04-42-637Z.log"}
[DebugBridge +540715.5ms] zoom_start {"scale":0.68,"targetScale":0.67,"source":"zoomChange"}
[DebugBridge +542367.0ms] zoom_end {"source":"zoomChange_settle"}
[CloudSync][hook] session id minted {"sessionId":"f7debde1-e837-4e23-b183-78b324485836"}
[CloudSync][realtime] unsubscribing {"documentId":"97f95b32-77b3-4834-a8fc-68f21543eb16"}
[CloudSync][realtime] subscribe status {"status":"CLOSED","error":null}
[CloudSync][hook][state-obs] annotationsByPage initial {"currentCount":0,"pages":0,"hydrated":false}
[CloudSync][hook][state-obs] callouts initial {"currentCount":0,"hydrated":false}
[CloudSync][hook] hydrate effect fired {"enabled":false,"hydrateEnabled":true,"documentId":"97f95b32-77b3-4834-a8fc-68f21543eb16","userId":"170d915c-5741-4e0b-b03f-deaeedae27bd","pdfId":null}
[CloudSync][hook] hydrate skipped — missing prerequisite {"hydrateEnabled":true,"hasDocumentId":true,"hasUserId":true,"hasPdfId":false}
[AnnotationHydrationGate][normal] {"documentId":"97f95b32-77b3-4834-a8fc-68f21543eb16","pdfId":null,"ready":false,"source":"missing-prerequisite","normalReady":false,"cutoverTs":null,"count":null,"calloutCount":null,"firstPaintGate":true}
[AnnotationHydrationGate][first-page] {"documentId":"97f95b32-77b3-4834-a8fc-68f21543eb16","pdfId":null,"pageNumber":1,"ready":false,"visualCoverActive":true,"normal":{"documentId":"97f95b32-77b3-4834-a8fc-68f21543eb16","pdfId":null,"ready":false,"source":"pending","firstPaintGate":true},"survey":{"ready":true,"source":"local"}}
[AnnotationHydrationGate][visual-cover] {"documentId":"97f95b32-77b3-4834-a8fc-68f21543eb16","pdfId":null,"pageNumber":1,"active":true,"reason":"annotation-hydration-gated"}
[Cloud render cache] doc=SE-011 Security Shop Drawing Rev2 - 05.06.25.pdf-26263753 painting verified cloud snapshot immediately — count=556.
[CSeries wipe] doc=SE-011 Security Shop Drawing Rev2 - 05.06.25.pdf-26263753 totalCounters=55 legacyRemoved=0 — nothing to wipe.
[CloudSync][hook] hydrate effect fired {"enabled":false,"hydrateEnabled":true,"documentId":"97f95b32-77b3-4834-a8fc-68f21543eb16","userId":"170d915c-5741-4e0b-b03f-deaeedae27bd","pdfId":"SE-011 Security Shop Drawing Rev2 - 05.06.25.pdf-26263753"}
[AnnotationHydrationGate][normal] {"documentId":"97f95b32-77b3-4834-a8fc-68f21543eb16","pdfId":"SE-011 Security Shop Drawing Rev2 - 05.06.25.pdf-26263753","ready":false,"source":"starting","normalReady":false,"cutoverTs":null,"count":null,"calloutCount":null,"firstPaintGate":true}
[CloudSync][hook] stage=hydrating
[AnnotationHydrationGate][first-page] {"documentId":"97f95b32-77b3-4834-a8fc-68f21543eb16","pdfId":"SE-011 Security Shop Drawing Rev2 - 05.06.25.pdf-26263753","pageNumber":1,"ready":false,"visualCoverActive":true,"normal":{"documentId":"97f95b32-77b3-4834-a8fc-68f21543eb16","pdfId":null,"ready":false,"source":"missing-prerequisite","normalReady":false,"cutoverTs":null,"count":null,"calloutCount":null,"firstPaintGate":true},"survey":{"ready":false,"source":"supabase-highlight-starting","documentId":"97f95b32-77b3-4834-a8fc-68f21543eb16","pdfId":"SE-011 Security Shop Drawing Rev2 - 05.06.25.pdf-26263753"}}
[AnnotationHydrationGate][visual-cover] {"documentId":"97f95b32-77b3-4834-a8fc-68f21543eb16","pdfId":"SE-011 Security Shop Drawing Rev2 - 05.06.25.pdf-26263753","pageNumber":1,"active":true,"reason":"annotation-hydration-gated"}
[AnnotationHydrationGate][first-page] {"documentId":"97f95b32-77b3-4834-a8fc-68f21543eb16","pdfId":"SE-011 Security Shop Drawing Rev2 - 05.06.25.pdf-26263753","pageNumber":1,"ready":false,"visualCoverActive":true,"normal":{"documentId":"97f95b32-77b3-4834-a8fc-68f21543eb16","pdfId":"SE-011 Security Shop Drawing Rev2 - 05.06.25.pdf-26263753","ready":false,"source":"starting","normalReady":false,"cutoverTs":null,"count":null,"calloutCount":null,"firstPaintGate":true},"survey":{"ready":false,"source":"supabase-highlight-starting","documentId":"97f95b32-77b3-4834-a8fc-68f21543eb16","pdfId":"SE-011 Security Shop Drawing Rev2 - 05.06.25.pdf-26263753"}}
[AnnotationHydrationGate][visual-cover] {"documentId":"97f95b32-77b3-4834-a8fc-68f21543eb16","pdfId":"SE-011 Security Shop Drawing Rev2 - 05.06.25.pdf-26263753","pageNumber":1,"active":true,"reason":"annotation-hydration-gated"}
[PDFImport] skipped embedded PDF annotation import — cloud/Y.Doc is authoritative {"documentId":"97f95b32-77b3-4834-a8fc-68f21543eb16"}
[PrintPanel] RENDER — panel closed
[CloudSync][hook] cutover-complete hydrate — reading from Y.Doc {"documentId":"97f95b32-77b3-4834-a8fc-68f21543eb16","cutoverTs":"2026-05-11T20:01:34.065+00:00"}
[Phase31 UAT] hydrate:cutover-sealed {"documentId":"97f95b32-77b3-4834-a8fc-68f21543eb16","pdfId":"SE-011 Security Shop Drawing Rev2 - 05.06.25.pdf-26263753","cutoverTs":"2026-05-11T20:01:34.065+00:00","yMapSize":556,"yMapCalloutsSize":3,"materializedTotal":556,"materializedCallouts":3,"materializedDrawnByMe":0,"materializedDrawnByOthers":556,"materializedImported":0,"pages":1,"perPage":{"1":556},"currentStateCount":556,"ydocLooksDegenerate":false}
[Phase31 UAT] hydrate:cutover-sealed:by-type {"documentId":"97f95b32-77b3-4834-a8fc-68f21543eb16","pdfFile":"SE-011 Security Shop Drawing Rev2 - 05.06.25.pdf-26263753","viewerUserId":"170d915c-5741-4e0b-b03f-deaeedae27bd","yMapTotal":556,"yMapCalloutsTotal":3,"yMapByType":{"circle":55,"path":6,"rect":494,"polygon":1},"yMapByAuthor":{"byMe":0,"byOthers":0,"anonymous":556},"yMapByTypeByAuthor":{"circle":{"byMe":0,"byOthers":0,"anonymous":55},"path":{"byMe":0,"byOthers":0,"anonymous":6},"rect":{"byMe":0,"byOthers":0,"anonymous":494},"polygon":{"byMe":0,"byOthers":0,"anonymous":1}},"yMapPerTypePerPage":{"circle":{"unknown":55},"path":{"unknown":6},"rect":{"unknown":494},"polygon":{"unknown":1}},"byPageTotal":556,"byPageByType":{"circle":55,"path":6,"rect":494,"polygon":1},"byPagePerPagePerType":{"1":{"circle":55,"path":6,"rect":494,"polygon":1}}}
[CloudSync][hydrate] loadAllNonHighlightAnnotations start {"documentId":"97f95b32-77b3-4834-a8fc-68f21543eb16"}
[SVGAnnotationLayer] setRotInputVisible(false) reason=selectedIds.size !== 1
[DebugBridge +1206274.3ms] pdf_loaded {"pageCount":99,"currentPage":1}
[HIGHLIGHT-SYNC][load.legacy][pdf=SE-011 Security Shop Drawing Rev2 - 05.06.25.pdf] {"documentId":"97f95b32-77b3-4834-a8fc-68f21543eb16","totalRows":1576,"fabricCarryingDropped":1235,"keptCount":341,"keptIds":["highlight-1776867816974-fx7v4ppmw","highlight-1776867821835-qquf9z5e8","polygon-1777170644432-5wvs89hb1","highlight-1777061477539-mmy879aei","highlight-1777061482852-6krcz3p7j","callout-l58ra8eqd-moendxzj","highlight-1778529819153-ft6dwm5sk","highlight-1778529770366-t5606bkyy","ink-1777170644432-z0hdzaq5y","square-1777170644432-khupb332c","square-1777170644432-1sj3ae4d7","square-1777170644432-7haxql9sl","square-1777170644432-31ermsbux","square-1777170644432-bvt9h5qva","square-1777170644432-7wfag62vn","square-1777170644432-w6yd283b0","square-1777170644432-vb6lwdwnv","square-1777170644432-s0tcp4grf","square-1777170644432-nowpwivwi","square-1777170644432-9yjmewx9l","square-1777170644432-d96rz5jyo","square-1777170644432-8ivovq4fa","square-1777170644432-mkbufe21u","square-1777170644432-ljbi0ndty","square-1777170644432-sb5bxgn9z","square-1777170644432-i318t9041","square-1777170644432-j5m7voke3","square-1777170644432-dn0xrr8zv","square-1777170644432-z40b9v7l3","square-1777170644432-ty1vlf72p","square-1777170644432-o232p4tx8","square-1777170644432-7cde21112","square-1777170644432-onp93lsek","square-1777170644432-mnfocibcc","square-1777170644432-8doljnzss","square-1777170644432-um7p7zozw","square-1777170644432-knyolydqy","square-1777170644432-fbi9km83d","square-1777170644432-mdlcvebet","square-1777170644432-rms4kazik","square-1777170644432-fqgygzfl1","square-1777170644432-i97czidrb","square-1777170644432-mn7pa1l1l","square-1777170644432-r3icyh6z8","square-1777170644432-3par86kyr","square-1777170644432-qe5cpjtzl","square-1777170644432-esz3ysm2f","square-1777170644432-y4zf59uyo","highlight-1777521733209-y564l9kli","square-1777170644432-cvjqq5gly","highlight-1777521709071-sfq2166a2","highlight-1777521739119-qaeb3gfxl","highlight-1777521697370-ffaje9mqf","square-1777170644432-6s736b9y2","square-1777170644432-y7y14xvmk","square-1777170644432-eijg0n3lk","square-1777170644432-e933y8riz","square-1777170644432-s9fj2804v","square-1777170644432-qa1rsne0t","square-1777170644432-z5xuln1hq","square-1777170644432-fna4ndlwi","square-1777170644432-5cw9n4hai","square-1777170644432-ux2f671j4","square-1777170644432-xdum710ug","square-1777170644432-0soc7uanb","square-1777170644432-nymdwk5dx","square-1777170644432-sje6v34ms","square-1777170644432-pvafybq8c","square-1777170644432-hc24ika26","square-1777170644432-vz1lgt6ct","square-1777170644432-6keqphmo0","square-1777170644432-lmvwmrnz6","square-1777170644432-h8suuaa51","square-1777170644432-h1njjb3vr","square-1777170644432-31mx7swmc","square-1777170644432-q007fyzh1","square-1777170644432-ozyeypoae","square-1777170644432-eb7qe8a2w","square-1777170644432-kveqxg1lq","square-1777170644432-z10bes97y","square-1777170644432-efhhzjsy9","square-1777170644432-kl4uadnp6","square-1777170644432-atct52k6g","square-1777170644432-peg63gm1h","square-1777170644432-x5irblr8i","square-1777170644432-m6ez0dd5u","square-1777170644432-fqg2f5zwf","square-1777170644432-8kvq2szjp","square-1777170644432-mu8ronefe","square-1777170644432-p67692gh5","square-1777170644432-6fnf7fi8o","square-1777170644432-h7xuxr99c","square-1777170644432-3r9bv9zzi","square-1777170644432-vnsk6ucfh","square-1777170644432-xhgaf50mc","square-1777170644432-7lpixocwq","square-1777170644432-fi32e44ai","square-1777170644432-fs678j84g","square-1777170644432-4qeq2x0je","square-1777170644432-u3quepigk","square-1777170644432-yhw1zxqhf","square-1777170644432-2dog5cp8y","square-1777170644432-1h0e9a3zv","square-1777170644432-stoxbabri","square-1777170644432-a1qw2rpjp","square-1777170644432-wkxfpunqz","square-1777170644432-j9l7efrn2","square-1777170644432-erfkuqtyd","square-1777170644432-nlq0n7835","square-1777170644432-ysrn2kmhs","square-1777170644432-0l23k2t72","square-1777170644432-mda35fgil","square-1777170644432-aszfpehvt","square-1777170644432-0zi6ppu8a","squ... [truncated 24 chars]
[AnnotationHydrationGate][survey] supabase highlights complete {"documentId":"97f95b32-77b3-4834-a8fc-68f21543eb16","pdfId":"SE-011 Security Shop Drawing Rev2 - 05.06.25.pdf-26263753","count":341}
[AnnotationHydrationGate][first-page] {"documentId":"97f95b32-77b3-4834-a8fc-68f21543eb16","pdfId":"SE-011 Security Shop Drawing Rev2 - 05.06.25.pdf-26263753","pageNumber":1,"ready":false,"visualCoverActive":true,"normal":{"documentId":"97f95b32-77b3-4834-a8fc-68f21543eb16","pdfId":"SE-011 Security Shop Drawing Rev2 - 05.06.25.pdf-26263753","ready":false,"source":"starting","normalReady":false,"cutoverTs":null,"count":null,"calloutCount":null,"firstPaintGate":true},"survey":{"ready":true,"source":"supabase-highlight","documentId":"97f95b32-77b3-4834-a8fc-68f21543eb16","pdfId":"SE-011 Security Shop Drawing Rev2 - 05.06.25.pdf-26263753","count":341}}
[AnnotationHydrationGate][visual-cover] {"documentId":"97f95b32-77b3-4834-a8fc-68f21543eb16","pdfId":"SE-011 Security Shop Drawing Rev2 - 05.06.25.pdf-26263753","pageNumber":1,"active":true,"reason":"annotation-hydration-gated"}
[CloudSync][hydrate] loadAllNonHighlightAnnotations ok {"elapsedMs":1663,"totalRowsScanned":1794,"scanned":{"nonHighlight":559,"legacyFabricHighlights":1235},"totalRows":1794,"rowsByType":{"counter":55,"square":494,"ink":6,"callout":3,"polygon":1,"highlight":1235},"pagesWithObjects":26,"calloutCount":3}
[CloudSync][verify] first read summary {"contextLabel":"cutover-source-of-truth","documentId":"97f95b32-77b3-4834-a8fc-68f21543eb16","elapsedMs":1665,"firstFabricPages":26,"firstFabricObjects":556,"firstCallouts":3,"firstEmpty":false,"localFabricCount":556,"localCalloutCount":3,"localHasData":true,"willVerify":false}
[CloudSync][source-of-truth] cutover initial hydrate selected Supabase durable snapshot {"documentId":"97f95b32-77b3-4834-a8fc-68f21543eb16","pdfId":"SE-011 Security Shop Drawing Rev2 - 05.06.25.pdf-26263753","cutoverTs":"2026-05-11T20:01:34.065+00:00","ydocFabricCount":556,"ydocCalloutCount":3,"supabaseFabricCount":556,"supabaseCalloutCount":3,"rule":"Supabase durable snapshot wins initial load; Y.Doc is reshaped for live collaboration"}
[UndoDiag] {"seq":2,"order":null,"at":"2026-05-11T20:24:08.121Z","event":"yjs_history_added","actionType":"undo","rawActionType":"undo","annotationType":"fabric","annotationId":"counter-1777602972809-mtgx42fnd","pageNumber":null,"lane":"Yjs/CRDT history","receivedStack":"yjsUndoStack","chosenStack":null,"chosenLane":"Yjs/CRDT history","decisionReason":null,"undoDepth":1,"redoDepth":0}
[Phase31 UAT] save:fan-out done {"documentId":"97f95b32-77b3-4834-a8fc-68f21543eb16","pdfId":"SE-011 Security Shop Drawing Rev2 - 05.06.25.pdf-26263753","userId":"170d915c-5741-4e0b-b03f-deaeedae27bd","dispatched":556,"detected":556,"skippedHighlightOrCallout":0,"skippedOtherType":0,"rawTypeBreakdown":{"counter":55,"pen":1,"path":5,"rect":494,"polygon":1},"resolvedTypeBreakdown":{"counter":55,"ink":6,"square":494,"polygon":1},"skipReasons":{},"skipSamples":[],"yMapSizeAfter":556}
[CloudSync][hook] callout Y.Doc fan-out done {"documentId":"97f95b32-77b3-4834-a8fc-68f21543eb16","pdfId":"SE-011 Security Shop Drawing Rev2 - 05.06.25.pdf-26263753","userId":"170d915c-5741-4e0b-b03f-deaeedae27bd","upserted":3,"deleted":0,"yMapCalloutsSizeAfter":3}
[AnnotationHydrationGate][normal] {"documentId":"97f95b32-77b3-4834-a8fc-68f21543eb16","pdfId":"SE-011 Security Shop Drawing Rev2 - 05.06.25.pdf-26263753","ready":true,"source":"supabase-durable-snapshot","normalReady":true,"cutoverTs":"2026-05-11T20:01:34.065+00:00","count":556,"calloutCount":3,"firstPaintGate":true}
[CloudSync][realtime] subscribing {"documentId":"97f95b32-77b3-4834-a8fc-68f21543eb16","currentUserId":"170d915c-5741-4e0b-b03f-deaeedae27bd","currentSessionId":"f7debde1-e837-4e23-b183-78b324485836","hasFabricInsert":true,"hasFabricUpdate":true,"hasFabricDelete":true,"hasCalloutInsert":true,"hasCalloutUpdate":true,"hasCalloutDelete":true}
[AnnotationHydrationGate][first-page] {"documentId":"97f95b32-77b3-4834-a8fc-68f21543eb16","pdfId":"SE-011 Security Shop Drawing Rev2 - 05.06.25.pdf-26263753","pageNumber":1,"ready":true,"visualCoverActive":false,"normal":{"documentId":"97f95b32-77b3-4834-a8fc-68f21543eb16","pdfId":"SE-011 Security Shop Drawing Rev2 - 05.06.25.pdf-26263753","ready":true,"source":"supabase-durable-snapshot","normalReady":true,"cutoverTs":"2026-05-11T20:01:34.065+00:00","count":556,"calloutCount":3,"firstPaintGate":true},"survey":{"ready":true,"source":"supabase-highlight","documentId":"97f95b32-77b3-4834-a8fc-68f21543eb16","pdfId":"SE-011 Security Shop Drawing Rev2 - 05.06.25.pdf-26263753","count":341}}
[AnnotationHydrationGate][visual-cover] {"documentId":"97f95b32-77b3-4834-a8fc-68f21543eb16","pdfId":"SE-011 Security Shop Drawing Rev2 - 05.06.25.pdf-26263753","pageNumber":1,"active":false,"reason":"hydration-ready"}
[HyperlinkDiag] post-load scan {"hyperlinkCount":0,"samples":[]}
[HyperlinkDiag] page 1 layers {"hyperlinkChildren":0,"layerClasses":["DIV","e-spinner-pane e-spin-hide","e-pv-page-canvas","e-pv-text-layer","e-pv-annotation-canvas","DIV","IMG","IMG","IMG","IMG"]}
[HyperlinkDiag] page 2 layers {"hyperlinkChildren":0,"layerClasses":["DIV","e-spinner-pane e-spin-hide","e-pv-page-canvas","e-pv-text-layer","e-pv-annotation-canvas","DIV","IMG","IMG","IMG","IMG"]}
[HyperlinkDiag] page 3 layers {"hyperlinkChildren":0,"layerClasses":["DIV","e-spinner-pane e-spin-hide","e-pv-page-canvas","e-pv-text-layer","e-pv-annotation-canvas","DIV","IMG","IMG","IMG","IMG"]}
[HyperlinkDiag] page 4 layers {"hyperlinkChildren":0,"layerClasses":["DIV","e-spinner-pane e-spin-hide","e-pv-page-canvas","e-pv-text-layer","e-pv-annotation-canvas","DIV","IMG"]}
[HyperlinkDiag] page 5 layers {"hyperlinkChildren":0,"layerClasses":["DIV","e-spinner-pane e-spin-show","e-pv-page-canvas","e-pv-text-layer","e-pv-annotation-canvas","DIV"]}
[HyperlinkDiag] page 6 layers {"hyperlinkChildren":0,"layerClasses":["DIV","e-spinner-pane e-spin-show","e-pv-page-canvas","e-pv-text-layer","e-pv-annotation-canvas","DIV"]}
[HyperlinkDiag] page 7 layers {"hyperlinkChildren":0,"layerClasses":["DIV","e-spinner-pane e-spin-show","e-pv-page-canvas","e-pv-text-layer","e-pv-annotation-canvas","DIV"]}
[HyperlinkDiag] page 8 layers {"hyperlinkChildren":0,"layerClasses":["DIV","e-spinner-pane e-spin-show","e-pv-page-canvas","e-pv-text-layer","e-pv-annotation-canvas","DIV"]}
[HyperlinkDiag] page 9 layers {"hyperlinkChildren":0,"layerClasses":["DIV","e-spinner-pane e-spin-show","e-pv-page-canvas","e-pv-text-layer","e-pv-annotation-canvas","DIV"]}
[HyperlinkDiag] page 10 layers {"hyperlinkChildren":0,"layerClasses":["DIV","e-spinner-pane e-spin-show","e-pv-page-canvas","e-pv-text-layer","e-pv-annotation-canvas","DIV"]}
[CloudSync][realtime] subscribe status {"status":"SUBSCRIBED","error":null}
[Phase31 UAT] post-subscribe catch-up skipped — doc is cutover-sealed, Y.Doc + realtime is source of truth {"documentId":"97f95b32-77b3-4834-a8fc-68f21543eb16","pdfId":"SE-011 Security Shop Drawing Rev2 - 05.06.25.pdf-26263753","cutoverTs":"2026-05-11T20:01:34.065+00:00","ydocAuthoritative":true}
[CloudSync][hook] session id minted {"sessionId":"f508e43f-7f89-4e7c-9b93-86a29a7c82c2"}
[CloudSync][realtime] unsubscribing {"documentId":"97f95b32-77b3-4834-a8fc-68f21543eb16"}
[CloudSync][realtime] subscribe status {"status":"CLOSED","error":null}
[CloudSync][hook][state-obs] annotationsByPage initial {"currentCount":0,"pages":0,"hydrated":false}
[CloudSync][hook][state-obs] callouts initial {"currentCount":0,"hydrated":false}
[CloudSync][hook] hydrate effect fired {"enabled":false,"hydrateEnabled":true,"documentId":"97f95b32-77b3-4834-a8fc-68f21543eb16","userId":"170d915c-5741-4e0b-b03f-deaeedae27bd","pdfId":null}
[CloudSync][hook] hydrate skipped — missing prerequisite {"hydrateEnabled":true,"hasDocumentId":true,"hasUserId":true,"hasPdfId":false}
[AnnotationHydrationGate][normal] {"documentId":"97f95b32-77b3-4834-a8fc-68f21543eb16","pdfId":null,"ready":false,"source":"missing-prerequisite","normalReady":false,"cutoverTs":null,"count":null,"calloutCount":null,"firstPaintGate":true}
[AnnotationHydrationGate][first-page] {"documentId":"97f95b32-77b3-4834-a8fc-68f21543eb16","pdfId":null,"pageNumber":1,"ready":false,"visualCoverActive":true,"normal":{"documentId":"97f95b32-77b3-4834-a8fc-68f21543eb16","pdfId":null,"ready":false,"source":"pending","firstPaintGate":true},"survey":{"ready":true,"source":"local"}}
[AnnotationHydrationGate][visual-cover] {"documentId":"97f95b32-77b3-4834-a8fc-68f21543eb16","pdfId":null,"pageNumber":1,"active":true,"reason":"annotation-hydration-gated"}
[Cloud render cache] doc=SE-011 Security Shop Drawing Rev2 - 05.06.25.pdf-26263753 painting verified cloud snapshot immediately — count=556.
[CSeries wipe] doc=SE-011 Security Shop Drawing Rev2 - 05.06.25.pdf-26263753 totalCounters=55 legacyRemoved=0 — nothing to wipe.
[CloudSync][hook] hydrate effect fired {"enabled":false,"hydrateEnabled":true,"documentId":"97f95b32-77b3-4834-a8fc-68f21543eb16","userId":"170d915c-5741-4e0b-b03f-deaeedae27bd","pdfId":"SE-011 Security Shop Drawing Rev2 - 05.06.25.pdf-26263753"}
[AnnotationHydrationGate][normal] {"documentId":"97f95b32-77b3-4834-a8fc-68f21543eb16","pdfId":"SE-011 Security Shop Drawing Rev2 - 05.06.25.pdf-26263753","ready":false,"source":"starting","normalReady":false,"cutoverTs":null,"count":null,"calloutCount":null,"firstPaintGate":true}
[CloudSync][hook] stage=hydrating
[AnnotationHydrationGate][first-page] {"documentId":"97f95b32-77b3-4834-a8fc-68f21543eb16","pdfId":"SE-011 Security Shop Drawing Rev2 - 05.06.25.pdf-26263753","pageNumber":1,"ready":false,"visualCoverActive":true,"normal":{"documentId":"97f95b32-77b3-4834-a8fc-68f21543eb16","pdfId":null,"ready":false,"source":"missing-prerequisite","normalReady":false,"cutoverTs":null,"count":null,"calloutCount":null,"firstPaintGate":true},"survey":{"ready":false,"source":"supabase-highlight-starting","documentId":"97f95b32-77b3-4834-a8fc-68f21543eb16","pdfId":"SE-011 Security Shop Drawing Rev2 - 05.06.25.pdf-26263753"}}
[AnnotationHydrationGate][visual-cover] {"documentId":"97f95b32-77b3-4834-a8fc-68f21543eb16","pdfId":"SE-011 Security Shop Drawing Rev2 - 05.06.25.pdf-26263753","pageNumber":1,"active":true,"reason":"annotation-hydration-gated"}
[AnnotationHydrationGate][first-page] {"documentId":"97f95b32-77b3-4834-a8fc-68f21543eb16","pdfId":"SE-011 Security Shop Drawing Rev2 - 05.06.25.pdf-26263753","pageNumber":1,"ready":false,"visualCoverActive":true,"normal":{"documentId":"97f95b32-77b3-4834-a8fc-68f21543eb16","pdfId":"SE-011 Security Shop Drawing Rev2 - 05.06.25.pdf-26263753","ready":false,"source":"starting","normalReady":false,"cutoverTs":null,"count":null,"calloutCount":null,"firstPaintGate":true},"survey":{"ready":false,"source":"supabase-highlight-starting","documentId":"97f95b32-77b3-4834-a8fc-68f21543eb16","pdfId":"SE-011 Security Shop Drawing Rev2 - 05.06.25.pdf-26263753"}}
[AnnotationHydrationGate][visual-cover] {"documentId":"97f95b32-77b3-4834-a8fc-68f21543eb16","pdfId":"SE-011 Security Shop Drawing Rev2 - 05.06.25.pdf-26263753","pageNumber":1,"active":true,"reason":"annotation-hydration-gated"}
[CloudSync][hook] cutover-complete hydrate — reading from Y.Doc {"documentId":"97f95b32-77b3-4834-a8fc-68f21543eb16","cutoverTs":"2026-05-11T20:01:34.065+00:00"}
[Phase31 UAT] hydrate:cutover-sealed {"documentId":"97f95b32-77b3-4834-a8fc-68f21543eb16","pdfId":"SE-011 Security Shop Drawing Rev2 - 05.06.25.pdf-26263753","cutoverTs":"2026-05-11T20:01:34.065+00:00","yMapSize":556,"yMapCalloutsSize":3,"materializedTotal":556,"materializedCallouts":3,"materializedDrawnByMe":556,"materializedDrawnByOthers":0,"materializedImported":0,"pages":1,"perPage":{"1":556},"currentStateCount":556,"ydocLooksDegenerate":false}
[Phase31 UAT] hydrate:cutover-sealed:by-type {"documentId":"97f95b32-77b3-4834-a8fc-68f21543eb16","pdfFile":"SE-011 Security Shop Drawing Rev2 - 05.06.25.pdf-26263753","viewerUserId":"170d915c-5741-4e0b-b03f-deaeedae27bd","yMapTotal":556,"yMapCalloutsTotal":3,"yMapByType":{"circle":55,"path":6,"rect":494,"polygon":1},"yMapByAuthor":{"byMe":556,"byOthers":0,"anonymous":0},"yMapByTypeByAuthor":{"circle":{"byMe":55,"byOthers":0,"anonymous":0},"path":{"byMe":6,"byOthers":0,"anonymous":0},"rect":{"byMe":494,"byOthers":0,"anonymous":0},"polygon":{"byMe":1,"byOthers":0,"anonymous":0}},"yMapPerTypePerPage":{"circle":{"unknown":55},"path":{"unknown":6},"rect":{"unknown":494},"polygon":{"unknown":1}},"byPageTotal":556,"byPageByType":{"circle":55,"path":6,"rect":494,"polygon":1},"byPagePerPagePerType":{"1":{"circle":55,"path":6,"rect":494,"polygon":1}}}
[CloudSync][hydrate] loadAllNonHighlightAnnotations start {"documentId":"97f95b32-77b3-4834-a8fc-68f21543eb16"}
[PDFImport] skipped embedded PDF annotation import — cloud/Y.Doc is authoritative {"documentId":"97f95b32-77b3-4834-a8fc-68f21543eb16"}
[PrintPanel] RENDER — panel closed
[HIGHLIGHT-SYNC][load.legacy][pdf=SE-011 Security Shop Drawing Rev2 - 05.06.25.pdf] {"documentId":"97f95b32-77b3-4834-a8fc-68f21543eb16","totalRows":1576,"fabricCarryingDropped":1235,"keptCount":341,"keptIds":["highlight-1776867816974-fx7v4ppmw","highlight-1776867821835-qquf9z5e8","polygon-1777170644432-5wvs89hb1","highlight-1777061477539-mmy879aei","highlight-1777061482852-6krcz3p7j","callout-l58ra8eqd-moendxzj","highlight-1778529819153-ft6dwm5sk","highlight-1778529770366-t5606bkyy","ink-1777170644432-z0hdzaq5y","square-1777170644432-khupb332c","square-1777170644432-1sj3ae4d7","square-1777170644432-7haxql9sl","square-1777170644432-31ermsbux","square-1777170644432-bvt9h5qva","square-1777170644432-7wfag62vn","square-1777170644432-w6yd283b0","square-1777170644432-vb6lwdwnv","square-1777170644432-s0tcp4grf","square-1777170644432-nowpwivwi","square-1777170644432-9yjmewx9l","square-1777170644432-d96rz5jyo","square-1777170644432-8ivovq4fa","square-1777170644432-mkbufe21u","square-1777170644432-ljbi0ndty","square-1777170644432-sb5bxgn9z","square-1777170644432-i318t9041","square-1777170644432-j5m7voke3","square-1777170644432-dn0xrr8zv","square-1777170644432-z40b9v7l3","square-1777170644432-ty1vlf72p","square-1777170644432-o232p4tx8","square-1777170644432-7cde21112","square-1777170644432-onp93lsek","square-1777170644432-mnfocibcc","square-1777170644432-8doljnzss","square-1777170644432-um7p7zozw","square-1777170644432-knyolydqy","square-1777170644432-fbi9km83d","square-1777170644432-mdlcvebet","square-1777170644432-rms4kazik","square-1777170644432-fqgygzfl1","square-1777170644432-i97czidrb","square-1777170644432-mn7pa1l1l","square-1777170644432-r3icyh6z8","square-1777170644432-3par86kyr","square-1777170644432-qe5cpjtzl","square-1777170644432-esz3ysm2f","square-1777170644432-y4zf59uyo","highlight-1777521733209-y564l9kli","square-1777170644432-cvjqq5gly","highlight-1777521709071-sfq2166a2","highlight-1777521739119-qaeb3gfxl","highlight-1777521697370-ffaje9mqf","square-1777170644432-6s736b9y2","square-1777170644432-y7y14xvmk","square-1777170644432-eijg0n3lk","square-1777170644432-e933y8riz","square-1777170644432-s9fj2804v","square-1777170644432-qa1rsne0t","square-1777170644432-z5xuln1hq","square-1777170644432-fna4ndlwi","square-1777170644432-5cw9n4hai","square-1777170644432-ux2f671j4","square-1777170644432-xdum710ug","square-1777170644432-0soc7uanb","square-1777170644432-nymdwk5dx","square-1777170644432-sje6v34ms","square-1777170644432-pvafybq8c","square-1777170644432-hc24ika26","square-1777170644432-vz1lgt6ct","square-1777170644432-6keqphmo0","square-1777170644432-lmvwmrnz6","square-1777170644432-h8suuaa51","square-1777170644432-h1njjb3vr","square-1777170644432-31mx7swmc","square-1777170644432-q007fyzh1","square-1777170644432-ozyeypoae","square-1777170644432-eb7qe8a2w","square-1777170644432-kveqxg1lq","square-1777170644432-z10bes97y","square-1777170644432-efhhzjsy9","square-1777170644432-kl4uadnp6","square-1777170644432-atct52k6g","square-1777170644432-peg63gm1h","square-1777170644432-x5irblr8i","square-1777170644432-m6ez0dd5u","square-1777170644432-fqg2f5zwf","square-1777170644432-8kvq2szjp","square-1777170644432-mu8ronefe","square-1777170644432-p67692gh5","square-1777170644432-6fnf7fi8o","square-1777170644432-h7xuxr99c","square-1777170644432-3r9bv9zzi","square-1777170644432-vnsk6ucfh","square-1777170644432-xhgaf50mc","square-1777170644432-7lpixocwq","square-1777170644432-fi32e44ai","square-1777170644432-fs678j84g","square-1777170644432-4qeq2x0je","square-1777170644432-u3quepigk","square-1777170644432-yhw1zxqhf","square-1777170644432-2dog5cp8y","square-1777170644432-1h0e9a3zv","square-1777170644432-stoxbabri","square-1777170644432-a1qw2rpjp","square-1777170644432-wkxfpunqz","square-1777170644432-j9l7efrn2","square-1777170644432-erfkuqtyd","square-1777170644432-nlq0n7835","square-1777170644432-ysrn2kmhs","square-1777170644432-0l23k2t72","square-1777170644432-mda35fgil","square-1777170644432-aszfpehvt","square-1777170644432-0zi6ppu8a","squ... [truncated 24 chars]
[AnnotationHydrationGate][survey] supabase highlights complete {"documentId":"97f95b32-77b3-4834-a8fc-68f21543eb16","pdfId":"SE-011 Security Shop Drawing Rev2 - 05.06.25.pdf-26263753","count":341}
[AnnotationHydrationGate][first-page] {"documentId":"97f95b32-77b3-4834-a8fc-68f21543eb16","pdfId":"SE-011 Security Shop Drawing Rev2 - 05.06.25.pdf-26263753","pageNumber":1,"ready":false,"visualCoverActive":true,"normal":{"documentId":"97f95b32-77b3-4834-a8fc-68f21543eb16","pdfId":"SE-011 Security Shop Drawing Rev2 - 05.06.25.pdf-26263753","ready":false,"source":"starting","normalReady":false,"cutoverTs":null,"count":null,"calloutCount":null,"firstPaintGate":true},"survey":{"ready":true,"source":"supabase-highlight","documentId":"97f95b32-77b3-4834-a8fc-68f21543eb16","pdfId":"SE-011 Security Shop Drawing Rev2 - 05.06.25.pdf-26263753","count":341}}
[AnnotationHydrationGate][visual-cover] {"documentId":"97f95b32-77b3-4834-a8fc-68f21543eb16","pdfId":"SE-011 Security Shop Drawing Rev2 - 05.06.25.pdf-26263753","pageNumber":1,"active":true,"reason":"annotation-hydration-gated"}
[CloudSync][hook] fabric push skipped — not hydrated yet
[CloudSync][hook] callout push skipped — not hydrated yet
[CloudSync][realtime] subscribing {"documentId":"97f95b32-77b3-4834-a8fc-68f21543eb16","currentUserId":"170d915c-5741-4e0b-b03f-deaeedae27bd","currentSessionId":"f508e43f-7f89-4e7c-9b93-86a29a7c82c2","hasFabricInsert":true,"hasFabricUpdate":true,"hasFabricDelete":true,"hasCalloutInsert":true,"hasCalloutUpdate":true,"hasCalloutDelete":true}
[CloudSync][hydrate] loadAllNonHighlightAnnotations ok {"elapsedMs":531,"totalRowsScanned":1794,"scanned":{"nonHighlight":559,"legacyFabricHighlights":1235},"totalRows":1794,"rowsByType":{"counter":55,"square":494,"ink":6,"callout":3,"polygon":1,"highlight":1235},"pagesWithObjects":26,"calloutCount":3}
[CloudSync][verify] first read summary {"contextLabel":"cutover-source-of-truth","documentId":"97f95b32-77b3-4834-a8fc-68f21543eb16","elapsedMs":532,"firstFabricPages":26,"firstFabricObjects":556,"firstCallouts":3,"firstEmpty":false,"localFabricCount":556,"localCalloutCount":3,"localHasData":true,"willVerify":false}
[CloudSync][source-of-truth] cutover initial hydrate selected Supabase durable snapshot {"documentId":"97f95b32-77b3-4834-a8fc-68f21543eb16","pdfId":"SE-011 Security Shop Drawing Rev2 - 05.06.25.pdf-26263753","cutoverTs":"2026-05-11T20:01:34.065+00:00","ydocFabricCount":556,"ydocCalloutCount":3,"supabaseFabricCount":556,"supabaseCalloutCount":3,"rule":"Supabase durable snapshot wins initial load; Y.Doc is reshaped for live collaboration"}
[UndoDiag] {"seq":2,"order":null,"at":"2026-05-11T20:24:17.399Z","event":"yjs_history_added","actionType":"undo","rawActionType":"undo","annotationType":"fabric","annotationId":"counter-1777602972809-mtgx42fnd","pageNumber":null,"lane":"Yjs/CRDT history","receivedStack":"yjsUndoStack","chosenStack":null,"chosenLane":"Yjs/CRDT history","decisionReason":null,"undoDepth":2,"redoDepth":0}
[Phase31 UAT] save:fan-out done {"documentId":"97f95b32-77b3-4834-a8fc-68f21543eb16","pdfId":"SE-011 Security Shop Drawing Rev2 - 05.06.25.pdf-26263753","userId":"170d915c-5741-4e0b-b03f-deaeedae27bd","dispatched":556,"detected":556,"skippedHighlightOrCallout":0,"skippedOtherType":0,"rawTypeBreakdown":{"counter":55,"pen":1,"path":5,"rect":494,"polygon":1},"resolvedTypeBreakdown":{"counter":55,"ink":6,"square":494,"polygon":1},"skipReasons":{},"skipSamples":[],"yMapSizeAfter":556}
[CloudSync][hook] callout Y.Doc fan-out done {"documentId":"97f95b32-77b3-4834-a8fc-68f21543eb16","pdfId":"SE-011 Security Shop Drawing Rev2 - 05.06.25.pdf-26263753","userId":"170d915c-5741-4e0b-b03f-deaeedae27bd","upserted":3,"deleted":0,"yMapCalloutsSizeAfter":3}
[AnnotationHydrationGate][normal] {"documentId":"97f95b32-77b3-4834-a8fc-68f21543eb16","pdfId":"SE-011 Security Shop Drawing Rev2 - 05.06.25.pdf-26263753","ready":true,"source":"supabase-durable-snapshot","normalReady":true,"cutoverTs":"2026-05-11T20:01:34.065+00:00","count":556,"calloutCount":3,"firstPaintGate":true}
[AnnotationHydrationGate][first-page] {"documentId":"97f95b32-77b3-4834-a8fc-68f21543eb16","pdfId":"SE-011 Security Shop Drawing Rev2 - 05.06.25.pdf-26263753","pageNumber":1,"ready":true,"visualCoverActive":false,"normal":{"documentId":"97f95b32-77b3-4834-a8fc-68f21543eb16","pdfId":"SE-011 Security Shop Drawing Rev2 - 05.06.25.pdf-26263753","ready":true,"source":"supabase-durable-snapshot","normalReady":true,"cutoverTs":"2026-05-11T20:01:34.065+00:00","count":556,"calloutCount":3,"firstPaintGate":true},"survey":{"ready":true,"source":"supabase-highlight","documentId":"97f95b32-77b3-4834-a8fc-68f21543eb16","pdfId":"SE-011 Security Shop Drawing Rev2 - 05.06.25.pdf-26263753","count":341}}
[AnnotationHydrationGate][visual-cover] {"documentId":"97f95b32-77b3-4834-a8fc-68f21543eb16","pdfId":"SE-011 Security Shop Drawing Rev2 - 05.06.25.pdf-26263753","pageNumber":1,"active":false,"reason":"hydration-ready"}
[CloudSync][realtime] subscribe status {"status":"SUBSCRIBED","error":null}
[Phase31 UAT] post-subscribe catch-up skipped — doc is cutover-sealed, Y.Doc + realtime is source of truth {"documentId":"97f95b32-77b3-4834-a8fc-68f21543eb16","pdfId":"SE-011 Security Shop Drawing Rev2 - 05.06.25.pdf-26263753","cutoverTs":"2026-05-11T20:01:34.065+00:00","ydocAuthoritative":true}
[SVGAnnotationLayer] setRotInputVisible(false) reason=selectedIds.size !== 1
[DebugBridge +1217211.5ms] pdf_loaded {"pageCount":99,"currentPage":1}
[HyperlinkDiag] post-load scan {"hyperlinkCount":0,"samples":[]}
[HyperlinkDiag] page 1 layers {"hyperlinkChildren":0,"layerClasses":["DIV","e-spinner-pane e-spin-hide","e-pv-page-canvas","e-pv-text-layer","e-pv-annotation-canvas","DIV","IMG","IMG","IMG","IMG"]}
[HyperlinkDiag] page 2 layers {"hyperlinkChildren":0,"layerClasses":["DIV","e-spinner-pane e-spin-hide","e-pv-page-canvas","e-pv-text-layer","e-pv-annotation-canvas","DIV","IMG","IMG","IMG","IMG"]}
[HyperlinkDiag] page 3 layers {"hyperlinkChildren":0,"layerClasses":["DIV","e-spinner-pane e-spin-hide","e-pv-page-canvas","e-pv-text-layer","e-pv-annotation-canvas","DIV","IMG","IMG","IMG","IMG"]}
[HyperlinkDiag] page 4 layers {"hyperlinkChildren":0,"layerClasses":["DIV","e-spinner-pane e-spin-hide","e-pv-page-canvas","e-pv-text-layer","e-pv-annotation-canvas","DIV","IMG","IMG","IMG","IMG"]}
[HyperlinkDiag] page 5 layers {"hyperlinkChildren":0,"layerClasses":["DIV","e-spinner-pane e-spin-show","e-pv-page-canvas","e-pv-text-layer","e-pv-annotation-canvas","DIV"]}
[HyperlinkDiag] page 6 layers {"hyperlinkChildren":0,"layerClasses":["DIV","e-spinner-pane e-spin-show","e-pv-page-canvas","e-pv-text-layer","e-pv-annotation-canvas","DIV"]}
[HyperlinkDiag] page 7 layers {"hyperlinkChildren":0,"layerClasses":["DIV","e-spinner-pane e-spin-show","e-pv-page-canvas","e-pv-text-layer","e-pv-annotation-canvas","DIV"]}
[HyperlinkDiag] page 8 layers {"hyperlinkChildren":0,"layerClasses":["DIV","e-spinner-pane e-spin-show","e-pv-page-canvas","e-pv-text-layer","e-pv-annotation-canvas","DIV"]}
[HyperlinkDiag] page 9 layers {"hyperlinkChildren":0,"layerClasses":["DIV","e-spinner-pane e-spin-show","e-pv-page-canvas","e-pv-text-layer","e-pv-annotation-canvas","DIV"]}
[HyperlinkDiag] page 10 layers {"hyperlinkChildren":0,"layerClasses":["DIV","e-spinner-pane e-spin-show","e-pv-page-canvas","e-pv-text-layer","e-pv-annotation-canvas","DIV"]}
console.error @ The above error occurred in the <PDFViewer> component:

    at PDFViewer (http://localhost:5173/src/App.jsx?t=1778531064983:10911:22)
    at YDocProviderInner (http://localhost:5173/src/components/collab/YDocProvider.jsx:119:30)
    at YDocProvider (http://localhost:5173/src/components/collab/YDocProvider.jsx:103:32)
    at div
    at div
    at div
    at App (http://localhost:5173/src/App.jsx?t=1778531064983:40482:151)
    at MSGraphProvider (http://localhost:5173/src/contexts/MSGraphContext.jsx:65:35)
    at AuthProvider (http://localhost:5173/src/contexts/AuthContext.jsx:37:32)
    at ErrorBoundary (http://localhost:5173/src/components/ErrorBoundary.jsx:16:5)

React will try to recreate this component tree from scratch using the error boundary you provided, ErrorBoundary.
console.error @ ErrorBoundary caught an error: {} {"componentStack":"\n    at PDFViewer (http://localhost:5173/src/App.jsx?t=1778531064983:10911:22)\n    at YDocProviderInner (http://localhost:5173/src/components/collab/YDocProvider.jsx:119:30)\n    at YDocProvider (http://localhost:5173/src/components/collab/YDocProvider.jsx:103:32)\n    at div\n    at div\n    at div\n    at App (http://localhost:5173/src/App.jsx?t=1778531064983:40482:151)\n    at MSGraphProvider (http://localhost:5173/src/contexts/MSGraphContext.jsx:65:35)\n    at AuthProvider (http://localhost:5173/src/contexts/AuthContext.jsx:37:32)\n    at ErrorBoundary (http://localhost:5173/src/components/ErrorBoundary.jsx:16:5)"}
[CloudSync][realtime] unsubscribing {"documentId":"97f95b32-77b3-4834-a8fc-68f21543eb16"}
[CloudSync][realtime] subscribe status {"status":"CLOSED","error":null}
[dev-auto-login] boot {"hasDevEmail":true,"devEmailHint":"isai***","hasDevPassword":true,"hasCachedSession":true,"cachedSessionEmail":"isaiahcalvo123@gmail.com","cachedSessionExpiresAt":1778533806}
[dev-auto-login] cached session matches dev email, keeping it
[dev-auto-login] decision {"needsAutoLogin":false,"willAttemptSignIn":false}
console.error @ [hmr] Failed to reload /src/App.jsx. This could be due to syntax errors or importing non-existent modules. (see errors above)
[CloudSync][hook] session id minted {"sessionId":"b4b584b1-56f3-4fd8-b4fd-d5be758e125d"}
[CloudSync][hook][state-obs] annotationsByPage initial {"currentCount":0,"pages":0,"hydrated":false}
[CloudSync][hook][state-obs] callouts initial {"currentCount":0,"hydrated":false}
[CloudSync][hook] hydrate effect fired {"enabled":false,"hydrateEnabled":true,"documentId":"97f95b32-77b3-4834-a8fc-68f21543eb16","userId":"170d915c-5741-4e0b-b03f-deaeedae27bd","pdfId":null}
[CloudSync][hook] hydrate skipped — missing prerequisite {"hydrateEnabled":true,"hasDocumentId":true,"hasUserId":true,"hasPdfId":false}
[AnnotationHydrationGate][normal] {"documentId":"97f95b32-77b3-4834-a8fc-68f21543eb16","pdfId":null,"ready":false,"source":"missing-prerequisite","normalReady":false,"cutoverTs":null,"count":null,"calloutCount":null,"firstPaintGate":true}
[AnnotationHydrationGate][first-page] {"documentId":"97f95b32-77b3-4834-a8fc-68f21543eb16","pdfId":null,"pageNumber":1,"ready":false,"visualCoverActive":true,"normal":{"documentId":"97f95b32-77b3-4834-a8fc-68f21543eb16","pdfId":null,"ready":false,"source":"pending","firstPaintGate":true},"survey":{"ready":true,"source":"local"}}
[AnnotationHydrationGate][visual-cover] {"documentId":"97f95b32-77b3-4834-a8fc-68f21543eb16","pdfId":null,"pageNumber":1,"active":true,"reason":"annotation-hydration-gated"}
[Cloud render cache] doc=SE-011 Security Shop Drawing Rev2 - 05.06.25.pdf-26263753 painting verified cloud snapshot immediately — count=556.
[CSeries wipe] doc=SE-011 Security Shop Drawing Rev2 - 05.06.25.pdf-26263753 totalCounters=55 legacyRemoved=0 — nothing to wipe.
[Phase31 UAT] backfill:effect {"hasYdoc":true,"docId":"97f95b32-77b3-4834-a8fc-68f21543eb16","userId":null,"alreadyRanFor":null,"willRun":false}
[CloudSync][hook] hydrate effect fired {"enabled":false,"hydrateEnabled":true,"documentId":"97f95b32-77b3-4834-a8fc-68f21543eb16","userId":"170d915c-5741-4e0b-b03f-deaeedae27bd","pdfId":"SE-011 Security Shop Drawing Rev2 - 05.06.25.pdf-26263753"}
[AnnotationHydrationGate][normal] {"documentId":"97f95b32-77b3-4834-a8fc-68f21543eb16","pdfId":"SE-011 Security Shop Drawing Rev2 - 05.06.25.pdf-26263753","ready":false,"source":"starting","normalReady":false,"cutoverTs":null,"count":null,"calloutCount":null,"firstPaintGate":true}
[CloudSync][hook] stage=hydrating
[AnnotationHydrationGate][first-page] {"documentId":"97f95b32-77b3-4834-a8fc-68f21543eb16","pdfId":"SE-011 Security Shop Drawing Rev2 - 05.06.25.pdf-26263753","pageNumber":1,"ready":false,"visualCoverActive":true,"normal":{"documentId":"97f95b32-77b3-4834-a8fc-68f21543eb16","pdfId":null,"ready":false,"source":"missing-prerequisite","normalReady":false,"cutoverTs":null,"count":null,"calloutCount":null,"firstPaintGate":true},"survey":{"ready":false,"source":"supabase-highlight-starting","documentId":"97f95b32-77b3-4834-a8fc-68f21543eb16","pdfId":"SE-011 Security Shop Drawing Rev2 - 05.06.25.pdf-26263753"}}
[AnnotationHydrationGate][visual-cover] {"documentId":"97f95b32-77b3-4834-a8fc-68f21543eb16","pdfId":"SE-011 Security Shop Drawing Rev2 - 05.06.25.pdf-26263753","pageNumber":1,"active":true,"reason":"annotation-hydration-gated"}
[AnnotationHydrationGate][first-page] {"documentId":"97f95b32-77b3-4834-a8fc-68f21543eb16","pdfId":"SE-011 Security Shop Drawing Rev2 - 05.06.25.pdf-26263753","pageNumber":1,"ready":false,"visualCoverActive":true,"normal":{"documentId":"97f95b32-77b3-4834-a8fc-68f21543eb16","pdfId":"SE-011 Security Shop Drawing Rev2 - 05.06.25.pdf-26263753","ready":false,"source":"starting","normalReady":false,"cutoverTs":null,"count":null,"calloutCount":null,"firstPaintGate":true},"survey":{"ready":false,"source":"supabase-highlight-starting","documentId":"97f95b32-77b3-4834-a8fc-68f21543eb16","pdfId":"SE-011 Security Shop Drawing Rev2 - 05.06.25.pdf-26263753"}}
[AnnotationHydrationGate][visual-cover] {"documentId":"97f95b32-77b3-4834-a8fc-68f21543eb16","pdfId":"SE-011 Security Shop Drawing Rev2 - 05.06.25.pdf-26263753","pageNumber":1,"active":true,"reason":"annotation-hydration-gated"}
[Phase31 UAT] backfill:effect {"hasYdoc":true,"docId":"97f95b32-77b3-4834-a8fc-68f21543eb16","userId":"170d915c-5741-4e0b-b03f-deaeedae27bd","alreadyRanFor":null,"willRun":true}
[Phase31 UAT] backfill:start {"hasYdoc":true,"hasSupabase":true,"documentId":"97f95b32-77b3-4834-a8fc-68f21543eb16","userId":"170d915c-5741-4e0b-b03f-deaeedae27bd","markCutoverComplete":true}
[CloudSync][hook] cutover-complete hydrate — reading from Y.Doc {"documentId":"97f95b32-77b3-4834-a8fc-68f21543eb16","cutoverTs":"2026-05-11T20:01:34.065+00:00"}
[Phase31 UAT] hydrate:cutover-sealed {"documentId":"97f95b32-77b3-4834-a8fc-68f21543eb16","pdfId":"SE-011 Security Shop Drawing Rev2 - 05.06.25.pdf-26263753","cutoverTs":"2026-05-11T20:01:34.065+00:00","yMapSize":556,"yMapCalloutsSize":3,"materializedTotal":556,"materializedCallouts":3,"materializedDrawnByMe":556,"materializedDrawnByOthers":0,"materializedImported":0,"pages":1,"perPage":{"1":556},"currentStateCount":556,"ydocLooksDegenerate":false}
[Phase31 UAT] hydrate:cutover-sealed:by-type {"documentId":"97f95b32-77b3-4834-a8fc-68f21543eb16","pdfFile":"SE-011 Security Shop Drawing Rev2 - 05.06.25.pdf-26263753","viewerUserId":"170d915c-5741-4e0b-b03f-deaeedae27bd","yMapTotal":556,"yMapCalloutsTotal":3,"yMapByType":{"circle":55,"path":6,"rect":494,"polygon":1},"yMapByAuthor":{"byMe":556,"byOthers":0,"anonymous":0},"yMapByTypeByAuthor":{"circle":{"byMe":55,"byOthers":0,"anonymous":0},"path":{"byMe":6,"byOthers":0,"anonymous":0},"rect":{"byMe":494,"byOthers":0,"anonymous":0},"polygon":{"byMe":1,"byOthers":0,"anonymous":0}},"yMapPerTypePerPage":{"circle":{"unknown":55},"path":{"unknown":6},"rect":{"unknown":494},"polygon":{"unknown":1}},"byPageTotal":556,"byPageByType":{"circle":55,"path":6,"rect":494,"polygon":1},"byPagePerPagePerType":{"1":{"circle":55,"path":6,"rect":494,"polygon":1}}}
[CloudSync][hydrate] loadAllNonHighlightAnnotations start {"documentId":"97f95b32-77b3-4834-a8fc-68f21543eb16"}
[PDFImport] skipped embedded PDF annotation import — cloud/Y.Doc is authoritative {"documentId":"97f95b32-77b3-4834-a8fc-68f21543eb16"}
[PrintPanel] RENDER — panel closed
[DebugBridge +1661945.2ms] zoom_start {"scale":1.1732,"targetScale":0.9,"source":"zoomChange"}
[Phase31 UAT] backfill:cutover-dedupe-anchor-skip {"documentId":"97f95b32-77b3-4834-a8fc-68f21543eb16","userId":"170d915c-5741-4e0b-b03f-deaeedae27bd","yMapSize":556,"lastGoodSize":558}
[crdtDedupePdfImports] removed 1 duplicate PDF-imported annotations across 5 unique signatures
[CloudSync][hook] dedupe-resync — restoring state {"documentId":"97f95b32-77b3-4834-a8fc-68f21543eb16","removed":1,"resyncCount":555}
console.warn @ [CloudSync][hook][state-obs] SHRINK {"prevCount":556,"currentCount":555,"delta":-1,"hydrated":false,"sameRefAsLastByPage":true,"stack":"    at commitHookEffectListMount (http://localhost:5173/node_modules/.vite/deps/chunk-DSUIPI7G.js?v=4844aadd:23793:34) |     at commitPassiveMountOnFiber (http://localhost:5173/node_modules/.vite/deps/chunk-DSUIPI7G.js?v=4844aadd:25034:19) |     at commitPassiveMountEffects_complete (http://localhost:5173/node_modules/.vite/deps/chunk-DSUIPI7G.js?v=4844aadd:25007:17) |     at commitPassiveMountEffects_begin (http://localhost:5173/node_modules/.vite/deps/chunk-DSUIPI7G.js?v=4844aadd:24997:15) |     at commitPassiveMountEffects (http://localhost:5173/node_modules/.vite/deps/chunk-DSUIPI7G.js?v=4844aadd:24987:11) |     at flushPassiveEffectsImpl (http://localhost:5173/node_modules/.vite/deps/chunk-DSUIPI7G.js?v=4844aadd:26368:11)"}
[CloudSync][hydrate] loadAllNonHighlightAnnotations ok {"elapsedMs":1177,"totalRowsScanned":1794,"scanned":{"nonHighlight":559,"legacyFabricHighlights":1235},"totalRows":1794,"rowsByType":{"counter":55,"square":494,"ink":6,"callout":3,"polygon":1,"highlight":1235},"pagesWithObjects":26,"calloutCount":3}
[CloudSync][verify] first read summary {"contextLabel":"cutover-source-of-truth","documentId":"97f95b32-77b3-4834-a8fc-68f21543eb16","elapsedMs":1179,"firstFabricPages":26,"firstFabricObjects":556,"firstCallouts":3,"firstEmpty":false,"localFabricCount":556,"localCalloutCount":3,"localHasData":true,"willVerify":false}
[CloudSync][source-of-truth] cutover initial hydrate selected Supabase durable snapshot {"documentId":"97f95b32-77b3-4834-a8fc-68f21543eb16","pdfId":"SE-011 Security Shop Drawing Rev2 - 05.06.25.pdf-26263753","cutoverTs":"2026-05-11T20:01:34.065+00:00","ydocFabricCount":556,"ydocCalloutCount":3,"supabaseFabricCount":556,"supabaseCalloutCount":3,"rule":"Supabase durable snapshot wins initial load; Y.Doc is reshaped for live collaboration"}
[Phase31 UAT] save:fan-out done {"documentId":"97f95b32-77b3-4834-a8fc-68f21543eb16","pdfId":"SE-011 Security Shop Drawing Rev2 - 05.06.25.pdf-26263753","userId":"170d915c-5741-4e0b-b03f-deaeedae27bd","dispatched":556,"detected":556,"skippedHighlightOrCallout":0,"skippedOtherType":0,"rawTypeBreakdown":{"counter":55,"pen":1,"path":5,"rect":494,"polygon":1},"resolvedTypeBreakdown":{"counter":55,"ink":6,"square":494,"polygon":1},"skipReasons":{},"skipSamples":[],"yMapSizeAfter":556}
[CloudSync][hook] callout Y.Doc fan-out done {"documentId":"97f95b32-77b3-4834-a8fc-68f21543eb16","pdfId":"SE-011 Security Shop Drawing Rev2 - 05.06.25.pdf-26263753","userId":"170d915c-5741-4e0b-b03f-deaeedae27bd","upserted":3,"deleted":0,"yMapCalloutsSizeAfter":3}
[AnnotationHydrationGate][normal] {"documentId":"97f95b32-77b3-4834-a8fc-68f21543eb16","pdfId":"SE-011 Security Shop Drawing Rev2 - 05.06.25.pdf-26263753","ready":true,"source":"supabase-durable-snapshot","normalReady":true,"cutoverTs":"2026-05-11T20:01:34.065+00:00","count":556,"calloutCount":3,"firstPaintGate":true}
[AnnotationHydrationGate][first-page] {"documentId":"97f95b32-77b3-4834-a8fc-68f21543eb16","pdfId":"SE-011 Security Shop Drawing Rev2 - 05.06.25.pdf-26263753","pageNumber":1,"ready":false,"visualCoverActive":true,"normal":{"documentId":"97f95b32-77b3-4834-a8fc-68f21543eb16","pdfId":"SE-011 Security Shop Drawing Rev2 - 05.06.25.pdf-26263753","ready":true,"source":"supabase-durable-snapshot","normalReady":true,"cutoverTs":"2026-05-11T20:01:34.065+00:00","count":556,"calloutCount":3,"firstPaintGate":true},"survey":{"ready":false,"source":"supabase-highlight-starting","documentId":"97f95b32-77b3-4834-a8fc-68f21543eb16","pdfId":"SE-011 Security Shop Drawing Rev2 - 05.06.25.pdf-26263753"}}
[AnnotationHydrationGate][visual-cover] {"documentId":"97f95b32-77b3-4834-a8fc-68f21543eb16","pdfId":"SE-011 Security Shop Drawing Rev2 - 05.06.25.pdf-26263753","pageNumber":1,"active":true,"reason":"annotation-hydration-gated"}
[HIGHLIGHT-SYNC][load.legacy][pdf=SE-011 Security Shop Drawing Rev2 - 05.06.25.pdf] {"documentId":"97f95b32-77b3-4834-a8fc-68f21543eb16","totalRows":1576,"fabricCarryingDropped":1235,"keptCount":341,"keptIds":["highlight-1776867816974-fx7v4ppmw","highlight-1776867821835-qquf9z5e8","polygon-1777170644432-5wvs89hb1","highlight-1777061477539-mmy879aei","highlight-1777061482852-6krcz3p7j","callout-l58ra8eqd-moendxzj","highlight-1778529819153-ft6dwm5sk","highlight-1778529770366-t5606bkyy","ink-1777170644432-z0hdzaq5y","square-1777170644432-khupb332c","square-1777170644432-1sj3ae4d7","square-1777170644432-7haxql9sl","square-1777170644432-31ermsbux","square-1777170644432-bvt9h5qva","square-1777170644432-7wfag62vn","square-1777170644432-w6yd283b0","square-1777170644432-vb6lwdwnv","square-1777170644432-s0tcp4grf","square-1777170644432-nowpwivwi","square-1777170644432-9yjmewx9l","square-1777170644432-d96rz5jyo","square-1777170644432-8ivovq4fa","square-1777170644432-mkbufe21u","square-1777170644432-ljbi0ndty","square-1777170644432-sb5bxgn9z","square-1777170644432-i318t9041","square-1777170644432-j5m7voke3","square-1777170644432-dn0xrr8zv","square-1777170644432-z40b9v7l3","square-1777170644432-ty1vlf72p","square-1777170644432-o232p4tx8","square-1777170644432-7cde21112","square-1777170644432-onp93lsek","square-1777170644432-mnfocibcc","square-1777170644432-8doljnzss","square-1777170644432-um7p7zozw","square-1777170644432-knyolydqy","square-1777170644432-fbi9km83d","square-1777170644432-mdlcvebet","square-1777170644432-rms4kazik","square-1777170644432-fqgygzfl1","square-1777170644432-i97czidrb","square-1777170644432-mn7pa1l1l","square-1777170644432-r3icyh6z8","square-1777170644432-3par86kyr","square-1777170644432-qe5cpjtzl","square-1777170644432-esz3ysm2f","square-1777170644432-y4zf59uyo","highlight-1777521733209-y564l9kli","square-1777170644432-cvjqq5gly","highlight-1777521709071-sfq2166a2","highlight-1777521739119-qaeb3gfxl","highlight-1777521697370-ffaje9mqf","square-1777170644432-6s736b9y2","square-1777170644432-y7y14xvmk","square-1777170644432-eijg0n3lk","square-1777170644432-e933y8riz","square-1777170644432-s9fj2804v","square-1777170644432-qa1rsne0t","square-1777170644432-z5xuln1hq","square-1777170644432-fna4ndlwi","square-1777170644432-5cw9n4hai","square-1777170644432-ux2f671j4","square-1777170644432-xdum710ug","square-1777170644432-0soc7uanb","square-1777170644432-nymdwk5dx","square-1777170644432-sje6v34ms","square-1777170644432-pvafybq8c","square-1777170644432-hc24ika26","square-1777170644432-vz1lgt6ct","square-1777170644432-6keqphmo0","square-1777170644432-lmvwmrnz6","square-1777170644432-h8suuaa51","square-1777170644432-h1njjb3vr","square-1777170644432-31mx7swmc","square-1777170644432-q007fyzh1","square-1777170644432-ozyeypoae","square-1777170644432-eb7qe8a2w","square-1777170644432-kveqxg1lq","square-1777170644432-z10bes97y","square-1777170644432-efhhzjsy9","square-1777170644432-kl4uadnp6","square-1777170644432-atct52k6g","square-1777170644432-peg63gm1h","square-1777170644432-x5irblr8i","square-1777170644432-m6ez0dd5u","square-1777170644432-fqg2f5zwf","square-1777170644432-8kvq2szjp","square-1777170644432-mu8ronefe","square-1777170644432-p67692gh5","square-1777170644432-6fnf7fi8o","square-1777170644432-h7xuxr99c","square-1777170644432-3r9bv9zzi","square-1777170644432-vnsk6ucfh","square-1777170644432-xhgaf50mc","square-1777170644432-7lpixocwq","square-1777170644432-fi32e44ai","square-1777170644432-fs678j84g","square-1777170644432-4qeq2x0je","square-1777170644432-u3quepigk","square-1777170644432-yhw1zxqhf","square-1777170644432-2dog5cp8y","square-1777170644432-1h0e9a3zv","square-1777170644432-stoxbabri","square-1777170644432-a1qw2rpjp","square-1777170644432-wkxfpunqz","square-1777170644432-j9l7efrn2","square-1777170644432-erfkuqtyd","square-1777170644432-nlq0n7835","square-1777170644432-ysrn2kmhs","square-1777170644432-0l23k2t72","square-1777170644432-mda35fgil","square-1777170644432-aszfpehvt","square-1777170644432-0zi6ppu8a","squ... [truncated 24 chars]
[AnnotationHydrationGate][survey] supabase highlights complete {"documentId":"97f95b32-77b3-4834-a8fc-68f21543eb16","pdfId":"SE-011 Security Shop Drawing Rev2 - 05.06.25.pdf-26263753","count":341}
[AnnotationHydrationGate][first-page] {"documentId":"97f95b32-77b3-4834-a8fc-68f21543eb16","pdfId":"SE-011 Security Shop Drawing Rev2 - 05.06.25.pdf-26263753","pageNumber":1,"ready":true,"visualCoverActive":false,"normal":{"documentId":"97f95b32-77b3-4834-a8fc-68f21543eb16","pdfId":"SE-011 Security Shop Drawing Rev2 - 05.06.25.pdf-26263753","ready":true,"source":"supabase-durable-snapshot","normalReady":true,"cutoverTs":"2026-05-11T20:01:34.065+00:00","count":556,"calloutCount":3,"firstPaintGate":true},"survey":{"ready":true,"source":"supabase-highlight","documentId":"97f95b32-77b3-4834-a8fc-68f21543eb16","pdfId":"SE-011 Security Shop Drawing Rev2 - 05.06.25.pdf-26263753","count":341}}
[AnnotationHydrationGate][visual-cover] {"documentId":"97f95b32-77b3-4834-a8fc-68f21543eb16","pdfId":"SE-011 Security Shop Drawing Rev2 - 05.06.25.pdf-26263753","pageNumber":1,"active":false,"reason":"hydration-ready"}
[SVGAnnotationLayer] setRotInputVisible(false) reason=selectedIds.size !== 1
[DebugBridge +1663279.3ms] pdf_loaded {"pageCount":99,"currentPage":1}
[CloudSync][realtime] subscribing {"documentId":"97f95b32-77b3-4834-a8fc-68f21543eb16","currentUserId":"170d915c-5741-4e0b-b03f-deaeedae27bd","currentSessionId":"b4b584b1-56f3-4fd8-b4fd-d5be758e125d","hasFabricInsert":true,"hasFabricUpdate":true,"hasFabricDelete":true,"hasCalloutInsert":true,"hasCalloutUpdate":true,"hasCalloutDelete":true}
[HyperlinkDiag] post-load scan {"hyperlinkCount":0,"samples":[]}
[HyperlinkDiag] page 1 layers {"hyperlinkChildren":0,"layerClasses":["DIV","e-spinner-pane e-spin-hide","e-pv-page-canvas","e-pv-annotation-canvas","DIV","IMG","IMG","IMG","IMG","e-pv-text-layer"]}
[HyperlinkDiag] page 2 layers {"hyperlinkChildren":0,"layerClasses":["DIV","e-spinner-pane e-spin-hide","e-pv-page-canvas","e-pv-annotation-canvas","DIV","IMG","IMG","IMG","IMG","e-pv-text-layer"]}
[HyperlinkDiag] page 3 layers {"hyperlinkChildren":0,"layerClasses":["DIV","e-spinner-pane e-spin-hide","e-pv-page-canvas","e-pv-annotation-canvas","DIV","IMG","IMG","IMG","IMG","e-pv-text-layer"]}
[HyperlinkDiag] page 4 layers {"hyperlinkChildren":0,"layerClasses":["DIV","e-spinner-pane e-spin-hide","e-pv-page-canvas","e-pv-annotation-canvas","DIV","IMG","IMG","IMG","IMG"]}
[HyperlinkDiag] page 5 layers {"hyperlinkChildren":0,"layerClasses":["DIV","e-spinner-pane e-spin-hide","e-pv-page-canvas","e-pv-annotation-canvas","DIV","IMG","e-pv-text-layer"]}
[HyperlinkDiag] page 6 layers {"hyperlinkChildren":0,"layerClasses":["DIV","e-spinner-pane e-spin-show","e-pv-page-canvas","e-pv-annotation-canvas","DIV"]}
[HyperlinkDiag] page 7 layers {"hyperlinkChildren":0,"layerClasses":["DIV","e-spinner-pane e-spin-show","e-pv-page-canvas","e-pv-annotation-canvas","DIV"]}
[HyperlinkDiag] page 8 layers {"hyperlinkChildren":0,"layerClasses":["DIV","e-spinner-pane e-spin-show","e-pv-page-canvas","e-pv-annotation-canvas","DIV"]}
[HyperlinkDiag] page 9 layers {"hyperlinkChildren":0,"layerClasses":["DIV","e-spinner-pane e-spin-show","e-pv-page-canvas","e-pv-annotation-canvas","DIV"]}
[HyperlinkDiag] page 10 layers {"hyperlinkChildren":0,"layerClasses":["DIV","e-spinner-pane e-spin-show","e-pv-page-canvas","e-pv-annotation-canvas","DIV"]}
[CloudSync][realtime] subscribe status {"status":"SUBSCRIBED","error":null}
[Phase31 UAT] post-subscribe catch-up skipped — doc is cutover-sealed, Y.Doc + realtime is source of truth {"documentId":"97f95b32-77b3-4834-a8fc-68f21543eb16","pdfId":"SE-011 Security Shop Drawing Rev2 - 05.06.25.pdf-26263753","cutoverTs":"2026-05-11T20:01:34.065+00:00","ydocAuthoritative":true}
[DebugBridge +1664765.3ms] zoom_end {"source":"zoomChange_settle"}
[Diag] tool-switch DETECTED → select (scheduling t+1000ms capture)
[Diag select] screenshot saved (426 KB) → /Users/isaiahcalvo/Desktop/Survey-BetaSafeS2/TestLogs/testlog-screenshot-select.png
[Diag select] CAPTURED @ t+1002ms — annotations=52 callouts=3 svgWrappers=1 svgVis=[visible] svgElems=46 svgVisElems=46 eraserCanvases=0 svgMarkupBytes=53412
[SVGAnnotationLayer] setRotInputVisible(false) reason=selectedIds.size !== 1
[DrawCanvas p1] MOUNT — tool=highlight, isShape=true, isDrawingMode=false
[DrawCanvas p1] shape effect — tool=highlight, isShape=true, isDrawingMode=false
[DrawCanvas p1] shape effect — tool=highlight, isShape=true, isDrawingMode=false
[Diag] tool-switch DETECTED → select (scheduling t+1000ms capture)
[SVGAnnotationLayer] setRotInputVisible(false) reason=selectedIds.size !== 1
[Diag select] screenshot saved (413 KB) → /Users/isaiahcalvo/Desktop/Survey-BetaSafeS2/TestLogs/testlog-screenshot-select.png
[Diag select] CAPTURED @ t+1000ms — annotations=52 callouts=3 svgWrappers=1 svgVis=[visible] svgElems=46 svgVisElems=46 eraserCanvases=0 svgMarkupBytes=49823

===== Undo/Redo Chronology =====
events=1
lanes=local annotation history | callout history | legacy history | Yjs/CRDT history
{"seq":1,"order":null,"at":"2026-05-11T20:31:42.706Z","event":"history_reset_for_pdf_change","actionType":"pdf:change","rawActionType":"pdf:change","annotationType":null,"annotationId":null,"pageNumber":null,"lane":null,"receivedStack":null,"chosenStack":null,"chosenLane":null,"decisionReason":null,"undoDepth":0,"redoDepth":0}
===== End Undo/Redo Chronology =====
