===== SurveyApp Save Log =====
version:   0.1.46
runtime:   dev-server
platform:  desktop
device:    Mac
os:        macOS 10.15.7
screen:    1512x982 @2x
viewport:  1203x822
locale:    en-US
timestamp: 2026-05-27T20:40:52.260Z (5/27/2026, 4:40:52 PM)
==============================
[dev-auto-login] boot {"hasDevEmail":true,"devEmailHint":"isai***","hasDevPassword":true,"hasCachedSession":true,"cachedSessionEmail":"isaiahcalvo123@gmail.com","cachedSessionExpiresAt":1779916928}
[dev-auto-login] cached session matches dev email, keeping it
[dev-auto-login] decision {"needsAutoLogin":false,"willAttemptSignIn":false}
[CloudSync][hook] session id minted {"sessionId":"5b00b23a-97f8-4a48-87b5-52b373c0a573"}
[AnnotationHydrationGate][survey] supabase surveyMarkers start {"documentId":"00e1cde9-449b-4771-9743-37bd604557a9","pdfId":"SE-011 Security Shop Drawing Rev2 - 05.06.25.pdf-26261080","requestId":1,"preservedCount":0}
[CloudSync][hook][state-obs] annotationsByPage initial {"currentCount":0,"pages":0,"hydrated":false}
[CloudSync][hook][state-obs] callouts initial {"currentCount":0,"hydrated":false}
[CloudSync][hook] hydrate effect fired {"enabled":false,"hydrateEnabled":true,"documentId":"00e1cde9-449b-4771-9743-37bd604557a9","userId":"170d915c-5741-4e0b-b03f-deaeedae27bd","pdfId":null}
[CloudSync][hook] hydrate skipped — missing prerequisite {"hydrateEnabled":true,"hasDocumentId":true,"hasUserId":true,"hasPdfId":false}
[AnnotationHydrationGate][normal] {"documentId":"00e1cde9-449b-4771-9743-37bd604557a9","pdfId":null,"ready":false,"source":"missing-prerequisite","normalReady":false,"cutoverTs":null,"count":null,"calloutCount":null,"firstPaintGate":true}
[AnnotationHydrationGate][first-page] {"documentId":"00e1cde9-449b-4771-9743-37bd604557a9","pdfId":null,"pageNumber":1,"ready":false,"visualCoverActive":true,"normal":{"documentId":"00e1cde9-449b-4771-9743-37bd604557a9","pdfId":null,"ready":false,"source":"pending","firstPaintGate":true},"survey":{"ready":true,"source":"local"}}
[AnnotationHydrationGate][visual-cover] {"documentId":"00e1cde9-449b-4771-9743-37bd604557a9","pdfId":null,"pageNumber":1,"active":true,"reason":"annotation-hydration-gated"}
[Cloud render cache] doc=SE-011 Security Shop Drawing Rev2 - 05.06.25.pdf-26261080 painting verified cloud snapshot immediately — count=532.
[CSeries wipe] doc=SE-011 Security Shop Drawing Rev2 - 05.06.25.pdf-26261080 totalCounters=11 legacyRemoved=0 — nothing to wipe.
[Phase31 UAT] backfill:effect {"hasYdoc":true,"docId":"00e1cde9-449b-4771-9743-37bd604557a9","userId":null,"alreadyRanFor":null,"willRun":false}
[CloudSync][hook] hydrate effect fired {"enabled":false,"hydrateEnabled":true,"documentId":"00e1cde9-449b-4771-9743-37bd604557a9","userId":"170d915c-5741-4e0b-b03f-deaeedae27bd","pdfId":"SE-011 Security Shop Drawing Rev2 - 05.06.25.pdf-26261080"}
[AnnotationHydrationGate][normal] {"documentId":"00e1cde9-449b-4771-9743-37bd604557a9","pdfId":"SE-011 Security Shop Drawing Rev2 - 05.06.25.pdf-26261080","ready":false,"source":"starting","normalReady":false,"cutoverTs":null,"count":null,"calloutCount":null,"firstPaintGate":true}
[CloudSync][hook] stage=hydrating
[AnnotationHydrationGate][first-page] {"documentId":"00e1cde9-449b-4771-9743-37bd604557a9","pdfId":"SE-011 Security Shop Drawing Rev2 - 05.06.25.pdf-26261080","pageNumber":1,"ready":false,"visualCoverActive":true,"normal":{"documentId":"00e1cde9-449b-4771-9743-37bd604557a9","pdfId":null,"ready":false,"source":"missing-prerequisite","normalReady":false,"cutoverTs":null,"count":null,"calloutCount":null,"firstPaintGate":true},"survey":{"ready":false,"source":"supabase-highlight-starting","documentId":"00e1cde9-449b-4771-9743-37bd604557a9","pdfId":"SE-011 Security Shop Drawing Rev2 - 05.06.25.pdf-26261080"}}
[AnnotationHydrationGate][visual-cover] {"documentId":"00e1cde9-449b-4771-9743-37bd604557a9","pdfId":"SE-011 Security Shop Drawing Rev2 - 05.06.25.pdf-26261080","pageNumber":1,"active":true,"reason":"annotation-hydration-gated"}
[AnnotationHydrationGate][first-page] {"documentId":"00e1cde9-449b-4771-9743-37bd604557a9","pdfId":"SE-011 Security Shop Drawing Rev2 - 05.06.25.pdf-26261080","pageNumber":1,"ready":false,"visualCoverActive":true,"normal":{"documentId":"00e1cde9-449b-4771-9743-37bd604557a9","pdfId":"SE-011 Security Shop Drawing Rev2 - 05.06.25.pdf-26261080","ready":false,"source":"starting","normalReady":false,"cutoverTs":null,"count":null,"calloutCount":null,"firstPaintGate":true},"survey":{"ready":false,"source":"supabase-highlight-starting","documentId":"00e1cde9-449b-4771-9743-37bd604557a9","pdfId":"SE-011 Security Shop Drawing Rev2 - 05.06.25.pdf-26261080"}}
[AnnotationHydrationGate][visual-cover] {"documentId":"00e1cde9-449b-4771-9743-37bd604557a9","pdfId":"SE-011 Security Shop Drawing Rev2 - 05.06.25.pdf-26261080","pageNumber":1,"active":true,"reason":"annotation-hydration-gated"}
[Phase31 UAT] backfill:effect {"hasYdoc":true,"docId":"00e1cde9-449b-4771-9743-37bd604557a9","userId":"170d915c-5741-4e0b-b03f-deaeedae27bd","alreadyRanFor":null,"willRun":true}
[Phase31 UAT] backfill:start {"hasYdoc":true,"hasSupabase":true,"documentId":"00e1cde9-449b-4771-9743-37bd604557a9","userId":"170d915c-5741-4e0b-b03f-deaeedae27bd","markCutoverComplete":true}
[CloudSync][hook] cutover-complete hydrate — reading from Y.Doc {"documentId":"00e1cde9-449b-4771-9743-37bd604557a9","cutoverTs":"2026-05-18T02:05:48.746+00:00"}
[Phase31 UAT] hydrate:cutover-sealed {"documentId":"00e1cde9-449b-4771-9743-37bd604557a9","pdfId":"SE-011 Security Shop Drawing Rev2 - 05.06.25.pdf-26261080","cutoverTs":"2026-05-18T02:05:48.746+00:00","yMapSize":532,"yMapCalloutsSize":0,"materializedTotal":532,"materializedCallouts":0,"materializedDrawnByMe":532,"materializedDrawnByOthers":0,"materializedImported":0,"pages":1,"perPage":{"1":532},"currentStateCount":532,"ydocLooksDegenerate":false}
[Phase31 UAT] hydrate:cutover-sealed:by-type {"documentId":"00e1cde9-449b-4771-9743-37bd604557a9","pdfFile":"SE-011 Security Shop Drawing Rev2 - 05.06.25.pdf-26261080","viewerUserId":"170d915c-5741-4e0b-b03f-deaeedae27bd","yMapTotal":532,"yMapCalloutsTotal":0,"yMapByType":{"path":10,"polygon":1,"rect":493,"ellipse":4,"textbox":9,"circle":11,"line":4},"yMapByAuthor":{"byMe":532,"byOthers":0,"anonymous":0},"yMapByTypeByAuthor":{"path":{"byMe":10,"byOthers":0,"anonymous":0},"polygon":{"byMe":1,"byOthers":0,"anonymous":0},"rect":{"byMe":493,"byOthers":0,"anonymous":0},"ellipse":{"byMe":4,"byOthers":0,"anonymous":0},"textbox":{"byMe":9,"byOthers":0,"anonymous":0},"circle":{"byMe":11,"byOthers":0,"anonymous":0},"line":{"byMe":4,"byOthers":0,"anonymous":0}},"yMapPerTypePerPage":{"path":{"unknown":10},"polygon":{"unknown":1},"rect":{"unknown":493},"ellipse":{"unknown":4},"textbox":{"unknown":9},"circle":{"unknown":11},"line":{"unknown":4}},"byPageTotal":532,"byPageByType":{"path":10,"polygon":1,"rect":493,"ellipse":4,"textbox":9,"circle":11,"line":4},"byPagePerPagePerType":{"1":{"path":10,"polygon":1,"rect":493,"ellipse":4,"textbox":9,"circle":11,"line":4}}}
[CloudSync][hydrate] loadAllNonSurveyMarkerAnnotations start {"documentId":"00e1cde9-449b-4771-9743-37bd604557a9"}
[PDFImport] skipped embedded PDF annotation import — cloud/Y.Doc is authoritative {"documentId":"00e1cde9-449b-4771-9743-37bd604557a9"}
[SURVEY-MARKER-SYNC][load.legacy][pdf=SE-011 Security Shop Drawing Rev2 - 05.06.25.pdf] {"documentId":"00e1cde9-449b-4771-9743-37bd604557a9","totalRows":2,"fabricCarryingDropped":0,"keptCount":2,"keptIds":["surveyMarker-1779904559372-qki2mfl7w","surveyMarker-1779904563488-f0nchrezn"]}
[AnnotationHydrationGate][survey] supabase surveyMarkers complete {"documentId":"00e1cde9-449b-4771-9743-37bd604557a9","pdfId":"SE-011 Security Shop Drawing Rev2 - 05.06.25.pdf-26261080","requestId":1,"count":2,"wasCancelledSameDocument":false,"durationMs":1761}
[AnnotationHydrationGate][first-page] {"documentId":"00e1cde9-449b-4771-9743-37bd604557a9","pdfId":"SE-011 Security Shop Drawing Rev2 - 05.06.25.pdf-26261080","pageNumber":1,"ready":false,"visualCoverActive":true,"normal":{"documentId":"00e1cde9-449b-4771-9743-37bd604557a9","pdfId":"SE-011 Security Shop Drawing Rev2 - 05.06.25.pdf-26261080","ready":false,"source":"starting","normalReady":false,"cutoverTs":null,"count":null,"calloutCount":null,"firstPaintGate":true},"survey":{"ready":true,"source":"supabase-highlight","documentId":"00e1cde9-449b-4771-9743-37bd604557a9","pdfId":"SE-011 Security Shop Drawing Rev2 - 05.06.25.pdf-26261080","count":2,"durationMs":1761}}
[AnnotationHydrationGate][visual-cover] {"documentId":"00e1cde9-449b-4771-9743-37bd604557a9","pdfId":"SE-011 Security Shop Drawing Rev2 - 05.06.25.pdf-26261080","pageNumber":1,"active":true,"reason":"annotation-hydration-gated"}
[PDFCounterImport] summary {"marker":"survey-counter","metadataKey":"SurveyApp","counterAnnotationsImported":0,"plainCirclesImported":0,"counterMetadataParseFailures":0,"appCalloutMarker":"survey-callout","appCalloutMetadataKey":"SurveyAppCallout","appCalloutAnnotationsImported":0,"appCalloutPiecesSkipped":0}
[PDFAppLayerStateImport] summary {"found":false,"documentId":null,"exportId":null,"scopedAnnotationPages":0,"scopedCallouts":0,"surveyMarkers":0,"spaces":0}
[PDFImport] native layer policy {"documentId":"00e1cde9-449b-4771-9743-37bd604557a9","cloudAuthoritative":true,"reason":"cloud/Y.Doc annotations are authoritative; native PDF annotation layer is hidden when all renderable native annotations are accounted for by importer diagnostics.","pages":{"1":{"hideNativeLayer":true,"nativeRenderableAnnotationCount":2,"nativeOnlyAnnotationCount":0,"reason":"all-renderable-native-annotations-imported-as-editable-app-annotations"},"2":{"hideNativeLayer":false,"nativeRenderableAnnotationCount":0,"nativeOnlyAnnotationCount":0,"reason":"no-renderable-native-annotations"},"3":{"hideNativeLayer":false,"nativeRenderableAnnotationCount":0,"nativeOnlyAnnotationCount":0,"reason":"no-renderable-native-annotations"},"4":{"hideNativeLayer":false,"nativeRenderableAnnotationCount":0,"nativeOnlyAnnotationCount":0,"reason":"no-renderable-native-annotations"},"5":{"hideNativeLayer":false,"nativeRenderableAnnotationCount":0,"nativeOnlyAnnotationCount":0,"reason":"no-renderable-native-annotations"},"6":{"hideNativeLayer":false,"nativeRenderableAnnotationCount":0,"nativeOnlyAnnotationCount":0,"reason":"no-renderable-native-annotations"},"7":{"hideNativeLayer":false,"nativeRenderableAnnotationCount":0,"nativeOnlyAnnotationCount":0,"reason":"no-renderable-native-annotations"},"8":{"hideNativeLayer":false,"nativeRenderableAnnotationCount":0,"nativeOnlyAnnotationCount":0,"reason":"no-renderable-native-annotations"},"9":{"hideNativeLayer":false,"nativeRenderableAnnotationCount":0,"nativeOnlyAnnotationCount":0,"reason":"no-renderable-native-annotations"},"10":{"hideNativeLayer":false,"nativeRenderableAnnotationCount":0,"nativeOnlyAnnotationCount":0,"reason":"no-renderable-native-annotations"},"11":{"hideNativeLayer":false,"nativeRenderableAnnotationCount":0,"nativeOnlyAnnotationCount":0,"reason":"no-renderable-native-annotations"},"12":{"hideNativeLayer":false,"nativeRenderableAnnotationCount":0,"nativeOnlyAnnotationCount":0,"reason":"no-renderable-native-annotations"},"13":{"hideNativeLayer":false,"nativeRenderableAnnotationCount":0,"nativeOnlyAnnotationCount":0,"reason":"no-renderable-native-annotations"},"14":{"hideNativeLayer":false,"nativeRenderableAnnotationCount":0,"nativeOnlyAnnotationCount":0,"reason":"no-renderable-native-annotations"},"15":{"hideNativeLayer":false,"nativeRenderableAnnotationCount":0,"nativeOnlyAnnotationCount":0,"reason":"no-renderable-native-annotations"},"16":{"hideNativeLayer":false,"nativeRenderableAnnotationCount":0,"nativeOnlyAnnotationCount":0,"reason":"no-renderable-native-annotations"},"17":{"hideNativeLayer":false,"nativeRenderableAnnotationCount":0,"nativeOnlyAnnotationCount":0,"reason":"no-renderable-native-annotations"},"18":{"hideNativeLayer":false,"nativeRenderableAnnotationCount":0,"nativeOnlyAnnotationCount":0,"reason":"no-renderable-native-annotations"},"19":{"hideNativeLayer":false,"nativeRenderableAnnotationCount":0,"nativeOnlyAnnotationCount":0,"reason":"no-renderable-native-annotations"},"20":{"hideNativeLayer":false,"nativeRenderableAnnotationCount":0,"nativeOnlyAnnotationCount":0,"reason":"no-renderable-native-annotations"},"21":{"hideNativeLayer":false,"nativeRenderableAnnotationCount":0,"nativeOnlyAnnotationCount":0,"reason":"no-renderable-native-annotations"},"22":{"hideNativeLayer":false,"nativeRenderableAnnotationCount":0,"nativeOnlyAnnotationCount":0,"reason":"no-renderable-native-annotations"},"23":{"hideNativeLayer":false,"nativeRenderableAnnotationCount":0,"nativeOnlyAnnotationCount":0,"reason":"no-renderable-native-annotations"},"24":{"hideNativeLayer":false,"nativeRenderableAnnotationCount":0,"nativeOnlyAnnotationCount":0,"reason":"no-renderable-native-annotations"},"25":{"hideNativeLayer":false,"nativeRenderableAnnotationCount":0,"nativeOnlyAnnotationCount":0,"reason":"no-renderable-native-annotations"},"26":{"hideNativeLayer":false,"nativeRenderableAnnotationCount":0,"nativeOnlyAnnotationCount":0,"reason":"no-renderable-native-annotations"},"27":{"hideN... [truncated 24 chars]
[PrintPanel] RENDER — panel closed
[Phase31 UAT] backfill:cutover-dedupe-anchor-skip {"documentId":"00e1cde9-449b-4771-9743-37bd604557a9","userId":"170d915c-5741-4e0b-b03f-deaeedae27bd","yMapSize":532,"lastGoodSize":529}
[crdtDedupePdfImports] removed 1 duplicate PDF-imported annotations across 10 unique signatures
console.warn @ [CloudSync][hook] dedupe-resync skipped unsafe shrink {"documentId":"00e1cde9-449b-4771-9743-37bd604557a9","removed":1,"currentCount":532,"resyncCount":531,"reason":"startup-shrink","shrink":1,"startupSyncInFlight":true,"hydrated":false}
[CloudSync][hook] fabric push skipped — not hydrated yet
[CloudSync][hook] callout push skipped — not hydrated yet
[CloudSync][realtime] subscribing {"documentId":"00e1cde9-449b-4771-9743-37bd604557a9","currentUserId":"170d915c-5741-4e0b-b03f-deaeedae27bd","currentSessionId":"5b00b23a-97f8-4a48-87b5-52b373c0a573","hasFabricInsert":true,"hasFabricUpdate":true,"hasFabricDelete":true,"hasCalloutInsert":true,"hasCalloutUpdate":true,"hasCalloutDelete":true}
[CloudSync][realtime] subscribe status {"status":"SUBSCRIBED","error":null}
[Phase31 UAT] post-subscribe catch-up skipped — doc is cutover-sealed, Y.Doc + realtime is source of truth {"documentId":"00e1cde9-449b-4771-9743-37bd604557a9","pdfId":"SE-011 Security Shop Drawing Rev2 - 05.06.25.pdf-26261080","cutoverTs":"2026-05-18T02:05:48.746+00:00","ydocAuthoritative":true}
[CloudSync][hydrate] loadAllNonSurveyMarkerAnnotations ok {"elapsedMs":960,"totalRowsScanned":532,"scanned":{"nonSurveyMarker":532,"legacyFabricSurveyMarkers":0},"totalRows":532,"rowsByType":{"circle":4,"freetext":9,"counter":11,"line":4,"ink":10,"polygon":1,"square":493},"pagesWithObjects":26,"calloutCount":0}
[CloudSync][verify] first read summary {"contextLabel":"cutover-source-of-truth","documentId":"00e1cde9-449b-4771-9743-37bd604557a9","elapsedMs":961,"firstFabricPages":26,"firstFabricObjects":532,"firstCallouts":0,"firstEmpty":false,"localFabricCount":532,"localCalloutCount":0,"localHasData":true,"willVerify":false}
[CloudSync][source-of-truth] cutover initial hydrate selected Supabase durable snapshot {"documentId":"00e1cde9-449b-4771-9743-37bd604557a9","pdfId":"SE-011 Security Shop Drawing Rev2 - 05.06.25.pdf-26261080","cutoverTs":"2026-05-18T02:05:48.746+00:00","ydocFabricCount":532,"ydocCalloutCount":0,"supabaseFabricCount":532,"supabaseCalloutCount":0,"rule":"Supabase durable snapshot wins initial load; Y.Doc is reshaped for live collaboration"}
[Phase31 UAT] save:fan-out done {"documentId":"00e1cde9-449b-4771-9743-37bd604557a9","pdfId":"SE-011 Security Shop Drawing Rev2 - 05.06.25.pdf-26261080","userId":"170d915c-5741-4e0b-b03f-deaeedae27bd","actionType":null,"dispatched":532,"yDocUpdateCount":532,"detected":532,"skippedSurveyMarkerOrCallout":0,"skippedOtherType":0,"rawTypeBreakdown":{"ellipse":4,"textbox":9,"counter":11,"line":1,"arrow":3,"pen":8,"highlighter":1,"polygon":1,"path":1,"rect":493},"resolvedTypeBreakdown":{"circle":4,"freetext":9,"counter":11,"line":4,"ink":10,"polygon":1,"square":493},"skipReasons":{},"skipSamples":[],"yMapSizeAfter":532}
[CloudSync][hook] callout Y.Doc fan-out done {"documentId":"00e1cde9-449b-4771-9743-37bd604557a9","pdfId":"SE-011 Security Shop Drawing Rev2 - 05.06.25.pdf-26261080","userId":"170d915c-5741-4e0b-b03f-deaeedae27bd","actionType":"callout:delta","upserted":0,"deleted":0,"yDocUpdateCount":0,"yMapCalloutsSizeAfter":0}
[AnnotationHydrationGate][normal] {"documentId":"00e1cde9-449b-4771-9743-37bd604557a9","pdfId":"SE-011 Security Shop Drawing Rev2 - 05.06.25.pdf-26261080","ready":true,"source":"supabase-durable-snapshot","normalReady":true,"cutoverTs":"2026-05-18T02:05:48.746+00:00","count":532,"calloutCount":0,"firstPaintGate":true}
[AnnotationHydrationGate][first-page] {"documentId":"00e1cde9-449b-4771-9743-37bd604557a9","pdfId":"SE-011 Security Shop Drawing Rev2 - 05.06.25.pdf-26261080","pageNumber":1,"ready":true,"visualCoverActive":false,"normal":{"documentId":"00e1cde9-449b-4771-9743-37bd604557a9","pdfId":"SE-011 Security Shop Drawing Rev2 - 05.06.25.pdf-26261080","ready":true,"source":"supabase-durable-snapshot","normalReady":true,"cutoverTs":"2026-05-18T02:05:48.746+00:00","count":532,"calloutCount":0,"firstPaintGate":true},"survey":{"ready":true,"source":"supabase-highlight","documentId":"00e1cde9-449b-4771-9743-37bd604557a9","pdfId":"SE-011 Security Shop Drawing Rev2 - 05.06.25.pdf-26261080","count":2,"durationMs":1761}}
[AnnotationHydrationGate][visual-cover] {"documentId":"00e1cde9-449b-4771-9743-37bd604557a9","pdfId":"SE-011 Security Shop Drawing Rev2 - 05.06.25.pdf-26261080","pageNumber":1,"active":false,"reason":"hydration-ready"}
[SVGAnnotationLayer] setRotInputVisible(false) reason=no single rotation target selected
[SVGAnnotationLayer] setRotInputVisible(false) reason=no single rotation target selected
[DebugBridge +13358.6ms] pdf_loaded {"pageCount":99,"currentPage":1}
[SVGAnnotationLayer] setRotInputVisible(false) reason=no single rotation target selected
[SVGAnnotationLayer] setRotInputVisible(false) reason=no single rotation target selected
[DebugBridge +13499.3ms] zoom_start {"scale":0.8799,"targetScale":0.9,"source":"zoomChange"}
[HyperlinkDiag] post-load scan {"hyperlinkCount":0,"samples":[]}
[HyperlinkDiag] page 1 layers {"hyperlinkChildren":0,"layerClasses":["DIV","e-spinner-pane e-spin-hide","e-pv-page-canvas","e-pv-annotation-canvas","DIV","IMG","IMG","IMG","IMG","e-pv-text-layer"]}
[HyperlinkDiag] page 2 layers {"hyperlinkChildren":0,"layerClasses":["DIV","e-spinner-pane e-spin-hide","e-pv-page-canvas","e-pv-annotation-canvas","DIV","IMG","e-pv-text-layer","IMG","IMG","IMG"]}
[HyperlinkDiag] page 3 layers {"hyperlinkChildren":0,"layerClasses":["DIV","e-spinner-pane e-spin-hide","e-pv-page-canvas","e-pv-annotation-canvas","DIV","e-pv-text-layer","IMG","IMG","IMG","IMG"]}
[HyperlinkDiag] page 4 layers {"hyperlinkChildren":0,"layerClasses":["DIV","e-spinner-pane e-spin-hide","e-pv-page-canvas","e-pv-annotation-canvas","DIV","IMG","e-pv-text-layer"]}
[HyperlinkDiag] page 5 layers {"hyperlinkChildren":0,"layerClasses":["DIV","e-spinner-pane e-spin-show","e-pv-page-canvas","e-pv-annotation-canvas","DIV"]}
[HyperlinkDiag] page 6 layers {"hyperlinkChildren":0,"layerClasses":["DIV","e-spinner-pane e-spin-show","e-pv-page-canvas","e-pv-annotation-canvas","DIV"]}
[HyperlinkDiag] page 7 layers {"hyperlinkChildren":0,"layerClasses":["DIV","e-spinner-pane e-spin-show","e-pv-page-canvas","e-pv-annotation-canvas","DIV"]}
[HyperlinkDiag] page 8 layers {"hyperlinkChildren":0,"layerClasses":["DIV","e-spinner-pane e-spin-show","e-pv-page-canvas","e-pv-annotation-canvas","DIV"]}
[HyperlinkDiag] page 9 layers {"hyperlinkChildren":0,"layerClasses":["DIV","e-spinner-pane e-spin-show","e-pv-page-canvas","e-pv-annotation-canvas","DIV"]}
[HyperlinkDiag] page 10 layers {"hyperlinkChildren":0,"layerClasses":["DIV","e-spinner-pane e-spin-show","e-pv-page-canvas","e-pv-annotation-canvas","DIV"]}
[DebugBridge +15094.8ms] zoom_end {"source":"zoomChange_settle"}
[Phase31 UAT] focus rehydrate skipped — doc is cutover-sealed, Y.Doc + realtime is source of truth {"documentId":"00e1cde9-449b-4771-9743-37bd604557a9","pdfId":"SE-011 Security Shop Drawing Rev2 - 05.06.25.pdf-26261080","cutoverTs":"2026-05-18T02:05:48.746+00:00","ydocAuthoritative":true}
[Cloud render cache] doc=SE-011 Security Shop Drawing Rev2 - 05.06.25.pdf-26261080 painting verified cloud snapshot immediately — count=532.
[CSeries wipe] doc=SE-011 Security Shop Drawing Rev2 - 05.06.25.pdf-26261080 skip — wipe already ran this session.
[CloudSync][hook] fabric state changed — debounce push scheduled {"pageCount":26,"objectCount":532,"priorObjectCount":532,"isWipePush":false,"deferredUntilPointerUp":false,"debounceMs":800}
[CloudSync][status] transition {"from":"idle","to":"pending","kind":"fabric","phase":null,"count":null,"queued":false,"error":null}
[AnnotationHydrationGate][first-page] {"documentId":"00e1cde9-449b-4771-9743-37bd604557a9","pdfId":"SE-011 Security Shop Drawing Rev2 - 05.06.25.pdf-26261080","pageNumber":1,"ready":true,"visualCoverActive":false,"normal":{"documentId":"00e1cde9-449b-4771-9743-37bd604557a9","pdfId":"SE-011 Security Shop Drawing Rev2 - 05.06.25.pdf-26261080","ready":true,"source":"supabase-durable-snapshot","normalReady":true,"cutoverTs":"2026-05-18T02:05:48.746+00:00","count":532,"calloutCount":0,"firstPaintGate":true},"survey":{"ready":false,"source":"supabase-highlight-starting","documentId":"00e1cde9-449b-4771-9743-37bd604557a9","pdfId":"SE-011 Security Shop Drawing Rev2 - 05.06.25.pdf-26261080"}}
[AnnotationHydrationGate][visual-cover] {"documentId":"00e1cde9-449b-4771-9743-37bd604557a9","pdfId":"SE-011 Security Shop Drawing Rev2 - 05.06.25.pdf-26261080","pageNumber":1,"active":false,"reason":"hydration-ready"}
[CloudSync][hook] fabric push debounce elapsed — pushing now {"debounceMs":800,"debounceElapsedMs":803,"deferredQueuedMs":null,"actionType":"unknown"}
[Phase31 UAT] save:start {"documentId":"00e1cde9-449b-4771-9743-37bd604557a9","pdfId":"SE-011 Security Shop Drawing Rev2 - 05.06.25.pdf-26261080","userId":"170d915c-5741-4e0b-b03f-deaeedae27bd","legacyBulkUpsertEnabled":false,"crdtEnabled":true,"ydocMounted":true,"route":"supabase-durable-then-crdt","currentTotal":532,"currentDrawnByMe":0,"currentDrawnByOthers":532,"currentImported":0,"priorTotal":532,"priorDrawnByMe":0,"priorImported":0,"deltaTotal":0}
[CloudSync][status] transition {"from":"pending","to":"syncing","kind":"fabric","phase":null,"count":null,"queued":false,"error":null}
[CloudSync][delta] fabric prepared {"actionType":"unknown","changedIds":[],"deletedIds":[],"changedObjectCount":0,"changedCount":0,"dispatchedCount":0,"supabaseUpsertCount":0,"yDocUpdateCount":0,"debounceMs":800,"debounceElapsedMs":803,"fullFanOutReason":null,"totalObjectCount":532,"priorObjectCount":532,"preciseSource":null,"preciseDeletedCount":null,"preciseChangedCount":null}
[CloudSync][push] upsertAnnotationsByPage: nothing to push (0 rows) {"documentId":"00e1cde9-449b-4771-9743-37bd604557a9","pdfId":"SE-011 Security Shop Drawing Rev2 - 05.06.25.pdf-26261080"}
[Phase31 UAT] save:fan-out done {"documentId":"00e1cde9-449b-4771-9743-37bd604557a9","pdfId":"SE-011 Security Shop Drawing Rev2 - 05.06.25.pdf-26261080","userId":"170d915c-5741-4e0b-b03f-deaeedae27bd","actionType":"unknown","dispatched":0,"yDocUpdateCount":0,"detected":0,"skippedSurveyMarkerOrCallout":0,"skippedOtherType":0,"rawTypeBreakdown":{},"resolvedTypeBreakdown":{},"skipReasons":{},"skipSamples":[],"yMapSizeAfter":532}
[CloudSync][hook] fabric push synced {"count":0}
[PreviewDiag] sync push {"kind":"fabric","count":0,"changedObjectCount":0,"deletedCount":0,"pageCount":0}
[CloudSync][status] transition {"from":"syncing","to":"synced","kind":"fabric","phase":null,"count":0,"queued":false,"error":null}
[DebugBridge +193616.3ms] wheel_scroll_motion {"eventCount":5,"rawAbsX":8,"rawAbsY":26,"rawX":-8,"rawY":26,"clippedAbsX":8,"clippedAbsY":26,"clippedX":-8,"clippedY":26,"requestedAppliedX":-8.208,"requestedAppliedY":27.216,"appliedX":-8.208,"appliedY":16,"actualX":-1,"actualY":16,"sensitivity":1.08,"currentZoomForScroll":1,"maxScrollStepX":16,"maxScrollStepY":16,"diagonalEvents":3,"clippedEvents":0}
[DebugBridge +193644.0ms] wheel_scroll_motion {"eventCount":6,"rawAbsX":4,"rawAbsY":50,"rawX":-4,"rawY":50,"clippedAbsX":4,"clippedAbsY":50,"clippedX":-4,"clippedY":50,"requestedAppliedX":-4.104,"requestedAppliedY":53.244,"appliedX":-4.104,"appliedY":16,"actualX":0,"actualY":16,"sensitivity":1.08,"currentZoomForScroll":1,"maxScrollStepX":16,"maxScrollStepY":16,"diagonalEvents":2,"clippedEvents":0}
[DebugBridge +193674.7ms] wheel_scroll_motion {"eventCount":5,"rawAbsX":6,"rawAbsY":44,"rawX":6,"rawY":44,"clippedAbsX":6,"clippedAbsY":44,"clippedX":6,"clippedY":44,"requestedAppliedX":6.156000000000001,"requestedAppliedY":46.116,"appliedX":6.156000000000001,"appliedY":16,"actualX":6,"actualY":16,"sensitivity":1.026,"currentZoomForScroll":1,"maxScrollStepX":16,"maxScrollStepY":16,"diagonalEvents":3,"clippedEvents":0}
[DebugBridge +193702.9ms] wheel_scroll_motion {"eventCount":6,"rawAbsX":4,"rawAbsY":30,"rawX":4,"rawY":30,"clippedAbsX":4,"clippedAbsY":30,"clippedX":4,"clippedY":30,"requestedAppliedX":4.104,"requestedAppliedY":31.860000000000003,"appliedX":4.104,"appliedY":16,"actualX":2,"actualY":16,"sensitivity":1.08,"currentZoomForScroll":1,"maxScrollStepX":16,"maxScrollStepY":16,"diagonalEvents":2,"clippedEvents":0}
[DebugBridge +193731.5ms] wheel_scroll_motion {"eventCount":7,"rawAbsX":6,"rawAbsY":26,"rawX":6,"rawY":26,"clippedAbsX":6,"clippedAbsY":26,"clippedX":6,"clippedY":26,"requestedAppliedX":6.156000000000001,"requestedAppliedY":27.324,"appliedX":6.156000000000001,"appliedY":16,"actualX":0,"actualY":16,"sensitivity":1.08,"currentZoomForScroll":1,"maxScrollStepX":16,"maxScrollStepY":16,"diagonalEvents":3,"clippedEvents":0}
[DebugBridge +193757.3ms] wheel_scroll_motion {"eventCount":6,"rawAbsX":8,"rawAbsY":18,"rawX":8,"rawY":18,"clippedAbsX":8,"clippedAbsY":18,"clippedX":8,"clippedY":18,"requestedAppliedX":8.208,"requestedAppliedY":18.792,"appliedX":8.208,"appliedY":16,"actualX":0,"actualY":16,"sensitivity":1.08,"currentZoomForScroll":1,"maxScrollStepX":16,"maxScrollStepY":16,"diagonalEvents":4,"clippedEvents":0}
[DebugBridge +193782.5ms] wheel_scroll_motion {"eventCount":4,"rawAbsX":6,"rawAbsY":10,"rawX":6,"rawY":10,"clippedAbsX":6,"clippedAbsY":10,"clippedX":6,"clippedY":10,"requestedAppliedX":6.156000000000001,"requestedAppliedY":10.368,"appliedX":6.156000000000001,"appliedY":10.368,"actualX":0,"actualY":10,"sensitivity":1.026,"currentZoomForScroll":1,"maxScrollStepX":16,"maxScrollStepY":16,"diagonalEvents":3,"clippedEvents":0}
[DebugBridge +193808.2ms] wheel_scroll_motion {"eventCount":6,"rawAbsX":6,"rawAbsY":12,"rawX":6,"rawY":12,"clippedAbsX":6,"clippedAbsY":12,"clippedX":6,"clippedY":12,"requestedAppliedX":6.156000000000001,"requestedAppliedY":12.636,"appliedX":6.156000000000001,"appliedY":12.636,"actualX":0,"actualY":12.5,"sensitivity":1.08,"currentZoomForScroll":1,"maxScrollStepX":16,"maxScrollStepY":16,"diagonalEvents":3,"clippedEvents":0}
[DebugBridge +193840.3ms] wheel_scroll_motion {"eventCount":4,"rawAbsX":4,"rawAbsY":4,"rawX":4,"rawY":4,"clippedAbsX":4,"clippedAbsY":4,"clippedX":4,"clippedY":4,"requestedAppliedX":4.32,"requestedAppliedY":4.32,"appliedX":4.32,"appliedY":4.32,"actualX":0,"actualY":4,"sensitivity":1.08,"currentZoomForScroll":1,"maxScrollStepX":16,"maxScrollStepY":16,"diagonalEvents":0,"clippedEvents":0}
[DebugBridge +193884.3ms] wheel_scroll_motion {"eventCount":7,"rawAbsX":8,"rawAbsY":40,"rawX":-8,"rawY":-40,"clippedAbsX":8,"clippedAbsY":40,"clippedX":-8,"clippedY":-40,"requestedAppliedX":-8.208,"requestedAppliedY":-41.580000000000005,"appliedX":-8.208,"appliedY":-16,"actualX":-8,"actualY":-16,"sensitivity":1.026,"currentZoomForScroll":1,"maxScrollStepX":16,"maxScrollStepY":16,"diagonalEvents":4,"clippedEvents":0}
[DebugBridge +193915.4ms] wheel_scroll_motion {"eventCount":4,"rawAbsX":14,"rawAbsY":76,"rawX":-14,"rawY":-76,"clippedAbsX":14,"clippedAbsY":76,"clippedX":-14,"clippedY":-76,"requestedAppliedX":-14.364,"requestedAppliedY":-77.976,"appliedX":-14.364,"appliedY":-24.624000000000002,"actualX":0,"actualY":-25,"sensitivity":1.026,"currentZoomForScroll":1,"maxScrollStepX":16,"maxScrollStepY":24.624000000000002,"diagonalEvents":4,"clippedEvents":0}
[DebugBridge +193940.6ms] wheel_scroll_motion {"eventCount":6,"rawAbsX":12,"rawAbsY":70,"rawX":-12,"rawY":-70,"clippedAbsX":12,"clippedAbsY":70,"clippedX":-12,"clippedY":-70,"requestedAppliedX":-12.312,"requestedAppliedY":-71.82000000000001,"appliedX":-12.312,"appliedY":-16.416,"actualX":0,"actualY":-16.5,"sensitivity":1.026,"currentZoomForScroll":1,"maxScrollStepX":16,"maxScrollStepY":16.416,"diagonalEvents":6,"clippedEvents":0}
[DebugBridge +193965.7ms] wheel_scroll_motion {"eventCount":6,"rawAbsX":12,"rawAbsY":36,"rawX":-12,"rawY":-36,"clippedAbsX":12,"clippedAbsY":36,"clippedX":-12,"clippedY":-36,"requestedAppliedX":-12.312,"requestedAppliedY":-36.936,"appliedX":-12.312,"appliedY":-16,"actualX":0,"actualY":-16,"sensitivity":1.026,"currentZoomForScroll":1,"maxScrollStepX":16,"maxScrollStepY":16,"diagonalEvents":6,"clippedEvents":0}
[DebugBridge +193991.1ms] wheel_scroll_motion {"eventCount":4,"rawAbsX":0,"rawAbsY":82,"rawX":0,"rawY":-82,"clippedAbsX":0,"clippedAbsY":82,"clippedX":0,"clippedY":-82,"requestedAppliedX":0,"requestedAppliedY":-88.56,"appliedX":0,"appliedY":-28.080000000000002,"actualX":0,"actualY":-28.5,"sensitivity":1.08,"currentZoomForScroll":1,"maxScrollStepX":16,"maxScrollStepY":28.080000000000002,"diagonalEvents":0,"clippedEvents":0}
[DebugBridge +194023.3ms] wheel_scroll_motion {"eventCount":4,"rawAbsX":0,"rawAbsY":114,"rawX":0,"rawY":-114,"clippedAbsX":0,"clippedAbsY":114,"clippedX":0,"clippedY":-114,"requestedAppliedX":0,"requestedAppliedY":-123.12,"appliedX":0,"appliedY":-34.56,"actualX":0,"actualY":-26.5,"sensitivity":1.08,"currentZoomForScroll":1,"maxScrollStepX":16,"maxScrollStepY":34.56,"diagonalEvents":0,"clippedEvents":0}
[DebugBridge +194057.2ms] wheel_scroll_motion {"eventCount":1,"rawAbsX":0,"rawAbsY":34,"rawX":0,"rawY":-34,"clippedAbsX":0,"clippedAbsY":34,"clippedX":0,"clippedY":-34,"requestedAppliedX":0,"requestedAppliedY":-36.72,"appliedX":0,"appliedY":-36.72,"actualX":0,"actualY":0,"sensitivity":1.08,"currentZoomForScroll":1,"maxScrollStepX":16,"maxScrollStepY":36.72,"diagonalEvents":0,"clippedEvents":0}
[DebugBridge +194091.4ms] wheel_scroll_motion {"eventCount":4,"rawAbsX":0,"rawAbsY":200,"rawX":0,"rawY":-200,"clippedAbsX":0,"clippedAbsY":200,"clippedX":0,"clippedY":-200,"requestedAppliedX":0,"requestedAppliedY":-216.00000000000006,"appliedX":0,"appliedY":-133.92000000000002,"actualX":0,"actualY":0,"sensitivity":1.08,"currentZoomForScroll":1,"maxScrollStepX":16,"maxScrollStepY":133.92000000000002,"diagonalEvents":0,"clippedEvents":0}
[DebugBridge +194123.6ms] wheel_scroll_motion {"eventCount":4,"rawAbsX":0,"rawAbsY":88,"rawX":0,"rawY":-88,"clippedAbsX":0,"clippedAbsY":88,"clippedX":0,"clippedY":-88,"requestedAppliedX":0,"requestedAppliedY":-95.04,"appliedX":0,"appliedY":-23.76,"actualX":0,"actualY":0,"sensitivity":1.08,"currentZoomForScroll":1,"maxScrollStepX":16,"maxScrollStepY":23.76,"diagonalEvents":0,"clippedEvents":0}
[DebugBridge +194157.0ms] wheel_scroll_motion {"eventCount":3,"rawAbsX":0,"rawAbsY":58,"rawX":0,"rawY":-58,"clippedAbsX":0,"clippedAbsY":58,"clippedX":0,"clippedY":-58,"requestedAppliedX":0,"requestedAppliedY":-62.64,"appliedX":0,"appliedY":-21.6,"actualX":0,"actualY":0,"sensitivity":1.08,"currentZoomForScroll":1,"maxScrollStepX":16,"maxScrollStepY":21.6,"diagonalEvents":0,"clippedEvents":0}
[DebugBridge +194182.3ms] wheel_scroll_motion {"eventCount":4,"rawAbsX":0,"rawAbsY":66,"rawX":0,"rawY":-66,"clippedAbsX":0,"clippedAbsY":66,"clippedX":0,"clippedY":-66,"requestedAppliedX":0,"requestedAppliedY":-71.28,"appliedX":0,"appliedY":-19.44,"actualX":0,"actualY":0,"sensitivity":1.08,"currentZoomForScroll":1,"maxScrollStepX":16,"maxScrollStepY":19.44,"diagonalEvents":0,"clippedEvents":0}
[DebugBridge +194214.7ms] wheel_scroll_motion {"eventCount":3,"rawAbsX":0,"rawAbsY":44,"rawX":0,"rawY":-44,"clippedAbsX":0,"clippedAbsY":44,"clippedX":0,"clippedY":-44,"requestedAppliedX":0,"requestedAppliedY":-47.52000000000001,"appliedX":0,"appliedY":-17.28,"actualX":0,"actualY":0,"sensitivity":1.08,"currentZoomForScroll":1,"maxScrollStepX":16,"maxScrollStepY":17.28,"diagonalEvents":0,"clippedEvents":0}
[DebugBridge +194240.8ms] wheel_scroll_motion {"eventCount":3,"rawAbsX":0,"rawAbsY":38,"rawX":0,"rawY":-38,"clippedAbsX":0,"clippedAbsY":38,"clippedX":0,"clippedY":-38,"requestedAppliedX":0,"requestedAppliedY":-41.040000000000006,"appliedX":0,"appliedY":-16,"actualX":0,"actualY":0,"sensitivity":1.08,"currentZoomForScroll":1,"maxScrollStepX":16,"maxScrollStepY":16,"diagonalEvents":0,"clippedEvents":0}
[DebugBridge +194266.6ms] wheel_scroll_motion {"eventCount":2,"rawAbsX":0,"rawAbsY":20,"rawX":0,"rawY":-20,"clippedAbsX":0,"clippedAbsY":20,"clippedX":0,"clippedY":-20,"requestedAppliedX":0,"requestedAppliedY":-21.6,"appliedX":0,"appliedY":-16,"actualX":0,"actualY":0,"sensitivity":1.08,"currentZoomForScroll":1,"maxScrollStepX":16,"maxScrollStepY":16,"diagonalEvents":0,"clippedEvents":0}
[DebugBridge +194299.2ms] wheel_scroll_motion {"eventCount":4,"rawAbsX":0,"rawAbsY":54,"rawX":0,"rawY":-54,"clippedAbsX":0,"clippedAbsY":54,"clippedX":0,"clippedY":-54,"requestedAppliedX":0,"requestedAppliedY":-58.32000000000001,"appliedX":0,"appliedY":-32.400000000000006,"actualX":0,"actualY":0,"sensitivity":1.08,"currentZoomForScroll":1,"maxScrollStepX":16,"maxScrollStepY":32.400000000000006,"diagonalEvents":0,"clippedEvents":0}
[DebugBridge +194334.2ms] wheel_scroll_motion {"eventCount":4,"rawAbsX":0,"rawAbsY":32,"rawX":0,"rawY":-32,"clippedAbsX":0,"clippedAbsY":32,"clippedX":0,"clippedY":-32,"requestedAppliedX":0,"requestedAppliedY":-34.56,"appliedX":0,"appliedY":-16,"actualX":0,"actualY":0,"sensitivity":1.08,"currentZoomForScroll":1,"maxScrollStepX":16,"maxScrollStepY":16,"diagonalEvents":0,"clippedEvents":0}
[DebugBridge +194365.7ms] wheel_scroll_motion {"eventCount":2,"rawAbsX":0,"rawAbsY":12,"rawX":0,"rawY":-12,"clippedAbsX":0,"clippedAbsY":12,"clippedX":0,"clippedY":-12,"requestedAppliedX":0,"requestedAppliedY":-12.96,"appliedX":0,"appliedY":-12.96,"actualX":0,"actualY":0,"sensitivity":1.08,"currentZoomForScroll":1,"maxScrollStepX":16,"maxScrollStepY":16,"diagonalEvents":0,"clippedEvents":0}
[Phase31 UAT] focus rehydrate skipped — doc is cutover-sealed, Y.Doc + realtime is source of truth {"documentId":"00e1cde9-449b-4771-9743-37bd604557a9","pdfId":"SE-011 Security Shop Drawing Rev2 - 05.06.25.pdf-26261080","cutoverTs":"2026-05-18T02:05:48.746+00:00","ydocAuthoritative":true}

===== Undo/Redo Chronology =====
events=2
lanes=local annotation history | callout history | legacy history | Yjs/CRDT history
{"seq":1,"order":null,"at":"2026-05-27T20:37:40.765Z","event":"history_reset_for_pdf_change","actionType":"pdf:change","rawActionType":"pdf:change","annotationType":null,"annotationId":null,"pageNumber":null,"lane":null,"receivedStack":null,"chosenStack":null,"chosenLane":null,"decisionReason":null,"undoDepth":0,"redoDepth":0}
{"seq":2,"order":null,"at":"2026-05-27T20:40:42.324Z","event":"history_reset_for_pdf_change","actionType":"pdf:change","rawActionType":"pdf:change","annotationType":null,"annotationId":null,"pageNumber":null,"lane":null,"receivedStack":null,"chosenStack":null,"chosenLane":null,"decisionReason":null,"undoDepth":0,"redoDepth":0}
===== End Undo/Redo Chronology =====
