===== SurveyApp Save Log =====
version:   0.1.46
runtime:   dev-server
platform:  desktop
device:    Mac
os:        macOS 10.15.7
screen:    1512x982 @2x
viewport:  1203x833
locale:    en-US
timestamp: 2026-06-08T18:35:45.787Z (6/8/2026, 2:35:45 PM)
==============================
[OpenTiming] doc-click @ 6978ms sync-test.pdf
console.warn @ [crdtBackfill] cutover sealed but Y.Map < legacy count — re-running import loop to recover {"yMapSize":0,"legacyCount":0}
[OpenTiming] pdfid-resolve @ 9070ms sync-test.pdf-2489
[OpenTiming] pdfid-resolve @ 9086ms sync-test.pdf-2489
[InteractionDiag] interactive-ready @ 9195ms (isLoadingPDF→false; loading curtain lifted, toolbar+page now accept input)
[OpenTiming] first-marks-painted @ 9200ms pdfId=sync-test.pdf-2489
[InteractionDiag] tool-changed @ 11136ms from=pan to=select
[DrawCanvas p1] MOUNT — tool=survey-marker, isShape=true, isDrawingMode=false
[DrawCanvas p1] shape effect — tool=survey-marker, isShape=true, isDrawingMode=false
[DrawCanvas p2] MOUNT — tool=survey-marker, isShape=true, isDrawingMode=false
[DrawCanvas p2] shape effect — tool=survey-marker, isShape=true, isDrawingMode=false
[DrawCanvas p3] MOUNT — tool=survey-marker, isShape=true, isDrawingMode=false
[DrawCanvas p3] shape effect — tool=survey-marker, isShape=true, isDrawingMode=false
[InteractionDiag] tool-changed @ 11173ms from=select to=survey-marker
[OpenTiming] pdfid-resolve @ 11174ms sync-test.pdf-2489
[OpenTiming] first-marks-painted @ 11175ms pdfId=sync-test.pdf-2489
[OpenTiming] pdfid-resolve @ 11206ms sync-test.pdf-2489
[OpenTiming] first-marks-painted @ 11212ms pdfId=sync-test.pdf-2489
[InteractionDiag] tool-changed @ 11226ms from=survey-marker to=pan (pan-active → Syncfusion interactionMode=Pan)
[DrawCanvas p1] MOUNT — tool=survey-marker, isShape=true, isDrawingMode=false
[DrawCanvas p1] shape effect — tool=survey-marker, isShape=true, isDrawingMode=false
[InteractionDiag] tool-changed @ 19419ms from=pan to=survey-marker
[OpenTiming] pdfid-resolve @ 19420ms sync-test.pdf-2489
[OpenTiming] first-marks-painted @ 19421ms pdfId=sync-test.pdf-2489
[OpenTiming] pdfid-resolve @ 19438ms sync-test.pdf-2489
[OpenTiming] first-marks-painted @ 19454ms pdfId=sync-test.pdf-2489
[InteractionDiag] tool-changed @ 19469ms from=survey-marker to=pan (pan-active → Syncfusion interactionMode=Pan)
[OpenTiming] doc-click @ 45828ms Benjamin Franklin Elementary.pdf
[OpenTiming] pdfid-resolve @ 46004ms Benjamin Franklin Elementary.pdf-2401034
[OpenTiming] pdfid-resolve @ 46022ms Benjamin Franklin Elementary.pdf-2401034
[InteractionDiag] interactive-ready @ 46341ms (isLoadingPDF→false; loading curtain lifted, toolbar+page now accept input)
[OpenTiming] first-marks-painted @ 46449ms pdfId=Benjamin Franklin Elementary.pdf-2401034
[DrawCanvas p1] MOUNT — tool=survey-marker, isShape=true, isDrawingMode=false
[DrawCanvas p1] shape effect — tool=survey-marker, isShape=true, isDrawingMode=false
[DrawCanvas p2] MOUNT — tool=survey-marker, isShape=true, isDrawingMode=false
[DrawCanvas p2] shape effect — tool=survey-marker, isShape=true, isDrawingMode=false
[DrawCanvas p3] MOUNT — tool=survey-marker, isShape=true, isDrawingMode=false
[DrawCanvas p3] shape effect — tool=survey-marker, isShape=true, isDrawingMode=false
[DrawCanvas p4] MOUNT — tool=survey-marker, isShape=true, isDrawingMode=false
[DrawCanvas p4] shape effect — tool=survey-marker, isShape=true, isDrawingMode=false
[InteractionDiag] tool-changed @ 48651ms from=pan to=survey-marker
[OpenTiming] pdfid-resolve @ 48652ms Benjamin Franklin Elementary.pdf-2401034
[OpenTiming] first-marks-painted @ 48654ms pdfId=Benjamin Franklin Elementary.pdf-2401034
[OpenTiming] pdfid-resolve @ 48712ms Benjamin Franklin Elementary.pdf-2401034
[OpenTiming] first-marks-painted @ 48713ms pdfId=Benjamin Franklin Elementary.pdf-2401034
[InteractionDiag] tool-changed @ 48729ms from=survey-marker to=pan (pan-active → Syncfusion interactionMode=Pan)
=== PAGE RELOAD (navigation) @ 2026-06-08T17:29:00.442Z ===
[OpenTiming] doc-click @ 3564684ms sync-test.pdf
[OpenTiming] pdfid-resolve @ 3565695ms sync-test.pdf-2489
[OpenTiming] pdfid-resolve @ 3565714ms sync-test.pdf-2489
[InteractionDiag] interactive-ready @ 3565830ms (isLoadingPDF→false; loading curtain lifted, toolbar+page now accept input)
[OpenTiming] first-marks-painted @ 3565839ms pdfId=sync-test.pdf-2489
console.warn @ [crdtBackfill] cutover sealed but Y.Map < legacy count — re-running import loop to recover {"yMapSize":0,"legacyCount":0}
[DrawCanvas p1] MOUNT — tool=survey-marker, isShape=true, isDrawingMode=false
[DrawCanvas p1] shape effect — tool=survey-marker, isShape=true, isDrawingMode=false
[InteractionDiag] tool-changed @ 3567982ms from=pan to=survey-marker
[OpenTiming] pdfid-resolve @ 3567987ms sync-test.pdf-2489
[OpenTiming] first-marks-painted @ 3567988ms pdfId=sync-test.pdf-2489
[OpenTiming] pdfid-resolve @ 3568056ms sync-test.pdf-2489
[OpenTiming] first-marks-painted @ 3568064ms pdfId=sync-test.pdf-2489
[InteractionDiag] tool-changed @ 3568102ms from=survey-marker to=pan (pan-active → Syncfusion interactionMode=Pan)
=== PAGE RELOAD (navigation) @ 2026-06-08T18:28:37.281Z ===
[OpenTiming] doc-click @ 2887ms sync-test.pdf
[OpenTiming] pdfid-resolve @ 4479ms sync-test.pdf-2489
[OpenTiming] pdfid-resolve @ 4500ms sync-test.pdf-2489
[InteractionDiag] interactive-ready @ 5566ms (isLoadingPDF→false; loading curtain lifted, toolbar+page now accept input)
[OpenTiming] first-marks-painted @ 5575ms pdfId=sync-test.pdf-2489
console.warn @ [crdtBackfill] cutover sealed but Y.Map < legacy count — re-running import loop to recover {"yMapSize":0,"legacyCount":0}
[OpenTiming] pdfid-resolve @ 166322ms sync-test.pdf-2489
[InteractionDiag] interactive-ready @ 166561ms (isLoadingPDF→false; loading curtain lifted, toolbar+page now accept input)
[OpenTiming] first-marks-painted @ 166565ms pdfId=sync-test.pdf-2489
[OpenTiming] pdfid-resolve @ 173316ms sync-test.pdf-2489
%c[LOAD-TRACE +0ms] ════ OPEN START — sync-test.pdf color:#2196F3;font-weight:bold
%c[LOAD-TRACE +25ms] Local file to ArrayBuffer color:#2196F3;font-weight:bold
%c[LOAD-TRACE +25ms] Starting PDF.js getDocument color:#2196F3;font-weight:bold
%c[LOAD-TRACE +166ms] PDF.js document parsed color:#2196F3;font-weight:bold
%c[LOAD-TRACE +166ms] Calculating page sizes color:#2196F3;font-weight:bold
%c[LOAD-TRACE +175ms] Page sizes calculated (3 pages) color:#2196F3;font-weight:bold
%c[LOAD-TRACE +175ms] Importing PDF annotations color:#2196F3;font-weight:bold
%c[LOAD-TRACE +175ms] PDF ready for rendering color:#2196F3;font-weight:bold
[InteractionDiag] interactive-ready @ 173498ms (isLoadingPDF→false; loading curtain lifted, toolbar+page now accept input)
[OpenTiming] first-marks-painted @ 173501ms pdfId=sync-test.pdf-2489
[OpenTiming] pdfid-resolve @ 195008ms sync-test.pdf-2489
%c[LOAD-TRACE +0ms] ════ OPEN START — sync-test.pdf color:#2196F3;font-weight:bold
%c[LOAD-TRACE +20ms] Local file to ArrayBuffer color:#2196F3;font-weight:bold
%c[LOAD-TRACE +20ms] Starting PDF.js getDocument color:#2196F3;font-weight:bold
%c[LOAD-TRACE +226ms] PDF.js document parsed color:#2196F3;font-weight:bold
%c[LOAD-TRACE +226ms] Calculating page sizes color:#2196F3;font-weight:bold
%c[LOAD-TRACE +238ms] Page sizes calculated (3 pages) color:#2196F3;font-weight:bold
%c[LOAD-TRACE +238ms] Importing PDF annotations color:#2196F3;font-weight:bold
%c[LOAD-TRACE +238ms] PDF ready for rendering color:#2196F3;font-weight:bold
[InteractionDiag] interactive-ready @ 195251ms (isLoadingPDF→false; loading curtain lifted, toolbar+page now accept input)
[OpenTiming] first-marks-painted @ 195256ms pdfId=sync-test.pdf-2489
[OpenTiming] pdfid-resolve @ 207015ms sync-test.pdf-2489
%c[LOAD-TRACE +0ms] ════ OPEN START — sync-test.pdf color:#2196F3;font-weight:bold
%c[LOAD-TRACE +22ms] Local file to ArrayBuffer color:#2196F3;font-weight:bold
%c[LOAD-TRACE +22ms] configuring pdf.js worker (loadPdfjs) color:#2196F3;font-weight:bold
%c[LOAD-TRACE +22ms] pdf.js worker ready color:#2196F3;font-weight:bold
%c[LOAD-TRACE +22ms] Starting PDF.js getDocument color:#2196F3;font-weight:bold
%c[LOAD-TRACE +228ms] PDF.js document parsed color:#2196F3;font-weight:bold
%c[LOAD-TRACE +229ms] Calculating page sizes color:#2196F3;font-weight:bold
%c[LOAD-TRACE +241ms] Page sizes calculated (3 pages) color:#2196F3;font-weight:bold
%c[LOAD-TRACE +242ms] Importing PDF annotations color:#2196F3;font-weight:bold
%c[LOAD-TRACE +242ms] PDF ready for rendering color:#2196F3;font-weight:bold
[InteractionDiag] interactive-ready @ 207268ms (isLoadingPDF→false; loading curtain lifted, toolbar+page now accept input)
[OpenTiming] first-marks-painted @ 207275ms pdfId=sync-test.pdf-2489
[OpenTiming] pdfid-resolve @ 214926ms sync-test.pdf-2489
%c[LOAD-TRACE +0ms] ════ OPEN START — sync-test.pdf color:#2196F3;font-weight:bold
%c[LOAD-TRACE +36ms] Local file to ArrayBuffer color:#2196F3;font-weight:bold
%c[LOAD-TRACE +36ms] configuring pdf.js worker (loadPdfjs) color:#2196F3;font-weight:bold
%c[LOAD-TRACE +37ms] pdf.js worker ready color:#2196F3;font-weight:bold
%c[LOAD-TRACE +37ms] Starting PDF.js getDocument color:#2196F3;font-weight:bold
%c[LOAD-TRACE +222ms] PDF.js document parsed color:#2196F3;font-weight:bold
%c[LOAD-TRACE +222ms] Calculating page sizes color:#2196F3;font-weight:bold
%c[LOAD-TRACE +230ms] Page sizes calculated (3 pages) color:#2196F3;font-weight:bold
%c[LOAD-TRACE +230ms] Importing PDF annotations color:#2196F3;font-weight:bold
%c[LOAD-TRACE +230ms] PDF ready for rendering color:#2196F3;font-weight:bold
%c[LOAD-TRACE +230ms] ✅ LOAD COMPLETE — lifting the Loading curtain color:#2196F3;font-weight:bold
[InteractionDiag] interactive-ready @ 215161ms (isLoadingPDF→false; loading curtain lifted, toolbar+page now accept input)
[OpenTiming] first-marks-painted @ 215165ms pdfId=sync-test.pdf-2489
[OpenTiming] pdfid-resolve @ 222252ms sync-test.pdf-2489
%c[LOAD-TRACE +0ms] ════ OPEN START — sync-test.pdf color:#2196F3;font-weight:bold
%c[LOAD-TRACE +19ms] Local file to ArrayBuffer color:#2196F3;font-weight:bold
%c[LOAD-TRACE +20ms] configuring pdf.js worker (loadPdfjs) color:#2196F3;font-weight:bold
%c[LOAD-TRACE +20ms] pdf.js worker ready color:#2196F3;font-weight:bold
%c[LOAD-TRACE +20ms] Starting PDF.js getDocument color:#2196F3;font-weight:bold
%c[LOAD-TRACE +219ms] PDF.js document parsed color:#2196F3;font-weight:bold
%c[LOAD-TRACE +219ms] Calculating page sizes color:#2196F3;font-weight:bold
%c[LOAD-TRACE +229ms] Page sizes calculated (3 pages) color:#2196F3;font-weight:bold
%c[LOAD-TRACE +230ms] Importing PDF annotations color:#2196F3;font-weight:bold
%c[LOAD-TRACE +230ms] PDF ready for rendering color:#2196F3;font-weight:bold
%c[LOAD-TRACE +230ms] ✅ LOAD COMPLETE — lifting the Loading curtain color:#2196F3;font-weight:bold
[InteractionDiag] interactive-ready @ 222486ms (isLoadingPDF→false; loading curtain lifted, toolbar+page now accept input)
[OpenTiming] first-marks-painted @ 222490ms pdfId=sync-test.pdf-2489
[OpenTiming] pdfid-resolve @ 238510ms sync-test.pdf-2489
%c[LOAD-TRACE +0ms] ════ OPEN START — sync-test.pdf color:#2196F3;font-weight:bold
%c[LOAD-TRACE +20ms] watchdog armed — will check in 20s color:#2196F3;font-weight:bold
%c[LOAD-TRACE +30ms] Local file to ArrayBuffer color:#2196F3;font-weight:bold
%c[LOAD-TRACE +30ms] configuring pdf.js worker (loadPdfjs) color:#2196F3;font-weight:bold
%c[LOAD-TRACE +30ms] pdf.js worker ready color:#2196F3;font-weight:bold
%c[LOAD-TRACE +30ms] Starting PDF.js getDocument color:#2196F3;font-weight:bold
%c[LOAD-TRACE +204ms] PDF.js document parsed color:#2196F3;font-weight:bold
%c[LOAD-TRACE +204ms] Calculating page sizes color:#2196F3;font-weight:bold
%c[LOAD-TRACE +213ms] Page sizes calculated (3 pages) color:#2196F3;font-weight:bold
%c[LOAD-TRACE +213ms] Importing PDF annotations color:#2196F3;font-weight:bold
%c[LOAD-TRACE +213ms] PDF ready for rendering color:#2196F3;font-weight:bold
%c[LOAD-TRACE +214ms] ✅ LOAD COMPLETE — lifting the Loading curtain color:#2196F3;font-weight:bold
[InteractionDiag] interactive-ready @ 238728ms (isLoadingPDF→false; loading curtain lifted, toolbar+page now accept input)
[OpenTiming] first-marks-painted @ 238732ms pdfId=sync-test.pdf-2489
[OpenTiming] pdfid-resolve @ 243524ms sync-test.pdf-2489
%c[LOAD-TRACE +0ms] ════ OPEN START — sync-test.pdf color:#2196F3;font-weight:bold
%c[LOAD-TRACE +15ms] watchdog armed — will check in 20s color:#2196F3;font-weight:bold
%c[LOAD-TRACE +25ms] Local file to ArrayBuffer color:#2196F3;font-weight:bold
%c[LOAD-TRACE +25ms] configuring pdf.js worker (loadPdfjs) color:#2196F3;font-weight:bold
%c[LOAD-TRACE +25ms] pdf.js worker ready color:#2196F3;font-weight:bold
%c[LOAD-TRACE +25ms] Starting PDF.js getDocument color:#2196F3;font-weight:bold
%c[LOAD-TRACE +230ms] PDF.js document parsed color:#2196F3;font-weight:bold
%c[LOAD-TRACE +231ms] Calculating page sizes color:#2196F3;font-weight:bold
%c[LOAD-TRACE +250ms] Page sizes calculated (3 pages) color:#2196F3;font-weight:bold
%c[LOAD-TRACE +251ms] Importing PDF annotations color:#2196F3;font-weight:bold
%c[LOAD-TRACE +251ms] PDF ready for rendering color:#2196F3;font-weight:bold
%c[LOAD-TRACE +251ms] ✅ LOAD COMPLETE — lifting the Loading curtain color:#2196F3;font-weight:bold
[InteractionDiag] interactive-ready @ 243785ms (isLoadingPDF→false; loading curtain lifted, toolbar+page now accept input)
[OpenTiming] first-marks-painted @ 243791ms pdfId=sync-test.pdf-2489
=== PAGE RELOAD (navigation) @ 2026-06-08T18:35:26.792Z ===
[OpenTiming] doc-click @ 2069ms sync-test.pdf
[OpenTiming] pdfid-resolve @ 3648ms sync-test.pdf-2489
%c[LOAD-TRACE +0ms] ════ OPEN START — sync-test.pdf color:#2196F3;font-weight:bold
%c[LOAD-TRACE +0ms] watchdog armed — will check in 20s color:#2196F3;font-weight:bold
[OpenTiming] pdfid-resolve @ 3667ms sync-test.pdf-2489
%c[LOAD-TRACE +24ms] Local file to ArrayBuffer color:#2196F3;font-weight:bold
%c[LOAD-TRACE +25ms] configuring pdf.js worker (loadPdfjs) color:#2196F3;font-weight:bold
%c[LOAD-TRACE +25ms] pdf.js worker ready color:#2196F3;font-weight:bold
%c[LOAD-TRACE +25ms] Starting PDF.js getDocument color:#2196F3;font-weight:bold
%c[LOAD-TRACE +353ms] PDF.js document parsed color:#2196F3;font-weight:bold
%c[LOAD-TRACE +353ms] Calculating page sizes color:#2196F3;font-weight:bold
%c[LOAD-TRACE +365ms] Page sizes calculated (3 pages) color:#2196F3;font-weight:bold
%c[LOAD-TRACE +365ms] Importing PDF annotations color:#2196F3;font-weight:bold
%c[LOAD-TRACE +366ms] PDF ready for rendering color:#2196F3;font-weight:bold
%c[LOAD-TRACE +366ms] ✅ LOAD COMPLETE — lifting the Loading curtain color:#2196F3;font-weight:bold
[InteractionDiag] interactive-ready @ 4023ms (isLoadingPDF→false; loading curtain lifted, toolbar+page now accept input)
[OpenTiming] first-marks-painted @ 4032ms pdfId=sync-test.pdf-2489
console.warn @ [crdtBackfill] cutover sealed but Y.Map < legacy count — re-running import loop to recover {"yMapSize":0,"legacyCount":0}
[DrawCanvas p1] MOUNT — tool=survey-marker, isShape=true, isDrawingMode=false
[DrawCanvas p1] shape effect — tool=survey-marker, isShape=true, isDrawingMode=false
[InteractionDiag] tool-changed @ 7085ms from=pan to=survey-marker
[OpenTiming] pdfid-resolve @ 7094ms sync-test.pdf-2489
[OpenTiming] first-marks-painted @ 7100ms pdfId=sync-test.pdf-2489
[OpenTiming] pdfid-resolve @ 7192ms sync-test.pdf-2489
[OpenTiming] first-marks-painted @ 7200ms pdfId=sync-test.pdf-2489
[InteractionDiag] tool-changed @ 7239ms from=survey-marker to=pan (pan-active → Syncfusion interactionMode=Pan)