===== SurveyApp Save Log =====
version:   0.1.45
runtime:   dev-server
platform:  desktop
device:    Mac
os:        macOS 10.15.7
screen:    1512x982 @2x
viewport:  1512x826
locale:    en-US
timestamp: 2026-05-14T17:47:34.223Z (5/14/2026, 1:47:34 PM)
==============================
[dev-auto-login] boot {"hasDevEmail":true,"devEmailHint":"isai***","hasDevPassword":true,"hasCachedSession":true,"cachedSessionEmail":"isaiahcalvo123@gmail.com","cachedSessionExpiresAt":1778783126}
[dev-auto-login] cached session matches dev email, keeping it
[dev-auto-login] decision {"needsAutoLogin":false,"willAttemptSignIn":false}
[DocumentDelete] selection:enter {"activeSection":"documents","visibleItems":6}
[DocumentDelete] selection:toggle {"id":"083a8583-3a74-42e4-9d89-08c9c7858e11","wasSelected":false,"selectedIds":["083a8583-3a74-42e4-9d89-08c9c7858e11"]}
[DocumentDelete] selection:toggle {"id":"a2ddccec-6166-4b2a-96e9-4431f551d857","wasSelected":false,"selectedIds":["083a8583-3a74-42e4-9d89-08c9c7858e11","a2ddccec-6166-4b2a-96e9-4431f551d857"]}
[DocumentDelete] selection:toggle {"id":"5e22f783-e7c3-49f9-b511-0bc57cc37563","wasSelected":false,"selectedIds":["083a8583-3a74-42e4-9d89-08c9c7858e11","a2ddccec-6166-4b2a-96e9-4431f551d857","5e22f783-e7c3-49f9-b511-0bc57cc37563"]}
[DocumentDelete] bulk:start {"ctx":"documents","selectedIds":["083a8583-3a74-42e4-9d89-08c9c7858e11","a2ddccec-6166-4b2a-96e9-4431f551d857","5e22f783-e7c3-49f9-b511-0bc57cc37563"],"selectedCount":3,"visibleDocumentCount":6}
[DocumentDelete] start {"docId":"083a8583-3a74-42e4-9d89-08c9c7858e11","filePath":"170d915c-5741-4e0b-b03f-deaeedae27bd/general/1778780168554.pdf","source":"bulk-documents"}
[DocumentDelete] archive:result {"docId":"083a8583-3a74-42e4-9d89-08c9c7858e11","source":"bulk-documents","archivedCount":1,"archivedRows":[{"id":"083a8583-3a74-42e4-9d89-08c9c7858e11","name":"source.pdf","file_path":"170d915c-5741-4e0b-b03f-deaeedae27bd/general/1778780168554.pdf","user_id":"170d915c-5741-4e0b-b03f-deaeedae27bd"}]}
[DocumentDelete] verify:archived {"docId":"083a8583-3a74-42e4-9d89-08c9c7858e11","source":"bulk-documents"}
[DocumentDelete] start {"docId":"a2ddccec-6166-4b2a-96e9-4431f551d857","filePath":"170d915c-5741-4e0b-b03f-deaeedae27bd/general/1778780110547.pdf","source":"bulk-documents"}
[DocumentDelete] archive:result {"docId":"a2ddccec-6166-4b2a-96e9-4431f551d857","source":"bulk-documents","archivedCount":1,"archivedRows":[{"id":"a2ddccec-6166-4b2a-96e9-4431f551d857","name":"exported-pen.pdf","file_path":"170d915c-5741-4e0b-b03f-deaeedae27bd/general/1778780110547.pdf","user_id":"170d915c-5741-4e0b-b03f-deaeedae27bd"}]}
[DocumentDelete] verify:archived {"docId":"a2ddccec-6166-4b2a-96e9-4431f551d857","source":"bulk-documents"}
[DocumentDelete] start {"docId":"5e22f783-e7c3-49f9-b511-0bc57cc37563","filePath":"170d915c-5741-4e0b-b03f-deaeedae27bd/general/1778779399374.pdf","source":"bulk-documents"}
[DocumentDelete] archive:result {"docId":"5e22f783-e7c3-49f9-b511-0bc57cc37563","source":"bulk-documents","archivedCount":1,"archivedRows":[{"id":"5e22f783-e7c3-49f9-b511-0bc57cc37563","name":"1.pdf","file_path":"170d915c-5741-4e0b-b03f-deaeedae27bd/general/1778779399374.pdf","user_id":"170d915c-5741-4e0b-b03f-deaeedae27bd"}]}
[DocumentDelete] verify:archived {"docId":"5e22f783-e7c3-49f9-b511-0bc57cc37563","source":"bulk-documents"}
[CloudSync][hook] session id minted {"sessionId":"195f2469-90f8-4912-b0db-de3fe63d804c"}
[CloudSync][hook][state-obs] annotationsByPage initial {"currentCount":0,"pages":0,"hydrated":false}
[CloudSync][hook][state-obs] callouts initial {"currentCount":0,"hydrated":false}
[CloudSync][hook] hydrate effect fired {"enabled":false,"hydrateEnabled":true,"documentId":"484e4280-bca3-4ebe-bde7-d9371da0f528","userId":"170d915c-5741-4e0b-b03f-deaeedae27bd","pdfId":null}
[CloudSync][hook] hydrate skipped — missing prerequisite {"hydrateEnabled":true,"hasDocumentId":true,"hasUserId":true,"hasPdfId":false}
[AnnotationHydrationGate][normal] {"documentId":"484e4280-bca3-4ebe-bde7-d9371da0f528","pdfId":null,"ready":false,"source":"missing-prerequisite","normalReady":false,"cutoverTs":null,"count":null,"calloutCount":null,"firstPaintGate":true}
[AnnotationHydrationGate][first-page] {"documentId":"484e4280-bca3-4ebe-bde7-d9371da0f528","pdfId":null,"pageNumber":1,"ready":false,"visualCoverActive":true,"normal":{"documentId":"484e4280-bca3-4ebe-bde7-d9371da0f528","pdfId":null,"ready":false,"source":"pending","firstPaintGate":true},"survey":{"ready":true,"source":"local"}}
[AnnotationHydrationGate][visual-cover] {"documentId":"484e4280-bca3-4ebe-bde7-d9371da0f528","pdfId":null,"pageNumber":1,"active":true,"reason":"annotation-hydration-gated"}
[Cloud render cache] doc=test.pdf-2462 painting verified cloud snapshot immediately — count=3.
[CSeries wipe] doc=test.pdf-2462 totalCounters=0 legacyRemoved=0 — nothing to wipe.
[Phase31 UAT] backfill:effect {"hasYdoc":true,"docId":"484e4280-bca3-4ebe-bde7-d9371da0f528","userId":null,"alreadyRanFor":null,"willRun":false}
[CloudSync][hook] hydrate effect fired {"enabled":false,"hydrateEnabled":true,"documentId":"484e4280-bca3-4ebe-bde7-d9371da0f528","userId":"170d915c-5741-4e0b-b03f-deaeedae27bd","pdfId":"test.pdf-2462"}
[AnnotationHydrationGate][normal] {"documentId":"484e4280-bca3-4ebe-bde7-d9371da0f528","pdfId":"test.pdf-2462","ready":false,"source":"starting","normalReady":false,"cutoverTs":null,"count":null,"calloutCount":null,"firstPaintGate":true}
[CloudSync][hook] stage=hydrating
[AnnotationHydrationGate][first-page] {"documentId":"484e4280-bca3-4ebe-bde7-d9371da0f528","pdfId":"test.pdf-2462","pageNumber":1,"ready":false,"visualCoverActive":true,"normal":{"documentId":"484e4280-bca3-4ebe-bde7-d9371da0f528","pdfId":null,"ready":false,"source":"missing-prerequisite","normalReady":false,"cutoverTs":null,"count":null,"calloutCount":null,"firstPaintGate":true},"survey":{"ready":false,"source":"supabase-highlight-starting","documentId":"484e4280-bca3-4ebe-bde7-d9371da0f528","pdfId":"test.pdf-2462"}}
[AnnotationHydrationGate][visual-cover] {"documentId":"484e4280-bca3-4ebe-bde7-d9371da0f528","pdfId":"test.pdf-2462","pageNumber":1,"active":true,"reason":"annotation-hydration-gated"}
[AnnotationHydrationGate][first-page] {"documentId":"484e4280-bca3-4ebe-bde7-d9371da0f528","pdfId":"test.pdf-2462","pageNumber":1,"ready":false,"visualCoverActive":true,"normal":{"documentId":"484e4280-bca3-4ebe-bde7-d9371da0f528","pdfId":"test.pdf-2462","ready":false,"source":"starting","normalReady":false,"cutoverTs":null,"count":null,"calloutCount":null,"firstPaintGate":true},"survey":{"ready":false,"source":"supabase-highlight-starting","documentId":"484e4280-bca3-4ebe-bde7-d9371da0f528","pdfId":"test.pdf-2462"}}
[AnnotationHydrationGate][visual-cover] {"documentId":"484e4280-bca3-4ebe-bde7-d9371da0f528","pdfId":"test.pdf-2462","pageNumber":1,"active":true,"reason":"annotation-hydration-gated"}
[Phase31 UAT] backfill:effect {"hasYdoc":true,"docId":"484e4280-bca3-4ebe-bde7-d9371da0f528","userId":"170d915c-5741-4e0b-b03f-deaeedae27bd","alreadyRanFor":null,"willRun":true}
[Phase31 UAT] backfill:start {"hasYdoc":true,"hasSupabase":true,"documentId":"484e4280-bca3-4ebe-bde7-d9371da0f528","userId":"170d915c-5741-4e0b-b03f-deaeedae27bd","markCutoverComplete":true}
console.warn @ Realtime send() is automatically falling back to REST API. This behavior will be deprecated in the future. Please use httpSend() explicitly for REST delivery.
[PDFImport] skipped embedded PDF annotation import — cloud/Y.Doc is authoritative {"documentId":"484e4280-bca3-4ebe-bde7-d9371da0f528"}
[PDFCounterImport] summary {"marker":"survey-counter","metadataKey":"SurveyApp","counterAnnotationsImported":0,"plainCirclesImported":0,"counterMetadataParseFailures":0,"appCalloutMarker":"survey-callout","appCalloutMetadataKey":"SurveyAppCallout","appCalloutAnnotationsImported":0,"appCalloutPiecesSkipped":0}
[PrintPanel] RENDER — panel closed
[SVGAnnotationLayer] setRotInputVisible(false) reason=selectedIds.size !== 1
[DebugBridge +7246.2ms] pdf_loaded {"pageCount":3,"currentPage":1}
[CloudSync][hook] cutover-complete hydrate — reading from Y.Doc {"documentId":"484e4280-bca3-4ebe-bde7-d9371da0f528","cutoverTs":"2026-05-14T17:36:10.038+00:00"}
[Phase31 UAT] hydrate:cutover-sealed {"documentId":"484e4280-bca3-4ebe-bde7-d9371da0f528","pdfId":"test.pdf-2462","cutoverTs":"2026-05-14T17:36:10.038+00:00","yMapSize":9,"yMapCalloutsSize":0,"materializedTotal":9,"materializedCallouts":0,"materializedDrawnByMe":3,"materializedDrawnByOthers":6,"materializedImported":0,"pages":1,"perPage":{"1":9},"currentStateCount":3,"ydocLooksDegenerate":false}
[Phase31 UAT] hydrate:cutover-sealed:by-type {"documentId":"484e4280-bca3-4ebe-bde7-d9371da0f528","pdfFile":"test.pdf-2462","viewerUserId":"170d915c-5741-4e0b-b03f-deaeedae27bd","yMapTotal":9,"yMapCalloutsTotal":0,"yMapByType":{"path":5,"circle":4},"yMapByAuthor":{"byMe":3,"byOthers":0,"anonymous":6},"yMapByTypeByAuthor":{"path":{"byMe":3,"byOthers":0,"anonymous":2},"circle":{"byMe":0,"byOthers":0,"anonymous":4}},"yMapPerTypePerPage":{"path":{"unknown":5},"circle":{"unknown":4}},"byPageTotal":9,"byPageByType":{"path":5,"circle":4},"byPagePerPagePerType":{"1":{"path":5,"circle":4}}}
[CloudSync][hydrate] loadAllNonHighlightAnnotations start {"documentId":"484e4280-bca3-4ebe-bde7-d9371da0f528"}
[DebugBridge +7328.7ms] zoom_start {"scale":1.33333,"targetScale":0.88,"source":"zoomChange"}
[HIGHLIGHT-SYNC][load.legacy][pdf=test.pdf] {"documentId":"484e4280-bca3-4ebe-bde7-d9371da0f528","totalRows":2,"fabricCarryingDropped":0,"keptCount":2,"keptIds":["highlight-1778716720455-v6yqtbtb6","highlight-1778716760375-0nh9rsu7q"]}
[AnnotationHydrationGate][survey] supabase highlights complete {"documentId":"484e4280-bca3-4ebe-bde7-d9371da0f528","pdfId":"test.pdf-2462","count":2}
[Phase31 UAT] backfill:degeneracy-probe {"documentId":"484e4280-bca3-4ebe-bde7-d9371da0f528","userId":"170d915c-5741-4e0b-b03f-deaeedae27bd","yMapSize":9,"legacyCount":3,"probeOk":true,"tolerance":100,"yMapLooksHealthy":false,"dedupeRan":true,"lastGoodSize":133}
console.warn @ [crdtBackfill] cutover sealed but Y.Map < legacy count — re-running import loop to recover {"yMapSize":9,"legacyCount":3}
[AnnotationHydrationGate][first-page] {"documentId":"484e4280-bca3-4ebe-bde7-d9371da0f528","pdfId":"test.pdf-2462","pageNumber":1,"ready":false,"visualCoverActive":true,"normal":{"documentId":"484e4280-bca3-4ebe-bde7-d9371da0f528","pdfId":"test.pdf-2462","ready":false,"source":"starting","normalReady":false,"cutoverTs":null,"count":null,"calloutCount":null,"firstPaintGate":true},"survey":{"ready":true,"source":"supabase-highlight","documentId":"484e4280-bca3-4ebe-bde7-d9371da0f528","pdfId":"test.pdf-2462","count":2}}
[AnnotationHydrationGate][visual-cover] {"documentId":"484e4280-bca3-4ebe-bde7-d9371da0f528","pdfId":"test.pdf-2462","pageNumber":1,"active":true,"reason":"annotation-hydration-gated"}
[Phase31 UAT] backfill:select-loop start {"documentId":"484e4280-bca3-4ebe-bde7-d9371da0f528","userId":"170d915c-5741-4e0b-b03f-deaeedae27bd","pageSize":1000}
[Phase31 UAT] backfill:select-loop page ok {"documentId":"484e4280-bca3-4ebe-bde7-d9371da0f528","page":0,"range":[0,999],"pageRows":3,"totalSoFar":3,"pageElapsedMs":53}
[Phase31 UAT] backfill:done {"ranAs":"leader","documentId":"484e4280-bca3-4ebe-bde7-d9371da0f528","userId":"170d915c-5741-4e0b-b03f-deaeedae27bd","rowsFetched":3,"imported":3,"skipped":0,"yMapSizeAfter":10,"cutoverRequested":true,"cutoverCompleted":true,"importedByType":{"ink":3},"skippedByType":{}}
[CloudSync][hydrate] loadAllNonHighlightAnnotations ok {"elapsedMs":201,"totalRowsScanned":3,"scanned":{"nonHighlight":3,"legacyFabricHighlights":0},"totalRows":3,"rowsByType":{"ink":3},"pagesWithObjects":1,"calloutCount":0}
[CloudSync][verify] first read summary {"contextLabel":"cutover-source-of-truth","documentId":"484e4280-bca3-4ebe-bde7-d9371da0f528","elapsedMs":201,"firstFabricPages":1,"firstFabricObjects":3,"firstCallouts":0,"firstEmpty":false,"localFabricCount":9,"localCalloutCount":0,"localHasData":true,"willVerify":false}
[CloudSync][source-of-truth] cutover initial hydrate selected Supabase durable snapshot {"documentId":"484e4280-bca3-4ebe-bde7-d9371da0f528","pdfId":"test.pdf-2462","cutoverTs":"2026-05-14T17:36:10.038+00:00","ydocFabricCount":9,"ydocCalloutCount":0,"supabaseFabricCount":3,"supabaseCalloutCount":0,"rule":"Supabase durable snapshot wins initial load; Y.Doc is reshaped for live collaboration"}
[Phase31 UAT] save:fan-out done {"documentId":"484e4280-bca3-4ebe-bde7-d9371da0f528","pdfId":"test.pdf-2462","userId":"170d915c-5741-4e0b-b03f-deaeedae27bd","actionType":null,"dispatched":3,"yDocUpdateCount":3,"detected":3,"skippedHighlightOrCallout":0,"skippedOtherType":0,"rawTypeBreakdown":{"pen":3},"resolvedTypeBreakdown":{"ink":3},"skipReasons":{},"skipSamples":[],"yMapSizeAfter":3}
[CloudSync][hook] callout Y.Doc fan-out done {"documentId":"484e4280-bca3-4ebe-bde7-d9371da0f528","pdfId":"test.pdf-2462","userId":"170d915c-5741-4e0b-b03f-deaeedae27bd","actionType":"callout:delta","upserted":0,"deleted":0,"yDocUpdateCount":0,"yMapCalloutsSizeAfter":0}
[AnnotationHydrationGate][normal] {"documentId":"484e4280-bca3-4ebe-bde7-d9371da0f528","pdfId":"test.pdf-2462","ready":true,"source":"supabase-durable-snapshot","normalReady":true,"cutoverTs":"2026-05-14T17:36:10.038+00:00","count":3,"calloutCount":0,"firstPaintGate":true}
[AnnotationHydrationGate][first-page] {"documentId":"484e4280-bca3-4ebe-bde7-d9371da0f528","pdfId":"test.pdf-2462","pageNumber":1,"ready":true,"visualCoverActive":false,"normal":{"documentId":"484e4280-bca3-4ebe-bde7-d9371da0f528","pdfId":"test.pdf-2462","ready":true,"source":"supabase-durable-snapshot","normalReady":true,"cutoverTs":"2026-05-14T17:36:10.038+00:00","count":3,"calloutCount":0,"firstPaintGate":true},"survey":{"ready":true,"source":"supabase-highlight","documentId":"484e4280-bca3-4ebe-bde7-d9371da0f528","pdfId":"test.pdf-2462","count":2}}
[AnnotationHydrationGate][visual-cover] {"documentId":"484e4280-bca3-4ebe-bde7-d9371da0f528","pdfId":"test.pdf-2462","pageNumber":1,"active":false,"reason":"hydration-ready"}
[HyperlinkDiag] post-load scan {"hyperlinkCount":0,"samples":[]}
[HyperlinkDiag] page 1 layers {"hyperlinkChildren":0,"layerClasses":["DIV","e-spinner-pane e-spin-show","e-pv-page-canvas","DIV","e-pv-annotation-canvas","e-pv-text-layer"]}
[HyperlinkDiag] page 2 layers {"hyperlinkChildren":0,"layerClasses":["DIV","e-spinner-pane e-spin-show","e-pv-page-canvas","DIV","e-pv-annotation-canvas","e-pv-text-layer"]}
[HyperlinkDiag] page 3 layers {"hyperlinkChildren":0,"layerClasses":["DIV","e-spinner-pane e-spin-show","e-pv-page-canvas","DIV","e-pv-annotation-canvas","e-pv-text-layer"]}
[DebugBridge +8953.8ms] zoom_end {"source":"zoomChange_settle"}
[CloudSync][realtime] subscribing {"documentId":"484e4280-bca3-4ebe-bde7-d9371da0f528","currentUserId":"170d915c-5741-4e0b-b03f-deaeedae27bd","currentSessionId":"195f2469-90f8-4912-b0db-de3fe63d804c","hasFabricInsert":true,"hasFabricUpdate":true,"hasFabricDelete":true,"hasCalloutInsert":true,"hasCalloutUpdate":true,"hasCalloutDelete":true}
[CloudSync][realtime] subscribe status {"status":"SUBSCRIBED","error":null}
[Phase31 UAT] post-subscribe catch-up skipped — doc is cutover-sealed, Y.Doc + realtime is source of truth {"documentId":"484e4280-bca3-4ebe-bde7-d9371da0f528","pdfId":"test.pdf-2462","cutoverTs":"2026-05-14T17:36:10.038+00:00","ydocAuthoritative":true}
[Diag] tool-switch DETECTED → select (scheduling t+1000ms capture)
[PHASE35][marquee.filter][pdf=test.pdf] {"stage":"filtered","viewerId":"170d915c-5741-4e0b-b03f-deaeedae27bd","documentOwnerId":"170d915c-5741-4e0b-b03f-deaeedae27bd","role":"owner","hitsIn":3,"hitsOut":3,"droppedCount":0,"perAnnotation":[{"index":0,"present":true,"annotationId":"5c184332-b682-48ff-861b-a74b28916984","authorId":"170d915c-5741-4e0b-b03f-deaeedae27bd","type":"path","decision":"ALLOW"},{"index":1,"present":true,"annotationId":"2999e382-7891-4168-804c-634cbc838add","authorId":"170d915c-5741-4e0b-b03f-deaeedae27bd","type":"path","decision":"ALLOW"},{"index":2,"present":true,"annotationId":"1a463d16-e81e-4360-8d65-bda7d2148f83","authorId":"170d915c-5741-4e0b-b03f-deaeedae27bd","type":"path","decision":"ALLOW"}],"sameRefReturned":true}
[SVGAnnotationLayer] setRotInputVisible(false) reason=selectedIds.size !== 1
[Diag select] screenshot saved (116 KB) → /Users/isaiahcalvo/Desktop/Survey-BetaSafeS2/TestLogs/testlog-screenshot-select.png
[Diag select] CAPTURED @ t+1001ms — annotations=3 callouts=0 svgWrappers=1 svgVis=[visible] svgElems=3 svgVisElems=3 eraserCanvases=0 svgMarkupBytes=16731
[PreviewDiag] final commit {"surface":"App.handleSaveAnnotations","source":"object:modified","action":"delete","pageNumber":1,"objectDelta":-3,"previousObjectCount":3,"nextObjectCount":0,"changedObjectsCount":3,"checkpointPolicy":"normal"}
[CounterRenumber] skipped {"pageNumber":1,"source":"object:modified","action":"delete","reason":"non-numbering-save","preserveExistingCounters":true,"intentionalCounterChangeIds":[]}
[UndoDiag] {"seq":2,"order":1,"at":"2026-05-14T17:46:30.049Z","event":"local_annotation_history_added","actionType":"fabric:batch","rawActionType":"fabric:batch","annotationType":"path","annotationId":null,"annotationIds":["5c184332-b682-48ff-861b-a74b28916984","2999e382-7891-4168-804c-634cbc838add","1a463d16-e81e-4360-8d65-bda7d2148f83"],"pageNumber":1,"lane":"local annotation history","receivedStack":"localAnnotationUndo","chosenStack":null,"chosenLane":"local annotation history","decisionReason":null,"undoDepth":1,"redoDepth":0}
[SVGAnnotationLayer] setRotInputVisible(false) reason=selectedIds.size !== 1
console.warn @ [CloudSync][hook][state-obs] SHRINK {"prevCount":3,"currentCount":0,"delta":-3,"hydrated":true,"sameRefAsLastByPage":false,"stack":"    at commitHookEffectListMount (http://localhost:5173/node_modules/.vite/deps/chunk-DSUIPI7G.js?v=4844aadd:23793:34) |     at commitPassiveMountOnFiber (http://localhost:5173/node_modules/.vite/deps/chunk-DSUIPI7G.js?v=4844aadd:25034:19) |     at commitPassiveMountEffects_complete (http://localhost:5173/node_modules/.vite/deps/chunk-DSUIPI7G.js?v=4844aadd:25007:17) |     at commitPassiveMountEffects_begin (http://localhost:5173/node_modules/.vite/deps/chunk-DSUIPI7G.js?v=4844aadd:24997:15) |     at commitPassiveMountEffects (http://localhost:5173/node_modules/.vite/deps/chunk-DSUIPI7G.js?v=4844aadd:24987:11) |     at flushPassiveEffectsImpl (http://localhost:5173/node_modules/.vite/deps/chunk-DSUIPI7G.js?v=4844aadd:26368:11)"}
console.warn @ [CloudSync][hook][SUSPICIOUS] fabric push scheduled with WIPE diff {"priorObjects":3,"currentObjects":0,"priorPages":1,"currentPages":1,"priorRef":"object","currentRef":"object"}
[CloudSync][hook] fabric state changed — debounce push scheduled {"pageCount":1,"objectCount":0,"priorObjectCount":3,"isWipePush":true,"deferredUntilPointerUp":false,"debounceMs":800}
[CloudSync][status] transition {"from":"idle","to":"pending","kind":"fabric","phase":null,"count":null,"queued":false,"error":null}
[DrawCanvas p1] MOUNT — tool=pen, isShape=false, isDrawingMode=true
[DrawCanvas p1] shape effect — tool=pen, isShape=false, isDrawingMode=true
[CloudSync][hook] fabric push debounce elapsed — pushing now {"debounceMs":800,"debounceElapsedMs":801,"deferredQueuedMs":null,"actionType":"delete"}
[Phase31 UAT] save:start {"documentId":"484e4280-bca3-4ebe-bde7-d9371da0f528","pdfId":"test.pdf-2462","userId":"170d915c-5741-4e0b-b03f-deaeedae27bd","legacyBulkUpsertEnabled":false,"crdtEnabled":true,"ydocMounted":true,"route":"supabase-durable-then-crdt","currentTotal":0,"currentDrawnByMe":0,"currentDrawnByOthers":0,"currentImported":0,"priorTotal":3,"priorDrawnByMe":0,"priorImported":0,"deltaTotal":-3}
[CloudSync][status] transition {"from":"pending","to":"syncing","kind":"fabric","phase":null,"count":null,"queued":false,"error":null}
[CloudSync][hook] explicit fabric delete ids accepted {"source":"fabric-save-action","action":"delete","count":3,"firstFew":["5c184332-b682-48ff-861b-a74b28916984","2999e382-7891-4168-804c-634cbc838add","1a463d16-e81e-4360-8d65-bda7d2148f83"]}
[CloudSync][delta] fabric prepared {"actionType":"delete","changedIds":[],"deletedIds":["5c184332-b682-48ff-861b-a74b28916984","2999e382-7891-4168-804c-634cbc838add","1a463d16-e81e-4360-8d65-bda7d2148f83"],"changedObjectCount":0,"changedCount":0,"dispatchedCount":3,"supabaseUpsertCount":0,"yDocUpdateCount":0,"debounceMs":800,"debounceElapsedMs":801,"fullFanOutReason":null,"totalObjectCount":0,"priorObjectCount":3,"preciseSource":null,"preciseDeletedCount":null,"preciseChangedCount":null}
[CloudSync][hook] eraser/delete detected — removing rows from cloud {"count":3,"firstFew":["5c184332-b682-48ff-861b-a74b28916984","2999e382-7891-4168-804c-634cbc838add","1a463d16-e81e-4360-8d65-bda7d2148f83"]}
[CloudSync] deleteAnnotations ok {"documentId":"484e4280-bca3-4ebe-bde7-d9371da0f528","count":3,"chunks":1}
[UndoDiag] {"seq":5,"order":null,"at":"2026-05-14T17:46:30.949Z","event":"yjs_history_added","actionType":"undo","rawActionType":"undo","annotationType":"fabric","annotationId":"5c184332-b682-48ff-861b-a74b28916984","pageNumber":null,"lane":"Yjs/CRDT history","receivedStack":"yjsUndoStack","chosenStack":null,"chosenLane":"Yjs/CRDT history","decisionReason":null,"undoDepth":1,"redoDepth":0}
[UndoDiag] {"seq":6,"order":null,"at":"2026-05-14T17:46:30.949Z","event":"yjs_history_added","actionType":"undo","rawActionType":"undo","annotationType":"fabric","annotationId":"2999e382-7891-4168-804c-634cbc838add","pageNumber":null,"lane":"Yjs/CRDT history","receivedStack":"yjsUndoStack","chosenStack":null,"chosenLane":"Yjs/CRDT history","decisionReason":null,"undoDepth":2,"redoDepth":0}
[UndoDiag] {"seq":7,"order":null,"at":"2026-05-14T17:46:30.950Z","event":"yjs_history_added","actionType":"undo","rawActionType":"undo","annotationType":"fabric","annotationId":"1a463d16-e81e-4360-8d65-bda7d2148f83","pageNumber":null,"lane":"Yjs/CRDT history","receivedStack":"yjsUndoStack","chosenStack":null,"chosenLane":"Yjs/CRDT history","decisionReason":null,"undoDepth":3,"redoDepth":0}
[Phase31 UAT] delete:fan-out done {"documentId":"484e4280-bca3-4ebe-bde7-d9371da0f528","pdfId":"test.pdf-2462","userId":"170d915c-5741-4e0b-b03f-deaeedae27bd","actionType":"delete","requested":3,"deleted":3,"yDocUpdateCount":3,"yMapSizeAfter":0}
[CloudSync][push] upsertAnnotationsByPage: nothing to push (0 rows) {"documentId":"484e4280-bca3-4ebe-bde7-d9371da0f528","pdfId":"test.pdf-2462"}
[Phase31 UAT] save:fan-out done {"documentId":"484e4280-bca3-4ebe-bde7-d9371da0f528","pdfId":"test.pdf-2462","userId":"170d915c-5741-4e0b-b03f-deaeedae27bd","actionType":"delete","dispatched":0,"yDocUpdateCount":0,"detected":0,"skippedHighlightOrCallout":0,"skippedOtherType":0,"rawTypeBreakdown":{},"resolvedTypeBreakdown":{},"skipReasons":{},"skipSamples":[],"yMapSizeAfter":0}
[CloudSync][hook] fabric push synced {"count":0}
[PreviewDiag] sync push {"kind":"fabric","count":1,"changedObjectCount":0,"deletedCount":3,"pageCount":0}
[CloudSync][status] transition {"from":"syncing","to":"synced","kind":"fabric","phase":null,"count":0,"queued":false,"error":null}
[CloudSync][realtime] applying DELETE {"payloadKeys":["id"]}
[Phase31 UAT] delete-fallback refetch skipped — doc is cutover-sealed, Y.Doc + realtime is source of truth {"documentId":"484e4280-bca3-4ebe-bde7-d9371da0f528","pdfId":"test.pdf-2462","cutoverTs":"2026-05-14T17:36:10.038+00:00","ydocAuthoritative":true}
[CloudSync][realtime] applying DELETE {"payloadKeys":["id"]}
[Phase31 UAT] delete-fallback refetch skipped — doc is cutover-sealed, Y.Doc + realtime is source of truth {"documentId":"484e4280-bca3-4ebe-bde7-d9371da0f528","pdfId":"test.pdf-2462","cutoverTs":"2026-05-14T17:36:10.038+00:00","ydocAuthoritative":true}
[CloudSync][realtime] applying DELETE {"payloadKeys":["id"]}
[Phase31 UAT] delete-fallback refetch skipped — doc is cutover-sealed, Y.Doc + realtime is source of truth {"documentId":"484e4280-bca3-4ebe-bde7-d9371da0f528","pdfId":"test.pdf-2462","cutoverTs":"2026-05-14T17:36:10.038+00:00","ydocAuthoritative":true}
[PreviewDiag] start {"pointerDown":true,"surface":"FabricDrawingCanvas","tool":"pen","type":"path","action":"pen-stroke","pageNumber":1,"annotationId":null}
[PreviewDiag] preview {"id":"gesture-1","frames":1,"pointerDown":true,"surface":"FabricDrawingCanvas","tool":"pen","type":"path","action":"pen-stroke","pageNumber":1,"annotationId":null}
[PreviewDiag] preview {"id":"gesture-1","frames":25,"pointerDown":true,"surface":"FabricDrawingCanvas","tool":"pen","type":"path","action":"pen-stroke","pageNumber":1,"annotationId":null}
[PreviewDiag] pointer release {"id":"gesture-1","frames":36,"pointerDown":false,"surface":"FabricDrawingCanvas","tool":"pen","type":"path","action":"pen-stroke","pageNumber":1,"annotationId":"07a61924-b448-4317-aa4a-098cbbf28dcd"}
[PreviewDiag] final commit {"id":"gesture-1","commits":1,"pointerDown":false,"surface":"App.handleSaveAnnotations","tool":"pen","type":"path","action":"path:created","pageNumber":1,"annotationId":"07a61924-b448-4317-aa4a-098cbbf28dcd","source":"path:created","objectDelta":1,"previousObjectCount":0,"nextObjectCount":1,"changedObjectsCount":1,"checkpointPolicy":"normal"}
[CounterRenumber] skipped {"pageNumber":1,"source":"path:created","action":"path:created","reason":"non-numbering-save","preserveExistingCounters":true,"intentionalCounterChangeIds":[]}
[UndoDiag] {"seq":8,"order":2,"at":"2026-05-14T17:46:31.866Z","event":"local_annotation_history_added","actionType":"create","rawActionType":"fabric:create","annotationType":"path","annotationId":"07a61924-b448-4317-aa4a-098cbbf28dcd","pageNumber":1,"lane":"local annotation history","receivedStack":"localAnnotationUndo","chosenStack":null,"chosenLane":"local annotation history","decisionReason":null,"undoDepth":2,"redoDepth":0}
[CloudSync][hook] fabric state changed — debounce push scheduled {"pageCount":1,"objectCount":1,"priorObjectCount":0,"isWipePush":false,"deferredUntilPointerUp":false,"debounceMs":800}
[CloudSync][status] transition {"from":"synced","to":"pending","kind":"fabric","phase":null,"count":null,"queued":false,"error":null}
[CloudSync][hook] fabric push debounce elapsed — pushing now {"debounceMs":800,"debounceElapsedMs":801,"deferredQueuedMs":null,"actionType":"path:created"}
[Phase31 UAT] save:start {"documentId":"484e4280-bca3-4ebe-bde7-d9371da0f528","pdfId":"test.pdf-2462","userId":"170d915c-5741-4e0b-b03f-deaeedae27bd","legacyBulkUpsertEnabled":false,"crdtEnabled":true,"ydocMounted":true,"route":"supabase-durable-then-crdt","currentTotal":1,"currentDrawnByMe":0,"currentDrawnByOthers":1,"currentImported":0,"priorTotal":0,"priorDrawnByMe":0,"priorImported":0,"deltaTotal":1}
[CloudSync][status] transition {"from":"pending","to":"syncing","kind":"fabric","phase":null,"count":null,"queued":false,"error":null}
[CloudSync][delta] fabric prepared {"actionType":"path:created","changedIds":["07a61924-b448-4317-aa4a-098cbbf28dcd"],"deletedIds":[],"changedObjectCount":1,"changedCount":1,"dispatchedCount":1,"supabaseUpsertCount":1,"yDocUpdateCount":1,"debounceMs":800,"debounceElapsedMs":801,"fullFanOutReason":null,"totalObjectCount":1,"priorObjectCount":0,"preciseSource":null,"preciseDeletedCount":null,"preciseChangedCount":null}
[CloudSync][push] upsertAnnotationsByPage start {"documentId":"484e4280-bca3-4ebe-bde7-d9371da0f528","pdfId":"test.pdf-2462","userId":"170d915c-5741-4e0b-b03f-deaeedae27bd","actionType":"path:created","changedIds":["07a61924-b448-4317-aa4a-098cbbf28dcd"],"changedCount":1,"dispatchedCount":1,"supabaseUpsertCount":1,"debounceMs":800,"debounceElapsedMs":801,"fullFanOutReason":null,"totalRows":1,"userDrawnObjects":1,"importedObjects":0,"rowsByType":{"ink":1},"pages":1}
[CloudSync][realtime] echo-filtered INSERT {"highlightId":"07a61924-b448-4317-aa4a-098cbbf28dcd","annotationType":"ink","lastModifiedBy":"170d915c-5741-4e0b-b03f-deaeedae27bd","rowSessionId":"195f2469-90f8-4912-b0db-de3fe63d804c","currentSessionId":"195f2469-90f8-4912-b0db-de3fe63d804c","reason":"same-session"}
[CloudSync][push] upsertAnnotationsByPage ok {"elapsedMs":207,"pdfId":"test.pdf-2462","actionType":"path:created","supabaseUpsertCount":1,"rowsReturned":1}
[UndoDiag] {"seq":11,"order":null,"at":"2026-05-14T17:46:32.878Z","event":"yjs_history_added","actionType":"undo","rawActionType":"undo","annotationType":null,"annotationId":null,"pageNumber":null,"lane":"Yjs/CRDT history","receivedStack":"yjsUndoStack","chosenStack":null,"chosenLane":"Yjs/CRDT history","decisionReason":null,"undoDepth":4,"redoDepth":0}
[Phase31 UAT] save:fan-out done {"documentId":"484e4280-bca3-4ebe-bde7-d9371da0f528","pdfId":"test.pdf-2462","userId":"170d915c-5741-4e0b-b03f-deaeedae27bd","actionType":"path:created","dispatched":1,"yDocUpdateCount":1,"detected":1,"skippedHighlightOrCallout":0,"skippedOtherType":0,"rawTypeBreakdown":{"pen":1},"resolvedTypeBreakdown":{"ink":1},"skipReasons":{},"skipSamples":[],"yMapSizeAfter":1}
[CloudSync][hook] fabric push synced {"count":1}
[PreviewDiag] sync push {"gestureId":"gesture-1","totalAfterRelease":1,"kind":"fabric","count":1,"changedObjectCount":1,"deletedCount":0,"pageCount":1}
[CloudSync][status] transition {"from":"syncing","to":"synced","kind":"fabric","phase":null,"count":1,"queued":false,"error":null}
[PreviewDiag] summary path:created started, 49 preview frames, 0 sync writes during drag, 0 sync deferrals during drag, 0 backup writes during drag, 1 commit on release, 1 sync push after release, 0 backup writes after release {"id":"gesture-1","durationMs":2846.8,"pointerDown":false,"surface":"App.handleSaveAnnotations","tool":"pen","type":"path","action":"path:created","pageNumber":1,"annotationId":"07a61924-b448-4317-aa4a-098cbbf28dcd","source":"path:created","objectDelta":1,"previousObjectCount":0,"nextObjectCount":1,"changedObjectsCount":1,"checkpointPolicy":"normal","reason":"settled"}
[PDFSaveExport] action start {"actionType":"pdf-export","documentId":"484e4280-bca3-4ebe-bde7-d9371da0f528","supabaseAnnotationSaveRan":false,"pdfBytesGenerated":false,"localFilesystemWrite":false,"outputPath":null,"annotationCountsByType":{"path":1,"highlight":2},"annotationCountSummary":{"totalObjects":1,"calloutCount":0,"highlightCount":2,"importedPdfObjects":0,"byType":{"path":1,"highlight":2}},"embeddedPdfNativeAnnotationHandling":"preserve-native-layer-and-skip-imported-app-copies","note":"Explicit export generates a PDF copy. Imported PDF-native annotations remain in the source PDF and their app-imported copies are skipped during export to avoid duplication."}
[PDFImportedEditExport] summary {"actionType":"pdf-export","documentId":"484e4280-bca3-4ebe-bde7-d9371da0f528","importedNativeCopiesSkipped":0,"editedImportedCopiesExported":0,"editedImportedNativeCopiesRemoved":0,"editedImportedNativeCopiesRemoveMisses":0,"reason":"unedited imported PDF-native app copies are skipped because the source PDF already contains the native annotation; edited imported copies are exported from app state and matching native annotations are removed when identifiable."}
[PDFSaveExport] pdf bytes generated {"actionType":"pdf-export","documentId":"484e4280-bca3-4ebe-bde7-d9371da0f528","pdfBytesGenerated":true,"byteLength":5006,"exportContract":{"version":1,"defaultScope":"all-app-created-annotations-for-document","includedScopes":["canvas","survey","region","survey-region"],"importedPdfNativeHandling":"preserve-unedited-native-annots-skip-unedited-imported-copies-export-edited-imported-copies","visibilityHandling":"export-all-app-created-annotations-independent-of-current-ui-visibility"},"exportDiagnostics":{"totalObjectsConsidered":3,"objectsExported":3,"objectsSkipped":0,"pdfAnnotationsAdded":3,"importedNativeCopiesSkipped":0,"editedImportedCopiesExported":0,"editedImportedNativeCopiesRemoved":0,"editedImportedNativeCopiesRemoveMisses":0,"byScope":{"canvas":1,"survey":2},"byType":{"path":1,"highlight":2},"bySource":{"fabric":1,"survey-highlight":2},"byRegion":{},"bySpace":{},"bySurvey":{"module-1763727070665-0.5714253201980415":2},"skippedByReason":{},"skipped":[]},"appObjectsSeen":3,"pdfAnnotationsAdded":3,"annotationCountsByType":{"path":1,"highlight":2},"annotationCountsByScope":{"canvas":1,"survey":2},"annotationCountsBySource":{"fabric":1,"survey-highlight":2},"annotationSkippedByReason":{},"embeddedPdfNativeAnnotationHandling":"preserve-unedited-native-annots-skip-unedited-imported-copies-export-edited-imported-copies","importedAppAnnotationsSkipped":0,"editedImportedAppAnnotationsExported":0,"editedImportedNativeAnnotationsRemoved":0,"editedImportedNativeAnnotationRemoveMisses":0,"countersExported":0,"counterMetadataMarker":"survey-counter","counterMetadataKeys":["SurveyApp","Subj","NM","Contents"],"counterMetadataFailures":0,"localFilesystemWrite":false,"outputPath":null}
[Phase31 UAT] focus rehydrate skipped — doc is cutover-sealed, Y.Doc + realtime is source of truth {"documentId":"484e4280-bca3-4ebe-bde7-d9371da0f528","pdfId":"test.pdf-2462","cutoverTs":"2026-05-14T17:36:10.038+00:00","ydocAuthoritative":true}
[PDFSaveExport] action complete {"actionType":"pdf-export","documentId":"484e4280-bca3-4ebe-bde7-d9371da0f528","supabaseAnnotationSaveRan":false,"pdfBytesGenerated":true,"localFilesystemWrite":true,"outputPath":"/Users/isaiahcalvo/Desktop/1.pdf","annotationCountsByType":{"path":1,"highlight":2},"annotationCountSummary":{"totalObjects":1,"calloutCount":0,"highlightCount":2,"importedPdfObjects":0,"byType":{"path":1,"highlight":2}},"embeddedPdfNativeAnnotationHandling":"preserve-native-layer-and-skip-imported-app-copies"}
[Phase31 UAT] focus rehydrate skipped — doc is cutover-sealed, Y.Doc + realtime is source of truth {"documentId":"484e4280-bca3-4ebe-bde7-d9371da0f528","pdfId":"test.pdf-2462","cutoverTs":"2026-05-14T17:36:10.038+00:00","ydocAuthoritative":true}
[CloudSync][realtime] unsubscribing {"documentId":"484e4280-bca3-4ebe-bde7-d9371da0f528"}
[CloudSync][realtime] subscribe status {"status":"CLOSED","error":null}
[CloudSync][hook] session id minted {"sessionId":"00b8b69d-2933-4792-93a0-4ce36c5861a4"}
[CloudSync][hook] session id minted {"sessionId":"59d489aa-c9b5-4ccc-b5f1-ac738d5a9ea6"}
[CloudSync][hook][state-obs] annotationsByPage initial {"currentCount":0,"pages":0,"hydrated":false}
[CloudSync][hook][state-obs] callouts initial {"currentCount":0,"hydrated":false}
[CloudSync][hook] hydrate effect fired {"enabled":false,"hydrateEnabled":true,"documentId":"484e4280-bca3-4ebe-bde7-d9371da0f528","userId":"170d915c-5741-4e0b-b03f-deaeedae27bd","pdfId":null}
[CloudSync][hook] hydrate skipped — missing prerequisite {"hydrateEnabled":true,"hasDocumentId":true,"hasUserId":true,"hasPdfId":false}
[AnnotationHydrationGate][normal] {"documentId":"484e4280-bca3-4ebe-bde7-d9371da0f528","pdfId":null,"ready":false,"source":"missing-prerequisite","normalReady":false,"cutoverTs":null,"count":null,"calloutCount":null,"firstPaintGate":true}
[AnnotationHydrationGate][first-page] {"documentId":"484e4280-bca3-4ebe-bde7-d9371da0f528","pdfId":null,"pageNumber":1,"ready":false,"visualCoverActive":true,"normal":{"documentId":"484e4280-bca3-4ebe-bde7-d9371da0f528","pdfId":null,"ready":false,"source":"pending","firstPaintGate":true},"survey":{"ready":true,"source":"local"}}
[AnnotationHydrationGate][visual-cover] {"documentId":"484e4280-bca3-4ebe-bde7-d9371da0f528","pdfId":null,"pageNumber":1,"active":true,"reason":"annotation-hydration-gated"}
[Cloud render cache] doc=test.pdf-2462 painting verified cloud snapshot immediately — count=1.
[CSeries wipe] doc=test.pdf-2462 totalCounters=0 legacyRemoved=0 — nothing to wipe.
[Phase31 UAT] backfill:effect {"hasYdoc":true,"docId":"484e4280-bca3-4ebe-bde7-d9371da0f528","userId":null,"alreadyRanFor":null,"willRun":false}
[CloudSync][hook][state-obs] annotationsByPage initial {"currentCount":0,"pages":0,"hydrated":false}
[CloudSync][hook][state-obs] callouts initial {"currentCount":0,"hydrated":false}
[CloudSync][hook] hydrate effect fired {"enabled":false,"hydrateEnabled":false,"documentId":null,"userId":"170d915c-5741-4e0b-b03f-deaeedae27bd","pdfId":null}
[CloudSync][hook] hydrate skipped — missing prerequisite {"hydrateEnabled":false,"hasDocumentId":false,"hasUserId":true,"hasPdfId":false}
[AnnotationHydrationGate][normal] {"documentId":null,"pdfId":null,"ready":true,"source":"disabled","normalReady":true,"cutoverTs":null,"count":null,"calloutCount":null,"firstPaintGate":true}
[CSeries wipe] doc=1.pdf-5006 totalCounters=0 legacyRemoved=0 — nothing to wipe.
[CloudSync][hook] hydrate effect fired {"enabled":false,"hydrateEnabled":true,"documentId":"484e4280-bca3-4ebe-bde7-d9371da0f528","userId":"170d915c-5741-4e0b-b03f-deaeedae27bd","pdfId":"test.pdf-2462"}
[AnnotationHydrationGate][normal] {"documentId":"484e4280-bca3-4ebe-bde7-d9371da0f528","pdfId":"test.pdf-2462","ready":false,"source":"starting","normalReady":false,"cutoverTs":null,"count":null,"calloutCount":null,"firstPaintGate":true}
[CloudSync][hook] stage=hydrating
[AnnotationHydrationGate][first-page] {"documentId":"484e4280-bca3-4ebe-bde7-d9371da0f528","pdfId":"test.pdf-2462","pageNumber":1,"ready":false,"visualCoverActive":true,"normal":{"documentId":"484e4280-bca3-4ebe-bde7-d9371da0f528","pdfId":null,"ready":false,"source":"missing-prerequisite","normalReady":false,"cutoverTs":null,"count":null,"calloutCount":null,"firstPaintGate":true},"survey":{"ready":false,"source":"supabase-highlight-starting","documentId":"484e4280-bca3-4ebe-bde7-d9371da0f528","pdfId":"test.pdf-2462"}}
[AnnotationHydrationGate][visual-cover] {"documentId":"484e4280-bca3-4ebe-bde7-d9371da0f528","pdfId":"test.pdf-2462","pageNumber":1,"active":true,"reason":"annotation-hydration-gated"}
[CloudSync][hook] hydrate effect fired {"enabled":false,"hydrateEnabled":false,"documentId":null,"userId":"170d915c-5741-4e0b-b03f-deaeedae27bd","pdfId":"1.pdf-5006"}
[CloudSync][hook] hydrate skipped — missing prerequisite {"hydrateEnabled":false,"hasDocumentId":false,"hasUserId":true,"hasPdfId":true}
[AnnotationHydrationGate][normal] {"documentId":null,"pdfId":"1.pdf-5006","ready":true,"source":"disabled","normalReady":true,"cutoverTs":null,"count":null,"calloutCount":null,"firstPaintGate":true}
[PreviewDiag] backup write {"kind":"callout-localStorage","count":1,"calloutCount":0,"bytes":2}
[AnnotationHydrationGate][first-page] {"documentId":"484e4280-bca3-4ebe-bde7-d9371da0f528","pdfId":"test.pdf-2462","pageNumber":1,"ready":false,"visualCoverActive":true,"normal":{"documentId":"484e4280-bca3-4ebe-bde7-d9371da0f528","pdfId":"test.pdf-2462","ready":false,"source":"starting","normalReady":false,"cutoverTs":null,"count":null,"calloutCount":null,"firstPaintGate":true},"survey":{"ready":false,"source":"supabase-highlight-starting","documentId":"484e4280-bca3-4ebe-bde7-d9371da0f528","pdfId":"test.pdf-2462"}}
[AnnotationHydrationGate][visual-cover] {"documentId":"484e4280-bca3-4ebe-bde7-d9371da0f528","pdfId":"test.pdf-2462","pageNumber":1,"active":true,"reason":"annotation-hydration-gated"}
[Phase31 UAT] backfill:effect {"hasYdoc":true,"docId":"484e4280-bca3-4ebe-bde7-d9371da0f528","userId":"170d915c-5741-4e0b-b03f-deaeedae27bd","alreadyRanFor":null,"willRun":true}
[Phase31 UAT] backfill:start {"hasYdoc":true,"hasSupabase":true,"documentId":"484e4280-bca3-4ebe-bde7-d9371da0f528","userId":"170d915c-5741-4e0b-b03f-deaeedae27bd","markCutoverComplete":true}
[HIGHLIGHT-SYNC][load.legacy][pdf=test.pdf] {"documentId":"484e4280-bca3-4ebe-bde7-d9371da0f528","totalRows":2,"fabricCarryingDropped":0,"keptCount":2,"keptIds":["highlight-1778716720455-v6yqtbtb6","highlight-1778716760375-0nh9rsu7q"]}
[AnnotationHydrationGate][survey] supabase highlights complete {"documentId":"484e4280-bca3-4ebe-bde7-d9371da0f528","pdfId":"test.pdf-2462","count":2}
[AnnotationHydrationGate][first-page] {"documentId":"484e4280-bca3-4ebe-bde7-d9371da0f528","pdfId":"test.pdf-2462","pageNumber":1,"ready":false,"visualCoverActive":true,"normal":{"documentId":"484e4280-bca3-4ebe-bde7-d9371da0f528","pdfId":"test.pdf-2462","ready":false,"source":"starting","normalReady":false,"cutoverTs":null,"count":null,"calloutCount":null,"firstPaintGate":true},"survey":{"ready":true,"source":"supabase-highlight","documentId":"484e4280-bca3-4ebe-bde7-d9371da0f528","pdfId":"test.pdf-2462","count":2}}
[AnnotationHydrationGate][visual-cover] {"documentId":"484e4280-bca3-4ebe-bde7-d9371da0f528","pdfId":"test.pdf-2462","pageNumber":1,"active":true,"reason":"annotation-hydration-gated"}
[CloudSync][hook] cutover-complete hydrate — reading from Y.Doc {"documentId":"484e4280-bca3-4ebe-bde7-d9371da0f528","cutoverTs":"2026-05-14T17:46:26.392+00:00"}
[Phase31 UAT] hydrate:cutover-sealed {"documentId":"484e4280-bca3-4ebe-bde7-d9371da0f528","pdfId":"test.pdf-2462","cutoverTs":"2026-05-14T17:46:26.392+00:00","yMapSize":1,"yMapCalloutsSize":0,"materializedTotal":1,"materializedCallouts":0,"materializedDrawnByMe":1,"materializedDrawnByOthers":0,"materializedImported":0,"pages":1,"perPage":{"1":1},"currentStateCount":1,"ydocLooksDegenerate":false}
[Phase31 UAT] hydrate:cutover-sealed:by-type {"documentId":"484e4280-bca3-4ebe-bde7-d9371da0f528","pdfFile":"test.pdf-2462","viewerUserId":"170d915c-5741-4e0b-b03f-deaeedae27bd","yMapTotal":1,"yMapCalloutsTotal":0,"yMapByType":{"path":1},"yMapByAuthor":{"byMe":1,"byOthers":0,"anonymous":0},"yMapByTypeByAuthor":{"path":{"byMe":1,"byOthers":0,"anonymous":0}},"yMapPerTypePerPage":{"path":{"unknown":1}},"byPageTotal":1,"byPageByType":{"path":1},"byPagePerPagePerType":{"1":{"path":1}}}
[CloudSync][hydrate] loadAllNonHighlightAnnotations start {"documentId":"484e4280-bca3-4ebe-bde7-d9371da0f528"}
[PDFImport] skipped embedded PDF annotation import — cloud/Y.Doc is authoritative {"documentId":"484e4280-bca3-4ebe-bde7-d9371da0f528"}
[PDFCounterImport] summary {"marker":"survey-counter","metadataKey":"SurveyApp","counterAnnotationsImported":0,"plainCirclesImported":0,"counterMetadataParseFailures":0,"appCalloutMarker":"survey-callout","appCalloutMetadataKey":"SurveyAppCallout","appCalloutAnnotationsImported":0,"appCalloutPiecesSkipped":0}
[PrintPanel] RENDER — panel closed
[PDFCounterImport] summary {"marker":"survey-counter","metadataKey":"SurveyApp","counterAnnotationsImported":0,"plainCirclesImported":0,"counterMetadataParseFailures":0,"appCalloutMarker":"survey-callout","appCalloutMetadataKey":"SurveyAppCallout","appCalloutAnnotationsImported":0,"appCalloutPiecesSkipped":0}
[PrintPanel] RENDER — panel closed
[SVGAnnotationLayer] setRotInputVisible(false) reason=selectedIds.size !== 1
[CloudSync][hook] fabric push skipped — not hydrated yet
[CloudSync][hook] callout push skipped — not hydrated yet
[CloudSync][realtime] subscribing {"documentId":"484e4280-bca3-4ebe-bde7-d9371da0f528","currentUserId":"170d915c-5741-4e0b-b03f-deaeedae27bd","currentSessionId":"00b8b69d-2933-4792-93a0-4ce36c5861a4","hasFabricInsert":true,"hasFabricUpdate":true,"hasFabricDelete":true,"hasCalloutInsert":true,"hasCalloutUpdate":true,"hasCalloutDelete":true}
[SVGAnnotationLayer] setRotInputVisible(false) reason=selectedIds.size !== 1
[DebugBridge +30263.6ms] pdf_loaded {"pageCount":3,"currentPage":1}
[DebugBridge +30304.3ms] pdf_loaded {"pageCount":3,"currentPage":1}
[DebugBridge +30391.3ms] zoom_start {"scale":0.1,"targetScale":0.88,"source":"zoomChange"}
[CloudSync][realtime] subscribe status {"status":"SUBSCRIBED","error":null}
[Phase31 UAT] post-subscribe catch-up skipped — doc is cutover-sealed, Y.Doc + realtime is source of truth {"documentId":"484e4280-bca3-4ebe-bde7-d9371da0f528","pdfId":"test.pdf-2462","cutoverTs":"2026-05-14T17:46:26.392+00:00","ydocAuthoritative":true}
[Phase31 UAT] backfill:degeneracy-probe {"documentId":"484e4280-bca3-4ebe-bde7-d9371da0f528","userId":"170d915c-5741-4e0b-b03f-deaeedae27bd","yMapSize":1,"legacyCount":1,"probeOk":true,"tolerance":100,"yMapLooksHealthy":false,"dedupeRan":true,"lastGoodSize":133}
console.warn @ [crdtBackfill] cutover sealed but Y.Map < legacy count — re-running import loop to recover {"yMapSize":1,"legacyCount":1}
[Phase31 UAT] backfill:select-loop start {"documentId":"484e4280-bca3-4ebe-bde7-d9371da0f528","userId":"170d915c-5741-4e0b-b03f-deaeedae27bd","pageSize":1000}
[CloudSync][hydrate] loadAllNonHighlightAnnotations ok {"elapsedMs":428,"totalRowsScanned":1,"scanned":{"nonHighlight":1,"legacyFabricHighlights":0},"totalRows":1,"rowsByType":{"ink":1},"pagesWithObjects":1,"calloutCount":0}
[CloudSync][verify] first read summary {"contextLabel":"cutover-source-of-truth","documentId":"484e4280-bca3-4ebe-bde7-d9371da0f528","elapsedMs":429,"firstFabricPages":1,"firstFabricObjects":1,"firstCallouts":0,"firstEmpty":false,"localFabricCount":1,"localCalloutCount":0,"localHasData":true,"willVerify":false}
[CloudSync][source-of-truth] cutover initial hydrate selected Supabase durable snapshot {"documentId":"484e4280-bca3-4ebe-bde7-d9371da0f528","pdfId":"test.pdf-2462","cutoverTs":"2026-05-14T17:46:26.392+00:00","ydocFabricCount":1,"ydocCalloutCount":0,"supabaseFabricCount":1,"supabaseCalloutCount":0,"rule":"Supabase durable snapshot wins initial load; Y.Doc is reshaped for live collaboration"}
[Phase31 UAT] save:fan-out done {"documentId":"484e4280-bca3-4ebe-bde7-d9371da0f528","pdfId":"test.pdf-2462","userId":"170d915c-5741-4e0b-b03f-deaeedae27bd","actionType":null,"dispatched":1,"yDocUpdateCount":1,"detected":1,"skippedHighlightOrCallout":0,"skippedOtherType":0,"rawTypeBreakdown":{"pen":1},"resolvedTypeBreakdown":{"ink":1},"skipReasons":{},"skipSamples":[],"yMapSizeAfter":1}
[CloudSync][hook] callout Y.Doc fan-out done {"documentId":"484e4280-bca3-4ebe-bde7-d9371da0f528","pdfId":"test.pdf-2462","userId":"170d915c-5741-4e0b-b03f-deaeedae27bd","actionType":"callout:delta","upserted":0,"deleted":0,"yDocUpdateCount":0,"yMapCalloutsSizeAfter":0}
[AnnotationHydrationGate][normal] {"documentId":"484e4280-bca3-4ebe-bde7-d9371da0f528","pdfId":"test.pdf-2462","ready":true,"source":"supabase-durable-snapshot","normalReady":true,"cutoverTs":"2026-05-14T17:46:26.392+00:00","count":1,"calloutCount":0,"firstPaintGate":true}
[AnnotationHydrationGate][first-page] {"documentId":"484e4280-bca3-4ebe-bde7-d9371da0f528","pdfId":"test.pdf-2462","pageNumber":1,"ready":true,"visualCoverActive":false,"normal":{"documentId":"484e4280-bca3-4ebe-bde7-d9371da0f528","pdfId":"test.pdf-2462","ready":true,"source":"supabase-durable-snapshot","normalReady":true,"cutoverTs":"2026-05-14T17:46:26.392+00:00","count":1,"calloutCount":0,"firstPaintGate":true},"survey":{"ready":true,"source":"supabase-highlight","documentId":"484e4280-bca3-4ebe-bde7-d9371da0f528","pdfId":"test.pdf-2462","count":2}}
[AnnotationHydrationGate][visual-cover] {"documentId":"484e4280-bca3-4ebe-bde7-d9371da0f528","pdfId":"test.pdf-2462","pageNumber":1,"active":false,"reason":"hydration-ready"}
[Phase31 UAT] backfill:select-loop page ok {"documentId":"484e4280-bca3-4ebe-bde7-d9371da0f528","page":0,"range":[0,999],"pageRows":1,"totalSoFar":1,"pageElapsedMs":63}
[Phase31 UAT] backfill:done {"ranAs":"leader","documentId":"484e4280-bca3-4ebe-bde7-d9371da0f528","userId":"170d915c-5741-4e0b-b03f-deaeedae27bd","rowsFetched":1,"imported":1,"skipped":0,"yMapSizeAfter":1,"cutoverRequested":true,"cutoverCompleted":true,"importedByType":{"ink":1},"skippedByType":{}}
[HyperlinkDiag] post-load scan {"hyperlinkCount":0,"samples":[]}
[HyperlinkDiag] page 1 layers {"hyperlinkChildren":0,"layerClasses":["e-spinner-pane e-spin-hide","e-pv-page-canvas","e-pv-text-layer","DIV"]}
[HyperlinkDiag] page 2 layers {"hyperlinkChildren":0,"layerClasses":["e-spinner-pane e-spin-hide","e-pv-page-canvas","e-pv-text-layer","DIV"]}
[HyperlinkDiag] page 3 layers {"hyperlinkChildren":0,"layerClasses":["e-spinner-pane e-spin-hide","e-pv-page-canvas","e-pv-text-layer","DIV"]}
[HyperlinkDiag] post-load scan {"hyperlinkCount":0,"samples":[]}
[HyperlinkDiag] page 1 layers {"hyperlinkChildren":0,"layerClasses":["DIV","e-spinner-pane e-spin-show","e-pv-page-canvas","DIV","e-pv-annotation-canvas","e-pv-annotation-canvas","e-pv-text-layer"]}
[HyperlinkDiag] page 2 layers {"hyperlinkChildren":0,"layerClasses":["DIV","e-spinner-pane e-spin-show","e-pv-page-canvas","DIV","e-pv-annotation-canvas","e-pv-text-layer"]}
[HyperlinkDiag] page 3 layers {"hyperlinkChildren":0,"layerClasses":["DIV","e-spinner-pane e-spin-show","e-pv-page-canvas","DIV","e-pv-annotation-canvas","e-pv-text-layer"]}
[DebugBridge +32019.2ms] zoom_end {"source":"zoomChange_settle"}
[Phase31 UAT] focus rehydrate skipped — doc is cutover-sealed, Y.Doc + realtime is source of truth {"documentId":"484e4280-bca3-4ebe-bde7-d9371da0f528","pdfId":"test.pdf-2462","cutoverTs":"2026-05-14T17:46:26.392+00:00","ydocAuthoritative":true}
[PDFSaveExport] action start {"actionType":"app-state-save","documentId":null,"supabaseAnnotationSaveRan":false,"pdfBytesGenerated":false,"localFilesystemWrite":false,"outputPath":null,"annotationCountsByType":{"path":1,"rect":2},"annotationCountSummary":{"totalObjects":3,"calloutCount":0,"highlightCount":0,"importedPdfObjects":3,"byType":{"path":1,"rect":2}},"embeddedPdfNativeAnnotationHandling":"not-applicable-app-state-only","silent":true}
[PDFSaveExport] action complete {"actionType":"app-state-save","documentId":null,"supabaseAnnotationSaveRan":false,"supabaseAnnotationSaveError":null,"pdfBytesGenerated":false,"localFilesystemWrite":false,"outputPath":null,"annotationCountsByType":{"path":1,"rect":2},"annotationCountSummary":{"totalObjects":3,"calloutCount":0,"highlightCount":0,"importedPdfObjects":3,"byType":{"path":1,"rect":2}},"embeddedPdfNativeAnnotationHandling":"not-applicable-app-state-only","localBackupSaved":true,"surveyDataStorageSaveRequested":true,"silent":true}

===== Undo/Redo Chronology =====
events=1
lanes=local annotation history | callout history | legacy history | Yjs/CRDT history
{"seq":1,"order":null,"at":"2026-05-14T17:46:48.886Z","event":"history_reset_for_pdf_change","actionType":"pdf:change","rawActionType":"pdf:change","annotationType":null,"annotationId":null,"pageNumber":null,"lane":null,"receivedStack":null,"chosenStack":null,"chosenLane":null,"decisionReason":null,"undoDepth":0,"redoDepth":0}
===== End Undo/Redo Chronology =====
