===== SurveyApp Save Log =====
version:   0.1.46
runtime:   dev-server
platform:  desktop
device:    Mac
os:        macOS 10.15.7
screen:    1512x982 @2x
viewport:  1203x822
locale:    en-US
timestamp: 2026-05-28T19:00:08.158Z (5/28/2026, 3:00:08 PM)
==============================
[SaveLog] wrote 0 lines locally
console.warn @ [SaveLog] snapshot trigger error getTrackpadInteractionDebugSavePayload is not defined
[SaveLog] runPush start {"hasElectronApi":true,"hasPushLogFn":true,"hasGhTokenEnv":true,"payloadLength":310}
[SaveLogBanner] GitHub push OK {"url":"https://github.com/IsaiahCalvo/Survey/blob/logs/mac-isaiahs-macbook-pro-2026-05-28T18-57-31-570Z.log","filename":"mac-isaiahs-macbook-pro-2026-05-28T18-57-31-570Z.log"}
[SaveLog] wrote 4 lines locally
console.warn @ [SaveLog] snapshot trigger error getTrackpadInteractionDebugSavePayload is not defined
[SaveLog] runPush start {"hasElectronApi":true,"hasPushLogFn":true,"hasGhTokenEnv":true,"payloadLength":732}
[SaveLogBanner] GitHub push OK {"url":"https://github.com/IsaiahCalvo/Survey/blob/logs/mac-isaiahs-macbook-pro-2026-05-28T18-57-58-664Z.log","filename":"mac-isaiahs-macbook-pro-2026-05-28T18-57-58-664Z.log"}
[SaveLog] wrote 8 lines locally
[SaveLog] local snapshot saved at /Users/isaiahcalvo/Documents/Projects/Active/Survey-BetaSafeS2/Logs/2026-05-28_18-59-21
[SaveLog] runPush start {"hasElectronApi":true,"hasPushLogFn":true,"hasGhTokenEnv":true,"payloadLength":1183}
[SaveLogBanner] GitHub push OK {"url":"https://github.com/IsaiahCalvo/Survey/blob/logs/mac-isaiahs-macbook-pro-2026-05-28T18-59-26-859Z.log","filename":"mac-isaiahs-macbook-pro-2026-05-28T18-59-26-859Z.log"}