===== SurveyApp Save Log =====
version:   0.1.45
runtime:   dev-server
platform:  desktop
device:    Mac
os:        macOS 10.15.7
screen:    1512x982 @2x
viewport:  1200x772
locale:    en-US
timestamp: 2026-05-12T16:05:32.233Z (5/12/2026, 12:05:32 PM)
==============================
[dev-auto-login] boot {"hasDevEmail":true,"devEmailHint":"isai***","hasDevPassword":true,"hasCachedSession":true,"cachedSessionEmail":"isaiahcalvo123@gmail.com","cachedSessionExpiresAt":1778605353}
[dev-auto-login] cached session matches dev email, keeping it
[dev-auto-login] decision {"needsAutoLogin":false,"willAttemptSignIn":false}
[CloudSync][hook] session id minted {"sessionId":"f8d1abb4-48cf-4010-888e-2dc323cc6295"}
[CloudSync][hook][state-obs] annotationsByPage initial {"currentCount":0,"pages":0,"hydrated":false}
[CloudSync][hook][state-obs] callouts initial {"currentCount":0,"hydrated":false}
[CloudSync][hook] hydrate effect fired {"enabled":false,"hydrateEnabled":true,"documentId":"484e4280-bca3-4ebe-bde7-d9371da0f528","userId":"170d915c-5741-4e0b-b03f-deaeedae27bd","pdfId":null}
[CloudSync][hook] hydrate skipped — missing prerequisite {"hydrateEnabled":true,"hasDocumentId":true,"hasUserId":true,"hasPdfId":false}
[AnnotationHydrationGate][normal] {"documentId":"484e4280-bca3-4ebe-bde7-d9371da0f528","pdfId":null,"ready":false,"source":"missing-prerequisite","normalReady":false,"cutoverTs":null,"count":null,"calloutCount":null,"firstPaintGate":true}
[AnnotationHydrationGate][first-page] {"documentId":"484e4280-bca3-4ebe-bde7-d9371da0f528","pdfId":null,"pageNumber":1,"ready":false,"visualCoverActive":true,"normal":{"documentId":"484e4280-bca3-4ebe-bde7-d9371da0f528","pdfId":null,"ready":false,"source":"pending","firstPaintGate":true},"survey":{"ready":true,"source":"local"}}
[AnnotationHydrationGate][visual-cover] {"documentId":"484e4280-bca3-4ebe-bde7-d9371da0f528","pdfId":null,"pageNumber":1,"active":true,"reason":"annotation-hydration-gated"}
[Cloud render cache] doc=test.pdf-2462 painting verified cloud snapshot immediately — count=116.
[CSeries wipe] doc=test.pdf-2462 totalCounters=112 legacyRemoved=0 — nothing to wipe.
[Phase31 UAT] backfill:effect {"hasYdoc":true,"docId":"484e4280-bca3-4ebe-bde7-d9371da0f528","userId":null,"alreadyRanFor":null,"willRun":false}
[CloudSync][hook] hydrate effect fired {"enabled":false,"hydrateEnabled":true,"documentId":"484e4280-bca3-4ebe-bde7-d9371da0f528","userId":"170d915c-5741-4e0b-b03f-deaeedae27bd","pdfId":"test.pdf-2462"}
[AnnotationHydrationGate][normal] {"documentId":"484e4280-bca3-4ebe-bde7-d9371da0f528","pdfId":"test.pdf-2462","ready":false,"source":"starting","normalReady":false,"cutoverTs":null,"count":null,"calloutCount":null,"firstPaintGate":true}
[CloudSync][hook] stage=hydrating
[AnnotationHydrationGate][first-page] {"documentId":"484e4280-bca3-4ebe-bde7-d9371da0f528","pdfId":"test.pdf-2462","pageNumber":1,"ready":false,"visualCoverActive":true,"normal":{"documentId":"484e4280-bca3-4ebe-bde7-d9371da0f528","pdfId":null,"ready":false,"source":"missing-prerequisite","normalReady":false,"cutoverTs":null,"count":null,"calloutCount":null,"firstPaintGate":true},"survey":{"ready":false,"source":"supabase-highlight-starting","documentId":"484e4280-bca3-4ebe-bde7-d9371da0f528","pdfId":"test.pdf-2462"}}
[AnnotationHydrationGate][visual-cover] {"documentId":"484e4280-bca3-4ebe-bde7-d9371da0f528","pdfId":"test.pdf-2462","pageNumber":1,"active":true,"reason":"annotation-hydration-gated"}
[AnnotationHydrationGate][first-page] {"documentId":"484e4280-bca3-4ebe-bde7-d9371da0f528","pdfId":"test.pdf-2462","pageNumber":1,"ready":false,"visualCoverActive":true,"normal":{"documentId":"484e4280-bca3-4ebe-bde7-d9371da0f528","pdfId":"test.pdf-2462","ready":false,"source":"starting","normalReady":false,"cutoverTs":null,"count":null,"calloutCount":null,"firstPaintGate":true},"survey":{"ready":false,"source":"supabase-highlight-starting","documentId":"484e4280-bca3-4ebe-bde7-d9371da0f528","pdfId":"test.pdf-2462"}}
[AnnotationHydrationGate][visual-cover] {"documentId":"484e4280-bca3-4ebe-bde7-d9371da0f528","pdfId":"test.pdf-2462","pageNumber":1,"active":true,"reason":"annotation-hydration-gated"}
[Phase31 UAT] backfill:effect {"hasYdoc":true,"docId":"484e4280-bca3-4ebe-bde7-d9371da0f528","userId":"170d915c-5741-4e0b-b03f-deaeedae27bd","alreadyRanFor":null,"willRun":true}
[Phase31 UAT] backfill:start {"hasYdoc":true,"hasSupabase":true,"documentId":"484e4280-bca3-4ebe-bde7-d9371da0f528","userId":"170d915c-5741-4e0b-b03f-deaeedae27bd","markCutoverComplete":true}
[CloudSync][hook] cutover-complete hydrate — reading from Y.Doc {"documentId":"484e4280-bca3-4ebe-bde7-d9371da0f528","cutoverTs":"2026-05-10T04:21:04.376+00:00"}
[Phase31 UAT] hydrate:cutover-sealed {"documentId":"484e4280-bca3-4ebe-bde7-d9371da0f528","pdfId":"test.pdf-2462","cutoverTs":"2026-05-10T04:21:04.376+00:00","yMapSize":116,"yMapCalloutsSize":1,"materializedTotal":116,"materializedCallouts":1,"materializedDrawnByMe":116,"materializedDrawnByOthers":0,"materializedImported":0,"pages":1,"perPage":{"1":116},"currentStateCount":116,"ydocLooksDegenerate":false}
[Phase31 UAT] hydrate:cutover-sealed:by-type {"documentId":"484e4280-bca3-4ebe-bde7-d9371da0f528","pdfFile":"test.pdf-2462","viewerUserId":"170d915c-5741-4e0b-b03f-deaeedae27bd","yMapTotal":116,"yMapCalloutsTotal":1,"yMapByType":{"path":4,"circle":112},"yMapByAuthor":{"byMe":116,"byOthers":0,"anonymous":0},"yMapByTypeByAuthor":{"path":{"byMe":4,"byOthers":0,"anonymous":0},"circle":{"byMe":112,"byOthers":0,"anonymous":0}},"yMapPerTypePerPage":{"path":{"unknown":4},"circle":{"unknown":112}},"byPageTotal":116,"byPageByType":{"path":4,"circle":112},"byPagePerPagePerType":{"1":{"path":4,"circle":112}}}
[CloudSync][hydrate] loadAllNonHighlightAnnotations start {"documentId":"484e4280-bca3-4ebe-bde7-d9371da0f528"}
[PDFImport] skipped embedded PDF annotation import — cloud/Y.Doc is authoritative {"documentId":"484e4280-bca3-4ebe-bde7-d9371da0f528"}
[HIGHLIGHT-SYNC][load.legacy][pdf=test.pdf] {"documentId":"484e4280-bca3-4ebe-bde7-d9371da0f528","totalRows":0,"fabricCarryingDropped":0,"keptCount":0,"keptIds":[]}
[AnnotationHydrationGate][survey] supabase highlights complete {"documentId":"484e4280-bca3-4ebe-bde7-d9371da0f528","pdfId":"test.pdf-2462","count":0}
[AnnotationHydrationGate][first-page] {"documentId":"484e4280-bca3-4ebe-bde7-d9371da0f528","pdfId":"test.pdf-2462","pageNumber":1,"ready":false,"visualCoverActive":true,"normal":{"documentId":"484e4280-bca3-4ebe-bde7-d9371da0f528","pdfId":"test.pdf-2462","ready":false,"source":"starting","normalReady":false,"cutoverTs":null,"count":null,"calloutCount":null,"firstPaintGate":true},"survey":{"ready":true,"source":"supabase-highlight","documentId":"484e4280-bca3-4ebe-bde7-d9371da0f528","pdfId":"test.pdf-2462","count":0}}
[AnnotationHydrationGate][visual-cover] {"documentId":"484e4280-bca3-4ebe-bde7-d9371da0f528","pdfId":"test.pdf-2462","pageNumber":1,"active":true,"reason":"annotation-hydration-gated"}
[PDFCounterImport] summary {"marker":"survey-counter","metadataKey":"SurveyApp","counterAnnotationsImported":0,"plainCirclesImported":0,"counterMetadataParseFailures":0}
[PrintPanel] RENDER — panel closed
[CloudSync][hook] fabric push skipped — not hydrated yet
[CloudSync][hook] callout push skipped — not hydrated yet
[CloudSync][realtime] subscribing {"documentId":"484e4280-bca3-4ebe-bde7-d9371da0f528","currentUserId":"170d915c-5741-4e0b-b03f-deaeedae27bd","currentSessionId":"f8d1abb4-48cf-4010-888e-2dc323cc6295","hasFabricInsert":true,"hasFabricUpdate":true,"hasFabricDelete":true,"hasCalloutInsert":true,"hasCalloutUpdate":true,"hasCalloutDelete":true}
[Phase31 UAT] backfill:cutover-dedupe-anchor-skip {"documentId":"484e4280-bca3-4ebe-bde7-d9371da0f528","userId":"170d915c-5741-4e0b-b03f-deaeedae27bd","yMapSize":116,"lastGoodSize":133}
[crdtDedupePdfImports] removed 1 duplicate PDF-imported annotations across 4 unique signatures
[CloudSync][hook] dedupe-resync — restoring state {"documentId":"484e4280-bca3-4ebe-bde7-d9371da0f528","removed":1,"resyncCount":115}
console.warn @ [CloudSync][hook][state-obs] SHRINK {"prevCount":116,"currentCount":115,"delta":-1,"hydrated":false,"sameRefAsLastByPage":true,"stack":"    at commitHookEffectListMount (http://localhost:5173/node_modules/.vite/deps/chunk-DSUIPI7G.js?v=4844aadd:23793:34) |     at commitPassiveMountOnFiber (http://localhost:5173/node_modules/.vite/deps/chunk-DSUIPI7G.js?v=4844aadd:25034:19) |     at commitPassiveMountEffects_complete (http://localhost:5173/node_modules/.vite/deps/chunk-DSUIPI7G.js?v=4844aadd:25007:17) |     at commitPassiveMountEffects_begin (http://localhost:5173/node_modules/.vite/deps/chunk-DSUIPI7G.js?v=4844aadd:24997:15) |     at commitPassiveMountEffects (http://localhost:5173/node_modules/.vite/deps/chunk-DSUIPI7G.js?v=4844aadd:24987:11) |     at flushPassiveEffectsImpl (http://localhost:5173/node_modules/.vite/deps/chunk-DSUIPI7G.js?v=4844aadd:26368:11)"}
[CloudSync][hook] fabric push skipped — not hydrated yet
[CloudSync][realtime] subscribe status {"status":"SUBSCRIBED","error":null}
[Phase31 UAT] post-subscribe catch-up skipped — doc is cutover-sealed, Y.Doc + realtime is source of truth {"documentId":"484e4280-bca3-4ebe-bde7-d9371da0f528","pdfId":"test.pdf-2462","cutoverTs":"2026-05-10T04:21:04.376+00:00","ydocAuthoritative":true}
[CloudSync][hydrate] loadAllNonHighlightAnnotations ok {"elapsedMs":1306,"totalRowsScanned":117,"scanned":{"nonHighlight":117,"legacyFabricHighlights":0},"totalRows":117,"rowsByType":{"counter":112,"callout":1,"ink":4},"pagesWithObjects":1,"calloutCount":1}
[CloudSync][verify] first read summary {"contextLabel":"cutover-source-of-truth","documentId":"484e4280-bca3-4ebe-bde7-d9371da0f528","elapsedMs":1309,"firstFabricPages":1,"firstFabricObjects":116,"firstCallouts":1,"firstEmpty":false,"localFabricCount":116,"localCalloutCount":1,"localHasData":true,"willVerify":false}
[CloudSync][source-of-truth] cutover initial hydrate selected Supabase durable snapshot {"documentId":"484e4280-bca3-4ebe-bde7-d9371da0f528","pdfId":"test.pdf-2462","cutoverTs":"2026-05-10T04:21:04.376+00:00","ydocFabricCount":116,"ydocCalloutCount":1,"supabaseFabricCount":116,"supabaseCalloutCount":1,"rule":"Supabase durable snapshot wins initial load; Y.Doc is reshaped for live collaboration"}
[Phase31 UAT] save:fan-out done {"documentId":"484e4280-bca3-4ebe-bde7-d9371da0f528","pdfId":"test.pdf-2462","userId":"170d915c-5741-4e0b-b03f-deaeedae27bd","actionType":null,"dispatched":116,"yDocUpdateCount":116,"detected":116,"skippedHighlightOrCallout":0,"skippedOtherType":0,"rawTypeBreakdown":{"counter":112,"pen":3,"path":1},"resolvedTypeBreakdown":{"counter":112,"ink":4},"skipReasons":{},"skipSamples":[],"yMapSizeAfter":116}
[CloudSync][hook] callout Y.Doc fan-out done {"documentId":"484e4280-bca3-4ebe-bde7-d9371da0f528","pdfId":"test.pdf-2462","userId":"170d915c-5741-4e0b-b03f-deaeedae27bd","actionType":"callout:delta","upserted":1,"deleted":0,"yDocUpdateCount":1,"yMapCalloutsSizeAfter":1}
[AnnotationHydrationGate][normal] {"documentId":"484e4280-bca3-4ebe-bde7-d9371da0f528","pdfId":"test.pdf-2462","ready":true,"source":"supabase-durable-snapshot","normalReady":true,"cutoverTs":"2026-05-10T04:21:04.376+00:00","count":116,"calloutCount":1,"firstPaintGate":true}
[AnnotationHydrationGate][first-page] {"documentId":"484e4280-bca3-4ebe-bde7-d9371da0f528","pdfId":"test.pdf-2462","pageNumber":1,"ready":true,"visualCoverActive":false,"normal":{"documentId":"484e4280-bca3-4ebe-bde7-d9371da0f528","pdfId":"test.pdf-2462","ready":true,"source":"supabase-durable-snapshot","normalReady":true,"cutoverTs":"2026-05-10T04:21:04.376+00:00","count":116,"calloutCount":1,"firstPaintGate":true},"survey":{"ready":true,"source":"supabase-highlight","documentId":"484e4280-bca3-4ebe-bde7-d9371da0f528","pdfId":"test.pdf-2462","count":0}}
[AnnotationHydrationGate][visual-cover] {"documentId":"484e4280-bca3-4ebe-bde7-d9371da0f528","pdfId":"test.pdf-2462","pageNumber":1,"active":false,"reason":"hydration-ready"}
[SVGAnnotationLayer] setRotInputVisible(false) reason=selectedIds.size !== 1
[DebugBridge +19323.5ms] pdf_loaded {"pageCount":3,"currentPage":1}
[DebugBridge +19851.8ms] zoom_start {"scale":0.1,"targetScale":0.83,"source":"zoomChange"}
[HyperlinkDiag] post-load scan {"hyperlinkCount":0,"samples":[]}
[HyperlinkDiag] page 1 layers {"hyperlinkChildren":0,"layerClasses":["DIV","e-spinner-pane e-spin-show","e-pv-page-canvas","DIV","e-pv-annotation-canvas","e-pv-text-layer"]}
[HyperlinkDiag] page 2 layers {"hyperlinkChildren":0,"layerClasses":["DIV","e-spinner-pane e-spin-show","e-pv-page-canvas","DIV","e-pv-annotation-canvas","e-pv-text-layer"]}
[HyperlinkDiag] page 3 layers {"hyperlinkChildren":0,"layerClasses":["DIV","e-spinner-pane e-spin-show","e-pv-page-canvas","DIV","e-pv-annotation-canvas","e-pv-text-layer"]}
[DebugBridge +21138.7ms] wheel_scroll_motion {"eventCount":2,"rawAbsX":50,"rawAbsY":138,"rawX":-50,"rawY":138,"clippedAbsX":50,"clippedAbsY":138,"clippedX":-50,"clippedY":138,"requestedAppliedX":-51.300000000000004,"requestedAppliedY":141.696,"appliedX":-51.300000000000004,"appliedY":139.536,"actualX":0,"actualY":139.5,"sensitivity":1.026,"currentZoomForScroll":1,"maxScrollStepX":51.300000000000004,"maxScrollStepY":139.536,"diagonalEvents":1,"clippedEvents":0}
[DrawCanvas p1] MOUNT — tool=pen, isShape=false, isDrawingMode=true
[DrawCanvas p1] shape effect — tool=pen, isShape=false, isDrawingMode=true
[DebugBridge +22593.8ms] zoom_end {"source":"zoomChange_settle"}
[DebugBridge +23296.5ms] wheel_scroll_motion {"eventCount":2,"rawAbsX":22,"rawAbsY":66,"rawX":-22,"rawY":-66,"clippedAbsX":22,"clippedAbsY":66,"clippedX":-22,"clippedY":-66,"requestedAppliedX":-22.572,"requestedAppliedY":-67.824,"appliedX":-22.572,"appliedY":-65.664,"actualX":0,"actualY":-66,"sensitivity":1.026,"currentZoomForScroll":1,"maxScrollStepX":22.572,"maxScrollStepY":65.664,"diagonalEvents":1,"clippedEvents":0}
[DebugBridge +23462.9ms] wheel_scroll_motion {"eventCount":1,"rawAbsX":32,"rawAbsY":130,"rawX":-32,"rawY":-130,"clippedAbsX":32,"clippedAbsY":130,"clippedX":-32,"clippedY":-130,"requestedAppliedX":-32.832,"requestedAppliedY":-133.38,"appliedX":-32.832,"appliedY":-133.38,"actualX":0,"actualY":-73.5,"sensitivity":1.026,"currentZoomForScroll":1,"maxScrollStepX":32.832,"maxScrollStepY":133.38,"diagonalEvents":1,"clippedEvents":0}
[DebugBridge +23918.4ms] wheel_scroll_motion {"eventCount":4,"rawAbsX":24,"rawAbsY":36,"rawX":-24,"rawY":-36,"clippedAbsX":24,"clippedAbsY":36,"clippedX":-24,"clippedY":-36,"requestedAppliedX":-24.624000000000002,"requestedAppliedY":-37.25999999999999,"appliedX":-24.624000000000002,"appliedY":-30.78,"actualX":0,"actualY":0,"sensitivity":1.08,"currentZoomForScroll":1,"maxScrollStepX":24.624000000000002,"maxScrollStepY":30.78,"diagonalEvents":1,"clippedEvents":0}
[DebugBridge +23950.3ms] wheel_scroll_motion {"eventCount":4,"rawAbsX":2,"rawAbsY":14,"rawX":-2,"rawY":-14,"clippedAbsX":2,"clippedAbsY":14,"clippedX":-2,"clippedY":-14,"requestedAppliedX":-2.052,"requestedAppliedY":-15.012,"appliedX":-2.052,"appliedY":-15.012,"actualX":0,"actualY":0,"sensitivity":1.08,"currentZoomForScroll":1,"maxScrollStepX":16,"maxScrollStepY":16,"diagonalEvents":1,"clippedEvents":0}
[DebugBridge +23988.0ms] wheel_scroll_motion {"eventCount":4,"rawAbsX":0,"rawAbsY":14,"rawX":0,"rawY":-14,"clippedAbsX":0,"clippedAbsY":14,"clippedX":0,"clippedY":-14,"requestedAppliedX":0,"requestedAppliedY":-15.120000000000001,"appliedX":0,"appliedY":-15.120000000000001,"actualX":0,"actualY":0,"sensitivity":1.08,"currentZoomForScroll":1,"maxScrollStepX":16,"maxScrollStepY":16,"diagonalEvents":0,"clippedEvents":0}
[DebugBridge +24020.2ms] wheel_scroll_motion {"eventCount":1,"rawAbsX":4,"rawAbsY":6,"rawX":-4,"rawY":-6,"clippedAbsX":4,"clippedAbsY":6,"clippedX":-4,"clippedY":-6,"requestedAppliedX":-4.104,"requestedAppliedY":-6.156000000000001,"appliedX":-4.104,"appliedY":-6.156000000000001,"actualX":0,"actualY":0,"sensitivity":1.026,"currentZoomForScroll":1,"maxScrollStepX":16,"maxScrollStepY":16,"diagonalEvents":1,"clippedEvents":0}
[DebugBridge +24094.1ms] wheel_scroll_motion {"eventCount":2,"rawAbsX":0,"rawAbsY":4,"rawX":0,"rawY":-4,"clippedAbsX":0,"clippedAbsY":4,"clippedX":0,"clippedY":-4,"requestedAppliedX":0,"requestedAppliedY":-4.32,"appliedX":0,"appliedY":-4.32,"actualX":0,"actualY":0,"sensitivity":1.08,"currentZoomForScroll":1,"maxScrollStepX":16,"maxScrollStepY":16,"diagonalEvents":0,"clippedEvents":0}
[PreviewDiag] start {"pointerDown":true,"surface":"FabricDrawingCanvas","tool":"pen","type":"path","action":"pen-stroke","pageNumber":1,"annotationId":null}
[PreviewDiag] preview {"id":"gesture-1","frames":1,"pointerDown":true,"surface":"FabricDrawingCanvas","tool":"pen","type":"path","action":"pen-stroke","pageNumber":1,"annotationId":null}
[PreviewDiag] pointer release {"id":"gesture-1","frames":1,"pointerDown":false,"surface":"FabricDrawingCanvas","tool":"pen","type":"path","action":"pen-stroke","pageNumber":1,"annotationId":"42a30426-95b8-4fcf-919e-dddc38ca132e"}
[PreviewDiag] final commit {"id":"gesture-1","commits":1,"pointerDown":false,"surface":"App.handleSaveAnnotations","tool":"pen","type":"path","action":"path:created","pageNumber":1,"annotationId":"42a30426-95b8-4fcf-919e-dddc38ca132e","source":"path:created","objectDelta":1,"previousObjectCount":116,"nextObjectCount":117,"changedObjectsCount":1,"checkpointPolicy":"normal"}
[CounterRenumber] skipped {"pageNumber":1,"source":"path:created","action":"path:created","reason":"non-numbering-save"}
[UndoDiag] {"seq":2,"order":1,"at":"2026-05-12T16:05:17.834Z","event":"local_annotation_history_added","actionType":"create","rawActionType":"fabric:create","annotationType":"path","annotationId":"42a30426-95b8-4fcf-919e-dddc38ca132e","pageNumber":1,"lane":"local annotation history","receivedStack":"localAnnotationUndo","chosenStack":null,"chosenLane":"local annotation history","decisionReason":null,"undoDepth":1,"redoDepth":0}
[CloudSync][hook] fabric state changed — debounce push scheduled {"pageCount":1,"objectCount":117,"priorObjectCount":116,"isWipePush":false,"deferredUntilPointerUp":false,"debounceMs":800}
[CloudSync][status] transition {"from":"idle","to":"pending","kind":"fabric","phase":null,"count":null,"queued":false,"error":null}
[CloudSync][hook] fabric push debounce elapsed — pushing now {"debounceMs":800,"debounceElapsedMs":803,"deferredQueuedMs":null,"actionType":"path:created"}
[Phase31 UAT] save:start {"documentId":"484e4280-bca3-4ebe-bde7-d9371da0f528","pdfId":"test.pdf-2462","userId":"170d915c-5741-4e0b-b03f-deaeedae27bd","legacyBulkUpsertEnabled":false,"crdtEnabled":true,"ydocMounted":true,"route":"supabase-durable-then-crdt","currentTotal":117,"currentDrawnByMe":0,"currentDrawnByOthers":117,"currentImported":0,"priorTotal":116,"priorDrawnByMe":0,"priorImported":0,"deltaTotal":1}
[CloudSync][status] transition {"from":"pending","to":"syncing","kind":"fabric","phase":null,"count":null,"queued":false,"error":null}
[CloudSync][delta] fabric prepared {"actionType":"path:created","changedIds":["42a30426-95b8-4fcf-919e-dddc38ca132e"],"deletedIds":[],"changedObjectCount":1,"changedCount":1,"dispatchedCount":1,"supabaseUpsertCount":1,"yDocUpdateCount":1,"debounceMs":800,"debounceElapsedMs":803,"fullFanOutReason":null,"totalObjectCount":117,"priorObjectCount":116,"preciseSource":null,"preciseDeletedCount":null,"preciseChangedCount":null}
[CloudSync][push] upsertAnnotationsByPage start {"documentId":"484e4280-bca3-4ebe-bde7-d9371da0f528","pdfId":"test.pdf-2462","userId":"170d915c-5741-4e0b-b03f-deaeedae27bd","actionType":"path:created","changedIds":["42a30426-95b8-4fcf-919e-dddc38ca132e"],"changedCount":1,"dispatchedCount":1,"supabaseUpsertCount":1,"debounceMs":800,"debounceElapsedMs":803,"fullFanOutReason":null,"totalRows":1,"userDrawnObjects":1,"importedObjects":0,"rowsByType":{"ink":1},"pages":1}
[CloudSync][push] upsertAnnotationsByPage ok {"elapsedMs":159,"pdfId":"test.pdf-2462","actionType":"path:created","supabaseUpsertCount":1,"rowsReturned":1}
[UndoDiag] {"seq":5,"order":null,"at":"2026-05-12T16:05:18.869Z","event":"yjs_history_added","actionType":"undo","rawActionType":"undo","annotationType":null,"annotationId":null,"pageNumber":null,"lane":"Yjs/CRDT history","receivedStack":"yjsUndoStack","chosenStack":null,"chosenLane":"Yjs/CRDT history","decisionReason":null,"undoDepth":1,"redoDepth":0}
[Phase31 UAT] save:fan-out done {"documentId":"484e4280-bca3-4ebe-bde7-d9371da0f528","pdfId":"test.pdf-2462","userId":"170d915c-5741-4e0b-b03f-deaeedae27bd","actionType":"path:created","dispatched":1,"yDocUpdateCount":1,"detected":1,"skippedHighlightOrCallout":0,"skippedOtherType":0,"rawTypeBreakdown":{"pen":1},"resolvedTypeBreakdown":{"ink":1},"skipReasons":{},"skipSamples":[],"yMapSizeAfter":117}
[CloudSync][hook] fabric push synced {"count":1}
[PreviewDiag] sync push {"gestureId":"gesture-1","totalAfterRelease":1,"kind":"fabric","count":1,"changedObjectCount":1,"deletedCount":0,"pageCount":1}
[CloudSync][status] transition {"from":"syncing","to":"synced","kind":"fabric","phase":null,"count":1,"queued":false,"error":null}
[CloudSync][realtime] echo-filtered INSERT {"highlightId":"42a30426-95b8-4fcf-919e-dddc38ca132e","annotationType":"ink","lastModifiedBy":"170d915c-5741-4e0b-b03f-deaeedae27bd","rowSessionId":"f8d1abb4-48cf-4010-888e-2dc323cc6295","currentSessionId":"f8d1abb4-48cf-4010-888e-2dc323cc6295","reason":"same-session"}
[Diag] tool-switch DETECTED → select (scheduling t+1000ms capture)
[PreviewDiag] summary path:created started, 1 preview frames, 0 sync writes during drag, 0 sync deferrals during drag, 0 backup writes during drag, 1 commit on release, 1 sync push after release, 0 backup writes after release {"id":"gesture-1","durationMs":3255.9,"pointerDown":false,"surface":"App.handleSaveAnnotations","tool":"pen","type":"path","action":"path:created","pageNumber":1,"annotationId":"42a30426-95b8-4fcf-919e-dddc38ca132e","source":"path:created","objectDelta":1,"previousObjectCount":116,"nextObjectCount":117,"changedObjectsCount":1,"checkpointPolicy":"normal","reason":"settled"}
[SVGAnnotationLayer] setRotInputVisible(false) reason=selectedIds.size !== 1
[Diag select] screenshot saved (133 KB) → /Users/isaiahcalvo/Desktop/Survey-BetaSafeS2/TestLogs/testlog-screenshot-select.png
[Diag select] CAPTURED @ t+1003ms — annotations=117 callouts=1 svgWrappers=1 svgVis=[visible] svgElems=117 svgVisElems=117 eraserCanvases=0 svgMarkupBytes=115404
[SVGAnnotationLayer] setRotInputVisible(false) reason=selectedIds.size !== 1
[PreviewDiag] start {"pointerDown":true,"surface":"SVGAnnotationLayer","tool":"select","type":"path","action":"move","annotationId":"42a30426-95b8-4fcf-919e-dddc38ca132e"}
[PreviewDiag] preview {"id":"gesture-2","frames":1,"pointerDown":true,"surface":"SVGAnnotationLayer","tool":"select","type":"path","action":"move","annotationId":"42a30426-95b8-4fcf-919e-dddc38ca132e","handleId":null,"partType":null}
[PreviewDiag] pointer release {"id":"gesture-2","frames":24,"pointerDown":false,"surface":"SVGAnnotationLayer","tool":"select","type":"path","action":"move","annotationId":"42a30426-95b8-4fcf-919e-dddc38ca132e","handleId":null,"partType":null}
[PreviewDiag] final commit {"id":"gesture-2","commits":1,"pointerDown":false,"surface":"App.handleSaveAnnotations","tool":"select","type":"path","action":"move","annotationId":"42a30426-95b8-4fcf-919e-dddc38ca132e","handleId":null,"partType":null,"source":"object:modified","pageNumber":1,"objectDelta":0,"previousObjectCount":117,"nextObjectCount":117,"changedObjectsCount":0,"checkpointPolicy":"normal"}
[CounterRenumber] skipped {"pageNumber":1,"source":"object:modified","action":"move","reason":"non-numbering-save"}
[UndoDiag] {"seq":6,"order":2,"at":"2026-05-12T16:05:24.327Z","event":"local_annotation_history_added","actionType":"text edit","rawActionType":"fabric:update","annotationType":"path","annotationId":"42a30426-95b8-4fcf-919e-dddc38ca132e","pageNumber":1,"lane":"local annotation history","receivedStack":"localAnnotationUndo","chosenStack":null,"chosenLane":"local annotation history","decisionReason":null,"undoDepth":2,"redoDepth":0}
[CloudSync][hook] fabric state changed — debounce push scheduled {"pageCount":1,"objectCount":117,"priorObjectCount":117,"isWipePush":false,"deferredUntilPointerUp":false,"debounceMs":800}
[CloudSync][status] transition {"from":"synced","to":"pending","kind":"fabric","phase":null,"count":null,"queued":false,"error":null}
[SVGAnnotationLayer] setRotInputVisible(false) reason=selectedIds.size !== 1
[CloudSync][hook] fabric push debounce elapsed — pushing now {"debounceMs":800,"debounceElapsedMs":802,"deferredQueuedMs":null,"actionType":"move"}
[Phase31 UAT] save:start {"documentId":"484e4280-bca3-4ebe-bde7-d9371da0f528","pdfId":"test.pdf-2462","userId":"170d915c-5741-4e0b-b03f-deaeedae27bd","legacyBulkUpsertEnabled":false,"crdtEnabled":true,"ydocMounted":true,"route":"supabase-durable-then-crdt","currentTotal":117,"currentDrawnByMe":0,"currentDrawnByOthers":117,"currentImported":0,"priorTotal":117,"priorDrawnByMe":0,"priorImported":0,"deltaTotal":0}
[CloudSync][status] transition {"from":"pending","to":"syncing","kind":"fabric","phase":null,"count":null,"queued":false,"error":null}
[CloudSync][delta] fabric prepared {"actionType":"move","changedIds":["42a30426-95b8-4fcf-919e-dddc38ca132e"],"deletedIds":[],"changedObjectCount":1,"changedCount":1,"dispatchedCount":1,"supabaseUpsertCount":1,"yDocUpdateCount":1,"debounceMs":800,"debounceElapsedMs":802,"fullFanOutReason":null,"totalObjectCount":117,"priorObjectCount":117,"preciseSource":null,"preciseDeletedCount":null,"preciseChangedCount":null}
[CloudSync][push] upsertAnnotationsByPage start {"documentId":"484e4280-bca3-4ebe-bde7-d9371da0f528","pdfId":"test.pdf-2462","userId":"170d915c-5741-4e0b-b03f-deaeedae27bd","actionType":"move","changedIds":["42a30426-95b8-4fcf-919e-dddc38ca132e"],"changedCount":1,"dispatchedCount":1,"supabaseUpsertCount":1,"debounceMs":800,"debounceElapsedMs":802,"fullFanOutReason":null,"totalRows":1,"userDrawnObjects":1,"importedObjects":0,"rowsByType":{"ink":1},"pages":1}
[CloudSync][push] upsertAnnotationsByPage ok {"elapsedMs":131,"pdfId":"test.pdf-2462","actionType":"move","supabaseUpsertCount":1,"rowsReturned":1}
[UndoDiag] {"seq":9,"order":null,"at":"2026-05-12T16:05:25.312Z","event":"yjs_history_added","actionType":"undo","rawActionType":"undo","annotationType":null,"annotationId":null,"pageNumber":null,"lane":"Yjs/CRDT history","receivedStack":"yjsUndoStack","chosenStack":null,"chosenLane":"Yjs/CRDT history","decisionReason":null,"undoDepth":2,"redoDepth":0}
[Phase31 UAT] save:fan-out done {"documentId":"484e4280-bca3-4ebe-bde7-d9371da0f528","pdfId":"test.pdf-2462","userId":"170d915c-5741-4e0b-b03f-deaeedae27bd","actionType":"move","dispatched":1,"yDocUpdateCount":1,"detected":1,"skippedHighlightOrCallout":0,"skippedOtherType":0,"rawTypeBreakdown":{"pen":1},"resolvedTypeBreakdown":{"ink":1},"skipReasons":{},"skipSamples":[],"yMapSizeAfter":117}
[CloudSync][hook] fabric push synced {"count":1}
[PreviewDiag] sync push {"gestureId":"gesture-2","totalAfterRelease":1,"kind":"fabric","count":1,"changedObjectCount":1,"deletedCount":0,"pageCount":1}
[CloudSync][status] transition {"from":"syncing","to":"synced","kind":"fabric","phase":null,"count":1,"queued":false,"error":null}
[CloudSync][realtime] echo-filtered UPDATE {"highlightId":"42a30426-95b8-4fcf-919e-dddc38ca132e","annotationType":"ink","lastModifiedBy":"170d915c-5741-4e0b-b03f-deaeedae27bd","rowSessionId":"f8d1abb4-48cf-4010-888e-2dc323cc6295","currentSessionId":"f8d1abb4-48cf-4010-888e-2dc323cc6295","reason":"same-session"}
[PreviewDiag] summary move started, 24 preview frames, 0 sync writes during drag, 0 sync deferrals during drag, 0 backup writes during drag, 1 commit on release, 1 sync push after release, 0 backup writes after release {"id":"gesture-2","durationMs":3132.8,"pointerDown":false,"surface":"App.handleSaveAnnotations","tool":"select","type":"path","action":"move","annotationId":"42a30426-95b8-4fcf-919e-dddc38ca132e","handleId":null,"partType":null,"source":"object:modified","pageNumber":1,"objectDelta":0,"previousObjectCount":117,"nextObjectCount":117,"changedObjectsCount":0,"checkpointPolicy":"normal","reason":"settled"}

===== Undo/Redo Chronology =====
events=9
lanes=local annotation history | callout history | legacy history | Yjs/CRDT history
{"seq":1,"order":null,"at":"2026-05-12T16:05:05.680Z","event":"history_reset_for_pdf_change","actionType":"pdf:change","rawActionType":"pdf:change","annotationType":null,"annotationId":null,"pageNumber":null,"lane":null,"receivedStack":null,"chosenStack":null,"chosenLane":null,"decisionReason":null,"undoDepth":0,"redoDepth":0}
{"seq":2,"order":1,"at":"2026-05-12T16:05:17.834Z","event":"local_annotation_history_added","actionType":"create","rawActionType":"fabric:create","annotationType":"path","annotationId":"42a30426-95b8-4fcf-919e-dddc38ca132e","pageNumber":1,"lane":"local annotation history","receivedStack":"localAnnotationUndo","chosenStack":null,"chosenLane":"local annotation history","decisionReason":null,"undoDepth":1,"redoDepth":0}
{"seq":3,"order":null,"at":"2026-05-12T16:05:17.834Z","event":"annotations_save_detected","actionType":"annotations:save","rawActionType":"annotations:save","annotationType":null,"annotationId":null,"pageNumber":1,"lane":null,"receivedStack":null,"chosenStack":null,"chosenLane":null,"decisionReason":null,"undoDepth":0,"redoDepth":0}
{"seq":4,"order":null,"at":"2026-05-12T16:05:17.834Z","event":"annotations_checkpoint_skipped_crdt_history","actionType":"annotations:save","rawActionType":"annotations:save","annotationType":null,"annotationId":null,"pageNumber":1,"lane":null,"receivedStack":null,"chosenStack":null,"chosenLane":null,"decisionReason":null,"undoDepth":0,"redoDepth":0}
{"seq":5,"order":null,"at":"2026-05-12T16:05:18.869Z","event":"yjs_history_added","actionType":"undo","rawActionType":"undo","annotationType":null,"annotationId":null,"pageNumber":null,"lane":"Yjs/CRDT history","receivedStack":"yjsUndoStack","chosenStack":null,"chosenLane":"Yjs/CRDT history","decisionReason":null,"undoDepth":1,"redoDepth":0}
{"seq":6,"order":2,"at":"2026-05-12T16:05:24.327Z","event":"local_annotation_history_added","actionType":"text edit","rawActionType":"fabric:update","annotationType":"path","annotationId":"42a30426-95b8-4fcf-919e-dddc38ca132e","pageNumber":1,"lane":"local annotation history","receivedStack":"localAnnotationUndo","chosenStack":null,"chosenLane":"local annotation history","decisionReason":null,"undoDepth":2,"redoDepth":0}
{"seq":7,"order":null,"at":"2026-05-12T16:05:24.327Z","event":"annotations_save_detected","actionType":"annotations:save","rawActionType":"annotations:save","annotationType":null,"annotationId":null,"pageNumber":1,"lane":null,"receivedStack":null,"chosenStack":null,"chosenLane":null,"decisionReason":null,"undoDepth":0,"redoDepth":0}
{"seq":8,"order":null,"at":"2026-05-12T16:05:24.327Z","event":"annotations_checkpoint_skipped_crdt_history","actionType":"annotations:save","rawActionType":"annotations:save","annotationType":null,"annotationId":null,"pageNumber":1,"lane":null,"receivedStack":null,"chosenStack":null,"chosenLane":null,"decisionReason":null,"undoDepth":0,"redoDepth":0}
{"seq":9,"order":null,"at":"2026-05-12T16:05:25.312Z","event":"yjs_history_added","actionType":"undo","rawActionType":"undo","annotationType":null,"annotationId":null,"pageNumber":null,"lane":"Yjs/CRDT history","receivedStack":"yjsUndoStack","chosenStack":null,"chosenLane":"Yjs/CRDT history","decisionReason":null,"undoDepth":2,"redoDepth":0}
===== End Undo/Redo Chronology =====
