===== SurveyApp Save Log =====
version:   0.1.45
runtime:   dev-server
platform:  desktop
device:    Mac
os:        macOS 10.15.7
screen:    1512x982 @2x
viewport:  1512x826
locale:    en-US
timestamp: 2026-05-14T22:57:13.763Z (5/14/2026, 6:57:13 PM)
==============================
[dev-auto-login] boot {"hasDevEmail":true,"devEmailHint":"isai***","hasDevPassword":true,"hasCachedSession":true,"cachedSessionEmail":"isaiahcalvo123@gmail.com","cachedSessionExpiresAt":1778800685}
[dev-auto-login] cached session matches dev email, keeping it
[dev-auto-login] decision {"needsAutoLogin":false,"willAttemptSignIn":false}
[DocumentDelete] selection:enter {"activeSection":"documents","visibleItems":4}
[DocumentDelete] selection:toggle {"id":"a9676709-15e4-4ce6-8456-252df3e9ef9d","wasSelected":false,"selectedIds":["a9676709-15e4-4ce6-8456-252df3e9ef9d"]}
[DocumentDelete] bulk:start {"ctx":"documents","selectedIds":["a9676709-15e4-4ce6-8456-252df3e9ef9d"],"selectedCount":1,"visibleDocumentCount":4}
[DocumentDelete] start {"docId":"a9676709-15e4-4ce6-8456-252df3e9ef9d","filePath":"170d915c-5741-4e0b-b03f-deaeedae27bd/general/1778797545785.pdf","source":"bulk-documents"}
[DocumentDelete] archive:result {"docId":"a9676709-15e4-4ce6-8456-252df3e9ef9d","source":"bulk-documents","archivedCount":1,"archivedRows":[{"id":"a9676709-15e4-4ce6-8456-252df3e9ef9d","name":"1.pdf","file_path":"170d915c-5741-4e0b-b03f-deaeedae27bd/general/1778797545785.pdf","user_id":"170d915c-5741-4e0b-b03f-deaeedae27bd"}]}
[DocumentDelete] verify:archived {"docId":"a9676709-15e4-4ce6-8456-252df3e9ef9d","source":"bulk-documents"}
[CloudSync][hook] session id minted {"sessionId":"b485f461-c665-4f5d-aeec-f43936286499"}
[CloudSync][hook][state-obs] annotationsByPage initial {"currentCount":0,"pages":0,"hydrated":false}
[CloudSync][hook][state-obs] callouts initial {"currentCount":0,"hydrated":false}
[CloudSync][hook] hydrate effect fired {"enabled":false,"hydrateEnabled":true,"documentId":"484e4280-bca3-4ebe-bde7-d9371da0f528","userId":"170d915c-5741-4e0b-b03f-deaeedae27bd","pdfId":null}
[CloudSync][hook] hydrate skipped — missing prerequisite {"hydrateEnabled":true,"hasDocumentId":true,"hasUserId":true,"hasPdfId":false}
[AnnotationHydrationGate][normal] {"documentId":"484e4280-bca3-4ebe-bde7-d9371da0f528","pdfId":null,"ready":false,"source":"missing-prerequisite","normalReady":false,"cutoverTs":null,"count":null,"calloutCount":null,"firstPaintGate":true}
[AnnotationHydrationGate][first-page] {"documentId":"484e4280-bca3-4ebe-bde7-d9371da0f528","pdfId":null,"pageNumber":1,"ready":false,"visualCoverActive":true,"normal":{"documentId":"484e4280-bca3-4ebe-bde7-d9371da0f528","pdfId":null,"ready":false,"source":"pending","firstPaintGate":true},"survey":{"ready":true,"source":"local"}}
[AnnotationHydrationGate][visual-cover] {"documentId":"484e4280-bca3-4ebe-bde7-d9371da0f528","pdfId":null,"pageNumber":1,"active":true,"reason":"annotation-hydration-gated"}
[Cloud render cache] doc=test.pdf-2462 painting verified cloud snapshot immediately — count=3.
[CSeries wipe] doc=test.pdf-2462 totalCounters=0 legacyRemoved=0 — nothing to wipe.
[Phase31 UAT] backfill:effect {"hasYdoc":true,"docId":"484e4280-bca3-4ebe-bde7-d9371da0f528","userId":null,"alreadyRanFor":null,"willRun":false}
[CloudSync][hook] hydrate effect fired {"enabled":false,"hydrateEnabled":true,"documentId":"484e4280-bca3-4ebe-bde7-d9371da0f528","userId":"170d915c-5741-4e0b-b03f-deaeedae27bd","pdfId":"test.pdf-2462"}
[AnnotationHydrationGate][normal] {"documentId":"484e4280-bca3-4ebe-bde7-d9371da0f528","pdfId":"test.pdf-2462","ready":false,"source":"starting","normalReady":false,"cutoverTs":null,"count":null,"calloutCount":null,"firstPaintGate":true}
[CloudSync][hook] stage=hydrating
[AnnotationHydrationGate][first-page] {"documentId":"484e4280-bca3-4ebe-bde7-d9371da0f528","pdfId":"test.pdf-2462","pageNumber":1,"ready":false,"visualCoverActive":true,"normal":{"documentId":"484e4280-bca3-4ebe-bde7-d9371da0f528","pdfId":null,"ready":false,"source":"missing-prerequisite","normalReady":false,"cutoverTs":null,"count":null,"calloutCount":null,"firstPaintGate":true},"survey":{"ready":false,"source":"supabase-highlight-starting","documentId":"484e4280-bca3-4ebe-bde7-d9371da0f528","pdfId":"test.pdf-2462"}}
[AnnotationHydrationGate][visual-cover] {"documentId":"484e4280-bca3-4ebe-bde7-d9371da0f528","pdfId":"test.pdf-2462","pageNumber":1,"active":true,"reason":"annotation-hydration-gated"}
[AnnotationHydrationGate][first-page] {"documentId":"484e4280-bca3-4ebe-bde7-d9371da0f528","pdfId":"test.pdf-2462","pageNumber":1,"ready":false,"visualCoverActive":true,"normal":{"documentId":"484e4280-bca3-4ebe-bde7-d9371da0f528","pdfId":"test.pdf-2462","ready":false,"source":"starting","normalReady":false,"cutoverTs":null,"count":null,"calloutCount":null,"firstPaintGate":true},"survey":{"ready":false,"source":"supabase-highlight-starting","documentId":"484e4280-bca3-4ebe-bde7-d9371da0f528","pdfId":"test.pdf-2462"}}
[AnnotationHydrationGate][visual-cover] {"documentId":"484e4280-bca3-4ebe-bde7-d9371da0f528","pdfId":"test.pdf-2462","pageNumber":1,"active":true,"reason":"annotation-hydration-gated"}
[Phase31 UAT] backfill:effect {"hasYdoc":true,"docId":"484e4280-bca3-4ebe-bde7-d9371da0f528","userId":"170d915c-5741-4e0b-b03f-deaeedae27bd","alreadyRanFor":null,"willRun":true}
[Phase31 UAT] backfill:start {"hasYdoc":true,"hasSupabase":true,"documentId":"484e4280-bca3-4ebe-bde7-d9371da0f528","userId":"170d915c-5741-4e0b-b03f-deaeedae27bd","markCutoverComplete":true}
[PDFImport] skipped embedded PDF annotation import — cloud/Y.Doc is authoritative {"documentId":"484e4280-bca3-4ebe-bde7-d9371da0f528"}
[PDFCounterImport] summary {"marker":"survey-counter","metadataKey":"SurveyApp","counterAnnotationsImported":0,"plainCirclesImported":0,"counterMetadataParseFailures":0,"appCalloutMarker":"survey-callout","appCalloutMetadataKey":"SurveyAppCallout","appCalloutAnnotationsImported":0,"appCalloutPiecesSkipped":0}
[PDFAppLayerStateImport] summary {"found":false,"documentId":null,"exportId":null,"scopedAnnotationPages":0,"scopedCallouts":0,"surveyHighlights":0,"spaces":0}
[PDFImport] native layer policy {"documentId":"484e4280-bca3-4ebe-bde7-d9371da0f528","cloudAuthoritative":true,"reason":"cloud/Y.Doc annotations are authoritative; native PDF annotation layer is hidden when all renderable native annotations are accounted for by importer diagnostics.","pages":{"1":{"hideNativeLayer":false,"nativeRenderableAnnotationCount":0,"nativeOnlyAnnotationCount":0,"reason":"no-renderable-native-annotations"},"2":{"hideNativeLayer":false,"nativeRenderableAnnotationCount":0,"nativeOnlyAnnotationCount":0,"reason":"no-renderable-native-annotations"},"3":{"hideNativeLayer":false,"nativeRenderableAnnotationCount":0,"nativeOnlyAnnotationCount":0,"reason":"no-renderable-native-annotations"}}}
[PrintPanel] RENDER — panel closed
[SVGAnnotationLayer] setRotInputVisible(false) reason=selectedIds.size !== 1
[SVGAnnotationLayer] setRotInputVisible(false) reason=selectedIds.size !== 1
[DebugBridge +78729.2ms] pdf_loaded {"pageCount":3,"currentPage":1}
[DebugBridge +78815.4ms] zoom_start {"scale":1.33333,"targetScale":0.81,"source":"zoomChange"}
[CloudSync][hook] cutover-complete hydrate — reading from Y.Doc {"documentId":"484e4280-bca3-4ebe-bde7-d9371da0f528","cutoverTs":"2026-05-14T22:54:17.039+00:00"}
[Phase31 UAT] hydrate:cutover-sealed {"documentId":"484e4280-bca3-4ebe-bde7-d9371da0f528","pdfId":"test.pdf-2462","cutoverTs":"2026-05-14T22:54:17.039+00:00","yMapSize":3,"yMapCalloutsSize":0,"materializedTotal":3,"materializedCallouts":0,"materializedDrawnByMe":0,"materializedDrawnByOthers":3,"materializedImported":0,"pages":1,"perPage":{"1":3},"currentStateCount":3,"ydocLooksDegenerate":false}
[Phase31 UAT] hydrate:cutover-sealed:by-type {"documentId":"484e4280-bca3-4ebe-bde7-d9371da0f528","pdfFile":"test.pdf-2462","viewerUserId":"170d915c-5741-4e0b-b03f-deaeedae27bd","yMapTotal":3,"yMapCalloutsTotal":0,"yMapByType":{"path":3},"yMapByAuthor":{"byMe":0,"byOthers":0,"anonymous":3},"yMapByTypeByAuthor":{"path":{"byMe":0,"byOthers":0,"anonymous":3}},"yMapPerTypePerPage":{"path":{"unknown":3}},"byPageTotal":3,"byPageByType":{"path":3},"byPagePerPagePerType":{"1":{"path":3}}}
[CloudSync][hydrate] loadAllNonHighlightAnnotations start {"documentId":"484e4280-bca3-4ebe-bde7-d9371da0f528"}
[Phase31 UAT] backfill:degeneracy-probe {"documentId":"484e4280-bca3-4ebe-bde7-d9371da0f528","userId":"170d915c-5741-4e0b-b03f-deaeedae27bd","yMapSize":3,"legacyCount":4,"probeOk":true,"tolerance":100,"yMapLooksHealthy":false,"dedupeRan":true,"lastGoodSize":133,"hardFloorBreached":true}
console.warn @ [crdtBackfill] cutover sealed but Y.Map < legacy count — re-running import loop to recover {"yMapSize":3,"legacyCount":4}
[Phase31 UAT] backfill:select-loop start {"documentId":"484e4280-bca3-4ebe-bde7-d9371da0f528","userId":"170d915c-5741-4e0b-b03f-deaeedae27bd","pageSize":1000}
[HIGHLIGHT-SYNC][load.legacy][pdf=test.pdf] {"documentId":"484e4280-bca3-4ebe-bde7-d9371da0f528","totalRows":2,"fabricCarryingDropped":0,"keptCount":2,"keptIds":["highlight-1778797496854-rlutw24e8","highlight-1778797501682-m1zlziliy"]}
[AnnotationHydrationGate][survey] supabase highlights complete {"documentId":"484e4280-bca3-4ebe-bde7-d9371da0f528","pdfId":"test.pdf-2462","count":2}
[AnnotationHydrationGate][first-page] {"documentId":"484e4280-bca3-4ebe-bde7-d9371da0f528","pdfId":"test.pdf-2462","pageNumber":1,"ready":false,"visualCoverActive":true,"normal":{"documentId":"484e4280-bca3-4ebe-bde7-d9371da0f528","pdfId":"test.pdf-2462","ready":false,"source":"starting","normalReady":false,"cutoverTs":null,"count":null,"calloutCount":null,"firstPaintGate":true},"survey":{"ready":true,"source":"supabase-highlight","documentId":"484e4280-bca3-4ebe-bde7-d9371da0f528","pdfId":"test.pdf-2462","count":2}}
[AnnotationHydrationGate][visual-cover] {"documentId":"484e4280-bca3-4ebe-bde7-d9371da0f528","pdfId":"test.pdf-2462","pageNumber":1,"active":true,"reason":"annotation-hydration-gated"}
[Phase31 UAT] backfill:select-loop page ok {"documentId":"484e4280-bca3-4ebe-bde7-d9371da0f528","page":0,"range":[0,999],"pageRows":4,"totalSoFar":4,"pageElapsedMs":112}
[CloudSync][hydrate] loadAllNonHighlightAnnotations ok {"elapsedMs":274,"totalRowsScanned":4,"scanned":{"nonHighlight":4,"legacyFabricHighlights":0},"totalRows":4,"rowsByType":{"ink":4},"pagesWithObjects":1,"calloutCount":0}
[CloudSync][verify] first read summary {"contextLabel":"cutover-source-of-truth","documentId":"484e4280-bca3-4ebe-bde7-d9371da0f528","elapsedMs":274,"firstFabricPages":1,"firstFabricObjects":4,"firstCallouts":0,"firstEmpty":false,"localFabricCount":3,"localCalloutCount":0,"localHasData":true,"willVerify":false}
[CloudSync][source-of-truth] cutover initial hydrate selected Supabase durable snapshot {"documentId":"484e4280-bca3-4ebe-bde7-d9371da0f528","pdfId":"test.pdf-2462","cutoverTs":"2026-05-14T22:54:17.039+00:00","ydocFabricCount":3,"ydocCalloutCount":0,"supabaseFabricCount":4,"supabaseCalloutCount":0,"rule":"Supabase durable snapshot wins initial load; Y.Doc is reshaped for live collaboration"}
[Phase31 UAT] save:fan-out done {"documentId":"484e4280-bca3-4ebe-bde7-d9371da0f528","pdfId":"test.pdf-2462","userId":"170d915c-5741-4e0b-b03f-deaeedae27bd","actionType":null,"dispatched":4,"yDocUpdateCount":4,"detected":4,"skippedHighlightOrCallout":0,"skippedOtherType":0,"rawTypeBreakdown":{"pen":4},"resolvedTypeBreakdown":{"ink":4},"skipReasons":{},"skipSamples":[],"yMapSizeAfter":4}
[CloudSync][hook] callout Y.Doc fan-out done {"documentId":"484e4280-bca3-4ebe-bde7-d9371da0f528","pdfId":"test.pdf-2462","userId":"170d915c-5741-4e0b-b03f-deaeedae27bd","actionType":"callout:delta","upserted":0,"deleted":0,"yDocUpdateCount":0,"yMapCalloutsSizeAfter":0}
[AnnotationHydrationGate][normal] {"documentId":"484e4280-bca3-4ebe-bde7-d9371da0f528","pdfId":"test.pdf-2462","ready":true,"source":"supabase-durable-snapshot","normalReady":true,"cutoverTs":"2026-05-14T22:54:17.039+00:00","count":4,"calloutCount":0,"firstPaintGate":true}
[AnnotationHydrationGate][first-page] {"documentId":"484e4280-bca3-4ebe-bde7-d9371da0f528","pdfId":"test.pdf-2462","pageNumber":1,"ready":true,"visualCoverActive":false,"normal":{"documentId":"484e4280-bca3-4ebe-bde7-d9371da0f528","pdfId":"test.pdf-2462","ready":true,"source":"supabase-durable-snapshot","normalReady":true,"cutoverTs":"2026-05-14T22:54:17.039+00:00","count":4,"calloutCount":0,"firstPaintGate":true},"survey":{"ready":true,"source":"supabase-highlight","documentId":"484e4280-bca3-4ebe-bde7-d9371da0f528","pdfId":"test.pdf-2462","count":2}}
[AnnotationHydrationGate][visual-cover] {"documentId":"484e4280-bca3-4ebe-bde7-d9371da0f528","pdfId":"test.pdf-2462","pageNumber":1,"active":false,"reason":"hydration-ready"}
[Phase31 UAT] backfill:done {"ranAs":"leader","documentId":"484e4280-bca3-4ebe-bde7-d9371da0f528","userId":"170d915c-5741-4e0b-b03f-deaeedae27bd","rowsFetched":4,"imported":4,"skipped":0,"yMapSizeAfter":4,"cutoverRequested":true,"cutoverCompleted":true,"importedByType":{"ink":4},"skippedByType":{}}
[crdtDedupePdfImports] removed 1 duplicate PDF-imported annotations across 4 unique signatures
[CloudSync][hook] dedupe-resync — restoring state {"documentId":"484e4280-bca3-4ebe-bde7-d9371da0f528","removed":1,"resyncCount":3}
[CloudSync][hook][state-obs] SHRINK {"prevCount":4,"currentCount":3,"delta":-1,"hydrated":true,"sameRefAsLastByPage":true,"stack":"    at commitHookEffectListMount (http://localhost:5173/node_modules/.vite/deps/chunk-DSUIPI7G.js?v=4844aadd:23793:34) |     at commitPassiveMountOnFiber (http://localhost:5173/node_modules/.vite/deps/chunk-DSUIPI7G.js?v=4844aadd:25034:19) |     at commitPassiveMountEffects_complete (http://localhost:5173/node_modules/.vite/deps/chunk-DSUIPI7G.js?v=4844aadd:25007:17) |     at commitPassiveMountEffects_begin (http://localhost:5173/node_modules/.vite/deps/chunk-DSUIPI7G.js?v=4844aadd:24997:15) |     at commitPassiveMountEffects (http://localhost:5173/node_modules/.vite/deps/chunk-DSUIPI7G.js?v=4844aadd:24987:11) |     at flushPassiveEffectsImpl (http://localhost:5173/node_modules/.vite/deps/chunk-DSUIPI7G.js?v=4844aadd:26368:11)"}
[HyperlinkDiag] post-load scan {"hyperlinkCount":0,"samples":[]}
[HyperlinkDiag] page 1 layers {"hyperlinkChildren":0,"layerClasses":["DIV","e-spinner-pane e-spin-show","e-pv-page-canvas","DIV","e-pv-annotation-canvas","e-pv-text-layer"]}
[HyperlinkDiag] page 2 layers {"hyperlinkChildren":0,"layerClasses":["DIV","e-spinner-pane e-spin-show","e-pv-page-canvas","DIV","e-pv-annotation-canvas","e-pv-text-layer"]}
[HyperlinkDiag] page 3 layers {"hyperlinkChildren":0,"layerClasses":["DIV","e-spinner-pane e-spin-show","e-pv-page-canvas","DIV","e-pv-annotation-canvas","e-pv-text-layer"]}
[DebugBridge +80467.3ms] zoom_end {"source":"zoomChange_settle"}
[CloudSync][realtime] subscribing {"documentId":"484e4280-bca3-4ebe-bde7-d9371da0f528","currentUserId":"170d915c-5741-4e0b-b03f-deaeedae27bd","currentSessionId":"b485f461-c665-4f5d-aeec-f43936286499","hasFabricInsert":true,"hasFabricUpdate":true,"hasFabricDelete":true,"hasCalloutInsert":true,"hasCalloutUpdate":true,"hasCalloutDelete":true}
[CloudSync][realtime] subscribe status {"status":"SUBSCRIBED","error":null}
[Phase31 UAT] post-subscribe catch-up skipped — doc is cutover-sealed, Y.Doc + realtime is source of truth {"documentId":"484e4280-bca3-4ebe-bde7-d9371da0f528","pdfId":"test.pdf-2462","cutoverTs":"2026-05-14T22:54:17.039+00:00","ydocAuthoritative":true}
[DebugBridge +81597.7ms] zoom_start {"scale":0.614179977642384,"targetScale":0.62,"source":"zoomChange"}
[DebugBridge +82998.4ms] zoom_end {"source":"zoomChange_settle"}
[SVGAnnotationLayer] setRotInputVisible(false) reason=selectedIds.size !== 1
[DrawCanvas p1] MOUNT — tool=highlight, isShape=true, isDrawingMode=false
[DrawCanvas p1] shape effect — tool=highlight, isShape=true, isDrawingMode=false
[DrawCanvas p1] shape effect — tool=highlight, isShape=true, isDrawingMode=false
[Diag] tool-switch DETECTED → select (scheduling t+1000ms capture)
[SVGAnnotationLayer] setRotInputVisible(false) reason=selectedIds.size !== 1
[Diag select] screenshot saved (105 KB) → /Users/isaiahcalvo/Desktop/Survey-BetaSafeS2/TestLogs/testlog-screenshot-select.png
[Diag select] CAPTURED @ t+1003ms — annotations=3 callouts=0 svgWrappers=1 svgVis=[visible] svgElems=1 svgVisElems=1 eraserCanvases=0 svgMarkupBytes=6156
[UndoDiag] {"seq":2,"order":1,"at":"2026-05-14T22:56:12.768Z","event":"checkpoint_added","actionType":"create","rawActionType":"space:create","annotationType":null,"annotationId":null,"pageNumber":null,"lane":"legacy history","receivedStack":"legacyUndoHistory","chosenStack":null,"chosenLane":"legacy history","decisionReason":null,"undoDepth":1,"redoDepth":0}
[App-RegionEdit p1] overlay portal mounted — currentPage=1, activeTool=region-edit, hasAnnotations=true, hasRegions=false, overlayDiv=true, portalTarget=true
[RegionSelectionTool p1] target query hit — selector=[data-region-selection-target="1"], renderer=syncfusion-svg-stable
[RegionSelectionTool p1] target missing — space=1778799372768-9h9ylakkr, tool=region-edit, rect=none
[App-RegionEdit p1] overlay portal mounted — currentPage=1, activeTool=region-edit, hasAnnotations=true, hasRegions=false, overlayDiv=true, portalTarget=true
[SVGAnnotationLayer] setRotInputVisible(false) reason=selectedIds.size !== 1
[SVGAnnotationLayer] setRotInputVisible(false) reason=selectedIds.size !== 1
[App-RegionEdit p1] overlay portal mounted — currentPage=1, activeTool=region-edit, hasAnnotations=true, hasRegions=false, overlayDiv=true, portalTarget=true
[RegionSelectionTool p1] target mounted — space=1778799372768-9h9ylakkr, tool=region-edit, rect=634,84,506x655
[RegionSelectionTool p1] canvasRect — left=634, top=84, width=506, height=655, scale=0.82680
[App-RegionEdit p1] overlay portal mounted — currentPage=1, activeTool=region-edit, hasAnnotations=true, hasRegions=false, overlayDiv=true, portalTarget=true
[App-RegionEdit p1] overlay portal mounted — currentPage=1, activeTool=region-edit, hasAnnotations=true, hasRegions=false, overlayDiv=true, portalTarget=true
[RegionSelectionTool p1] mouseDown — tool=rectangular, activeTool=region-edit, within=true, client=769,405, rect=634,84,506x655
[RegionSelectionTool p1] mouseUp commit rectangular — x=163.26, y=388.36, w=335.08, h=211.69, mode=add
[App-RegionEdit p1] overlay portal mounted — currentPage=1, activeTool=region-edit, hasAnnotations=true, hasRegions=false, overlayDiv=true, portalTarget=true
[SVGAnnotationLayer] setRotInputVisible(false) reason=selectedIds.size !== 1
[RegionSelectionTool p1] confirm — input=1, consolidated=1, payload=1, valid=1
[App-RegionEdit] handleRegionComplete — saving regions {"activeSpaceId":"1778799372768-9h9ylakkr","regionSelectionPage":1,"incomingCount":1,"additiveCount":1,"migratedCount":1,"validCount":1,"regionIds":["1778799376666-qvpoglc05"]}
[UndoDiag] {"seq":3,"order":2,"at":"2026-05-14T22:56:19.218Z","event":"checkpoint_added","actionType":"move","rawActionType":"space:update","annotationType":null,"annotationId":null,"pageNumber":null,"lane":"legacy history","receivedStack":"legacyUndoHistory","chosenStack":null,"chosenLane":"legacy history","decisionReason":null,"undoDepth":2,"redoDepth":0}
[App-RegionOverlay p1] render-svg — regions=1, valid=1, display=506x655
[SpaceRegionOverlay p1] render — regions=1, screen=506x655, cutoutPathLength=197, maskId=space-mask-1--r0-
[SpaceRegionOverlay p1] mounted — root=506x655, svg=506x655, fillContainer=true, maskId=space-mask-1--r0-
[Diag] tool-switch DETECTED → select (scheduling t+1000ms capture)
[App-RegionOverlay p1] render-svg — regions=1, valid=1, display=506x655
[SpaceRegionOverlay p1] render — regions=1, screen=506x655, cutoutPathLength=197, maskId=space-mask-1--r0-
[SVGAnnotationLayer] setRotInputVisible(false) reason=selectedIds.size !== 1
[App-RegionOverlay p1] render-svg — regions=1, valid=1, display=506x655
[SpaceRegionOverlay p1] render — regions=1, screen=506x655, cutoutPathLength=197, maskId=space-mask-1--r0-
[App-RegionOverlay p1] render-svg — regions=1, valid=1, display=506x655
[SpaceRegionOverlay p1] render — regions=1, screen=506x655, cutoutPathLength=197, maskId=space-mask-1--r0-
[SVGAnnotationLayer] setRotInputVisible(false) reason=selectedIds.size !== 1
[App-RegionOverlay p1] render-svg — regions=1, valid=1, display=506x655
[SpaceRegionOverlay p1] render — regions=1, screen=506x655, cutoutPathLength=197, maskId=space-mask-1--r0-
[App-RegionOverlay p1] render-svg — regions=1, valid=1, display=506x655
[SpaceRegionOverlay p1] render — regions=1, screen=506x655, cutoutPathLength=197, maskId=space-mask-1--r0-
[App-RegionOverlay p1] render-svg — regions=1, valid=1, display=506x655
[Diag select] screenshot saved (466 KB) → /Users/isaiahcalvo/Desktop/Survey-BetaSafeS2/TestLogs/testlog-screenshot-select.png
[Diag select] CAPTURED @ t+1002ms — annotations=3 callouts=0 svgWrappers=1 svgVis=[visible] svgElems=1 svgVisElems=1 eraserCanvases=0 svgMarkupBytes=6157
[App-RegionOverlay p1] render-svg — regions=1, valid=1, display=506x655
[SpaceRegionOverlay p1] render — regions=1, screen=506x655, cutoutPathLength=197, maskId=space-mask-1--r0-
[DrawCanvas p1] MOUNT — tool=pen, isShape=false, isDrawingMode=true
[DrawCanvas p1] shape effect — tool=pen, isShape=false, isDrawingMode=true
[App-RegionOverlay p1] render-svg — regions=1, valid=1, display=506x655
[SpaceRegionOverlay p1] render — regions=1, screen=506x655, cutoutPathLength=197, maskId=space-mask-1--r0-
[DrawCanvas p1] shape effect — tool=pen, isShape=false, isDrawingMode=true
[App-RegionOverlay p1] render-svg — regions=1, valid=1, display=506x655
[SpaceRegionOverlay p1] render — regions=1, screen=506x655, cutoutPathLength=197, maskId=space-mask-1--r0-
[App-RegionOverlay p1] render-svg — regions=1, valid=1, display=506x655
[SpaceRegionOverlay p1] render — regions=1, screen=506x655, cutoutPathLength=197, maskId=space-mask-1--r0-
[PreviewDiag] start {"pointerDown":true,"surface":"FabricDrawingCanvas","tool":"pen","type":"path","action":"pen-stroke","pageNumber":1,"annotationId":null}
[PreviewDiag] preview {"id":"gesture-1","frames":1,"pointerDown":true,"surface":"FabricDrawingCanvas","tool":"pen","type":"path","action":"pen-stroke","pageNumber":1,"annotationId":null}
[PreviewDiag] preview {"id":"gesture-1","frames":25,"pointerDown":true,"surface":"FabricDrawingCanvas","tool":"pen","type":"path","action":"pen-stroke","pageNumber":1,"annotationId":null}
[PreviewDiag] pointer release {"id":"gesture-1","frames":31,"pointerDown":false,"surface":"FabricDrawingCanvas","tool":"pen","type":"path","action":"pen-stroke","pageNumber":1,"annotationId":"fab09dc4-268e-4f7a-8407-c7222fe39be9"}
[PreviewDiag] final commit {"id":"gesture-1","commits":1,"pointerDown":false,"surface":"App.handleSaveAnnotations","tool":"pen","type":"path","action":"path:created","pageNumber":1,"annotationId":"fab09dc4-268e-4f7a-8407-c7222fe39be9","source":"path:created","objectDelta":1,"previousObjectCount":3,"nextObjectCount":4,"changedObjectsCount":1,"checkpointPolicy":"normal"}
[CounterRenumber] skipped {"pageNumber":1,"source":"path:created","action":"path:created","reason":"non-numbering-save","preserveExistingCounters":true,"intentionalCounterChangeIds":[]}
[UndoDiag] {"seq":4,"order":3,"at":"2026-05-14T22:56:21.340Z","event":"local_annotation_history_added","actionType":"create","rawActionType":"fabric:create","annotationType":"path","annotationId":"fab09dc4-268e-4f7a-8407-c7222fe39be9","pageNumber":1,"lane":"local annotation history","receivedStack":"localAnnotationUndo","chosenStack":null,"chosenLane":"local annotation history","decisionReason":null,"undoDepth":1,"redoDepth":0}
[App-RegionOverlay p1] render-svg — regions=1, valid=1, display=506x655
[SpaceRegionOverlay p1] render — regions=1, screen=506x655, cutoutPathLength=197, maskId=space-mask-1--r0-
[CloudSync][hook] fabric state changed — debounce push scheduled {"pageCount":1,"objectCount":4,"priorObjectCount":3,"isWipePush":false,"deferredUntilPointerUp":false,"debounceMs":800}
[CloudSync][status] transition {"from":"idle","to":"pending","kind":"fabric","phase":null,"count":null,"queued":false,"error":null}
[App-RegionOverlay p1] render-svg — regions=1, valid=1, display=506x655
[SpaceRegionOverlay p1] render — regions=1, screen=506x655, cutoutPathLength=197, maskId=space-mask-1--r0-
[App-RegionOverlay p1] render-svg — regions=1, valid=1, display=506x655
[SpaceRegionOverlay p1] render — regions=1, screen=506x655, cutoutPathLength=197, maskId=space-mask-1--r0-
[CloudSync][hook] fabric push debounce elapsed — pushing now {"debounceMs":800,"debounceElapsedMs":802,"deferredQueuedMs":null,"actionType":"path:created"}
[Phase31 UAT] save:start {"documentId":"484e4280-bca3-4ebe-bde7-d9371da0f528","pdfId":"test.pdf-2462","userId":"170d915c-5741-4e0b-b03f-deaeedae27bd","legacyBulkUpsertEnabled":false,"crdtEnabled":true,"ydocMounted":true,"route":"supabase-durable-then-crdt","currentTotal":4,"currentDrawnByMe":0,"currentDrawnByOthers":4,"currentImported":0,"priorTotal":3,"priorDrawnByMe":0,"priorImported":0,"deltaTotal":1}
[CloudSync][status] transition {"from":"pending","to":"syncing","kind":"fabric","phase":null,"count":null,"queued":false,"error":null}
[CloudSync][delta] fabric prepared {"actionType":"path:created","changedIds":["fab09dc4-268e-4f7a-8407-c7222fe39be9"],"deletedIds":[],"changedObjectCount":1,"changedCount":1,"dispatchedCount":1,"supabaseUpsertCount":1,"yDocUpdateCount":1,"debounceMs":800,"debounceElapsedMs":802,"fullFanOutReason":null,"totalObjectCount":4,"priorObjectCount":3,"preciseSource":null,"preciseDeletedCount":null,"preciseChangedCount":null}
[CloudSync][push] upsertAnnotationsByPage start {"documentId":"484e4280-bca3-4ebe-bde7-d9371da0f528","pdfId":"test.pdf-2462","userId":"170d915c-5741-4e0b-b03f-deaeedae27bd","actionType":"path:created","changedIds":["fab09dc4-268e-4f7a-8407-c7222fe39be9"],"changedCount":1,"dispatchedCount":1,"supabaseUpsertCount":1,"debounceMs":800,"debounceElapsedMs":802,"fullFanOutReason":null,"totalRows":1,"userDrawnObjects":1,"importedObjects":0,"rowsByType":{"ink":1},"pages":1}
[App-RegionOverlay p1] render-svg — regions=1, valid=1, display=506x655
[SpaceRegionOverlay p1] render — regions=1, screen=506x655, cutoutPathLength=197, maskId=space-mask-1--r0-
[App-RegionOverlay p1] render-svg — regions=1, valid=1, display=506x655
[SpaceRegionOverlay p1] render — regions=1, screen=506x655, cutoutPathLength=197, maskId=space-mask-1--r0-
[CloudSync][push] upsertAnnotationsByPage ok {"elapsedMs":187,"pdfId":"test.pdf-2462","actionType":"path:created","supabaseUpsertCount":1,"rowsReturned":1}
[UndoDiag] {"seq":7,"order":null,"at":"2026-05-14T22:56:22.341Z","event":"yjs_history_added","actionType":"undo","rawActionType":"undo","annotationType":null,"annotationId":null,"pageNumber":null,"lane":"Yjs/CRDT history","receivedStack":"yjsUndoStack","chosenStack":null,"chosenLane":"Yjs/CRDT history","decisionReason":null,"undoDepth":1,"redoDepth":0}
[Phase31 UAT] save:fan-out done {"documentId":"484e4280-bca3-4ebe-bde7-d9371da0f528","pdfId":"test.pdf-2462","userId":"170d915c-5741-4e0b-b03f-deaeedae27bd","actionType":"path:created","dispatched":1,"yDocUpdateCount":1,"detected":1,"skippedHighlightOrCallout":0,"skippedOtherType":0,"rawTypeBreakdown":{"pen":1},"resolvedTypeBreakdown":{"ink":1},"skipReasons":{},"skipSamples":[],"yMapSizeAfter":4}
[CloudSync][hook] fabric push synced {"count":1}
[PreviewDiag] sync push {"gestureId":"gesture-1","totalAfterRelease":1,"kind":"fabric","count":1,"changedObjectCount":1,"deletedCount":0,"pageCount":1}
[CloudSync][status] transition {"from":"syncing","to":"synced","kind":"fabric","phase":null,"count":1,"queued":false,"error":null}
[App-RegionOverlay p1] render-svg — regions=1, valid=1, display=506x655
[SpaceRegionOverlay p1] render — regions=1, screen=506x655, cutoutPathLength=197, maskId=space-mask-1--r0-
[App-RegionOverlay p1] render-svg — regions=1, valid=1, display=506x655
[SpaceRegionOverlay p1] render — regions=1, screen=506x655, cutoutPathLength=197, maskId=space-mask-1--r0-
[PreviewDiag] preview {"id":"gesture-1","frames":50,"pointerDown":false,"surface":"App.handleSaveAnnotations","tool":"pen","type":"path","action":"pen-stroke","pageNumber":1,"annotationId":"fab09dc4-268e-4f7a-8407-c7222fe39be9","source":"path:created","objectDelta":1,"previousObjectCount":3,"nextObjectCount":4,"changedObjectsCount":1,"checkpointPolicy":"normal"}
[CloudSync][realtime] echo-filtered INSERT {"highlightId":"fab09dc4-268e-4f7a-8407-c7222fe39be9","annotationType":"ink","lastModifiedBy":"170d915c-5741-4e0b-b03f-deaeedae27bd","rowSessionId":"b485f461-c665-4f5d-aeec-f43936286499","currentSessionId":"b485f461-c665-4f5d-aeec-f43936286499","reason":"same-session"}
[PreviewDiag] start {"pointerDown":true,"surface":"FabricDrawingCanvas","tool":"pen","type":"path","action":"pen-stroke","pageNumber":1,"annotationId":null}
[PreviewDiag] preview {"id":"gesture-2","frames":1,"pointerDown":true,"surface":"FabricDrawingCanvas","tool":"pen","type":"path","action":"pen-stroke","pageNumber":1,"annotationId":null}
[PreviewDiag] pointer release {"id":"gesture-2","frames":18,"pointerDown":false,"surface":"FabricDrawingCanvas","tool":"pen","type":"path","action":"pen-stroke","pageNumber":1,"annotationId":"cebe6d8f-d34a-4634-86f8-352bbbef3deb"}
[PreviewDiag] final commit {"id":"gesture-2","commits":1,"pointerDown":false,"surface":"App.handleSaveAnnotations","tool":"pen","type":"path","action":"path:created","pageNumber":1,"annotationId":"cebe6d8f-d34a-4634-86f8-352bbbef3deb","source":"path:created","objectDelta":1,"previousObjectCount":4,"nextObjectCount":5,"changedObjectsCount":1,"checkpointPolicy":"normal"}
[CounterRenumber] skipped {"pageNumber":1,"source":"path:created","action":"path:created","reason":"non-numbering-save","preserveExistingCounters":true,"intentionalCounterChangeIds":[]}
[UndoDiag] {"seq":8,"order":4,"at":"2026-05-14T22:56:22.963Z","event":"local_annotation_history_added","actionType":"create","rawActionType":"fabric:create","annotationType":"path","annotationId":"cebe6d8f-d34a-4634-86f8-352bbbef3deb","pageNumber":1,"lane":"local annotation history","receivedStack":"localAnnotationUndo","chosenStack":null,"chosenLane":"local annotation history","decisionReason":null,"undoDepth":2,"redoDepth":0}
[App-RegionOverlay p1] render-svg — regions=1, valid=1, display=506x655
[SpaceRegionOverlay p1] render — regions=1, screen=506x655, cutoutPathLength=197, maskId=space-mask-1--r0-
[CloudSync][hook] fabric state changed — debounce push scheduled {"pageCount":1,"objectCount":5,"priorObjectCount":4,"isWipePush":false,"deferredUntilPointerUp":false,"debounceMs":800}
[CloudSync][status] transition {"from":"synced","to":"pending","kind":"fabric","phase":null,"count":null,"queued":false,"error":null}
[App-RegionOverlay p1] render-svg — regions=1, valid=1, display=506x655
[SpaceRegionOverlay p1] render — regions=1, screen=506x655, cutoutPathLength=197, maskId=space-mask-1--r0-
[App-RegionOverlay p1] render-svg — regions=1, valid=1, display=506x655
[SpaceRegionOverlay p1] render — regions=1, screen=506x655, cutoutPathLength=197, maskId=space-mask-1--r0-
[PreviewDiag] preview {"id":"gesture-2","frames":25,"pointerDown":false,"surface":"App.handleSaveAnnotations","tool":"pen","type":"path","action":"pen-stroke","pageNumber":1,"annotationId":"cebe6d8f-d34a-4634-86f8-352bbbef3deb","source":"path:created","objectDelta":1,"previousObjectCount":4,"nextObjectCount":5,"changedObjectsCount":1,"checkpointPolicy":"normal"}
[PreviewDiag] summary path:created started, 70 preview frames, 0 sync writes during drag, 0 sync deferrals during drag, 0 backup writes during drag, 1 commit on release, 1 sync push after release, 0 backup writes after release {"id":"gesture-1","durationMs":2793.8,"pointerDown":false,"surface":"App.handleSaveAnnotations","tool":"pen","type":"path","action":"path:created","pageNumber":1,"annotationId":"fab09dc4-268e-4f7a-8407-c7222fe39be9","source":"path:created","objectDelta":1,"previousObjectCount":3,"nextObjectCount":4,"changedObjectsCount":1,"checkpointPolicy":"normal","reason":"settled"}
[CloudSync][hook] fabric push debounce elapsed — pushing now {"debounceMs":800,"debounceElapsedMs":800,"deferredQueuedMs":null,"actionType":"path:created"}
[Phase31 UAT] save:start {"documentId":"484e4280-bca3-4ebe-bde7-d9371da0f528","pdfId":"test.pdf-2462","userId":"170d915c-5741-4e0b-b03f-deaeedae27bd","legacyBulkUpsertEnabled":false,"crdtEnabled":true,"ydocMounted":true,"route":"supabase-durable-then-crdt","currentTotal":5,"currentDrawnByMe":0,"currentDrawnByOthers":5,"currentImported":0,"priorTotal":4,"priorDrawnByMe":0,"priorImported":0,"deltaTotal":1}
[CloudSync][status] transition {"from":"pending","to":"syncing","kind":"fabric","phase":null,"count":null,"queued":false,"error":null}
[CloudSync][delta] fabric prepared {"actionType":"path:created","changedIds":["cebe6d8f-d34a-4634-86f8-352bbbef3deb"],"deletedIds":[],"changedObjectCount":1,"changedCount":1,"dispatchedCount":1,"supabaseUpsertCount":1,"yDocUpdateCount":1,"debounceMs":800,"debounceElapsedMs":800,"fullFanOutReason":null,"totalObjectCount":5,"priorObjectCount":4,"preciseSource":null,"preciseDeletedCount":null,"preciseChangedCount":null}
[CloudSync][push] upsertAnnotationsByPage start {"documentId":"484e4280-bca3-4ebe-bde7-d9371da0f528","pdfId":"test.pdf-2462","userId":"170d915c-5741-4e0b-b03f-deaeedae27bd","actionType":"path:created","changedIds":["cebe6d8f-d34a-4634-86f8-352bbbef3deb"],"changedCount":1,"dispatchedCount":1,"supabaseUpsertCount":1,"debounceMs":800,"debounceElapsedMs":800,"fullFanOutReason":null,"totalRows":1,"userDrawnObjects":1,"importedObjects":0,"rowsByType":{"ink":1},"pages":1}
[App-RegionOverlay p1] render-svg — regions=1, valid=1, display=506x655
[SpaceRegionOverlay p1] render — regions=1, screen=506x655, cutoutPathLength=197, maskId=space-mask-1--r0-
[App-RegionOverlay p1] render-svg — regions=1, valid=1, display=506x655
[SpaceRegionOverlay p1] render — regions=1, screen=506x655, cutoutPathLength=197, maskId=space-mask-1--r0-
[CloudSync][push] upsertAnnotationsByPage ok {"elapsedMs":79,"pdfId":"test.pdf-2462","actionType":"path:created","supabaseUpsertCount":1,"rowsReturned":1}
[UndoDiag] {"seq":11,"order":null,"at":"2026-05-14T22:56:23.849Z","event":"yjs_history_added","actionType":"undo","rawActionType":"undo","annotationType":null,"annotationId":null,"pageNumber":null,"lane":"Yjs/CRDT history","receivedStack":"yjsUndoStack","chosenStack":null,"chosenLane":"Yjs/CRDT history","decisionReason":null,"undoDepth":2,"redoDepth":0}
[Phase31 UAT] save:fan-out done {"documentId":"484e4280-bca3-4ebe-bde7-d9371da0f528","pdfId":"test.pdf-2462","userId":"170d915c-5741-4e0b-b03f-deaeedae27bd","actionType":"path:created","dispatched":1,"yDocUpdateCount":1,"detected":1,"skippedHighlightOrCallout":0,"skippedOtherType":0,"rawTypeBreakdown":{"pen":1},"resolvedTypeBreakdown":{"ink":1},"skipReasons":{},"skipSamples":[],"yMapSizeAfter":5}
[CloudSync][hook] fabric push synced {"count":1}
[PreviewDiag] sync push {"gestureId":"gesture-2","totalAfterRelease":1,"kind":"fabric","count":1,"changedObjectCount":1,"deletedCount":0,"pageCount":1}
[CloudSync][status] transition {"from":"syncing","to":"synced","kind":"fabric","phase":null,"count":1,"queued":false,"error":null}
[App-RegionOverlay p1] render-svg — regions=1, valid=1, display=506x655
[SpaceRegionOverlay p1] render — regions=1, screen=506x655, cutoutPathLength=197, maskId=space-mask-1--r0-
[App-RegionOverlay p1] render-svg — regions=1, valid=1, display=506x655
[SpaceRegionOverlay p1] render — regions=1, screen=506x655, cutoutPathLength=197, maskId=space-mask-1--r0-
[CloudSync][realtime] echo-filtered INSERT {"highlightId":"cebe6d8f-d34a-4634-86f8-352bbbef3deb","annotationType":"ink","lastModifiedBy":"170d915c-5741-4e0b-b03f-deaeedae27bd","rowSessionId":"b485f461-c665-4f5d-aeec-f43936286499","currentSessionId":"b485f461-c665-4f5d-aeec-f43936286499","reason":"same-session"}
[App-RegionOverlay p1] render-svg — regions=1, valid=1, display=506x655
[SpaceRegionOverlay p1] render — regions=1, screen=506x655, cutoutPathLength=197, maskId=space-mask-1--r0-
[PreviewDiag] summary path:created started, 31 preview frames, 0 sync writes during drag, 0 sync deferrals during drag, 0 backup writes during drag, 1 commit on release, 1 sync push after release, 0 backup writes after release {"id":"gesture-2","durationMs":2543.1,"pointerDown":false,"surface":"App.handleSaveAnnotations","tool":"pen","type":"path","action":"path:created","pageNumber":1,"annotationId":"cebe6d8f-d34a-4634-86f8-352bbbef3deb","source":"path:created","objectDelta":1,"previousObjectCount":4,"nextObjectCount":5,"changedObjectsCount":1,"checkpointPolicy":"normal","reason":"settled"}
[App-RegionOverlay p1] render-svg — regions=1, valid=1, display=506x655
[SpaceRegionOverlay p1] render — regions=1, screen=506x655, cutoutPathLength=197, maskId=space-mask-1--r0-
[App-RegionOverlay p1] render-svg — regions=1, valid=1, display=506x655
[SpaceRegionOverlay p1] render — regions=1, screen=506x655, cutoutPathLength=197, maskId=space-mask-1--r0-
[App-RegionOverlay p1] render-svg — regions=1, valid=1, display=506x655
[App-RegionOverlay p1] render-svg — regions=1, valid=1, display=506x655
[SpaceRegionOverlay p1] render — regions=1, screen=506x655, cutoutPathLength=197, maskId=space-mask-1--r0-
[App-RegionOverlay p1] render-svg — regions=1, valid=1, display=506x655
[SpaceRegionOverlay p1] render — regions=1, screen=506x655, cutoutPathLength=197, maskId=space-mask-1--r0-
[App-RegionOverlay p1] render-svg — regions=1, valid=1, display=506x655
[SVGAnnotationLayer] setRotInputVisible(false) reason=selectedIds.size !== 1
[SVGAnnotationLayer] setRotInputVisible(false) reason=selectedIds.size !== 1
[SVGAnnotationLayer] setRotInputVisible(false) reason=selectedIds.size !== 1
[PDFSaveExport] action start {"actionType":"pdf-export","documentId":"484e4280-bca3-4ebe-bde7-d9371da0f528","supabaseAnnotationSaveRan":false,"pdfBytesGenerated":false,"localFilesystemWrite":false,"outputPath":null,"annotationCountsByType":{"path":5,"highlight":2},"annotationCountSummary":{"totalObjects":5,"calloutCount":0,"highlightCount":2,"importedPdfObjects":0,"byType":{"path":5,"highlight":2}},"embeddedPdfNativeAnnotationHandling":"preserve-unedited-native-annots-skip-unedited-imported-copies-export-edited-imported-copies","note":"Explicit export generates a PDF copy from original PDF bytes. Unedited imported PDF-native app copies are skipped to avoid duplication; edited imported copies are exported from app state."}
[PDFSaveExport] source PDF selection {"actionType":"pdf-export","documentId":"484e4280-bca3-4ebe-bde7-d9371da0f528","source":"original-pdf-bytes","skippedViewerSaveAsBlob":true,"reason":"The viewer save blob can contain rendered annotation appearances; exporting from original bytes prevents baked page artifacts plus duplicate editable app annotations."}
[PDFImportedEditExport] summary {"actionType":"pdf-export","documentId":"484e4280-bca3-4ebe-bde7-d9371da0f528","importedNativeCopiesSkipped":0,"editedImportedCopiesExported":0,"editedImportedNativeCopiesRemoved":0,"editedImportedNativeCopiesRemoveMisses":0,"reason":"unedited imported PDF-native app copies are skipped because the source PDF already contains the native annotation; edited imported copies are exported from app state and matching native annotations are removed when identifiable."}
[PDFSaveExport] pdf bytes generated {"actionType":"pdf-export","documentId":"484e4280-bca3-4ebe-bde7-d9371da0f528","pdfBytesGenerated":true,"byteLength":10612,"exportContract":{"version":1,"defaultScope":"regular-viewer-annotations-only","includedScopes":["canvas"],"excludedScopes":["survey","region","survey-region"],"importedPdfNativeHandling":"preserve-unedited-native-annots-skip-unedited-imported-copies-export-edited-imported-copies","visibilityHandling":"export-regular-viewer-annotations-only-exclude-survey-spaces-regions"},"exportDiagnostics":{"totalObjectsConsidered":7,"objectsExported":1,"objectsSkipped":6,"pdfAnnotationsAdded":1,"importedNativeCopiesSkipped":0,"editedImportedCopiesExported":0,"editedImportedNativeCopiesRemoved":0,"editedImportedNativeCopiesRemoveMisses":0,"byScope":{"canvas":1,"region":4,"survey":2},"byType":{"path":5,"highlight":2},"bySource":{"fabric":5,"survey-highlight":2},"byRegion":{"1778794793231-hjd5trloi":1,"1778797511642-0a0k5tewk":1,"1778799376666-qvpoglc05":2},"bySpace":{"1778799372768-9h9ylakkr":2},"bySurvey":{"1778799372768-9h9ylakkr":2,"module-1763727070665-0.5714253201980415":2},"skippedByReason":{"scoped-annotation-export-excluded":4,"survey-highlight-export-excluded":2},"skipped":[{"source":"fabric","pageNumber":1,"id":"89b2125b-8254-482b-8bbd-14600c2f533c","type":"path","scope":"region","reason":"scoped-annotation-export-excluded"},{"source":"fabric","pageNumber":1,"id":"8102c794-08bc-4299-88a0-56a8c780a04a","type":"path","scope":"region","reason":"scoped-annotation-export-excluded"},{"source":"fabric","pageNumber":1,"id":"fab09dc4-268e-4f7a-8407-c7222fe39be9","type":"path","scope":"region","reason":"scoped-annotation-export-excluded"},{"source":"fabric","pageNumber":1,"id":"cebe6d8f-d34a-4634-86f8-352bbbef3deb","type":"path","scope":"region","reason":"scoped-annotation-export-excluded"},{"source":"survey-highlight","pageNumber":1,"id":"highlight-1778797496854-rlutw24e8","type":"highlight","scope":"survey","reason":"survey-highlight-export-excluded"},{"source":"survey-highlight","pageNumber":1,"id":"highlight-1778797501682-m1zlziliy","type":"highlight","scope":"survey","reason":"survey-highlight-export-excluded"}]},"appObjectsSeen":7,"pdfAnnotationsAdded":1,"annotationCountsByType":{"path":5,"highlight":2},"annotationCountsByScope":{"canvas":1,"region":4,"survey":2},"annotationCountsBySource":{"fabric":5,"survey-highlight":2},"annotationSkippedByReason":{"scoped-annotation-export-excluded":4,"survey-highlight-export-excluded":2},"embeddedPdfNativeAnnotationHandling":"preserve-unedited-native-annots-skip-unedited-imported-copies-export-edited-imported-copies","appLayerStateEmbedded":true,"appLayerStateSummary":{"documentId":"484e4280-bca3-4ebe-bde7-d9371da0f528","exportId":"484e4280-bca3-4ebe-bde7-d9371da0f528-1778799403173","scopedAnnotationPages":1,"scopedCallouts":0,"surveyHighlights":2,"spaces":1},"importedAppAnnotationsSkipped":0,"editedImportedAppAnnotationsExported":0,"editedImportedNativeAnnotationsRemoved":0,"editedImportedNativeAnnotationRemoveMisses":0,"countersExported":0,"counterMetadataMarker":"survey-counter","counterMetadataKeys":["SurveyApp","Subj","NM","Contents"],"counterMetadataFailures":0,"localFilesystemWrite":false,"outputPath":null}
[Phase31 UAT] focus rehydrate skipped — doc is cutover-sealed, Y.Doc + realtime is source of truth {"documentId":"484e4280-bca3-4ebe-bde7-d9371da0f528","pdfId":"test.pdf-2462","cutoverTs":"2026-05-14T22:54:17.039+00:00","ydocAuthoritative":true}
[PDFSaveExport] action complete {"actionType":"pdf-export","documentId":"484e4280-bca3-4ebe-bde7-d9371da0f528","supabaseAnnotationSaveRan":false,"pdfBytesGenerated":true,"localFilesystemWrite":true,"outputPath":"/Users/isaiahcalvo/Desktop/1.pdf","annotationCountsByType":{"path":5,"highlight":2},"annotationCountSummary":{"totalObjects":5,"calloutCount":0,"highlightCount":2,"importedPdfObjects":0,"byType":{"path":5,"highlight":2}},"embeddedPdfNativeAnnotationHandling":"preserve-unedited-native-annots-skip-unedited-imported-copies-export-edited-imported-copies"}
[CloudSync][realtime] unsubscribing {"documentId":"484e4280-bca3-4ebe-bde7-d9371da0f528"}
[CloudSync][realtime] subscribe status {"status":"CLOSED","error":null}
[CloudSync][hook] hydrate effect fired {"enabled":false,"hydrateEnabled":false,"documentId":"484e4280-bca3-4ebe-bde7-d9371da0f528","userId":"170d915c-5741-4e0b-b03f-deaeedae27bd","pdfId":"test.pdf-2462"}
[CloudSync][hook] hydrate skipped — missing prerequisite {"hydrateEnabled":false,"hasDocumentId":true,"hasUserId":true,"hasPdfId":true}
[AnnotationHydrationGate][normal] {"documentId":"484e4280-bca3-4ebe-bde7-d9371da0f528","pdfId":"test.pdf-2462","ready":true,"source":"disabled","normalReady":true,"cutoverTs":"2026-05-14T22:54:17.039+00:00","count":null,"calloutCount":null,"firstPaintGate":true}
[SVGAnnotationLayer] setRotInputVisible(false) reason=selectedIds.size !== 1
[AnnotationHydrationGate][first-page] {"documentId":"484e4280-bca3-4ebe-bde7-d9371da0f528","pdfId":"test.pdf-2462","pageNumber":1,"ready":true,"visualCoverActive":false,"normal":{"documentId":"484e4280-bca3-4ebe-bde7-d9371da0f528","pdfId":"test.pdf-2462","ready":true,"source":"disabled","normalReady":true,"cutoverTs":"2026-05-14T22:54:17.039+00:00","count":null,"calloutCount":null,"firstPaintGate":true},"survey":{"ready":true,"source":"supabase-highlight","documentId":"484e4280-bca3-4ebe-bde7-d9371da0f528","pdfId":"test.pdf-2462","count":2}}
[AnnotationHydrationGate][visual-cover] {"documentId":"484e4280-bca3-4ebe-bde7-d9371da0f528","pdfId":"test.pdf-2462","pageNumber":1,"active":false,"reason":"hydration-ready"}
[CloudSync][hook] session id minted {"sessionId":"a5725e3e-5254-4fb5-a518-9b632caf6a47"}
[CloudSync][hook] session id minted {"sessionId":"b6432ca4-6208-4075-89aa-89a4ba4e103c"}
[CloudSync][hook][state-obs] annotationsByPage initial {"currentCount":0,"pages":0,"hydrated":false}
[CloudSync][hook][state-obs] callouts initial {"currentCount":0,"hydrated":false}
[CloudSync][hook] hydrate effect fired {"enabled":false,"hydrateEnabled":false,"documentId":"484e4280-bca3-4ebe-bde7-d9371da0f528","userId":"170d915c-5741-4e0b-b03f-deaeedae27bd","pdfId":null}
[CloudSync][hook] hydrate skipped — missing prerequisite {"hydrateEnabled":false,"hasDocumentId":true,"hasUserId":true,"hasPdfId":false}
[AnnotationHydrationGate][normal] {"documentId":"484e4280-bca3-4ebe-bde7-d9371da0f528","pdfId":null,"ready":true,"source":"disabled","normalReady":true,"cutoverTs":null,"count":null,"calloutCount":null,"firstPaintGate":true}
[AnnotationHydrationGate][first-page] {"documentId":"484e4280-bca3-4ebe-bde7-d9371da0f528","pdfId":null,"pageNumber":1,"ready":true,"visualCoverActive":false,"normal":{"documentId":"484e4280-bca3-4ebe-bde7-d9371da0f528","pdfId":null,"ready":true,"source":"disabled","firstPaintGate":true},"survey":{"ready":true,"source":"local"}}
[AnnotationHydrationGate][visual-cover] {"documentId":"484e4280-bca3-4ebe-bde7-d9371da0f528","pdfId":null,"pageNumber":1,"active":false,"reason":"hydration-ready"}
[Cloud render cache] doc=test.pdf-2462 painting verified cloud snapshot immediately — count=5.
[CSeries wipe] doc=test.pdf-2462 totalCounters=0 legacyRemoved=0 — nothing to wipe.
[Phase31 UAT] backfill:effect {"hasYdoc":true,"docId":"484e4280-bca3-4ebe-bde7-d9371da0f528","userId":null,"alreadyRanFor":null,"willRun":false}
[CloudSync][hook][state-obs] annotationsByPage initial {"currentCount":0,"pages":0,"hydrated":false}
[CloudSync][hook][state-obs] callouts initial {"currentCount":0,"hydrated":false}
[CloudSync][hook] hydrate effect fired {"enabled":false,"hydrateEnabled":false,"documentId":null,"userId":"170d915c-5741-4e0b-b03f-deaeedae27bd","pdfId":null}
[CloudSync][hook] hydrate skipped — missing prerequisite {"hydrateEnabled":false,"hasDocumentId":false,"hasUserId":true,"hasPdfId":false}
[AnnotationHydrationGate][normal] {"documentId":null,"pdfId":null,"ready":true,"source":"disabled","normalReady":true,"cutoverTs":null,"count":null,"calloutCount":null,"firstPaintGate":true}
[CSeries wipe] doc=1.pdf-10612 totalCounters=0 legacyRemoved=0 — nothing to wipe.
[CloudSync][hook] hydrate effect fired {"enabled":false,"hydrateEnabled":false,"documentId":"484e4280-bca3-4ebe-bde7-d9371da0f528","userId":"170d915c-5741-4e0b-b03f-deaeedae27bd","pdfId":"test.pdf-2462"}
[CloudSync][hook] hydrate skipped — missing prerequisite {"hydrateEnabled":false,"hasDocumentId":true,"hasUserId":true,"hasPdfId":true}
[AnnotationHydrationGate][normal] {"documentId":"484e4280-bca3-4ebe-bde7-d9371da0f528","pdfId":"test.pdf-2462","ready":true,"source":"disabled","normalReady":true,"cutoverTs":null,"count":null,"calloutCount":null,"firstPaintGate":true}
[AnnotationHydrationGate][first-page] {"documentId":"484e4280-bca3-4ebe-bde7-d9371da0f528","pdfId":"test.pdf-2462","pageNumber":1,"ready":false,"visualCoverActive":true,"normal":{"documentId":"484e4280-bca3-4ebe-bde7-d9371da0f528","pdfId":null,"ready":true,"source":"disabled","normalReady":true,"cutoverTs":null,"count":null,"calloutCount":null,"firstPaintGate":true},"survey":{"ready":false,"source":"supabase-highlight-starting","documentId":"484e4280-bca3-4ebe-bde7-d9371da0f528","pdfId":"test.pdf-2462"}}
[AnnotationHydrationGate][visual-cover] {"documentId":"484e4280-bca3-4ebe-bde7-d9371da0f528","pdfId":"test.pdf-2462","pageNumber":1,"active":true,"reason":"annotation-hydration-gated"}
[CloudSync][hook] hydrate effect fired {"enabled":false,"hydrateEnabled":false,"documentId":null,"userId":"170d915c-5741-4e0b-b03f-deaeedae27bd","pdfId":"1.pdf-10612"}
[CloudSync][hook] hydrate skipped — missing prerequisite {"hydrateEnabled":false,"hasDocumentId":false,"hasUserId":true,"hasPdfId":true}
[AnnotationHydrationGate][normal] {"documentId":null,"pdfId":"1.pdf-10612","ready":true,"source":"disabled","normalReady":true,"cutoverTs":null,"count":null,"calloutCount":null,"firstPaintGate":true}
[PreviewDiag] backup write {"kind":"callout-localStorage","count":1,"calloutCount":0,"bytes":2}
[AnnotationHydrationGate][first-page] {"documentId":"484e4280-bca3-4ebe-bde7-d9371da0f528","pdfId":"test.pdf-2462","pageNumber":1,"ready":false,"visualCoverActive":true,"normal":{"documentId":"484e4280-bca3-4ebe-bde7-d9371da0f528","pdfId":"test.pdf-2462","ready":true,"source":"disabled","normalReady":true,"cutoverTs":null,"count":null,"calloutCount":null,"firstPaintGate":true},"survey":{"ready":false,"source":"supabase-highlight-starting","documentId":"484e4280-bca3-4ebe-bde7-d9371da0f528","pdfId":"test.pdf-2462"}}
[AnnotationHydrationGate][visual-cover] {"documentId":"484e4280-bca3-4ebe-bde7-d9371da0f528","pdfId":"test.pdf-2462","pageNumber":1,"active":true,"reason":"annotation-hydration-gated"}
[Phase31 UAT] backfill:effect {"hasYdoc":true,"docId":"484e4280-bca3-4ebe-bde7-d9371da0f528","userId":"170d915c-5741-4e0b-b03f-deaeedae27bd","alreadyRanFor":null,"willRun":true}
[Phase31 UAT] backfill:start {"hasYdoc":true,"hasSupabase":true,"documentId":"484e4280-bca3-4ebe-bde7-d9371da0f528","userId":"170d915c-5741-4e0b-b03f-deaeedae27bd","markCutoverComplete":true}
[PDFImport] skipped embedded PDF annotation import — cloud/Y.Doc is authoritative {"documentId":"484e4280-bca3-4ebe-bde7-d9371da0f528"}
[PDFCounterImport] summary {"marker":"survey-counter","metadataKey":"SurveyApp","counterAnnotationsImported":0,"plainCirclesImported":0,"counterMetadataParseFailures":0,"appCalloutMarker":"survey-callout","appCalloutMetadataKey":"SurveyAppCallout","appCalloutAnnotationsImported":0,"appCalloutPiecesSkipped":0}
[PDFAppLayerStateImport] summary {"found":false,"documentId":null,"exportId":null,"scopedAnnotationPages":0,"scopedCallouts":0,"surveyHighlights":0,"spaces":0}
[PDFImport] native layer policy {"documentId":"484e4280-bca3-4ebe-bde7-d9371da0f528","cloudAuthoritative":true,"reason":"cloud/Y.Doc annotations are authoritative; native PDF annotation layer is hidden when all renderable native annotations are accounted for by importer diagnostics.","pages":{"1":{"hideNativeLayer":false,"nativeRenderableAnnotationCount":0,"nativeOnlyAnnotationCount":0,"reason":"no-renderable-native-annotations"},"2":{"hideNativeLayer":false,"nativeRenderableAnnotationCount":0,"nativeOnlyAnnotationCount":0,"reason":"no-renderable-native-annotations"},"3":{"hideNativeLayer":false,"nativeRenderableAnnotationCount":0,"nativeOnlyAnnotationCount":0,"reason":"no-renderable-native-annotations"}}}
[PrintPanel] RENDER — panel closed
[PDFCounterImport] summary {"marker":"survey-counter","metadataKey":"SurveyApp","counterAnnotationsImported":0,"plainCirclesImported":0,"counterMetadataParseFailures":0,"appCalloutMarker":"survey-callout","appCalloutMetadataKey":"SurveyAppCallout","appCalloutAnnotationsImported":0,"appCalloutPiecesSkipped":0}
[PDFAppLayerStateImport] summary {"found":true,"documentId":"484e4280-bca3-4ebe-bde7-d9371da0f528","exportId":"484e4280-bca3-4ebe-bde7-d9371da0f528-1778799403173","scopedAnnotationPages":1,"scopedCallouts":0,"surveyHighlights":2,"spaces":1}
[PDFImport] native layer policy {"documentId":null,"pdfName":"1.pdf","cloudAuthoritative":false,"reason":"PDF-native annotations imported as editable app annotations hide Syncfusion native annotation and selection/adorner layers to avoid duplicate interaction chrome.","pages":{"1":{"hideNativeLayer":true,"nativeRenderableAnnotationCount":1,"nativeOnlyAnnotationCount":0,"importedCopyCount":1,"reason":"all-renderable-native-annotations-imported-as-editable-app-annotations"},"2":{"hideNativeLayer":false,"nativeRenderableAnnotationCount":0,"nativeOnlyAnnotationCount":0,"importedCopyCount":0,"reason":"no-renderable-native-annotations"},"3":{"hideNativeLayer":false,"nativeRenderableAnnotationCount":0,"nativeOnlyAnnotationCount":0,"importedCopyCount":0,"reason":"no-renderable-native-annotations"}}}
[PDFAppLayerStateImport] restored {"documentId":"484e4280-bca3-4ebe-bde7-d9371da0f528","exportId":"484e4280-bca3-4ebe-bde7-d9371da0f528-1778799403173","scopedAnnotationPages":1,"scopedCallouts":0,"surveyHighlights":2,"spaces":1}
[PrintPanel] RENDER — panel closed
[SVGAnnotationLayer] setRotInputVisible(false) reason=selectedIds.size !== 1
[SVGAnnotationLayer] setRotInputVisible(false) reason=selectedIds.size !== 1
[SVGAnnotationLayer] setRotInputVisible(false) reason=selectedIds.size !== 1
[SVGAnnotationLayer] setRotInputVisible(false) reason=selectedIds.size !== 1
[DebugBridge +130378.5ms] pdf_loaded {"pageCount":3,"currentPage":1}
[DebugBridge +130415.9ms] pdf_loaded {"pageCount":3,"currentPage":1}
[HIGHLIGHT-SYNC][load.legacy][pdf=test.pdf] {"documentId":"484e4280-bca3-4ebe-bde7-d9371da0f528","totalRows":2,"fabricCarryingDropped":0,"keptCount":2,"keptIds":["highlight-1778797496854-rlutw24e8","highlight-1778797501682-m1zlziliy"]}
[AnnotationHydrationGate][survey] supabase highlights complete {"documentId":"484e4280-bca3-4ebe-bde7-d9371da0f528","pdfId":"test.pdf-2462","count":2}
[AnnotationHydrationGate][first-page] {"documentId":"484e4280-bca3-4ebe-bde7-d9371da0f528","pdfId":"test.pdf-2462","pageNumber":1,"ready":true,"visualCoverActive":false,"normal":{"documentId":"484e4280-bca3-4ebe-bde7-d9371da0f528","pdfId":"test.pdf-2462","ready":true,"source":"disabled","normalReady":true,"cutoverTs":null,"count":null,"calloutCount":null,"firstPaintGate":true},"survey":{"ready":true,"source":"supabase-highlight","documentId":"484e4280-bca3-4ebe-bde7-d9371da0f528","pdfId":"test.pdf-2462","count":2}}
[AnnotationHydrationGate][visual-cover] {"documentId":"484e4280-bca3-4ebe-bde7-d9371da0f528","pdfId":"test.pdf-2462","pageNumber":1,"active":false,"reason":"hydration-ready"}
[DebugBridge +130512.3ms] zoom_start {"scale":1.33333,"targetScale":0.88,"source":"zoomChange"}
[Phase31 UAT] backfill:degeneracy-probe {"documentId":"484e4280-bca3-4ebe-bde7-d9371da0f528","userId":"170d915c-5741-4e0b-b03f-deaeedae27bd","yMapSize":5,"legacyCount":6,"probeOk":true,"tolerance":100,"yMapLooksHealthy":false,"dedupeRan":true,"lastGoodSize":133,"hardFloorBreached":true}
console.warn @ [crdtBackfill] cutover sealed but Y.Map < legacy count — re-running import loop to recover {"yMapSize":5,"legacyCount":6}
[Phase31 UAT] backfill:select-loop start {"documentId":"484e4280-bca3-4ebe-bde7-d9371da0f528","userId":"170d915c-5741-4e0b-b03f-deaeedae27bd","pageSize":1000}
[Phase31 UAT] backfill:select-loop page ok {"documentId":"484e4280-bca3-4ebe-bde7-d9371da0f528","page":0,"range":[0,999],"pageRows":6,"totalSoFar":6,"pageElapsedMs":66}
[Phase31 UAT] backfill:done {"ranAs":"leader","documentId":"484e4280-bca3-4ebe-bde7-d9371da0f528","userId":"170d915c-5741-4e0b-b03f-deaeedae27bd","rowsFetched":6,"imported":6,"skipped":0,"yMapSizeAfter":6,"cutoverRequested":true,"cutoverCompleted":true,"importedByType":{"ink":6},"skippedByType":{}}
[crdtDedupePdfImports] removed 1 duplicate PDF-imported annotations across 6 unique signatures
[CloudSync][hook] dedupe-resync — restoring state {"documentId":"484e4280-bca3-4ebe-bde7-d9371da0f528","removed":1,"resyncCount":5}
[HyperlinkDiag] post-load scan {"hyperlinkCount":0,"samples":[]}
[HyperlinkDiag] page 1 layers {"hyperlinkChildren":0,"layerClasses":["e-spinner-pane e-spin-hide","e-pv-page-canvas","e-pv-text-layer","DIV"]}
[HyperlinkDiag] page 2 layers {"hyperlinkChildren":0,"layerClasses":["e-spinner-pane e-spin-hide","e-pv-page-canvas","e-pv-text-layer","DIV"]}
[HyperlinkDiag] page 3 layers {"hyperlinkChildren":0,"layerClasses":["e-spinner-pane e-spin-hide","e-pv-page-canvas","e-pv-text-layer","DIV"]}
[HyperlinkDiag] post-load scan {"hyperlinkCount":0,"samples":[]}
[HyperlinkDiag] page 1 layers {"hyperlinkChildren":0,"layerClasses":["DIV","e-spinner-pane e-spin-show","e-pv-page-canvas","DIV","e-pv-annotation-canvas","e-pv-text-layer"]}
[HyperlinkDiag] page 2 layers {"hyperlinkChildren":0,"layerClasses":["DIV","e-spinner-pane e-spin-show","e-pv-page-canvas","DIV","e-pv-annotation-canvas","e-pv-text-layer"]}
[HyperlinkDiag] page 3 layers {"hyperlinkChildren":0,"layerClasses":["DIV","e-spinner-pane e-spin-show","e-pv-page-canvas","DIV","e-pv-annotation-canvas","e-pv-text-layer"]}
[DebugBridge +132142.9ms] zoom_end {"source":"zoomChange_settle"}
[App-RegionOverlay p1] render-svg — regions=1, valid=1, display=539x697
[SpaceRegionOverlay p1] render — regions=1, screen=539x697, cutoutPathLength=197, maskId=space-mask-1--r1-
[SpaceRegionOverlay p1] mounted — root=539x697, svg=539x697, fillContainer=true, maskId=space-mask-1--r1-
[App-RegionOverlay p1] render-svg — regions=1, valid=1, display=539x697
[SpaceRegionOverlay p1] render — regions=1, screen=539x697, cutoutPathLength=197, maskId=space-mask-1--r1-
[SVGAnnotationLayer] setRotInputVisible(false) reason=selectedIds.size !== 1
[SVGAnnotationLayer] setRotInputVisible(false) reason=selectedIds.size !== 1
[App-RegionOverlay p1] render-svg — regions=1, valid=1, display=539x697
[SpaceRegionOverlay p1] render — regions=1, screen=539x697, cutoutPathLength=197, maskId=space-mask-1--r1-
[App-RegionOverlay p1] render-svg — regions=1, valid=1, display=539x697
[SpaceRegionOverlay p1] render — regions=1, screen=539x697, cutoutPathLength=197, maskId=space-mask-1--r1-
[SVGAnnotationLayer] setRotInputVisible(false) reason=selectedIds.size !== 1
[App-RegionOverlay p1] render-svg — regions=1, valid=1, display=539x697
[App-RegionOverlay p1] render-svg — regions=1, valid=1, display=539x697
[SpaceRegionOverlay p1] render — regions=1, screen=539x697, cutoutPathLength=197, maskId=space-mask-1--r1-
[App-RegionOverlay p1] render-svg — regions=1, valid=1, display=539x697
[SVGAnnotationLayer] setRotInputVisible(false) reason=selectedIds.size !== 1
[SVGAnnotationLayer] setRotInputVisible(false) reason=selectedIds.size !== 1
[SVGAnnotationLayer] setRotInputVisible(false) reason=selectedIds.size !== 1
[Diag] tool-switch DETECTED → select (scheduling t+1000ms capture)
[Diag] tool-switch DETECTED → select (scheduling t+1000ms capture)
[SVGAnnotationLayer] setRotInputVisible(false) reason=selectedIds.size !== 1
[DrawCanvas p1] MOUNT — tool=highlight, isShape=true, isDrawingMode=false
[DrawCanvas p1] shape effect — tool=highlight, isShape=true, isDrawingMode=false
[DrawCanvas p1] shape effect — tool=highlight, isShape=true, isDrawingMode=false
[Diag select] screenshot saved (250 KB) → /Users/isaiahcalvo/Desktop/Survey-BetaSafeS2/TestLogs/testlog-screenshot-select.png
[Diag select] CAPTURED @ t+1002ms — annotations=5 callouts=0 svgWrappers=2 svgVis=[visible,visible] svgElems=1 svgVisElems=1 eraserCanvases=0 svgMarkupBytes=10072
[Diag] tool-switch DETECTED → select (scheduling t+1000ms capture)
[SVGAnnotationLayer] setRotInputVisible(false) reason=selectedIds.size !== 1
[Diag select] screenshot saved (145 KB) → /Users/isaiahcalvo/Desktop/Survey-BetaSafeS2/TestLogs/testlog-screenshot-select.png
[Diag select] CAPTURED @ t+1001ms — annotations=5 callouts=0 svgWrappers=2 svgVis=[visible,visible] svgElems=2 svgVisElems=2 eraserCanvases=0 svgMarkupBytes=18098

===== Undo/Redo Chronology =====
events=1
lanes=local annotation history | callout history | legacy history | Yjs/CRDT history
{"seq":1,"order":null,"at":"2026-05-14T22:56:53.949Z","event":"history_reset_for_pdf_change","actionType":"pdf:change","rawActionType":"pdf:change","annotationType":null,"annotationId":null,"pageNumber":null,"lane":null,"receivedStack":null,"chosenStack":null,"chosenLane":null,"decisionReason":null,"undoDepth":0,"redoDepth":0}
===== End Undo/Redo Chronology =====
