===== SurveyApp Save Log =====
version:   0.1.45
runtime:   web
platform:  web
device:    Mac
os:        macOS 10.15.7
screen:    1512x982 @2x
viewport:  599x767
locale:    en-US
timestamp: 2026-05-07T05:10:44.023Z (5/7/2026, 1:10:44 AM)
==============================
[dev-auto-login] boot {"hasDevEmail":true,"devEmailHint":"isai***","hasDevPassword":true,"hasCachedSession":true,"cachedSessionEmail":"isaiahcalvo123@gmail.com","cachedSessionExpiresAt":1778132279}
[dev-auto-login] cached session matches dev email, keeping it
[dev-auto-login] decision {"needsAutoLogin":false,"willAttemptSignIn":false}
[CloudSync][hook] session id minted {"sessionId":"e7c2eda3-aece-4caf-8bda-92b786c06d1b"}
[CloudSync][hook][state-obs] annotationsByPage initial {"currentCount":0,"pages":0,"hydrated":false}
[CloudSync][hook][state-obs] callouts initial {"currentCount":0,"hydrated":false}
[CloudSync][hook] hydrate effect fired {"enabled":false,"documentId":"d30ac66b-5d2e-4a93-aab3-8fdd84a0af86","userId":"170d915c-5741-4e0b-b03f-deaeedae27bd","pdfId":null}
[CloudSync][hook] hydrate skipped — missing prerequisite {"enabled":false,"hasDocumentId":true,"hasUserId":true,"hasPdfId":false}
[Cloud render cache] doc=Package 2 - Rev 4 -- IC.pdf-6291605 painting verified cloud snapshot immediately — count=2867.
[CSeries wipe] doc=Package 2 - Rev 4 -- IC.pdf-6291605 totalCounters=0 legacyRemoved=0 — nothing to wipe.
[Phase31 UAT] backfill:effect {"hasYdoc":true,"docId":"d30ac66b-5d2e-4a93-aab3-8fdd84a0af86","userId":null,"alreadyRanFor":null,"willRun":false}
[CloudSync][hook][state-obs] change {"prevCount":0,"currentCount":2867,"delta":2867,"hydrated":false,"sameRefAsLastByPage":false}
[CloudSync][hook][state-obs] callout change {"prevCount":0,"currentCount":0,"delta":0,"hydrated":false,"sameRefAsLastCallouts":false}
[CloudSync][hook] hydrate effect fired {"enabled":false,"documentId":"d30ac66b-5d2e-4a93-aab3-8fdd84a0af86","userId":"170d915c-5741-4e0b-b03f-deaeedae27bd","pdfId":"Package 2 - Rev 4 -- IC.pdf-6291605"}
[CloudSync][hook] hydrate skipped — missing prerequisite {"enabled":false,"hasDocumentId":true,"hasUserId":true,"hasPdfId":true}
[Phase31 UAT] backfill:effect {"hasYdoc":true,"docId":"d30ac66b-5d2e-4a93-aab3-8fdd84a0af86","userId":"170d915c-5741-4e0b-b03f-deaeedae27bd","alreadyRanFor":null,"willRun":true}
[Phase31 UAT] backfill:start {"hasYdoc":true,"hasSupabase":true,"documentId":"d30ac66b-5d2e-4a93-aab3-8fdd84a0af86","userId":"170d915c-5741-4e0b-b03f-deaeedae27bd","markCutoverComplete":true}
[HIGHLIGHT-SYNC][load.legacy][pdf=Package 2 - Rev 4 -- IC.pdf] {"documentId":"d30ac66b-5d2e-4a93-aab3-8fdd84a0af86","totalRows":0,"fabricCarryingDropped":0,"keptCount":0,"keptIds":[]}
[PDFImport] skipped embedded PDF annotation import — cloud/Y.Doc is authoritative {"documentId":"d30ac66b-5d2e-4a93-aab3-8fdd84a0af86"}
[PrintPanel] RENDER — panel closed
[CloudSync][hook] hydrate effect fired {"enabled":true,"documentId":"d30ac66b-5d2e-4a93-aab3-8fdd84a0af86","userId":"170d915c-5741-4e0b-b03f-deaeedae27bd","pdfId":"Package 2 - Rev 4 -- IC.pdf-6291605"}
[CloudSync][hook] stage=hydrating
[CloudSync][hook] fabric push skipped — not hydrated yet
[CloudSync][hook] callout push skipped — not hydrated yet
[CloudSync][realtime] subscribing {"documentId":"d30ac66b-5d2e-4a93-aab3-8fdd84a0af86","currentUserId":"170d915c-5741-4e0b-b03f-deaeedae27bd","currentSessionId":"e7c2eda3-aece-4caf-8bda-92b786c06d1b","hasFabricInsert":true,"hasFabricUpdate":true,"hasFabricDelete":true,"hasCalloutInsert":true,"hasCalloutUpdate":true,"hasCalloutDelete":true}
[CloudSync][realtime] subscribe status {"status":"SUBSCRIBED","error":null}
[CloudSync][hook] post-subscribe catch-up skipped — startup sync already in flight
[CloudSync][hook] cutover-complete hydrate — reading from Y.Doc {"documentId":"d30ac66b-5d2e-4a93-aab3-8fdd84a0af86","cutoverTs":"2026-05-05T16:30:00.778+00:00"}
[Phase31 UAT] hydrate:cutover-sealed {"documentId":"d30ac66b-5d2e-4a93-aab3-8fdd84a0af86","pdfId":"Package 2 - Rev 4 -- IC.pdf-6291605","cutoverTs":"2026-05-05T16:30:00.778+00:00","yMapSize":2867,"materializedTotal":2867,"materializedDrawnByMe":2867,"materializedDrawnByOthers":0,"materializedImported":0,"pages":6,"perPage":{"6":359,"7":146,"8":393,"9":1382,"10":330,"11":257},"currentStateCount":2867,"ydocLooksDegenerate":false}
[Phase31 UAT] hydrate:cutover-sealed:by-type {"documentId":"d30ac66b-5d2e-4a93-aab3-8fdd84a0af86","pdfFile":"Package 2 - Rev 4 -- IC.pdf-6291605","viewerUserId":"170d915c-5741-4e0b-b03f-deaeedae27bd","yMapTotal":2867,"yMapByType":{"path":2860,"rect":6,"textbox":1},"yMapByAuthor":{"byMe":2867,"byOthers":0,"anonymous":0},"yMapByTypeByAuthor":{"path":{"byMe":2860,"byOthers":0,"anonymous":0},"rect":{"byMe":6,"byOthers":0,"anonymous":0},"textbox":{"byMe":1,"byOthers":0,"anonymous":0}},"yMapPerTypePerPage":{"path":{"6":357,"7":145,"8":392,"9":1381,"10":329,"11":256},"rect":{"6":1,"7":1,"8":1,"9":1,"10":1,"11":1},"textbox":{"6":1}},"byPageTotal":2867,"byPageByType":{"path":2860,"rect":6,"textbox":1},"byPagePerPagePerType":{"6":{"path":357,"rect":1,"textbox":1},"7":{"path":145,"rect":1},"8":{"path":392,"rect":1},"9":{"path":1381,"rect":1},"10":{"rect":1,"path":329},"11":{"path":256,"rect":1}}}
[SVGAnnotationLayer] setRotInputVisible(false) reason=selectedIds.size !== 1
[SVGAnnotationLayer] setRotInputVisible(false) reason=selectedIds.size !== 1
[CloudSync][hook][state-obs] change {"prevCount":2867,"currentCount":2867,"delta":0,"hydrated":true,"sameRefAsLastByPage":true}
[DebugBridge +20838.7ms] pdf_loaded {"pageCount":36,"currentPage":1}
[DebugBridge +20910.5ms] zoom_start {"scale":0.42647,"targetScale":0.19,"source":"zoomChange"}
[SVGAnnotationLayer] setRotInputVisible(false) reason=selectedIds.size !== 1
[SVGAnnotationLayer] setRotInputVisible(false) reason=selectedIds.size !== 1
[Phase31 UAT] backfill:cutover-dedupe-anchor-skip {"documentId":"d30ac66b-5d2e-4a93-aab3-8fdd84a0af86","userId":"170d915c-5741-4e0b-b03f-deaeedae27bd","yMapSize":2867,"lastGoodSize":2867}
[HyperlinkDiag] post-load scan {"hyperlinkCount":0,"samples":[]}
[HyperlinkDiag] page 1 layers {"hyperlinkChildren":0,"layerClasses":["DIV","e-spinner-pane e-spin-show","e-pv-page-canvas","e-pv-annotation-canvas","DIV","e-pv-text-layer"]}
[HyperlinkDiag] page 2 layers {"hyperlinkChildren":0,"layerClasses":["DIV","e-spinner-pane e-spin-show","e-pv-page-canvas","e-pv-annotation-canvas","DIV","e-pv-text-layer"]}
[HyperlinkDiag] page 3 layers {"hyperlinkChildren":0,"layerClasses":["DIV","e-spinner-pane e-spin-hide","e-pv-page-canvas","e-pv-annotation-canvas","DIV","IMG","IMG","IMG","IMG","e-pv-text-layer"]}
[HyperlinkDiag] page 4 layers {"hyperlinkChildren":0,"layerClasses":["DIV","e-spinner-pane e-spin-hide","e-pv-page-canvas","e-pv-annotation-canvas","DIV","IMG","e-pv-text-layer","IMG","IMG","IMG"]}
[HyperlinkDiag] page 5 layers {"hyperlinkChildren":0,"layerClasses":["DIV","e-spinner-pane e-spin-hide","e-pv-page-canvas","e-pv-annotation-canvas","DIV","IMG","e-pv-text-layer","IMG","IMG","IMG"]}
[HyperlinkDiag] page 6 layers {"hyperlinkChildren":0,"layerClasses":["DIV","e-spinner-pane e-spin-show","e-pv-page-canvas","e-pv-annotation-canvas","DIV"]}
[HyperlinkDiag] page 7 layers {"hyperlinkChildren":0,"layerClasses":["DIV","e-spinner-pane e-spin-show","e-pv-page-canvas","e-pv-annotation-canvas","DIV"]}
[HyperlinkDiag] page 8 layers {"hyperlinkChildren":0,"layerClasses":["DIV","e-spinner-pane e-spin-show","e-pv-page-canvas","e-pv-annotation-canvas","DIV"]}
[HyperlinkDiag] page 9 layers {"hyperlinkChildren":0,"layerClasses":["DIV","e-spinner-pane e-spin-show","e-pv-page-canvas","e-pv-annotation-canvas","DIV"]}
[HyperlinkDiag] page 10 layers {"hyperlinkChildren":0,"layerClasses":["DIV","e-spinner-pane e-spin-show","e-pv-page-canvas","e-pv-annotation-canvas","DIV"]}
[DebugBridge +22165.3ms] zoom_end {"source":"zoomChange_settle"}
[DebugBridge +37019.2ms] wheel_scroll_motion {"eventCount":1,"rawAbsX":90,"rawAbsY":520,"rawX":90,"rawY":520,"clippedAbsX":90,"clippedAbsY":180,"clippedX":90,"clippedY":180,"requestedAppliedX":85.5,"requestedAppliedY":171,"appliedX":85.5,"appliedY":171,"actualX":85.5,"actualY":171,"sensitivity":0.95,"currentZoomForScroll":1,"maxScrollStepX":85.5,"maxScrollStepY":171,"diagonalEvents":1,"clippedEvents":1}
[DebugBridge +37035.6ms] wheel_scroll_motion {"eventCount":1,"rawAbsX":0,"rawAbsY":360,"rawX":0,"rawY":-360,"clippedAbsX":0,"clippedAbsY":180,"clippedX":0,"clippedY":-180,"requestedAppliedX":0,"requestedAppliedY":-180,"appliedX":0,"appliedY":-180,"actualX":0,"actualY":-180,"sensitivity":1,"currentZoomForScroll":1,"maxScrollStepX":16,"maxScrollStepY":180,"diagonalEvents":0,"clippedEvents":1}
[DebugBridge +37043.8ms] wheel_scroll_motion {"eventCount":1,"rawAbsX":0,"rawAbsY":520,"rawX":0,"rawY":520,"clippedAbsX":0,"clippedAbsY":180,"clippedX":0,"clippedY":180,"requestedAppliedX":0,"requestedAppliedY":180,"appliedX":0,"appliedY":180,"actualX":0,"actualY":180,"sensitivity":1,"currentZoomForScroll":1,"maxScrollStepX":16,"maxScrollStepY":180,"diagonalEvents":0,"clippedEvents":1}
[DebugBridge +37051.6ms] wheel_scroll_motion {"eventCount":1,"rawAbsX":0,"rawAbsY":360,"rawX":0,"rawY":-360,"clippedAbsX":0,"clippedAbsY":180,"clippedX":0,"clippedY":-180,"requestedAppliedX":0,"requestedAppliedY":-180,"appliedX":0,"appliedY":-180,"actualX":0,"actualY":-180,"sensitivity":1,"currentZoomForScroll":1,"maxScrollStepX":16,"maxScrollStepY":180,"diagonalEvents":0,"clippedEvents":1}
[DebugBridge +37060.1ms] wheel_scroll_motion {"eventCount":1,"rawAbsX":90,"rawAbsY":520,"rawX":90,"rawY":520,"clippedAbsX":90,"clippedAbsY":180,"clippedX":90,"clippedY":180,"requestedAppliedX":85.5,"requestedAppliedY":171,"appliedX":85.5,"appliedY":171,"actualX":85.5,"actualY":171,"sensitivity":0.95,"currentZoomForScroll":1,"maxScrollStepX":85.5,"maxScrollStepY":171,"diagonalEvents":1,"clippedEvents":1}
[DebugBridge +37093.9ms] wheel_scroll_motion {"eventCount":1,"rawAbsX":0,"rawAbsY":360,"rawX":0,"rawY":-360,"clippedAbsX":0,"clippedAbsY":180,"clippedX":0,"clippedY":-180,"requestedAppliedX":0,"requestedAppliedY":-180,"appliedX":0,"appliedY":-180,"actualX":0,"actualY":-180,"sensitivity":1,"currentZoomForScroll":1,"maxScrollStepX":16,"maxScrollStepY":180,"diagonalEvents":0,"clippedEvents":1}
[DebugBridge +37096.5ms] wheel_scroll_motion {"eventCount":1,"rawAbsX":0,"rawAbsY":520,"rawX":0,"rawY":520,"clippedAbsX":0,"clippedAbsY":180,"clippedX":0,"clippedY":180,"requestedAppliedX":0,"requestedAppliedY":180,"appliedX":0,"appliedY":180,"actualX":0,"actualY":180,"sensitivity":1,"currentZoomForScroll":1,"maxScrollStepX":16,"maxScrollStepY":180,"diagonalEvents":0,"clippedEvents":1}
[DebugBridge +37110.1ms] wheel_scroll_motion {"eventCount":2,"rawAbsX":90,"rawAbsY":880,"rawX":90,"rawY":160,"clippedAbsX":90,"clippedAbsY":360,"clippedX":90,"clippedY":0,"requestedAppliedX":85.5,"requestedAppliedY":-9,"appliedX":85.5,"appliedY":-9,"actualX":65,"actualY":-9,"sensitivity":0.95,"currentZoomForScroll":1,"maxScrollStepX":85.5,"maxScrollStepY":180,"diagonalEvents":1,"clippedEvents":2}
[DebugBridge +37119.2ms] wheel_scroll_motion {"eventCount":1,"rawAbsX":0,"rawAbsY":360,"rawX":0,"rawY":-360,"clippedAbsX":0,"clippedAbsY":180,"clippedX":0,"clippedY":-180,"requestedAppliedX":0,"requestedAppliedY":-180,"appliedX":0,"appliedY":-180,"actualX":0,"actualY":-180,"sensitivity":1,"currentZoomForScroll":1,"maxScrollStepX":16,"maxScrollStepY":180,"diagonalEvents":0,"clippedEvents":1}
[DebugBridge +37127.2ms] wheel_scroll_motion {"eventCount":1,"rawAbsX":0,"rawAbsY":520,"rawX":0,"rawY":520,"clippedAbsX":0,"clippedAbsY":180,"clippedX":0,"clippedY":180,"requestedAppliedX":0,"requestedAppliedY":180,"appliedX":0,"appliedY":180,"actualX":0,"actualY":180,"sensitivity":1,"currentZoomForScroll":1,"maxScrollStepX":16,"maxScrollStepY":180,"diagonalEvents":0,"clippedEvents":1}
[DebugBridge +37134.5ms] wheel_scroll_motion {"eventCount":1,"rawAbsX":0,"rawAbsY":360,"rawX":0,"rawY":-360,"clippedAbsX":0,"clippedAbsY":180,"clippedX":0,"clippedY":-180,"requestedAppliedX":0,"requestedAppliedY":-180,"appliedX":0,"appliedY":-180,"actualX":0,"actualY":-180,"sensitivity":1,"currentZoomForScroll":1,"maxScrollStepX":16,"maxScrollStepY":180,"diagonalEvents":0,"clippedEvents":1}
[DebugBridge +37143.2ms] wheel_scroll_motion {"eventCount":2,"rawAbsX":90,"rawAbsY":880,"rawX":90,"rawY":160,"clippedAbsX":90,"clippedAbsY":360,"clippedX":90,"clippedY":0,"requestedAppliedX":85.5,"requestedAppliedY":-9,"appliedX":85.5,"appliedY":-9,"actualX":0,"actualY":-9,"sensitivity":1,"currentZoomForScroll":1,"maxScrollStepX":85.5,"maxScrollStepY":180,"diagonalEvents":1,"clippedEvents":2}
[DebugBridge +37152.2ms] wheel_scroll_motion {"eventCount":1,"rawAbsX":0,"rawAbsY":520,"rawX":0,"rawY":520,"clippedAbsX":0,"clippedAbsY":180,"clippedX":0,"clippedY":180,"requestedAppliedX":0,"requestedAppliedY":180,"appliedX":0,"appliedY":180,"actualX":0,"actualY":180,"sensitivity":1,"currentZoomForScroll":1,"maxScrollStepX":16,"maxScrollStepY":180,"diagonalEvents":0,"clippedEvents":1}
[DebugBridge +37159.6ms] wheel_scroll_motion {"eventCount":1,"rawAbsX":0,"rawAbsY":360,"rawX":0,"rawY":-360,"clippedAbsX":0,"clippedAbsY":180,"clippedX":0,"clippedY":-180,"requestedAppliedX":0,"requestedAppliedY":-180,"appliedX":0,"appliedY":-180,"actualX":0,"actualY":-180,"sensitivity":1,"currentZoomForScroll":1,"maxScrollStepX":16,"maxScrollStepY":180,"diagonalEvents":0,"clippedEvents":1}
[DebugBridge +37168.8ms] wheel_scroll_motion {"eventCount":2,"rawAbsX":90,"rawAbsY":880,"rawX":90,"rawY":160,"clippedAbsX":90,"clippedAbsY":360,"clippedX":90,"clippedY":0,"requestedAppliedX":85.5,"requestedAppliedY":-9,"appliedX":85.5,"appliedY":-9,"actualX":0,"actualY":-6.5,"sensitivity":1,"currentZoomForScroll":1,"maxScrollStepX":85.5,"maxScrollStepY":180,"diagonalEvents":1,"clippedEvents":2}
[DebugBridge +37177.2ms] wheel_scroll_motion {"eventCount":1,"rawAbsX":0,"rawAbsY":520,"rawX":0,"rawY":520,"clippedAbsX":0,"clippedAbsY":180,"clippedX":0,"clippedY":180,"requestedAppliedX":0,"requestedAppliedY":180,"appliedX":0,"appliedY":180,"actualX":0,"actualY":180,"sensitivity":1,"currentZoomForScroll":1,"maxScrollStepX":16,"maxScrollStepY":180,"diagonalEvents":0,"clippedEvents":1}
[DebugBridge +37194.5ms] wheel_scroll_motion {"eventCount":1,"rawAbsX":0,"rawAbsY":360,"rawX":0,"rawY":-360,"clippedAbsX":0,"clippedAbsY":180,"clippedX":0,"clippedY":-180,"requestedAppliedX":0,"requestedAppliedY":-180,"appliedX":0,"appliedY":-180,"actualX":0,"actualY":-180,"sensitivity":1,"currentZoomForScroll":1,"maxScrollStepX":16,"maxScrollStepY":180,"diagonalEvents":0,"clippedEvents":1}
[DebugBridge +37243.7ms] wheel_scroll_motion {"eventCount":1,"rawAbsX":90,"rawAbsY":520,"rawX":90,"rawY":520,"clippedAbsX":90,"clippedAbsY":180,"clippedX":90,"clippedY":180,"requestedAppliedX":85.5,"requestedAppliedY":171,"appliedX":85.5,"appliedY":171,"actualX":0,"actualY":171,"sensitivity":0.95,"currentZoomForScroll":1,"maxScrollStepX":85.5,"maxScrollStepY":171,"diagonalEvents":1,"clippedEvents":1}
[DebugBridge +37252.5ms] wheel_scroll_motion {"eventCount":1,"rawAbsX":0,"rawAbsY":360,"rawX":0,"rawY":-360,"clippedAbsX":0,"clippedAbsY":180,"clippedX":0,"clippedY":-180,"requestedAppliedX":0,"requestedAppliedY":-180,"appliedX":0,"appliedY":-180,"actualX":0,"actualY":-171,"sensitivity":1,"currentZoomForScroll":1,"maxScrollStepX":16,"maxScrollStepY":180,"diagonalEvents":0,"clippedEvents":1}
[DebugBridge +37260.8ms] wheel_scroll_motion {"eventCount":1,"rawAbsX":0,"rawAbsY":520,"rawX":0,"rawY":520,"clippedAbsX":0,"clippedAbsY":180,"clippedX":0,"clippedY":180,"requestedAppliedX":0,"requestedAppliedY":180,"appliedX":0,"appliedY":180,"actualX":0,"actualY":180,"sensitivity":1,"currentZoomForScroll":1,"maxScrollStepX":16,"maxScrollStepY":180,"diagonalEvents":0,"clippedEvents":1}
[DebugBridge +37268.5ms] wheel_scroll_motion {"eventCount":1,"rawAbsX":0,"rawAbsY":360,"rawX":0,"rawY":-360,"clippedAbsX":0,"clippedAbsY":180,"clippedX":0,"clippedY":-180,"requestedAppliedX":0,"requestedAppliedY":-180,"appliedX":0,"appliedY":-180,"actualX":0,"actualY":-180,"sensitivity":1,"currentZoomForScroll":1,"maxScrollStepX":16,"maxScrollStepY":180,"diagonalEvents":0,"clippedEvents":1}
[DebugBridge +37276.5ms] wheel_scroll_motion {"eventCount":2,"rawAbsX":0,"rawAbsY":480,"rawX":0,"rawY":-40,"clippedAbsX":0,"clippedAbsY":360,"clippedX":0,"clippedY":0,"requestedAppliedX":0,"requestedAppliedY":0,"appliedX":0,"appliedY":0,"actualX":0,"actualY":0,"sensitivity":1,"currentZoomForScroll":1,"maxScrollStepX":16,"maxScrollStepY":180,"diagonalEvents":0,"clippedEvents":2}
[DebugBridge +37284.6ms] wheel_scroll_motion {"eventCount":2,"rawAbsX":0,"rawAbsY":480,"rawX":0,"rawY":-40,"clippedAbsX":0,"clippedAbsY":360,"clippedX":0,"clippedY":0,"requestedAppliedX":0,"requestedAppliedY":0,"appliedX":0,"appliedY":0,"actualX":0,"actualY":0,"sensitivity":1,"currentZoomForScroll":1,"maxScrollStepX":16,"maxScrollStepY":180,"diagonalEvents":0,"clippedEvents":2}
[DebugBridge +37293.9ms] wheel_scroll_motion {"eventCount":1,"rawAbsX":0,"rawAbsY":260,"rawX":0,"rawY":-260,"clippedAbsX":0,"clippedAbsY":180,"clippedX":0,"clippedY":-180,"requestedAppliedX":0,"requestedAppliedY":-180,"appliedX":0,"appliedY":-180,"actualX":0,"actualY":0,"sensitivity":1,"currentZoomForScroll":1,"maxScrollStepX":16,"maxScrollStepY":180,"diagonalEvents":0,"clippedEvents":1}
[DebugBridge +37302.6ms] wheel_scroll_motion {"eventCount":2,"rawAbsX":0,"rawAbsY":480,"rawX":0,"rawY":-40,"clippedAbsX":0,"clippedAbsY":360,"clippedX":0,"clippedY":0,"requestedAppliedX":0,"requestedAppliedY":0,"appliedX":0,"appliedY":0,"actualX":0,"actualY":0,"sensitivity":1,"currentZoomForScroll":1,"maxScrollStepX":16,"maxScrollStepY":180,"diagonalEvents":0,"clippedEvents":2}
[DebugBridge +37310.1ms] wheel_scroll_motion {"eventCount":1,"rawAbsX":0,"rawAbsY":220,"rawX":0,"rawY":220,"clippedAbsX":0,"clippedAbsY":180,"clippedX":0,"clippedY":180,"requestedAppliedX":0,"requestedAppliedY":180,"appliedX":0,"appliedY":180,"actualX":0,"actualY":180,"sensitivity":1,"currentZoomForScroll":1,"maxScrollStepX":16,"maxScrollStepY":180,"diagonalEvents":0,"clippedEvents":1}
[DebugBridge +37318.7ms] wheel_scroll_motion {"eventCount":2,"rawAbsX":0,"rawAbsY":480,"rawX":0,"rawY":-40,"clippedAbsX":0,"clippedAbsY":360,"clippedX":0,"clippedY":0,"requestedAppliedX":0,"requestedAppliedY":0,"appliedX":0,"appliedY":0,"actualX":0,"actualY":0,"sensitivity":1,"currentZoomForScroll":1,"maxScrollStepX":16,"maxScrollStepY":180,"diagonalEvents":0,"clippedEvents":2}
[DebugBridge +37327.0ms] wheel_scroll_motion {"eventCount":2,"rawAbsX":0,"rawAbsY":480,"rawX":0,"rawY":-40,"clippedAbsX":0,"clippedAbsY":360,"clippedX":0,"clippedY":0,"requestedAppliedX":0,"requestedAppliedY":0,"appliedX":0,"appliedY":0,"actualX":0,"actualY":0,"sensitivity":1,"currentZoomForScroll":1,"maxScrollStepX":16,"maxScrollStepY":180,"diagonalEvents":0,"clippedEvents":2}
[DebugBridge +37335.4ms] wheel_scroll_motion {"eventCount":1,"rawAbsX":0,"rawAbsY":260,"rawX":0,"rawY":-260,"clippedAbsX":0,"clippedAbsY":180,"clippedX":0,"clippedY":-180,"requestedAppliedX":0,"requestedAppliedY":-180,"appliedX":0,"appliedY":-180,"actualX":0,"actualY":-180,"sensitivity":1,"currentZoomForScroll":1,"maxScrollStepX":16,"maxScrollStepY":180,"diagonalEvents":0,"clippedEvents":1}
[DebugBridge +37343.8ms] wheel_scroll_motion {"eventCount":2,"rawAbsX":0,"rawAbsY":480,"rawX":0,"rawY":-40,"clippedAbsX":0,"clippedAbsY":360,"clippedX":0,"clippedY":0,"requestedAppliedX":0,"requestedAppliedY":0,"appliedX":0,"appliedY":0,"actualX":0,"actualY":0,"sensitivity":1,"currentZoomForScroll":1,"maxScrollStepX":16,"maxScrollStepY":180,"diagonalEvents":0,"clippedEvents":2}
[DebugBridge +37352.8ms] wheel_scroll_motion {"eventCount":2,"rawAbsX":0,"rawAbsY":480,"rawX":0,"rawY":-40,"clippedAbsX":0,"clippedAbsY":360,"clippedX":0,"clippedY":0,"requestedAppliedX":0,"requestedAppliedY":0,"appliedX":0,"appliedY":0,"actualX":0,"actualY":0,"sensitivity":1,"currentZoomForScroll":1,"maxScrollStepX":16,"maxScrollStepY":180,"diagonalEvents":0,"clippedEvents":2}
[DebugBridge +37360.9ms] wheel_scroll_motion {"eventCount":2,"rawAbsX":0,"rawAbsY":480,"rawX":0,"rawY":-40,"clippedAbsX":0,"clippedAbsY":360,"clippedX":0,"clippedY":0,"requestedAppliedX":0,"requestedAppliedY":0,"appliedX":0,"appliedY":0,"actualX":0,"actualY":0,"sensitivity":1,"currentZoomForScroll":1,"maxScrollStepX":16,"maxScrollStepY":180,"diagonalEvents":0,"clippedEvents":2}
[DebugBridge +37369.4ms] wheel_scroll_motion {"eventCount":1,"rawAbsX":0,"rawAbsY":220,"rawX":0,"rawY":220,"clippedAbsX":0,"clippedAbsY":180,"clippedX":0,"clippedY":180,"requestedAppliedX":0,"requestedAppliedY":180,"appliedX":0,"appliedY":180,"actualX":0,"actualY":180,"sensitivity":1,"currentZoomForScroll":1,"maxScrollStepX":16,"maxScrollStepY":180,"diagonalEvents":0,"clippedEvents":1}
[DebugBridge +37376.2ms] wheel_scroll_motion {"eventCount":1,"rawAbsX":80,"rawAbsY":460,"rawX":-80,"rawY":460,"clippedAbsX":80,"clippedAbsY":180,"clippedX":-80,"clippedY":180,"requestedAppliedX":-76,"requestedAppliedY":171,"appliedX":-76,"appliedY":171,"actualX":-76,"actualY":171,"sensitivity":0.95,"currentZoomForScroll":1,"maxScrollStepX":76,"maxScrollStepY":171,"diagonalEvents":1,"clippedEvents":1}
[DebugBridge +37385.6ms] wheel_scroll_motion {"eventCount":2,"rawAbsX":40,"rawAbsY":780,"rawX":40,"rawY":140,"clippedAbsX":40,"clippedAbsY":360,"clippedX":40,"clippedY":0,"requestedAppliedX":38,"requestedAppliedY":0,"appliedX":19,"appliedY":0,"actualX":19,"actualY":0,"sensitivity":0.95,"currentZoomForScroll":1,"maxScrollStepX":19,"maxScrollStepY":171,"diagonalEvents":2,"clippedEvents":2}
[DebugBridge +37393.7ms] wheel_scroll_motion {"eventCount":2,"rawAbsX":100,"rawAbsY":780,"rawX":-60,"rawY":140,"clippedAbsX":100,"clippedAbsY":360,"clippedX":-60,"clippedY":0,"requestedAppliedX":-57,"requestedAppliedY":0,"appliedX":-57,"appliedY":0,"actualX":-57,"actualY":0,"sensitivity":0.95,"currentZoomForScroll":1,"maxScrollStepX":76,"maxScrollStepY":171,"diagonalEvents":2,"clippedEvents":2}
[DebugBridge +37402.6ms] wheel_scroll_motion {"eventCount":1,"rawAbsX":20,"rawAbsY":320,"rawX":20,"rawY":-320,"clippedAbsX":20,"clippedAbsY":180,"clippedX":20,"clippedY":-180,"requestedAppliedX":19,"requestedAppliedY":-171,"appliedX":19,"appliedY":-171,"actualX":19,"actualY":-171,"sensitivity":0.95,"currentZoomForScroll":1,"maxScrollStepX":19,"maxScrollStepY":171,"diagonalEvents":1,"clippedEvents":1}
[DebugBridge +37410.1ms] wheel_scroll_motion {"eventCount":2,"rawAbsX":100,"rawAbsY":780,"rawX":-60,"rawY":140,"clippedAbsX":100,"clippedAbsY":360,"clippedX":-60,"clippedY":0,"requestedAppliedX":-57,"requestedAppliedY":0,"appliedX":-57,"appliedY":0,"actualX":-57,"actualY":0,"sensitivity":0.95,"currentZoomForScroll":1,"maxScrollStepX":76,"maxScrollStepY":171,"diagonalEvents":2,"clippedEvents":2}
[DebugBridge +37466.2ms] wheel_scroll_motion {"eventCount":1,"rawAbsX":20,"rawAbsY":460,"rawX":20,"rawY":460,"clippedAbsX":20,"clippedAbsY":180,"clippedX":20,"clippedY":180,"requestedAppliedX":19,"requestedAppliedY":171,"appliedX":19,"appliedY":171,"actualX":19,"actualY":171,"sensitivity":0.95,"currentZoomForScroll":1,"maxScrollStepX":19,"maxScrollStepY":171,"diagonalEvents":1,"clippedEvents":1}
[DebugBridge +37475.8ms] wheel_scroll_motion {"eventCount":1,"rawAbsX":80,"rawAbsY":320,"rawX":-80,"rawY":-320,"clippedAbsX":80,"clippedAbsY":180,"clippedX":-80,"clippedY":-180,"requestedAppliedX":-76,"requestedAppliedY":-171,"appliedX":-76,"appliedY":-171,"actualX":-76,"actualY":-171,"sensitivity":0.95,"currentZoomForScroll":1,"maxScrollStepX":76,"maxScrollStepY":171,"diagonalEvents":1,"clippedEvents":1}
[DebugBridge +37484.9ms] wheel_scroll_motion {"eventCount":2,"rawAbsX":40,"rawAbsY":780,"rawX":40,"rawY":140,"clippedAbsX":40,"clippedAbsY":360,"clippedX":40,"clippedY":0,"requestedAppliedX":38,"requestedAppliedY":0,"appliedX":19,"appliedY":0,"actualX":19,"actualY":0,"sensitivity":0.95,"currentZoomForScroll":1,"maxScrollStepX":19,"maxScrollStepY":171,"diagonalEvents":2,"clippedEvents":2}
[DebugBridge +37493.3ms] wheel_scroll_motion {"eventCount":2,"rawAbsX":100,"rawAbsY":780,"rawX":-60,"rawY":140,"clippedAbsX":100,"clippedAbsY":360,"clippedX":-60,"clippedY":0,"requestedAppliedX":-57,"requestedAppliedY":0,"appliedX":-57,"appliedY":0,"actualX":-57,"actualY":0,"sensitivity":0.95,"currentZoomForScroll":1,"maxScrollStepX":76,"maxScrollStepY":171,"diagonalEvents":2,"clippedEvents":2}
[DebugBridge +37502.9ms] wheel_scroll_motion {"eventCount":1,"rawAbsX":20,"rawAbsY":460,"rawX":20,"rawY":460,"clippedAbsX":20,"clippedAbsY":180,"clippedX":20,"clippedY":180,"requestedAppliedX":19,"requestedAppliedY":171,"appliedX":19,"appliedY":171,"actualX":19,"actualY":171,"sensitivity":0.95,"currentZoomForScroll":1,"maxScrollStepX":19,"maxScrollStepY":171,"diagonalEvents":1,"clippedEvents":1}
[DebugBridge +37509.2ms] wheel_scroll_motion {"eventCount":2,"rawAbsX":100,"rawAbsY":780,"rawX":-60,"rawY":140,"clippedAbsX":100,"clippedAbsY":360,"clippedX":-60,"clippedY":0,"requestedAppliedX":-57,"requestedAppliedY":0,"appliedX":-57,"appliedY":0,"actualX":-57,"actualY":0,"sensitivity":0.95,"currentZoomForScroll":1,"maxScrollStepX":76,"maxScrollStepY":171,"diagonalEvents":2,"clippedEvents":2}
[DebugBridge +37518.9ms] wheel_scroll_motion {"eventCount":1,"rawAbsX":20,"rawAbsY":320,"rawX":20,"rawY":-320,"clippedAbsX":20,"clippedAbsY":180,"clippedX":20,"clippedY":-180,"requestedAppliedX":19,"requestedAppliedY":-171,"appliedX":19,"appliedY":-171,"actualX":19,"actualY":-171,"sensitivity":0.95,"currentZoomForScroll":1,"maxScrollStepX":19,"maxScrollStepY":171,"diagonalEvents":1,"clippedEvents":1}
[SaveLog] runPush start {"hasElectronApi":false,"hasPushLogFn":false,"hasGhTokenEnv":true,"payloadLength":25551}
[SaveLog] mobile/browser fallback path {"hasToken":true,"tokenLength":40,"repo":"IsaiahCalvo/Survey","branch":"logs"}
[SaveLog] runPush start {"hasElectronApi":false,"hasPushLogFn":false,"hasGhTokenEnv":true,"payloadLength":25551}
[SaveLog] mobile/browser fallback path {"hasToken":true,"tokenLength":40,"repo":"IsaiahCalvo/Survey","branch":"logs"}
[SaveLog] github fetch returned {"status":201,"ok":true}
[SaveLog] github fetch returned {"status":409,"ok":false}
[DebugBridge +73511.1ms] zoom_start {"scale":0.62,"source":"ctrl_key"}
[DebugBridge +75085.5ms] zoom_end {"source":"zoomChange_settle"}