===== SurveyApp Save Log =====
version:   0.1.41
runtime:   web
platform:  web
device:    Mac
os:        macOS 10.15.7
screen:    1512x982 @2x
viewport:  1512x733
locale:    en-US
timestamp: 2026-04-27T19:22:38.828Z (4/27/2026, 3:22:38 PM)
==============================
[dev-auto-login] boot {"hasDevEmail":true,"devEmailHint":"isai***","hasDevPassword":true,"hasCachedSession":false,"cachedSessionEmail":null,"cachedSessionExpiresAt":null}
[dev-auto-login] decision {"needsAutoLogin":true,"willAttemptSignIn":true}
[dev-auto-login] sign-in OK {"userId":"170d915c-5741-4e0b-b03f-deaeedae27bd","email":"isaiahcalvo123@gmail.com"}
[CloudSync][hook] session id minted {"sessionId":"8794a11d-2920-4397-ab7d-2c4ae861b8ff"}
[AnnotPerf] finalize idle (forced-reset) — deferring CSS transform removal, waiting for PAL confirmation
[CloudSync][hook][state-obs] annotationsByPage initial {"currentCount":0,"pages":0,"hydrated":false}
[CloudSync][hook][state-obs] callouts initial {"currentCount":0,"hydrated":false}
[CloudSync][hook] hydrate effect fired {"enabled":false,"documentId":"1a7f57f8-3796-470e-afd2-f38919a873b3","userId":"170d915c-5741-4e0b-b03f-deaeedae27bd","pdfId":null}
[CloudSync][hook] hydrate skipped — missing prerequisite {"enabled":false,"hasDocumentId":true,"hasUserId":true,"hasPdfId":false}
[AnnotPerf] finalize idle (forced-reset) — deferring CSS transform removal, waiting for PAL confirmation
[CSeries wipe] doc=sync-test.pdf-2489 totalCounters=0 legacyRemoved=0 — nothing to wipe.
[PrintPanel] mount — binding Cmd/Ctrl+P listeners. electronAPI available: false onPrintPdf available: false
[CloudSync][hook][state-obs] change {"prevCount":0,"currentCount":0,"delta":0,"hydrated":false,"sameRefAsLastByPage":false}
[CloudSync][hook][state-obs] callout change {"prevCount":0,"currentCount":0,"delta":0,"hydrated":false,"sameRefAsLastCallouts":false}
[CloudSync][hook] hydrate effect fired {"enabled":false,"documentId":"1a7f57f8-3796-470e-afd2-f38919a873b3","userId":"170d915c-5741-4e0b-b03f-deaeedae27bd","pdfId":"sync-test.pdf-2489"}
[CloudSync][hook] hydrate skipped — missing prerequisite {"enabled":false,"hasDocumentId":true,"hasUserId":true,"hasPdfId":true}
[PrintPanel] mount — binding Cmd/Ctrl+P listeners. electronAPI available: false onPrintPdf available: false
[PrintPanel] mount — binding Cmd/Ctrl+P listeners. electronAPI available: false onPrintPdf available: false
[PrintPanel] mount — binding Cmd/Ctrl+P listeners. electronAPI available: false onPrintPdf available: false
[PrintPanel] RENDER — panel closed
[CloudSync][hook][state-obs] change {"prevCount":0,"currentCount":0,"delta":0,"hydrated":false,"sameRefAsLastByPage":false}
[CloudSync][hook][state-obs] callout change {"prevCount":0,"currentCount":0,"delta":0,"hydrated":false,"sameRefAsLastCallouts":false}
[CursorScope] bound mousemove on container syncfusion-pdf-viewer-tab-1777317551757-kurfs509i_pageViewContainer
[DebugBridge +2662.8ms] pdf_loaded {"pageCount":3,"currentPage":1}
[DebugBridge +2736.4ms] zoom_start {"scale":1.33333,"targetScale":0.78,"source":"zoomChange"}
[CloudSync][hook] hydrate effect fired {"enabled":true,"documentId":"1a7f57f8-3796-470e-afd2-f38919a873b3","userId":"170d915c-5741-4e0b-b03f-deaeedae27bd","pdfId":"sync-test.pdf-2489"}
[CloudSync][hook] stage=hydrating
[CloudSync][hydrate] loadAllNonHighlightAnnotations start {"documentId":"1a7f57f8-3796-470e-afd2-f38919a873b3"}
[CloudSync][hook] fabric push skipped — not hydrated yet
[CloudSync][hook] callout push skipped — not hydrated yet
[CloudSync][realtime] subscribing {"documentId":"1a7f57f8-3796-470e-afd2-f38919a873b3","currentUserId":"170d915c-5741-4e0b-b03f-deaeedae27bd","currentSessionId":"8794a11d-2920-4397-ab7d-2c4ae861b8ff","hasFabricInsert":true,"hasFabricUpdate":true,"hasFabricDelete":true,"hasCalloutInsert":true,"hasCalloutUpdate":true,"hasCalloutDelete":true}
[ZoomLive svg p1] {"interactionPhase":"idle","zoomOverlayTransformActive":true,"viewerScale":0.78,"measuredScale":1.03922,"committedScale":1.03922,"overlayTransform":"none","overlayTransformScale":1,"pageHostRect":{"w":636.477,"h":823.68,"left":456.258,"top":85.234},"overlayLayerRect":null,"overlayContentRect":null,"legacyCompensationRect":null,"legacyCompensationTransform":"none","palRootRect":null,"canvasContainerRect":null,"palCanvasRect":null,"regionRootRect":null,"regionSvgRect":null,"regionScreenWidth":0,"regionScreenHeight":0,"svgLayerRect":null,"activeSpaceId":null,"activeRegionId":null,"showRegionSelection":false}
[CloudSync][hydrate] loadAllNonHighlightAnnotations ok {"elapsedMs":90,"totalRows":1,"rowsByType":{"ink":1},"pagesWithObjects":1,"calloutCount":0}
[CloudSync][verify] first read summary {"contextLabel":"initial-hydrate","documentId":"1a7f57f8-3796-470e-afd2-f38919a873b3","elapsedMs":90,"firstFabricPages":1,"firstFabricObjects":1,"firstCallouts":0,"firstEmpty":false,"localFabricCount":0,"localCalloutCount":0,"localHasData":false,"willVerify":false}
[CloudSync][hook] replacing local fabric state with cloud (cloud is authoritative) {"pages":1,"migrationDone":false}
[CloudSync][hook] stage=migrating (one-time local→cloud push)
[CloudSync][hook] migration progress {"stage":"scanning"}
[CloudSync][hydrate] loadAllNonHighlightAnnotations start {"documentId":"1a7f57f8-3796-470e-afd2-f38919a873b3"}
[App-Debug p1] PAL render — pageSize={w:612, h:792}, layerScale=1.03922, measuredPageScale=1.03922, committedPageScale=1.03922, legacyCommitCompensationPending=false, legacyCommitCompensationScale=1, overlayContentTransformScale=1, storedOverlayTransformScale=1, syncfusionViewerScale=0.78, overlayDiv=true, overlayDivW=636, overlayDivH=824, overlayDivTransform=none, overlayContentTransform=none
[SVG p1] render — 1 objs, viewBox=612x792
[SVGAnnotationLayer] setRotInputVisible(false) reason=selectedIds.size !== 1
[SVG p1] MOUNT — 1 annotations, 0 callouts, viewBox=612x792
[CloudSync][hook][state-obs] change {"prevCount":0,"currentCount":1,"delta":1,"hydrated":false,"sameRefAsLastByPage":true}
[CloudSync][hook] fabric push skipped — not hydrated yet
[App-Debug p1] PAL render — pageSize={w:612, h:792}, layerScale=1.03922, measuredPageScale=1.03922, committedPageScale=1.03922, legacyCommitCompensationPending=false, legacyCommitCompensationScale=1, overlayContentTransformScale=1, storedOverlayTransformScale=1, syncfusionViewerScale=0.78, overlayDiv=true, overlayDivW=636, overlayDivH=824, overlayDivTransform=none, overlayContentTransform=none
[SVG p1] render — 1 objs, viewBox=612x792
[App-Debug p1] PAL render — pageSize={w:612, h:792}, layerScale=1.03922, measuredPageScale=1.03922, committedPageScale=1.03922, legacyCommitCompensationPending=false, legacyCommitCompensationScale=1, overlayContentTransformScale=1, storedOverlayTransformScale=1, syncfusionViewerScale=0.78, overlayDiv=true, overlayDivW=636, overlayDivH=824, overlayDivTransform=none, overlayContentTransform=none
[SVG p1] render — 1 objs, viewBox=612x792
[App-Debug p1] PAL render — pageSize={w:612, h:792}, layerScale=1.03922, measuredPageScale=0.77288, committedPageScale=1.03922, legacyCommitCompensationPending=false, legacyCommitCompensationScale=1, overlayContentTransformScale=0.435001, storedOverlayTransformScale=1, syncfusionViewerScale=0.57, overlayDiv=true, overlayDivW=473, overlayDivH=612, overlayDivTransform=none, overlayContentTransform=scale(0.435001)
[SVG p1] render — 1 objs, viewBox=612x792
[App-Debug p1] PAL render — pageSize={w:612, h:792}, layerScale=0.77288, measuredPageScale=0.77288, committedPageScale=0.77288, legacyCommitCompensationPending=false, legacyCommitCompensationScale=1, overlayContentTransformScale=0.435001, storedOverlayTransformScale=1, syncfusionViewerScale=0.57, overlayDiv=true, overlayDivW=473, overlayDivH=612, overlayDivTransform=none, overlayContentTransform=scale(0.435001)
[SVG p1] render — 1 objs, viewBox=612x792
[App-Debug p1] PAL render — pageSize={w:612, h:792}, layerScale=0.77288, measuredPageScale=0.77288, committedPageScale=0.77288, legacyCommitCompensationPending=false, legacyCommitCompensationScale=1, overlayContentTransformScale=0.435001, storedOverlayTransformScale=1, syncfusionViewerScale=0.57, overlayDiv=true, overlayDivW=473, overlayDivH=612, overlayDivTransform=none, overlayContentTransform=scale(0.435001)
[CloudSync][hydrate] loadAllNonHighlightAnnotations ok {"elapsedMs":65,"totalRows":1,"rowsByType":{"ink":1},"pagesWithObjects":1,"calloutCount":0}
[CloudSync][hook] migration progress {"stage":"done","pushed":0,"skipped":0}
[CloudSync][hook] hydrate+migrate complete — push gate OPEN {"migrationPushed":0}
[App-Debug p1] PAL render — pageSize={w:612, h:792}, layerScale=0.77288, measuredPageScale=0.77288, committedPageScale=0.77288, legacyCommitCompensationPending=false, legacyCommitCompensationScale=1, overlayContentTransformScale=0.435001, storedOverlayTransformScale=1, syncfusionViewerScale=0.57, overlayDiv=true, overlayDivW=473, overlayDivH=612, overlayDivTransform=none, overlayContentTransform=scale(0.435001)
[SVG p1] render — 1 objs, viewBox=612x792
[App-Debug p1] PAL render — pageSize={w:612, h:792}, layerScale=0.77288, measuredPageScale=0.77288, committedPageScale=0.77288, legacyCommitCompensationPending=false, legacyCommitCompensationScale=1, overlayContentTransformScale=0.435001, storedOverlayTransformScale=1, syncfusionViewerScale=0.57, overlayDiv=true, overlayDivW=473, overlayDivH=612, overlayDivTransform=none, overlayContentTransform=scale(0.435001)
[SVG p1] render — 1 objs, viewBox=612x792
[App-Debug p1] PAL render — pageSize={w:612, h:792}, layerScale=0.77288, measuredPageScale=0.77288, committedPageScale=0.77288, legacyCommitCompensationPending=false, legacyCommitCompensationScale=1, overlayContentTransformScale=0.435001, storedOverlayTransformScale=1, syncfusionViewerScale=0.57, overlayDiv=true, overlayDivW=473, overlayDivH=612, overlayDivTransform=none, overlayContentTransform=scale(0.435001)
[SVG p1] render — 1 objs, viewBox=612x792
[App-Debug p1] PAL render — pageSize={w:612, h:792}, layerScale=0.77288, measuredPageScale=0.77288, committedPageScale=0.77288, legacyCommitCompensationPending=false, legacyCommitCompensationScale=1, overlayContentTransformScale=0.435001, storedOverlayTransformScale=1, syncfusionViewerScale=0.57, overlayDiv=true, overlayDivW=473, overlayDivH=612, overlayDivTransform=none, overlayContentTransform=scale(0.435001)
[App-Debug p1] PAL render — pageSize={w:612, h:792}, layerScale=0.77288, measuredPageScale=0.77288, committedPageScale=0.77288, legacyCommitCompensationPending=false, legacyCommitCompensationScale=1, overlayContentTransformScale=0.435001, storedOverlayTransformScale=1, syncfusionViewerScale=0.57, overlayDiv=true, overlayDivW=473, overlayDivH=612, overlayDivTransform=none, overlayContentTransform=scale(0.435001)
[SVG p1] render — 1 objs, viewBox=612x792
[App-Debug p1] PAL render — pageSize={w:612, h:792}, layerScale=0.77288, measuredPageScale=0.77288, committedPageScale=0.77288, legacyCommitCompensationPending=false, legacyCommitCompensationScale=1, overlayContentTransformScale=0.435001, storedOverlayTransformScale=1, syncfusionViewerScale=0.57, overlayDiv=true, overlayDivW=473, overlayDivH=612, overlayDivTransform=none, overlayContentTransform=scale(0.435001)
[CloudSync][realtime] subscribe status {"status":"SUBSCRIBED","error":null}
[CloudSync][hydrate] loadAllNonHighlightAnnotations start {"documentId":"1a7f57f8-3796-470e-afd2-f38919a873b3"}
[App-Debug p1] PAL render — pageSize={w:612, h:792}, layerScale=0.77288, measuredPageScale=0.77288, committedPageScale=0.77288, legacyCommitCompensationPending=false, legacyCommitCompensationScale=1, overlayContentTransformScale=0.435001, storedOverlayTransformScale=1, syncfusionViewerScale=0.57, overlayDiv=true, overlayDivW=473, overlayDivH=612, overlayDivTransform=none, overlayContentTransform=scale(0.435001)
[SVG p1] render — 1 objs, viewBox=612x792
[App-Debug p1] PAL render — pageSize={w:612, h:792}, layerScale=0.77288, measuredPageScale=0.77288, committedPageScale=0.77288, legacyCommitCompensationPending=false, legacyCommitCompensationScale=1, overlayContentTransformScale=0.435001, storedOverlayTransformScale=1, syncfusionViewerScale=0.57, overlayDiv=true, overlayDivW=473, overlayDivH=612, overlayDivTransform=none, overlayContentTransform=scale(0.435001)
[ZoomLive svg p1] {"interactionPhase":"idle","zoomOverlayTransformActive":true,"viewerScale":0.57,"measuredScale":0.77288,"committedScale":0.77288,"overlayTransform":"scale(0.435001)","overlayTransformScale":0.435,"pageHostRect":{"w":473.273,"h":612.477,"left":537.859,"top":83.633},"overlayLayerRect":{"w":471.273,"h":610.477,"left":538.859,"top":84.633},"overlayContentRect":{"w":205.004,"h":0,"left":538.859,"top":84.633},"legacyCompensationRect":{"w":205.004,"h":0,"left":538.859,"top":84.633},"legacyCompensationTransform":"none","palRootRect":null,"canvasContainerRect":null,"palCanvasRect":null,"regionRootRect":null,"regionSvgRect":null,"regionScreenWidth":0,"regionScreenHeight":0,"svgLayerRect":{"w":471.273,"h":610.477,"left":538.859,"top":84.633},"activeSpaceId":null,"activeRegionId":null,"showRegionSelection":false}
[CloudSync][hydrate] loadAllNonHighlightAnnotations ok {"elapsedMs":48,"totalRows":1,"rowsByType":{"ink":1},"pagesWithObjects":1,"calloutCount":0}
[CloudSync][verify] first read summary {"contextLabel":"post-subscribe-catchup","documentId":"1a7f57f8-3796-470e-afd2-f38919a873b3","elapsedMs":48,"firstFabricPages":1,"firstFabricObjects":1,"firstCallouts":0,"firstEmpty":false,"localFabricCount":1,"localCalloutCount":0,"localHasData":true,"willVerify":false}
[CloudSync][hook] post-subscribe catch-up rehydrate complete {"pagesFromCloud":1,"calloutsFromCloud":0}
[App-Debug p1] PAL render — pageSize={w:612, h:792}, layerScale=0.77288, measuredPageScale=0.77288, committedPageScale=0.77288, legacyCommitCompensationPending=false, legacyCommitCompensationScale=1, overlayContentTransformScale=0.435001, storedOverlayTransformScale=1, syncfusionViewerScale=0.57, overlayDiv=true, overlayDivW=473, overlayDivH=612, overlayDivTransform=none, overlayContentTransform=scale(0.435001)
[SVG p1] render — 1 objs, viewBox=612x792
[CloudSync][hook][state-obs] change {"prevCount":1,"currentCount":1,"delta":0,"hydrated":true,"sameRefAsLastByPage":true}
[CloudSync][hook][state-obs] callout change {"prevCount":0,"currentCount":0,"delta":0,"hydrated":true,"sameRefAsLastCallouts":true}
[App-Debug p1] PAL render — pageSize={w:612, h:792}, layerScale=0.77288, measuredPageScale=0.77288, committedPageScale=0.77288, legacyCommitCompensationPending=false, legacyCommitCompensationScale=1, overlayContentTransformScale=0.435001, storedOverlayTransformScale=1, syncfusionViewerScale=0.57, overlayDiv=true, overlayDivW=473, overlayDivH=612, overlayDivTransform=none, overlayContentTransform=scale(0.435001)
[SVG p1] render — 1 objs, viewBox=612x792
[App-Debug p1] PAL render — pageSize={w:612, h:792}, layerScale=0.77288, measuredPageScale=0.77288, committedPageScale=0.77288, legacyCommitCompensationPending=false, legacyCommitCompensationScale=1, overlayContentTransformScale=0.435001, storedOverlayTransformScale=1, syncfusionViewerScale=0.57, overlayDiv=true, overlayDivW=473, overlayDivH=612, overlayDivTransform=none, overlayContentTransform=scale(0.435001)
[App-Debug p1] PAL render — pageSize={w:612, h:792}, layerScale=0.77288, measuredPageScale=0.78595, committedPageScale=0.77288, legacyCommitCompensationPending=false, legacyCommitCompensationScale=1, overlayContentTransformScale=0.442501, storedOverlayTransformScale=1, syncfusionViewerScale=0.59, overlayDiv=true, overlayDivW=481, overlayDivH=623, overlayDivTransform=none, overlayContentTransform=scale(0.442501)
[SVG p1] render — 1 objs, viewBox=612x792
[App-Debug p1] PAL render — pageSize={w:612, h:792}, layerScale=0.78595, measuredPageScale=0.78595, committedPageScale=0.78595, legacyCommitCompensationPending=false, legacyCommitCompensationScale=1, overlayContentTransformScale=0.442501, storedOverlayTransformScale=1, syncfusionViewerScale=0.59, overlayDiv=true, overlayDivW=481, overlayDivH=623, overlayDivTransform=none, overlayContentTransform=scale(0.442501)
[SVG p1] render — 1 objs, viewBox=612x792
[App-Debug p1] PAL render — pageSize={w:612, h:792}, layerScale=0.78595, measuredPageScale=0.78595, committedPageScale=0.78595, legacyCommitCompensationPending=false, legacyCommitCompensationScale=1, overlayContentTransformScale=0.442501, storedOverlayTransformScale=1, syncfusionViewerScale=0.59, overlayDiv=true, overlayDivW=481, overlayDivH=623, overlayDivTransform=none, overlayContentTransform=scale(0.442501)
[App-Debug p1] PAL render — pageSize={w:612, h:792}, layerScale=0.78595, measuredPageScale=0.78595, committedPageScale=0.78595, legacyCommitCompensationPending=false, legacyCommitCompensationScale=1, overlayContentTransformScale=0.442501, storedOverlayTransformScale=1, syncfusionViewerScale=0.59, overlayDiv=true, overlayDivW=481, overlayDivH=623, overlayDivTransform=none, overlayContentTransform=scale(0.442501)
[SVG p1] render — 1 objs, viewBox=612x792
[App-Debug p1] PAL render — pageSize={w:612, h:792}, layerScale=0.78595, measuredPageScale=0.78595, committedPageScale=0.78595, legacyCommitCompensationPending=false, legacyCommitCompensationScale=1, overlayContentTransformScale=0.442501, storedOverlayTransformScale=1, syncfusionViewerScale=0.59, overlayDiv=true, overlayDivW=481, overlayDivH=623, overlayDivTransform=none, overlayContentTransform=scale(0.442501)
[ZoomLive svg p1] {"interactionPhase":"idle","zoomOverlayTransformActive":true,"viewerScale":0.59,"measuredScale":0.78595,"committedScale":0.78595,"overlayTransform":"scale(0.442501)","overlayTransformScale":0.4425,"pageHostRect":{"w":481.438,"h":623.039,"left":533.773,"top":75.719},"overlayLayerRect":{"w":479.438,"h":621.039,"left":534.773,"top":76.719},"overlayContentRect":{"w":212.152,"h":0,"left":534.773,"top":76.719},"legacyCompensationRect":{"w":212.152,"h":0,"left":534.773,"top":76.719},"legacyCompensationTransform":"none","palRootRect":null,"canvasContainerRect":null,"palCanvasRect":null,"regionRootRect":null,"regionSvgRect":null,"regionScreenWidth":0,"regionScreenHeight":0,"svgLayerRect":{"w":479.438,"h":621.039,"left":534.773,"top":76.719},"activeSpaceId":null,"activeRegionId":null,"showRegionSelection":false}
[HyperlinkDiag] post-load scan {"hyperlinkCount":0,"samples":[]}
[HyperlinkDiag] page 1 layers {"hyperlinkChildren":0,"layerClasses":["DIV","e-spinner-pane e-spin-show","e-pv-page-canvas","DIV","e-pv-annotation-canvas","e-pv-text-layer"]}
[HyperlinkDiag] page 2 layers {"hyperlinkChildren":0,"layerClasses":["DIV","e-spinner-pane e-spin-show","e-pv-page-canvas","DIV","e-pv-annotation-canvas","e-pv-text-layer"]}
[HyperlinkDiag] page 3 layers {"hyperlinkChildren":0,"layerClasses":["DIV","e-spinner-pane e-spin-show","e-pv-page-canvas","DIV","e-pv-annotation-canvas","e-pv-text-layer"]}
[ZoomLive svg p1] {"interactionPhase":"idle","zoomOverlayTransformActive":true,"viewerScale":0.59,"measuredScale":0.78595,"committedScale":0.78595,"overlayTransform":"scale(0.442501)","overlayTransformScale":0.4425,"pageHostRect":{"w":481.438,"h":623.039,"left":533.773,"top":75.719},"overlayLayerRect":{"w":479.438,"h":621.039,"left":534.773,"top":76.719},"overlayContentRect":{"w":212.152,"h":0,"left":534.773,"top":76.719},"legacyCompensationRect":{"w":212.152,"h":0,"left":534.773,"top":76.719},"legacyCompensationTransform":"none","palRootRect":null,"canvasContainerRect":null,"palCanvasRect":null,"regionRootRect":null,"regionSvgRect":null,"regionScreenWidth":0,"regionScreenHeight":0,"svgLayerRect":{"w":479.438,"h":621.039,"left":534.773,"top":76.719},"activeSpaceId":null,"activeRegionId":null,"showRegionSelection":false}
[ZoomLive svg p1] {"interactionPhase":"idle","zoomOverlayTransformActive":true,"viewerScale":0.59,"measuredScale":0.78595,"committedScale":0.78595,"overlayTransform":"scale(0.442501)","overlayTransformScale":0.4425,"pageHostRect":{"w":481.438,"h":623.039,"left":533.773,"top":75.719},"overlayLayerRect":{"w":479.438,"h":621.039,"left":534.773,"top":76.719},"overlayContentRect":{"w":212.152,"h":0,"left":534.773,"top":76.719},"legacyCompensationRect":{"w":212.152,"h":0,"left":534.773,"top":76.719},"legacyCompensationTransform":"none","palRootRect":null,"canvasContainerRect":null,"palCanvasRect":null,"regionRootRect":null,"regionSvgRect":null,"regionScreenWidth":0,"regionScreenHeight":0,"svgLayerRect":{"w":479.438,"h":621.039,"left":534.773,"top":76.719},"activeSpaceId":null,"activeRegionId":null,"showRegionSelection":false}
[ZoomLive svg p1] {"interactionPhase":"idle","zoomOverlayTransformActive":true,"viewerScale":0.59,"measuredScale":0.78595,"committedScale":0.78595,"overlayTransform":"scale(0.442501)","overlayTransformScale":0.4425,"pageHostRect":{"w":481.438,"h":623.039,"left":533.773,"top":75.719},"overlayLayerRect":{"w":479.438,"h":621.039,"left":534.773,"top":76.719},"overlayContentRect":{"w":212.152,"h":0,"left":534.773,"top":76.719},"legacyCompensationRect":{"w":212.152,"h":0,"left":534.773,"top":76.719},"legacyCompensationTransform":"none","palRootRect":null,"canvasContainerRect":null,"palCanvasRect":null,"regionRootRect":null,"regionSvgRect":null,"regionScreenWidth":0,"regionScreenHeight":0,"svgLayerRect":{"w":479.438,"h":621.039,"left":534.773,"top":76.719},"activeSpaceId":null,"activeRegionId":null,"showRegionSelection":false}
[App-Debug p1] PAL render — pageSize={w:612, h:792}, layerScale=0.78595, measuredPageScale=0.78595, committedPageScale=0.78595, legacyCommitCompensationPending=false, legacyCommitCompensationScale=1, overlayContentTransformScale=0.442501, storedOverlayTransformScale=1, syncfusionViewerScale=0.59, overlayDiv=true, overlayDivW=481, overlayDivH=623, overlayDivTransform=none, overlayContentTransform=scale(0.442501)
[SVG p1] render — 1 objs, viewBox=612x792
[App-Debug p1] PAL render — pageSize={w:612, h:792}, layerScale=0.78595, measuredPageScale=0.78595, committedPageScale=0.78595, legacyCommitCompensationPending=false, legacyCommitCompensationScale=1, overlayContentTransformScale=0.442501, storedOverlayTransformScale=1, syncfusionViewerScale=0.59, overlayDiv=true, overlayDivW=481, overlayDivH=623, overlayDivTransform=none, overlayContentTransform=scale(0.442501)
[DebugBridge +4278.8ms] zoom_end {"source":"zoomChange_settle"}
[App-Debug p1] PAL render — pageSize={w:612, h:792}, layerScale=0.78595, measuredPageScale=0.78595, committedPageScale=0.78595, legacyCommitCompensationPending=false, legacyCommitCompensationScale=1, overlayContentTransformScale=0.442501, storedOverlayTransformScale=1, syncfusionViewerScale=0.59, overlayDiv=true, overlayDivW=481, overlayDivH=623, overlayDivTransform=none, overlayContentTransform=scale(0.442501)
[SVG p1] render — 1 objs, viewBox=612x792
[App-Debug p1] PAL render — pageSize={w:612, h:792}, layerScale=0.78595, measuredPageScale=0.78595, committedPageScale=0.78595, legacyCommitCompensationPending=false, legacyCommitCompensationScale=1, overlayContentTransformScale=0.442501, storedOverlayTransformScale=1, syncfusionViewerScale=0.59, overlayDiv=true, overlayDivW=481, overlayDivH=623, overlayDivTransform=none, overlayContentTransform=scale(0.442501)
[SVG p1] render — 1 objs, viewBox=612x792
[App-Debug p1] PAL render — pageSize={w:612, h:792}, layerScale=0.78595, measuredPageScale=0.78595, committedPageScale=0.78595, legacyCommitCompensationPending=false, legacyCommitCompensationScale=1, overlayContentTransformScale=0.442501, storedOverlayTransformScale=1, syncfusionViewerScale=0.59, overlayDiv=true, overlayDivW=481, overlayDivH=623, overlayDivTransform=none, overlayContentTransform=scale(0.442501)
[App-Debug p1] PAL render — pageSize={w:612, h:792}, layerScale=0.78595, measuredPageScale=0.78595, committedPageScale=0.78595, legacyCommitCompensationPending=false, legacyCommitCompensationScale=1, overlayContentTransformScale=0.442501, storedOverlayTransformScale=1, syncfusionViewerScale=0.59, overlayDiv=true, overlayDivW=481, overlayDivH=623, overlayDivTransform=none, overlayContentTransform=scale(0.442501)
[SVG p1] render — 1 objs, viewBox=612x792
[App-Debug p1] PAL render — pageSize={w:612, h:792}, layerScale=0.78595, measuredPageScale=0.78595, committedPageScale=0.78595, legacyCommitCompensationPending=false, legacyCommitCompensationScale=1, overlayContentTransformScale=0.442501, storedOverlayTransformScale=1, syncfusionViewerScale=0.59, overlayDiv=true, overlayDivW=481, overlayDivH=623, overlayDivTransform=none, overlayContentTransform=scale(0.442501)
[App-Debug p1] PAL render — pageSize={w:612, h:792}, layerScale=0.78595, measuredPageScale=0.78595, committedPageScale=0.78595, legacyCommitCompensationPending=false, legacyCommitCompensationScale=1, overlayContentTransformScale=0.442501, storedOverlayTransformScale=1, syncfusionViewerScale=0.59, overlayDiv=true, overlayDivW=481, overlayDivH=623, overlayDivTransform=none, overlayContentTransform=scale(0.442501)
[SVG p1] render — 1 objs, viewBox=612x792
[App-Debug p1] PAL render — pageSize={w:612, h:792}, layerScale=0.78595, measuredPageScale=0.78595, committedPageScale=0.78595, legacyCommitCompensationPending=false, legacyCommitCompensationScale=1, overlayContentTransformScale=0.442501, storedOverlayTransformScale=1, syncfusionViewerScale=0.59, overlayDiv=true, overlayDivW=481, overlayDivH=623, overlayDivTransform=none, overlayContentTransform=scale(0.442501)
[App-Debug p1] PAL render — pageSize={w:612, h:792}, layerScale=0.78595, measuredPageScale=0.78595, committedPageScale=0.78595, legacyCommitCompensationPending=false, legacyCommitCompensationScale=1, overlayContentTransformScale=0.442501, storedOverlayTransformScale=1, syncfusionViewerScale=0.59, overlayDiv=true, overlayDivW=481, overlayDivH=623, overlayDivTransform=none, overlayContentTransform=scale(0.442501)
[SVG p1] render — 1 objs, viewBox=612x792
[App-Debug p1] PAL render — pageSize={w:612, h:792}, layerScale=0.78595, measuredPageScale=0.78595, committedPageScale=0.78595, legacyCommitCompensationPending=false, legacyCommitCompensationScale=1, overlayContentTransformScale=0.442501, storedOverlayTransformScale=1, syncfusionViewerScale=0.59, overlayDiv=true, overlayDivW=481, overlayDivH=623, overlayDivTransform=none, overlayContentTransform=scale(0.442501)
[App-Debug p1] PAL render — pageSize={w:612, h:792}, layerScale=0.78595, measuredPageScale=0.78595, committedPageScale=0.78595, legacyCommitCompensationPending=false, legacyCommitCompensationScale=1, overlayContentTransformScale=0.442501, storedOverlayTransformScale=1, syncfusionViewerScale=0.59, overlayDiv=true, overlayDivW=481, overlayDivH=623, overlayDivTransform=none, overlayContentTransform=scale(0.442501)
[SVG p1] render — 1 objs, viewBox=612x792
[CursorScope] mousemove cursor=(336,333) onPage=false target=<div#syncfusion-pdf-viewer-tab-1777317551757-kurfs509i_pageViewContainer> computedCursor=auto transitioned=true
[CursorScope] mousemove cursor=(324,316) onPage=false target=<div#syncfusion-pdf-viewer-tab-1777317551757-kurfs509i_pageViewContainer> computedCursor=default transitioned=false
[App-Debug p1] PAL render — pageSize={w:612, h:792}, layerScale=0.78595, measuredPageScale=0.78595, committedPageScale=0.78595, legacyCommitCompensationPending=false, legacyCommitCompensationScale=1, overlayContentTransformScale=0.442501, storedOverlayTransformScale=1, syncfusionViewerScale=0.59, overlayDiv=true, overlayDivW=481, overlayDivH=623, overlayDivTransform=none, overlayContentTransform=scale(0.442501)
[SVG p1] render — 1 objs, viewBox=612x792
[App-Debug p1] PAL render — pageSize={w:612, h:792}, layerScale=0.78595, measuredPageScale=0.78595, committedPageScale=0.78595, legacyCommitCompensationPending=false, legacyCommitCompensationScale=1, overlayContentTransformScale=0.442501, storedOverlayTransformScale=1, syncfusionViewerScale=0.59, overlayDiv=true, overlayDivW=481, overlayDivH=623, overlayDivTransform=none, overlayContentTransform=scale(0.442501)
[SVG p1] render — 1 objs, viewBox=612x792
[App-Debug p1] PAL render — pageSize={w:612, h:792}, layerScale=0.59, measuredPageScale=0.59, committedPageScale=0.78595, legacyCommitCompensationPending=false, legacyCommitCompensationScale=1, overlayContentTransformScale=0.442501, storedOverlayTransformScale=1, syncfusionViewerScale=0.59, overlayDiv=true, overlayDivW=0, overlayDivH=0, overlayDivTransform=none, overlayContentTransform=scale(0.442501)
[SVG p1] render — 1 objs, viewBox=612x792
[App-Debug p1] PAL render — pageSize={w:612, h:792}, layerScale=0.59, measuredPageScale=0.59, committedPageScale=0.78595, legacyCommitCompensationPending=false, legacyCommitCompensationScale=1, overlayContentTransformScale=0.442501, storedOverlayTransformScale=1, syncfusionViewerScale=0.59, overlayDiv=true, overlayDivW=0, overlayDivH=0, overlayDivTransform=none, overlayContentTransform=scale(0.442501)
[App-Debug p1] PAL render — pageSize={w:612, h:792}, layerScale=0.59, measuredPageScale=0.59, committedPageScale=0.78595, legacyCommitCompensationPending=false, legacyCommitCompensationScale=1, overlayContentTransformScale=0.442501, storedOverlayTransformScale=1, syncfusionViewerScale=0.59, overlayDiv=true, overlayDivW=0, overlayDivH=0, overlayDivTransform=none, overlayContentTransform=scale(0.442501)
[SVG p1] render — 1 objs, viewBox=612x792
[App-Debug p1] PAL render — pageSize={w:612, h:792}, layerScale=0.59, measuredPageScale=0.59, committedPageScale=0.78595, legacyCommitCompensationPending=false, legacyCommitCompensationScale=1, overlayContentTransformScale=0.442501, storedOverlayTransformScale=1, syncfusionViewerScale=0.59, overlayDiv=true, overlayDivW=0, overlayDivH=0, overlayDivTransform=none, overlayContentTransform=scale(0.442501)
[App-Debug p1] PAL render — pageSize={w:612, h:792}, layerScale=0.59, measuredPageScale=0.59, committedPageScale=0.78595, legacyCommitCompensationPending=false, legacyCommitCompensationScale=1, overlayContentTransformScale=0.442501, storedOverlayTransformScale=1, syncfusionViewerScale=0.59, overlayDiv=true, overlayDivW=0, overlayDivH=0, overlayDivTransform=none, overlayContentTransform=scale(0.442501)
[SVG p1] render — 1 objs, viewBox=612x792
[App-Debug p1] PAL render — pageSize={w:612, h:792}, layerScale=0.59, measuredPageScale=0.59, committedPageScale=0.78595, legacyCommitCompensationPending=false, legacyCommitCompensationScale=1, overlayContentTransformScale=0.442501, storedOverlayTransformScale=1, syncfusionViewerScale=0.59, overlayDiv=true, overlayDivW=0, overlayDivH=0, overlayDivTransform=none, overlayContentTransform=scale(0.442501)
[App-Debug p1] PAL render — pageSize={w:612, h:792}, layerScale=0.59, measuredPageScale=0.59, committedPageScale=0.78595, legacyCommitCompensationPending=false, legacyCommitCompensationScale=1, overlayContentTransformScale=0.442501, storedOverlayTransformScale=1, syncfusionViewerScale=0.59, overlayDiv=true, overlayDivW=0, overlayDivH=0, overlayDivTransform=none, overlayContentTransform=scale(0.442501)
[SVG p1] render — 1 objs, viewBox=612x792
[App-Debug p1] PAL render — pageSize={w:612, h:792}, layerScale=0.78595, measuredPageScale=0.78595, committedPageScale=0.78595, legacyCommitCompensationPending=false, legacyCommitCompensationScale=1, overlayContentTransformScale=0.442501, storedOverlayTransformScale=1, syncfusionViewerScale=0.59, overlayDiv=true, overlayDivW=481, overlayDivH=623, overlayDivTransform=none, overlayContentTransform=scale(0.442501)
[SVG p1] render — 1 objs, viewBox=612x792
[App-Debug p1] PAL render — pageSize={w:612, h:792}, layerScale=0.78595, measuredPageScale=0.78595, committedPageScale=0.78595, legacyCommitCompensationPending=false, legacyCommitCompensationScale=1, overlayContentTransformScale=0.442501, storedOverlayTransformScale=1, syncfusionViewerScale=0.59, overlayDiv=true, overlayDivW=481, overlayDivH=623, overlayDivTransform=none, overlayContentTransform=scale(0.442501)
[SVG p1] render — 1 objs, viewBox=612x792
[App-Debug p1] PAL render — pageSize={w:612, h:792}, layerScale=0.78595, measuredPageScale=0.78595, committedPageScale=0.78595, legacyCommitCompensationPending=false, legacyCommitCompensationScale=1, overlayContentTransformScale=0.442501, storedOverlayTransformScale=1, syncfusionViewerScale=0.59, overlayDiv=true, overlayDivW=481, overlayDivH=623, overlayDivTransform=none, overlayContentTransform=scale(0.442501)
[CursorScope] mousemove cursor=(571,220) onPage=true target=<div#syncfusion-pdf-viewer-tab-1777317551757-kurfs509i_textLayer_0> computedCursor=default transitioned=true
[HitTest pageDiv-bounds] sfIndex=0 cursor=(571,220) pageDiv={"l":534,"t":20,"r":1015,"b":643,"w":481,"h":623} pageCanvas={"l":534,"t":20,"r":1015,"b":643,"w":481,"h":623} canvasIntrinsic=481x623
[HitTest ref-rect] usingCanvas=true ref=(534,20)-(1015,643) inside=true
[HitTest pageDiv-bounds] sfIndex=0 cursor=(579,223) pageDiv={"l":534,"t":20,"r":1015,"b":643,"w":481,"h":623} pageCanvas={"l":534,"t":20,"r":1015,"b":643,"w":481,"h":623} canvasIntrinsic=481x623
[HitTest ref-rect] usingCanvas=true ref=(534,20)-(1015,643) inside=true
[App-Debug p1] PAL render — pageSize={w:612, h:792}, layerScale=0.78595, measuredPageScale=0.78595, committedPageScale=0.78595, legacyCommitCompensationPending=false, legacyCommitCompensationScale=1, overlayContentTransformScale=0.442501, storedOverlayTransformScale=1, syncfusionViewerScale=0.59, overlayDiv=true, overlayDivW=481, overlayDivH=623, overlayDivTransform=none, overlayContentTransform=scale(0.442501)
[SVG p1] render — 1 objs, viewBox=612x792
[App-Debug p1] PAL render — pageSize={w:612, h:792}, layerScale=0.78595, measuredPageScale=0.78595, committedPageScale=0.78595, legacyCommitCompensationPending=false, legacyCommitCompensationScale=1, overlayContentTransformScale=0.442501, storedOverlayTransformScale=1, syncfusionViewerScale=0.59, overlayDiv=true, overlayDivW=481, overlayDivH=623, overlayDivTransform=none, overlayContentTransform=scale(0.442501)
[App-Debug p1] PAL render — pageSize={w:612, h:792}, layerScale=0.78595, measuredPageScale=0.78595, committedPageScale=0.78595, legacyCommitCompensationPending=false, legacyCommitCompensationScale=1, overlayContentTransformScale=0.442501, storedOverlayTransformScale=1, syncfusionViewerScale=0.59, overlayDiv=true, overlayDivW=481, overlayDivH=623, overlayDivTransform=none, overlayContentTransform=scale(0.442501)
[SVG p1] render — 1 objs, viewBox=612x792
[App-Debug p1] PAL render — pageSize={w:612, h:792}, layerScale=0.78595, measuredPageScale=0.78595, committedPageScale=0.78595, legacyCommitCompensationPending=false, legacyCommitCompensationScale=1, overlayContentTransformScale=0.442501, storedOverlayTransformScale=1, syncfusionViewerScale=0.59, overlayDiv=true, overlayDivW=481, overlayDivH=623, overlayDivTransform=none, overlayContentTransform=scale(0.442501)
[SVG p1] render — 1 objs, viewBox=612x792
[App-Debug p1] PAL render — pageSize={w:612, h:792}, layerScale=0.78595, measuredPageScale=0.78595, committedPageScale=0.78595, legacyCommitCompensationPending=false, legacyCommitCompensationScale=1, overlayContentTransformScale=0.442501, storedOverlayTransformScale=1, syncfusionViewerScale=0.59, overlayDiv=true, overlayDivW=481, overlayDivH=623, overlayDivTransform=none, overlayContentTransform=scale(0.442501)
[App-Debug p1] PAL render — pageSize={w:612, h:792}, layerScale=0.78595, measuredPageScale=0.78595, committedPageScale=0.78595, legacyCommitCompensationPending=false, legacyCommitCompensationScale=1, overlayContentTransformScale=0.442501, storedOverlayTransformScale=1, syncfusionViewerScale=0.59, overlayDiv=true, overlayDivW=481, overlayDivH=623, overlayDivTransform=none, overlayContentTransform=scale(0.442501)
[CloudSync][hydrate] loadAllNonHighlightAnnotations start {"documentId":"1a7f57f8-3796-470e-afd2-f38919a873b3"}
[App-Debug p1] PAL render — pageSize={w:612, h:792}, layerScale=0.78595, measuredPageScale=0.78595, committedPageScale=0.78595, legacyCommitCompensationPending=false, legacyCommitCompensationScale=1, overlayContentTransformScale=0.442501, storedOverlayTransformScale=1, syncfusionViewerScale=0.59, overlayDiv=true, overlayDivW=481, overlayDivH=623, overlayDivTransform=none, overlayContentTransform=scale(0.442501)
[SVG p1] render — 1 objs, viewBox=612x792
[App-Debug p1] PAL render — pageSize={w:612, h:792}, layerScale=0.78595, measuredPageScale=0.78595, committedPageScale=0.78595, legacyCommitCompensationPending=false, legacyCommitCompensationScale=1, overlayContentTransformScale=0.442501, storedOverlayTransformScale=1, syncfusionViewerScale=0.59, overlayDiv=true, overlayDivW=481, overlayDivH=623, overlayDivTransform=none, overlayContentTransform=scale(0.442501)
[SVG p1] render — 1 objs, viewBox=612x792
[App-Debug p1] PAL render — pageSize={w:612, h:792}, layerScale=0.78595, measuredPageScale=0.78595, committedPageScale=0.78595, legacyCommitCompensationPending=false, legacyCommitCompensationScale=1, overlayContentTransformScale=0.442501, storedOverlayTransformScale=1, syncfusionViewerScale=0.59, overlayDiv=true, overlayDivW=481, overlayDivH=623, overlayDivTransform=none, overlayContentTransform=scale(0.442501)
[CloudSync][hydrate] loadAllNonHighlightAnnotations start {"documentId":"1a7f57f8-3796-470e-afd2-f38919a873b3"}
[App-Debug p1] PAL render — pageSize={w:612, h:792}, layerScale=0.78595, measuredPageScale=0.78595, committedPageScale=0.78595, legacyCommitCompensationPending=false, legacyCommitCompensationScale=1, overlayContentTransformScale=0.442501, storedOverlayTransformScale=1, syncfusionViewerScale=0.59, overlayDiv=true, overlayDivW=481, overlayDivH=623, overlayDivTransform=none, overlayContentTransform=scale(0.442501)
[SVG p1] render — 1 objs, viewBox=612x792
[App-Debug p1] PAL render — pageSize={w:612, h:792}, layerScale=0.78595, measuredPageScale=0.78595, committedPageScale=0.78595, legacyCommitCompensationPending=false, legacyCommitCompensationScale=1, overlayContentTransformScale=0.442501, storedOverlayTransformScale=1, syncfusionViewerScale=0.59, overlayDiv=true, overlayDivW=481, overlayDivH=623, overlayDivTransform=none, overlayContentTransform=scale(0.442501)
[CloudSync][hydrate] loadAllNonHighlightAnnotations ok {"elapsedMs":296,"totalRows":1,"rowsByType":{"ink":1},"pagesWithObjects":1,"calloutCount":0}
[CloudSync][verify] first read summary {"contextLabel":"focus-rehydrate","documentId":"1a7f57f8-3796-470e-afd2-f38919a873b3","elapsedMs":296,"firstFabricPages":1,"firstFabricObjects":1,"firstCallouts":0,"firstEmpty":false,"localFabricCount":1,"localCalloutCount":0,"localHasData":true,"willVerify":false}
[App-Debug p1] PAL render — pageSize={w:612, h:792}, layerScale=0.78595, measuredPageScale=0.78595, committedPageScale=0.78595, legacyCommitCompensationPending=false, legacyCommitCompensationScale=1, overlayContentTransformScale=0.442501, storedOverlayTransformScale=1, syncfusionViewerScale=0.59, overlayDiv=true, overlayDivW=481, overlayDivH=623, overlayDivTransform=none, overlayContentTransform=scale(0.442501)
[SVG p1] render — 1 objs, viewBox=612x792
[CloudSync][hook][state-obs] change {"prevCount":1,"currentCount":1,"delta":0,"hydrated":true,"sameRefAsLastByPage":true}
[CloudSync][hook][state-obs] callout change {"prevCount":0,"currentCount":0,"delta":0,"hydrated":true,"sameRefAsLastCallouts":true}
[App-Debug p1] PAL render — pageSize={w:612, h:792}, layerScale=0.78595, measuredPageScale=0.78595, committedPageScale=0.78595, legacyCommitCompensationPending=false, legacyCommitCompensationScale=1, overlayContentTransformScale=0.442501, storedOverlayTransformScale=1, syncfusionViewerScale=0.59, overlayDiv=true, overlayDivW=481, overlayDivH=623, overlayDivTransform=none, overlayContentTransform=scale(0.442501)
[SVG p1] render — 1 objs, viewBox=612x792
[App-Debug p1] PAL render — pageSize={w:612, h:792}, layerScale=0.78595, measuredPageScale=0.78595, committedPageScale=0.78595, legacyCommitCompensationPending=false, legacyCommitCompensationScale=1, overlayContentTransformScale=0.442501, storedOverlayTransformScale=1, syncfusionViewerScale=0.59, overlayDiv=true, overlayDivW=481, overlayDivH=623, overlayDivTransform=none, overlayContentTransform=scale(0.442501)
[HitTest pageDiv-bounds] sfIndex=0 cursor=(853,107) pageDiv={"l":534,"t":84,"r":1015,"b":707,"w":481,"h":623} pageCanvas={"l":534,"t":84,"r":1015,"b":707,"w":481,"h":623} canvasIntrinsic=481x623
[HitTest ref-rect] usingCanvas=true ref=(534,84)-(1015,707) inside=true
[HitTest pageDiv-bounds] sfIndex=0 cursor=(754,176) pageDiv={"l":534,"t":84,"r":1015,"b":707,"w":481,"h":623} pageCanvas={"l":534,"t":84,"r":1015,"b":707,"w":481,"h":623} canvasIntrinsic=481x623
[HitTest ref-rect] usingCanvas=true ref=(534,84)-(1015,707) inside=true
[HitTest pageDiv-bounds] sfIndex=0 cursor=(685,239) pageDiv={"l":534,"t":84,"r":1015,"b":707,"w":481,"h":623} pageCanvas={"l":534,"t":84,"r":1015,"b":707,"w":481,"h":623} canvasIntrinsic=481x623
[HitTest ref-rect] usingCanvas=true ref=(534,84)-(1015,707) inside=true
[CloudSync][hydrate] loadAllNonHighlightAnnotations ok {"elapsedMs":524,"totalRows":1,"rowsByType":{"ink":1},"pagesWithObjects":1,"calloutCount":0}
[CloudSync][verify] first read summary {"contextLabel":"focus-rehydrate","documentId":"1a7f57f8-3796-470e-afd2-f38919a873b3","elapsedMs":524,"firstFabricPages":1,"firstFabricObjects":1,"firstCallouts":0,"firstEmpty":false,"localFabricCount":1,"localCalloutCount":0,"localHasData":true,"willVerify":false}
[App-Debug p1] PAL render — pageSize={w:612, h:792}, layerScale=0.78595, measuredPageScale=0.78595, committedPageScale=0.78595, legacyCommitCompensationPending=false, legacyCommitCompensationScale=1, overlayContentTransformScale=0.442501, storedOverlayTransformScale=1, syncfusionViewerScale=0.59, overlayDiv=true, overlayDivW=481, overlayDivH=623, overlayDivTransform=none, overlayContentTransform=scale(0.442501)
[SVG p1] render — 1 objs, viewBox=612x792
[CloudSync][hook][state-obs] change {"prevCount":1,"currentCount":1,"delta":0,"hydrated":true,"sameRefAsLastByPage":true}
[CloudSync][hook][state-obs] callout change {"prevCount":0,"currentCount":0,"delta":0,"hydrated":true,"sameRefAsLastCallouts":true}
[App-Debug p1] PAL render — pageSize={w:612, h:792}, layerScale=0.78595, measuredPageScale=0.78595, committedPageScale=0.78595, legacyCommitCompensationPending=false, legacyCommitCompensationScale=1, overlayContentTransformScale=0.442501, storedOverlayTransformScale=1, syncfusionViewerScale=0.59, overlayDiv=true, overlayDivW=481, overlayDivH=623, overlayDivTransform=none, overlayContentTransform=scale(0.442501)
[SVG p1] render — 1 objs, viewBox=612x792
[App-Debug p1] PAL render — pageSize={w:612, h:792}, layerScale=0.78595, measuredPageScale=0.78595, committedPageScale=0.78595, legacyCommitCompensationPending=false, legacyCommitCompensationScale=1, overlayContentTransformScale=0.442501, storedOverlayTransformScale=1, syncfusionViewerScale=0.59, overlayDiv=true, overlayDivW=481, overlayDivH=623, overlayDivTransform=none, overlayContentTransform=scale(0.442501)
[HitTest pageDiv-bounds] sfIndex=0 cursor=(657,268) pageDiv={"l":534,"t":84,"r":1015,"b":707,"w":481,"h":623} pageCanvas={"l":534,"t":84,"r":1015,"b":707,"w":481,"h":623} canvasIntrinsic=481x623
[HitTest ref-rect] usingCanvas=true ref=(534,84)-(1015,707) inside=true
[HitTest pageDiv-bounds] sfIndex=0 cursor=(657,276) pageDiv={"l":534,"t":84,"r":1015,"b":707,"w":481,"h":623} pageCanvas={"l":534,"t":84,"r":1015,"b":707,"w":481,"h":623} canvasIntrinsic=481x623
[HitTest ref-rect] usingCanvas=true ref=(534,84)-(1015,707) inside=true
[HitTest pageDiv-bounds] sfIndex=0 cursor=(670,384) pageDiv={"l":534,"t":84,"r":1015,"b":707,"w":481,"h":623} pageCanvas={"l":534,"t":84,"r":1015,"b":707,"w":481,"h":623} canvasIntrinsic=481x623
[HitTest ref-rect] usingCanvas=true ref=(534,84)-(1015,707) inside=true
[HitTest pageDiv-bounds] sfIndex=0 cursor=(688,524) pageDiv={"l":534,"t":84,"r":1015,"b":707,"w":481,"h":623} pageCanvas={"l":534,"t":84,"r":1015,"b":707,"w":481,"h":623} canvasIntrinsic=481x623
[HitTest ref-rect] usingCanvas=true ref=(534,84)-(1015,707) inside=true
[HitTest pageDiv-bounds] sfIndex=0 cursor=(701,598) pageDiv={"l":534,"t":84,"r":1015,"b":707,"w":481,"h":623} pageCanvas={"l":534,"t":84,"r":1015,"b":707,"w":481,"h":623} canvasIntrinsic=481x623
[HitTest ref-rect] usingCanvas=true ref=(534,84)-(1015,707) inside=true
[HitTest pageDiv-bounds] sfIndex=0 cursor=(704,615) pageDiv={"l":534,"t":84,"r":1015,"b":707,"w":481,"h":623} pageCanvas={"l":534,"t":84,"r":1015,"b":707,"w":481,"h":623} canvasIntrinsic=481x623
[HitTest ref-rect] usingCanvas=true ref=(534,84)-(1015,707) inside=true
[HitTest pageDiv-bounds] sfIndex=0 cursor=(706,622) pageDiv={"l":534,"t":84,"r":1015,"b":707,"w":481,"h":623} pageCanvas={"l":534,"t":84,"r":1015,"b":707,"w":481,"h":623} canvasIntrinsic=481x623
[HitTest ref-rect] usingCanvas=true ref=(534,84)-(1015,707) inside=true
[HitTest pageDiv-bounds] sfIndex=0 cursor=(716,666) pageDiv={"l":534,"t":84,"r":1015,"b":707,"w":481,"h":623} pageCanvas={"l":534,"t":84,"r":1015,"b":707,"w":481,"h":623} canvasIntrinsic=481x623
[HitTest ref-rect] usingCanvas=true ref=(534,84)-(1015,707) inside=true
[App-Debug p1] PAL render — pageSize={w:612, h:792}, layerScale=0.78595, measuredPageScale=0.78595, committedPageScale=0.78595, legacyCommitCompensationPending=false, legacyCommitCompensationScale=1, overlayContentTransformScale=0.442501, storedOverlayTransformScale=1, syncfusionViewerScale=0.59, overlayDiv=true, overlayDivW=481, overlayDivH=623, overlayDivTransform=none, overlayContentTransform=scale(0.442501)
[SVG p1] render — 1 objs, viewBox=612x792
[App-Debug p1] PAL render — pageSize={w:612, h:792}, layerScale=0.78595, measuredPageScale=0.78595, committedPageScale=0.78595, legacyCommitCompensationPending=false, legacyCommitCompensationScale=1, overlayContentTransformScale=0.442501, storedOverlayTransformScale=1, syncfusionViewerScale=0.59, overlayDiv=true, overlayDivW=481, overlayDivH=623, overlayDivTransform=none, overlayContentTransform=scale(0.442501)
[App-Debug p1] PAL render — pageSize={w:612, h:792}, layerScale=0.78595, measuredPageScale=0.78595, committedPageScale=0.78595, legacyCommitCompensationPending=false, legacyCommitCompensationScale=1, overlayContentTransformScale=0.442501, storedOverlayTransformScale=1, syncfusionViewerScale=0.59, overlayDiv=true, overlayDivW=481, overlayDivH=623, overlayDivTransform=none, overlayContentTransform=scale(0.442501)
[SVG p1] render — 1 objs, viewBox=612x792
[App-Debug p1] PAL render — pageSize={w:612, h:792}, layerScale=0.78595, measuredPageScale=0.78595, committedPageScale=0.78595, legacyCommitCompensationPending=false, legacyCommitCompensationScale=1, overlayContentTransformScale=0.442501, storedOverlayTransformScale=1, syncfusionViewerScale=0.59, overlayDiv=true, overlayDivW=481, overlayDivH=623, overlayDivTransform=none, overlayContentTransform=scale(0.442501)
[CloudSync][hydrate] loadAllNonHighlightAnnotations start {"documentId":"1a7f57f8-3796-470e-afd2-f38919a873b3"}
[App-Debug p1] PAL render — pageSize={w:612, h:792}, layerScale=0.78595, measuredPageScale=0.78595, committedPageScale=0.78595, legacyCommitCompensationPending=false, legacyCommitCompensationScale=1, overlayContentTransformScale=0.442501, storedOverlayTransformScale=1, syncfusionViewerScale=0.59, overlayDiv=true, overlayDivW=481, overlayDivH=623, overlayDivTransform=none, overlayContentTransform=scale(0.442501)
[SVG p1] render — 1 objs, viewBox=612x792
[App-Debug p1] PAL render — pageSize={w:612, h:792}, layerScale=0.78595, measuredPageScale=0.78595, committedPageScale=0.78595, legacyCommitCompensationPending=false, legacyCommitCompensationScale=1, overlayContentTransformScale=0.442501, storedOverlayTransformScale=1, syncfusionViewerScale=0.59, overlayDiv=true, overlayDivW=481, overlayDivH=623, overlayDivTransform=none, overlayContentTransform=scale(0.442501)
[CloudSync][hydrate] loadAllNonHighlightAnnotations ok {"elapsedMs":484,"totalRows":1,"rowsByType":{"ink":1},"pagesWithObjects":1,"calloutCount":0}
[CloudSync][verify] first read summary {"contextLabel":"focus-rehydrate","documentId":"1a7f57f8-3796-470e-afd2-f38919a873b3","elapsedMs":484,"firstFabricPages":1,"firstFabricObjects":1,"firstCallouts":0,"firstEmpty":false,"localFabricCount":1,"localCalloutCount":0,"localHasData":true,"willVerify":false}
[App-Debug p1] PAL render — pageSize={w:612, h:792}, layerScale=0.78595, measuredPageScale=0.78595, committedPageScale=0.78595, legacyCommitCompensationPending=false, legacyCommitCompensationScale=1, overlayContentTransformScale=0.442501, storedOverlayTransformScale=1, syncfusionViewerScale=0.59, overlayDiv=true, overlayDivW=481, overlayDivH=623, overlayDivTransform=none, overlayContentTransform=scale(0.442501)
[SVG p1] render — 1 objs, viewBox=612x792
[CloudSync][hook][state-obs] change {"prevCount":1,"currentCount":1,"delta":0,"hydrated":true,"sameRefAsLastByPage":true}
[CloudSync][hook][state-obs] callout change {"prevCount":0,"currentCount":0,"delta":0,"hydrated":true,"sameRefAsLastCallouts":true}
[App-Debug p1] PAL render — pageSize={w:612, h:792}, layerScale=0.78595, measuredPageScale=0.78595, committedPageScale=0.78595, legacyCommitCompensationPending=false, legacyCommitCompensationScale=1, overlayContentTransformScale=0.442501, storedOverlayTransformScale=1, syncfusionViewerScale=0.59, overlayDiv=true, overlayDivW=481, overlayDivH=623, overlayDivTransform=none, overlayContentTransform=scale(0.442501)
[SVG p1] render — 1 objs, viewBox=612x792
[App-Debug p1] PAL render — pageSize={w:612, h:792}, layerScale=0.78595, measuredPageScale=0.78595, committedPageScale=0.78595, legacyCommitCompensationPending=false, legacyCommitCompensationScale=1, overlayContentTransformScale=0.442501, storedOverlayTransformScale=1, syncfusionViewerScale=0.59, overlayDiv=true, overlayDivW=481, overlayDivH=623, overlayDivTransform=none, overlayContentTransform=scale(0.442501)
[HitTest pageDiv-bounds] sfIndex=0 cursor=(546,520) pageDiv={"l":534,"t":84,"r":1015,"b":707,"w":481,"h":623} pageCanvas={"l":534,"t":84,"r":1015,"b":707,"w":481,"h":623} canvasIntrinsic=481x623
[HitTest ref-rect] usingCanvas=true ref=(534,84)-(1015,707) inside=true
[HitTest pageDiv-bounds] sfIndex=0 cursor=(546,422) pageDiv={"l":534,"t":84,"r":1015,"b":707,"w":481,"h":623} pageCanvas={"l":534,"t":84,"r":1015,"b":707,"w":481,"h":623} canvasIntrinsic=481x623
[HitTest ref-rect] usingCanvas=true ref=(534,84)-(1015,707) inside=true
[HitTest pageDiv-bounds] sfIndex=0 cursor=(546,371) pageDiv={"l":534,"t":84,"r":1015,"b":707,"w":481,"h":623} pageCanvas={"l":534,"t":84,"r":1015,"b":707,"w":481,"h":623} canvasIntrinsic=481x623
[HitTest ref-rect] usingCanvas=true ref=(534,84)-(1015,707) inside=true
[HitTest pageDiv-bounds] sfIndex=0 cursor=(546,347) pageDiv={"l":534,"t":84,"r":1015,"b":707,"w":481,"h":623} pageCanvas={"l":534,"t":84,"r":1015,"b":707,"w":481,"h":623} canvasIntrinsic=481x623
[HitTest ref-rect] usingCanvas=true ref=(534,84)-(1015,707) inside=true
[HitTest pageDiv-bounds] sfIndex=0 cursor=(546,343) pageDiv={"l":534,"t":84,"r":1015,"b":707,"w":481,"h":623} pageCanvas={"l":534,"t":84,"r":1015,"b":707,"w":481,"h":623} canvasIntrinsic=481x623
[HitTest ref-rect] usingCanvas=true ref=(534,84)-(1015,707) inside=true
[HitTest pageDiv-bounds] sfIndex=0 cursor=(552,342) pageDiv={"l":534,"t":84,"r":1015,"b":707,"w":481,"h":623} pageCanvas={"l":534,"t":84,"r":1015,"b":707,"w":481,"h":623} canvasIntrinsic=481x623
[HitTest ref-rect] usingCanvas=true ref=(534,84)-(1015,707) inside=true
[HitTest pageDiv-bounds] sfIndex=0 cursor=(589,331) pageDiv={"l":534,"t":84,"r":1015,"b":707,"w":481,"h":623} pageCanvas={"l":534,"t":84,"r":1015,"b":707,"w":481,"h":623} canvasIntrinsic=481x623
[HitTest ref-rect] usingCanvas=true ref=(534,84)-(1015,707) inside=true
[HitTest pageDiv-bounds] sfIndex=0 cursor=(644,313) pageDiv={"l":534,"t":84,"r":1015,"b":707,"w":481,"h":623} pageCanvas={"l":534,"t":84,"r":1015,"b":707,"w":481,"h":623} canvasIntrinsic=481x623
[HitTest ref-rect] usingCanvas=true ref=(534,84)-(1015,707) inside=true
[HitTest pageDiv-bounds] sfIndex=0 cursor=(677,304) pageDiv={"l":534,"t":84,"r":1015,"b":707,"w":481,"h":623} pageCanvas={"l":534,"t":84,"r":1015,"b":707,"w":481,"h":623} canvasIntrinsic=481x623
[HitTest ref-rect] usingCanvas=true ref=(534,84)-(1015,707) inside=true
[HitTest pageDiv-bounds] sfIndex=0 cursor=(692,301) pageDiv={"l":534,"t":84,"r":1015,"b":707,"w":481,"h":623} pageCanvas={"l":534,"t":84,"r":1015,"b":707,"w":481,"h":623} canvasIntrinsic=481x623
[HitTest ref-rect] usingCanvas=true ref=(534,84)-(1015,707) inside=true
[HitTest pageDiv-bounds] sfIndex=0 cursor=(694,301) pageDiv={"l":534,"t":84,"r":1015,"b":707,"w":481,"h":623} pageCanvas={"l":534,"t":84,"r":1015,"b":707,"w":481,"h":623} canvasIntrinsic=481x623
[HitTest ref-rect] usingCanvas=true ref=(534,84)-(1015,707) inside=true
[HitTest pageDiv-bounds] sfIndex=0 cursor=(693,301) pageDiv={"l":534,"t":84,"r":1015,"b":707,"w":481,"h":623} pageCanvas={"l":534,"t":84,"r":1015,"b":707,"w":481,"h":623} canvasIntrinsic=481x623
[HitTest ref-rect] usingCanvas=true ref=(534,84)-(1015,707) inside=true
[HitTest pageDiv-bounds] sfIndex=0 cursor=(691,301) pageDiv={"l":534,"t":84,"r":1015,"b":707,"w":481,"h":623} pageCanvas={"l":534,"t":84,"r":1015,"b":707,"w":481,"h":623} canvasIntrinsic=481x623
[HitTest ref-rect] usingCanvas=true ref=(534,84)-(1015,707) inside=true
[HitTest pageDiv-bounds] sfIndex=0 cursor=(688,300) pageDiv={"l":534,"t":84,"r":1015,"b":707,"w":481,"h":623} pageCanvas={"l":534,"t":84,"r":1015,"b":707,"w":481,"h":623} canvasIntrinsic=481x623
[HitTest ref-rect] usingCanvas=true ref=(534,84)-(1015,707) inside=true
[HitTest pageDiv-bounds] sfIndex=0 cursor=(684,300) pageDiv={"l":534,"t":84,"r":1015,"b":707,"w":481,"h":623} pageCanvas={"l":534,"t":84,"r":1015,"b":707,"w":481,"h":623} canvasIntrinsic=481x623
[HitTest ref-rect] usingCanvas=true ref=(534,84)-(1015,707) inside=true
[HitTest pageDiv-bounds] sfIndex=0 cursor=(679,300) pageDiv={"l":534,"t":84,"r":1015,"b":707,"w":481,"h":623} pageCanvas={"l":534,"t":84,"r":1015,"b":707,"w":481,"h":623} canvasIntrinsic=481x623
[HitTest ref-rect] usingCanvas=true ref=(534,84)-(1015,707) inside=true
[HitTest pageDiv-bounds] sfIndex=0 cursor=(678,300) pageDiv={"l":534,"t":84,"r":1015,"b":707,"w":481,"h":623} pageCanvas={"l":534,"t":84,"r":1015,"b":707,"w":481,"h":623} canvasIntrinsic=481x623
[HitTest ref-rect] usingCanvas=true ref=(534,84)-(1015,707) inside=true
[HitTest pageDiv-bounds] sfIndex=0 cursor=(677,300) pageDiv={"l":534,"t":84,"r":1015,"b":707,"w":481,"h":623} pageCanvas={"l":534,"t":84,"r":1015,"b":707,"w":481,"h":623} canvasIntrinsic=481x623
[HitTest ref-rect] usingCanvas=true ref=(534,84)-(1015,707) inside=true
[HitTest pageDiv-bounds] sfIndex=0 cursor=(677,300) pageDiv={"l":534,"t":84,"r":1015,"b":707,"w":481,"h":623} pageCanvas={"l":534,"t":84,"r":1015,"b":707,"w":481,"h":623} canvasIntrinsic=481x623
[HitTest ref-rect] usingCanvas=true ref=(534,84)-(1015,707) inside=true
[HitTest pageDiv-bounds] sfIndex=0 cursor=(677,300) pageDiv={"l":534,"t":84,"r":1015,"b":707,"w":481,"h":623} pageCanvas={"l":534,"t":84,"r":1015,"b":707,"w":481,"h":623} canvasIntrinsic=481x623
[HitTest ref-rect] usingCanvas=true ref=(534,84)-(1015,707) inside=true
[HitTest pageDiv-bounds] sfIndex=0 cursor=(676,313) pageDiv={"l":534,"t":84,"r":1015,"b":707,"w":481,"h":623} pageCanvas={"l":534,"t":84,"r":1015,"b":707,"w":481,"h":623} canvasIntrinsic=481x623
[HitTest ref-rect] usingCanvas=true ref=(534,84)-(1015,707) inside=true
[HitTest pageDiv-bounds] sfIndex=0 cursor=(673,326) pageDiv={"l":534,"t":84,"r":1015,"b":707,"w":481,"h":623} pageCanvas={"l":534,"t":84,"r":1015,"b":707,"w":481,"h":623} canvasIntrinsic=481x623
[HitTest ref-rect] usingCanvas=true ref=(534,84)-(1015,707) inside=true
[HitTest pageDiv-bounds] sfIndex=0 cursor=(671,333) pageDiv={"l":534,"t":84,"r":1015,"b":707,"w":481,"h":623} pageCanvas={"l":534,"t":84,"r":1015,"b":707,"w":481,"h":623} canvasIntrinsic=481x623
[HitTest ref-rect] usingCanvas=true ref=(534,84)-(1015,707) inside=true
[HitTest pageDiv-bounds] sfIndex=0 cursor=(670,335) pageDiv={"l":534,"t":84,"r":1015,"b":707,"w":481,"h":623} pageCanvas={"l":534,"t":84,"r":1015,"b":707,"w":481,"h":623} canvasIntrinsic=481x623
[HitTest ref-rect] usingCanvas=true ref=(534,84)-(1015,707) inside=true
[HitTest pageDiv-bounds] sfIndex=0 cursor=(670,341) pageDiv={"l":534,"t":84,"r":1015,"b":707,"w":481,"h":623} pageCanvas={"l":534,"t":84,"r":1015,"b":707,"w":481,"h":623} canvasIntrinsic=481x623
[HitTest ref-rect] usingCanvas=true ref=(534,84)-(1015,707) inside=true
[HitTest pageDiv-bounds] sfIndex=0 cursor=(680,413) pageDiv={"l":534,"t":84,"r":1015,"b":707,"w":481,"h":623} pageCanvas={"l":534,"t":84,"r":1015,"b":707,"w":481,"h":623} canvasIntrinsic=481x623
[HitTest ref-rect] usingCanvas=true ref=(534,84)-(1015,707) inside=true
[HitTest pageDiv-bounds] sfIndex=0 cursor=(726,596) pageDiv={"l":534,"t":84,"r":1015,"b":707,"w":481,"h":623} pageCanvas={"l":534,"t":84,"r":1015,"b":707,"w":481,"h":623} canvasIntrinsic=481x623
[HitTest ref-rect] usingCanvas=true ref=(534,84)-(1015,707) inside=true
[App-Debug p1] PAL render — pageSize={w:612, h:792}, layerScale=0.78595, measuredPageScale=0.78595, committedPageScale=0.78595, legacyCommitCompensationPending=false, legacyCommitCompensationScale=1, overlayContentTransformScale=0.442501, storedOverlayTransformScale=1, syncfusionViewerScale=0.59, overlayDiv=true, overlayDivW=481, overlayDivH=623, overlayDivTransform=none, overlayContentTransform=scale(0.442501)
[SVG p1] render — 1 objs, viewBox=612x792
[App-Debug p1] PAL render — pageSize={w:612, h:792}, layerScale=0.78595, measuredPageScale=0.78595, committedPageScale=0.78595, legacyCommitCompensationPending=false, legacyCommitCompensationScale=1, overlayContentTransformScale=0.442501, storedOverlayTransformScale=1, syncfusionViewerScale=0.59, overlayDiv=true, overlayDivW=481, overlayDivH=623, overlayDivTransform=none, overlayContentTransform=scale(0.442501)
[App-Debug p1] PAL render — pageSize={w:612, h:792}, layerScale=0.78595, measuredPageScale=0.78595, committedPageScale=0.78595, legacyCommitCompensationPending=false, legacyCommitCompensationScale=1, overlayContentTransformScale=0.442501, storedOverlayTransformScale=1, syncfusionViewerScale=0.59, overlayDiv=true, overlayDivW=481, overlayDivH=623, overlayDivTransform=none, overlayContentTransform=scale(0.442501)
[SVG p1] render — 1 objs, viewBox=612x792
[App-Debug p1] PAL render — pageSize={w:612, h:792}, layerScale=0.78595, measuredPageScale=0.78595, committedPageScale=0.78595, legacyCommitCompensationPending=false, legacyCommitCompensationScale=1, overlayContentTransformScale=0.442501, storedOverlayTransformScale=1, syncfusionViewerScale=0.59, overlayDiv=true, overlayDivW=481, overlayDivH=623, overlayDivTransform=none, overlayContentTransform=scale(0.442501)
[CloudSync][hydrate] loadAllNonHighlightAnnotations start {"documentId":"1a7f57f8-3796-470e-afd2-f38919a873b3"}
[App-Debug p1] PAL render — pageSize={w:612, h:792}, layerScale=0.78595, measuredPageScale=0.78595, committedPageScale=0.78595, legacyCommitCompensationPending=false, legacyCommitCompensationScale=1, overlayContentTransformScale=0.442501, storedOverlayTransformScale=1, syncfusionViewerScale=0.59, overlayDiv=true, overlayDivW=481, overlayDivH=623, overlayDivTransform=none, overlayContentTransform=scale(0.442501)
[SVG p1] render — 1 objs, viewBox=612x792
[App-Debug p1] PAL render — pageSize={w:612, h:792}, layerScale=0.78595, measuredPageScale=0.78595, committedPageScale=0.78595, legacyCommitCompensationPending=false, legacyCommitCompensationScale=1, overlayContentTransformScale=0.442501, storedOverlayTransformScale=1, syncfusionViewerScale=0.59, overlayDiv=true, overlayDivW=481, overlayDivH=623, overlayDivTransform=none, overlayContentTransform=scale(0.442501)
[CloudSync][hydrate] loadAllNonHighlightAnnotations ok {"elapsedMs":101,"totalRows":1,"rowsByType":{"ink":1},"pagesWithObjects":1,"calloutCount":0}
[CloudSync][verify] first read summary {"contextLabel":"focus-rehydrate","documentId":"1a7f57f8-3796-470e-afd2-f38919a873b3","elapsedMs":101,"firstFabricPages":1,"firstFabricObjects":1,"firstCallouts":0,"firstEmpty":false,"localFabricCount":1,"localCalloutCount":0,"localHasData":true,"willVerify":false}
[App-Debug p1] PAL render — pageSize={w:612, h:792}, layerScale=0.78595, measuredPageScale=0.78595, committedPageScale=0.78595, legacyCommitCompensationPending=false, legacyCommitCompensationScale=1, overlayContentTransformScale=0.442501, storedOverlayTransformScale=1, syncfusionViewerScale=0.59, overlayDiv=true, overlayDivW=481, overlayDivH=623, overlayDivTransform=none, overlayContentTransform=scale(0.442501)
[SVG p1] render — 1 objs, viewBox=612x792
[CloudSync][hook][state-obs] change {"prevCount":1,"currentCount":1,"delta":0,"hydrated":true,"sameRefAsLastByPage":true}
[CloudSync][hook][state-obs] callout change {"prevCount":0,"currentCount":0,"delta":0,"hydrated":true,"sameRefAsLastCallouts":true}
[App-Debug p1] PAL render — pageSize={w:612, h:792}, layerScale=0.78595, measuredPageScale=0.78595, committedPageScale=0.78595, legacyCommitCompensationPending=false, legacyCommitCompensationScale=1, overlayContentTransformScale=0.442501, storedOverlayTransformScale=1, syncfusionViewerScale=0.59, overlayDiv=true, overlayDivW=481, overlayDivH=623, overlayDivTransform=none, overlayContentTransform=scale(0.442501)
[SVG p1] render — 1 objs, viewBox=612x792
[App-Debug p1] PAL render — pageSize={w:612, h:792}, layerScale=0.78595, measuredPageScale=0.78595, committedPageScale=0.78595, legacyCommitCompensationPending=false, legacyCommitCompensationScale=1, overlayContentTransformScale=0.442501, storedOverlayTransformScale=1, syncfusionViewerScale=0.59, overlayDiv=true, overlayDivW=481, overlayDivH=623, overlayDivTransform=none, overlayContentTransform=scale(0.442501)
[HitTest pageDiv-bounds] sfIndex=0 cursor=(662,624) pageDiv={"l":534,"t":84,"r":1015,"b":707,"w":481,"h":623} pageCanvas={"l":534,"t":84,"r":1015,"b":707,"w":481,"h":623} canvasIntrinsic=481x623
[HitTest ref-rect] usingCanvas=true ref=(534,84)-(1015,707) inside=true
[HitTest pageDiv-bounds] sfIndex=0 cursor=(738,570) pageDiv={"l":534,"t":84,"r":1015,"b":707,"w":481,"h":623} pageCanvas={"l":534,"t":84,"r":1015,"b":707,"w":481,"h":623} canvasIntrinsic=481x623
[HitTest ref-rect] usingCanvas=true ref=(534,84)-(1015,707) inside=true
[HitTest pageDiv-bounds] sfIndex=0 cursor=(770,547) pageDiv={"l":534,"t":84,"r":1015,"b":707,"w":481,"h":623} pageCanvas={"l":534,"t":84,"r":1015,"b":707,"w":481,"h":623} canvasIntrinsic=481x623
[HitTest ref-rect] usingCanvas=true ref=(534,84)-(1015,707) inside=true
[HitTest pageDiv-bounds] sfIndex=0 cursor=(785,536) pageDiv={"l":534,"t":84,"r":1015,"b":707,"w":481,"h":623} pageCanvas={"l":534,"t":84,"r":1015,"b":707,"w":481,"h":623} canvasIntrinsic=481x623
[HitTest ref-rect] usingCanvas=true ref=(534,84)-(1015,707) inside=true
[HitTest pageDiv-bounds] sfIndex=0 cursor=(787,530) pageDiv={"l":534,"t":84,"r":1015,"b":707,"w":481,"h":623} pageCanvas={"l":534,"t":84,"r":1015,"b":707,"w":481,"h":623} canvasIntrinsic=481x623
[HitTest ref-rect] usingCanvas=true ref=(534,84)-(1015,707) inside=true
[HitTest pageDiv-bounds] sfIndex=0 cursor=(787,524) pageDiv={"l":534,"t":84,"r":1015,"b":707,"w":481,"h":623} pageCanvas={"l":534,"t":84,"r":1015,"b":707,"w":481,"h":623} canvasIntrinsic=481x623
[HitTest ref-rect] usingCanvas=true ref=(534,84)-(1015,707) inside=true
[HitTest pageDiv-bounds] sfIndex=0 cursor=(787,516) pageDiv={"l":534,"t":84,"r":1015,"b":707,"w":481,"h":623} pageCanvas={"l":534,"t":84,"r":1015,"b":707,"w":481,"h":623} canvasIntrinsic=481x623
[HitTest ref-rect] usingCanvas=true ref=(534,84)-(1015,707) inside=true
[App-Debug p1] PAL render — pageSize={w:612, h:792}, layerScale=0.78595, measuredPageScale=0.78595, committedPageScale=0.78595, legacyCommitCompensationPending=false, legacyCommitCompensationScale=1, overlayContentTransformScale=0.442501, storedOverlayTransformScale=1, syncfusionViewerScale=0.59, overlayDiv=true, overlayDivW=481, overlayDivH=623, overlayDivTransform=none, overlayContentTransform=scale(0.442501)
[SVG p1] render — 1 objs, viewBox=612x792
[App-Debug p1] PAL render — pageSize={w:612, h:792}, layerScale=0.78595, measuredPageScale=0.78595, committedPageScale=0.78595, legacyCommitCompensationPending=false, legacyCommitCompensationScale=1, overlayContentTransformScale=0.442501, storedOverlayTransformScale=1, syncfusionViewerScale=0.59, overlayDiv=true, overlayDivW=481, overlayDivH=623, overlayDivTransform=none, overlayContentTransform=scale(0.442501)
[SVG p1] render — 1 objs, viewBox=612x792
[HitTest pageDiv-bounds] sfIndex=0 cursor=(787,512) pageDiv={"l":534,"t":84,"r":1015,"b":707,"w":481,"h":623} pageCanvas={"l":534,"t":84,"r":1015,"b":707,"w":481,"h":623} canvasIntrinsic=481x623
[HitTest ref-rect] usingCanvas=true ref=(534,84)-(1015,707) inside=true
[HitTest pageDiv-bounds] sfIndex=0 cursor=(785,507) pageDiv={"l":534,"t":84,"r":1015,"b":707,"w":481,"h":623} pageCanvas={"l":534,"t":84,"r":1015,"b":707,"w":481,"h":623} canvasIntrinsic=481x623
[HitTest ref-rect] usingCanvas=true ref=(534,84)-(1015,707) inside=true
[HitTest pageDiv-bounds] sfIndex=0 cursor=(784,497) pageDiv={"l":534,"t":84,"r":1015,"b":707,"w":481,"h":623} pageCanvas={"l":534,"t":84,"r":1015,"b":707,"w":481,"h":623} canvasIntrinsic=481x623
[HitTest ref-rect] usingCanvas=true ref=(534,84)-(1015,707) inside=true
[CursorScope] mousemove cursor=(784,483) onPage=true target=<div#syncfusion-pdf-viewer-tab-1777317551757-kurfs509i_textLayer_0> computedCursor=grab transitioned=false
[HitTest pageDiv-bounds] sfIndex=0 cursor=(784,483) pageDiv={"l":534,"t":84,"r":1015,"b":707,"w":481,"h":623} pageCanvas={"l":534,"t":84,"r":1015,"b":707,"w":481,"h":623} canvasIntrinsic=481x623
[HitTest ref-rect] usingCanvas=true ref=(534,84)-(1015,707) inside=true
[HitTest pageDiv-bounds] sfIndex=0 cursor=(787,461) pageDiv={"l":534,"t":84,"r":1015,"b":707,"w":481,"h":623} pageCanvas={"l":534,"t":84,"r":1015,"b":707,"w":481,"h":623} canvasIntrinsic=481x623
[HitTest ref-rect] usingCanvas=true ref=(534,84)-(1015,707) inside=true
[HitTest pageDiv-bounds] sfIndex=0 cursor=(789,444) pageDiv={"l":534,"t":84,"r":1015,"b":707,"w":481,"h":623} pageCanvas={"l":534,"t":84,"r":1015,"b":707,"w":481,"h":623} canvasIntrinsic=481x623
[HitTest ref-rect] usingCanvas=true ref=(534,84)-(1015,707) inside=true
[HitTest pageDiv-bounds] sfIndex=0 cursor=(790,433) pageDiv={"l":534,"t":84,"r":1015,"b":707,"w":481,"h":623} pageCanvas={"l":534,"t":84,"r":1015,"b":707,"w":481,"h":623} canvasIntrinsic=481x623
[HitTest ref-rect] usingCanvas=true ref=(534,84)-(1015,707) inside=true
[HitTest pageDiv-bounds] sfIndex=0 cursor=(790,426) pageDiv={"l":534,"t":84,"r":1015,"b":707,"w":481,"h":623} pageCanvas={"l":534,"t":84,"r":1015,"b":707,"w":481,"h":623} canvasIntrinsic=481x623
[HitTest ref-rect] usingCanvas=true ref=(534,84)-(1015,707) inside=true
[HitTest pageDiv-bounds] sfIndex=0 cursor=(790,423) pageDiv={"l":534,"t":84,"r":1015,"b":707,"w":481,"h":623} pageCanvas={"l":534,"t":84,"r":1015,"b":707,"w":481,"h":623} canvasIntrinsic=481x623
[HitTest ref-rect] usingCanvas=true ref=(534,84)-(1015,707) inside=true
[App-Debug p1] PAL render — pageSize={w:612, h:792}, layerScale=0.78595, measuredPageScale=0.78595, committedPageScale=0.78595, legacyCommitCompensationPending=false, legacyCommitCompensationScale=1, overlayContentTransformScale=0.442501, storedOverlayTransformScale=1, syncfusionViewerScale=0.59, overlayDiv=true, overlayDivW=481, overlayDivH=623, overlayDivTransform=none, overlayContentTransform=scale(0.442501)
[SVG p1] render — 1 objs, viewBox=612x792
[App-Debug p1] PAL render — pageSize={w:612, h:792}, layerScale=0.78595, measuredPageScale=0.78595, committedPageScale=0.78595, legacyCommitCompensationPending=false, legacyCommitCompensationScale=1, overlayContentTransformScale=0.442501, storedOverlayTransformScale=1, syncfusionViewerScale=0.59, overlayDiv=true, overlayDivW=481, overlayDivH=623, overlayDivTransform=none, overlayContentTransform=scale(0.442501)
[HitTest pageDiv-bounds] sfIndex=0 cursor=(790,423) pageDiv={"l":534,"t":84,"r":1015,"b":707,"w":481,"h":623} pageCanvas={"l":534,"t":84,"r":1015,"b":707,"w":481,"h":623} canvasIntrinsic=481x623
[HitTest ref-rect] usingCanvas=true ref=(534,84)-(1015,707) inside=true
[App-Debug p1] PAL render — pageSize={w:612, h:792}, layerScale=0.78595, measuredPageScale=0.78595, committedPageScale=0.78595, legacyCommitCompensationPending=false, legacyCommitCompensationScale=1, overlayContentTransformScale=0.442501, storedOverlayTransformScale=1, syncfusionViewerScale=0.59, overlayDiv=true, overlayDivW=481, overlayDivH=623, overlayDivTransform=none, overlayContentTransform=scale(0.442501)
[SVG p1] render — 1 objs, viewBox=612x792
[Diag] tool-switch DETECTED → select (scheduling t+1000ms capture)
[SVG p1] render — 1 objs, viewBox=612x792
[App-Debug p1] PAL render — pageSize={w:612, h:792}, layerScale=0.78595, measuredPageScale=0.78595, committedPageScale=0.78595, legacyCommitCompensationPending=false, legacyCommitCompensationScale=1, overlayContentTransformScale=0.442501, storedOverlayTransformScale=1, syncfusionViewerScale=0.59, overlayDiv=true, overlayDivW=481, overlayDivH=623, overlayDivTransform=none, overlayContentTransform=scale(0.442501)
[SVG p1] render — 1 objs, viewBox=612x792
[App-Debug p1] PAL render — pageSize={w:612, h:792}, layerScale=0.78595, measuredPageScale=0.78595, committedPageScale=0.78595, legacyCommitCompensationPending=false, legacyCommitCompensationScale=1, overlayContentTransformScale=0.442501, storedOverlayTransformScale=1, syncfusionViewerScale=0.59, overlayDiv=true, overlayDivW=481, overlayDivH=623, overlayDivTransform=none, overlayContentTransform=scale(0.442501)
[SVG p1] render — 1 objs, viewBox=612x792
[SVG p1] render — 1 objs, viewBox=612x792
[SVG p1] render — 1 objs, viewBox=612x792
[App-Debug p1] PAL render — pageSize={w:612, h:792}, layerScale=0.78595, measuredPageScale=0.78595, committedPageScale=0.78595, legacyCommitCompensationPending=false, legacyCommitCompensationScale=1, overlayContentTransformScale=0.442501, storedOverlayTransformScale=1, syncfusionViewerScale=0.59, overlayDiv=true, overlayDivW=481, overlayDivH=623, overlayDivTransform=none, overlayContentTransform=scale(0.442501)
[SVG p1] render — 1 objs, viewBox=612x792
[SVGAnnotationLayer] setRotInputVisible(false) reason=selectedIds.size !== 1
[App-Debug p1] PAL render — pageSize={w:612, h:792}, layerScale=0.78595, measuredPageScale=0.78595, committedPageScale=0.78595, legacyCommitCompensationPending=false, legacyCommitCompensationScale=1, overlayContentTransformScale=0.442501, storedOverlayTransformScale=1, syncfusionViewerScale=0.59, overlayDiv=true, overlayDivW=481, overlayDivH=623, overlayDivTransform=none, overlayContentTransform=scale(0.442501)
[SVG p1] render — 1 objs, viewBox=612x792
[Diag select] CAPTURED @ t+1004ms — annotations=1 callouts=0 svgWrappers=1 svgVis=[visible] svgElems=1 svgVisElems=1 eraserCanvases=0 svgMarkupBytes=1555
[App-Debug p1] PAL render — pageSize={w:612, h:792}, layerScale=0.78595, measuredPageScale=0.78595, committedPageScale=0.78595, legacyCommitCompensationPending=false, legacyCommitCompensationScale=1, overlayContentTransformScale=0.442501, storedOverlayTransformScale=1, syncfusionViewerScale=0.59, overlayDiv=true, overlayDivW=481, overlayDivH=623, overlayDivTransform=none, overlayContentTransform=scale(0.442501)
[SVG p1] render — 1 objs, viewBox=612x792
[App-Debug p1] PAL render — pageSize={w:612, h:792}, layerScale=0.78595, measuredPageScale=0.78595, committedPageScale=0.78595, legacyCommitCompensationPending=false, legacyCommitCompensationScale=1, overlayContentTransformScale=0.442501, storedOverlayTransformScale=1, syncfusionViewerScale=0.59, overlayDiv=true, overlayDivW=481, overlayDivH=623, overlayDivTransform=none, overlayContentTransform=scale(0.442501)
[CloudSync][hydrate] loadAllNonHighlightAnnotations start {"documentId":"1a7f57f8-3796-470e-afd2-f38919a873b3"}
[App-Debug p1] PAL render — pageSize={w:612, h:792}, layerScale=0.78595, measuredPageScale=0.78595, committedPageScale=0.78595, legacyCommitCompensationPending=false, legacyCommitCompensationScale=1, overlayContentTransformScale=0.442501, storedOverlayTransformScale=1, syncfusionViewerScale=0.59, overlayDiv=true, overlayDivW=481, overlayDivH=623, overlayDivTransform=none, overlayContentTransform=scale(0.442501)
[SVG p1] render — 1 objs, viewBox=612x792
[App-Debug p1] PAL render — pageSize={w:612, h:792}, layerScale=0.78595, measuredPageScale=0.78595, committedPageScale=0.78595, legacyCommitCompensationPending=false, legacyCommitCompensationScale=1, overlayContentTransformScale=0.442501, storedOverlayTransformScale=1, syncfusionViewerScale=0.59, overlayDiv=true, overlayDivW=481, overlayDivH=623, overlayDivTransform=none, overlayContentTransform=scale(0.442501)
[SVG p1] render — 1 objs, viewBox=612x792
[App-Debug p1] PAL render — pageSize={w:612, h:792}, layerScale=0.78595, measuredPageScale=0.78595, committedPageScale=0.78595, legacyCommitCompensationPending=false, legacyCommitCompensationScale=1, overlayContentTransformScale=0.442501, storedOverlayTransformScale=1, syncfusionViewerScale=0.59, overlayDiv=true, overlayDivW=481, overlayDivH=623, overlayDivTransform=none, overlayContentTransform=scale(0.442501)
[CloudSync][hydrate] loadAllNonHighlightAnnotations ok {"elapsedMs":100,"totalRows":1,"rowsByType":{"ink":1},"pagesWithObjects":1,"calloutCount":0}
[CloudSync][verify] first read summary {"contextLabel":"focus-rehydrate","documentId":"1a7f57f8-3796-470e-afd2-f38919a873b3","elapsedMs":100,"firstFabricPages":1,"firstFabricObjects":1,"firstCallouts":0,"firstEmpty":false,"localFabricCount":1,"localCalloutCount":0,"localHasData":true,"willVerify":false}
[App-Debug p1] PAL render — pageSize={w:612, h:792}, layerScale=0.78595, measuredPageScale=0.78595, committedPageScale=0.78595, legacyCommitCompensationPending=false, legacyCommitCompensationScale=1, overlayContentTransformScale=0.442501, storedOverlayTransformScale=1, syncfusionViewerScale=0.59, overlayDiv=true, overlayDivW=481, overlayDivH=623, overlayDivTransform=none, overlayContentTransform=scale(0.442501)
[SVG p1] render — 1 objs, viewBox=612x792
[CloudSync][hook][state-obs] change {"prevCount":1,"currentCount":1,"delta":0,"hydrated":true,"sameRefAsLastByPage":true}
[CloudSync][hook][state-obs] callout change {"prevCount":0,"currentCount":0,"delta":0,"hydrated":true,"sameRefAsLastCallouts":true}
[App-Debug p1] PAL render — pageSize={w:612, h:792}, layerScale=0.78595, measuredPageScale=0.78595, committedPageScale=0.78595, legacyCommitCompensationPending=false, legacyCommitCompensationScale=1, overlayContentTransformScale=0.442501, storedOverlayTransformScale=1, syncfusionViewerScale=0.59, overlayDiv=true, overlayDivW=481, overlayDivH=623, overlayDivTransform=none, overlayContentTransform=scale(0.442501)
[SVG p1] render — 1 objs, viewBox=612x792
[App-Debug p1] PAL render — pageSize={w:612, h:792}, layerScale=0.78595, measuredPageScale=0.78595, committedPageScale=0.78595, legacyCommitCompensationPending=false, legacyCommitCompensationScale=1, overlayContentTransformScale=0.442501, storedOverlayTransformScale=1, syncfusionViewerScale=0.59, overlayDiv=true, overlayDivW=481, overlayDivH=623, overlayDivTransform=none, overlayContentTransform=scale(0.442501)
[CloudSync][hydrate] loadAllNonHighlightAnnotations start {"documentId":"1a7f57f8-3796-470e-afd2-f38919a873b3"}
[App-Debug p1] PAL render — pageSize={w:612, h:792}, layerScale=0.78595, measuredPageScale=0.78595, committedPageScale=0.78595, legacyCommitCompensationPending=false, legacyCommitCompensationScale=1, overlayContentTransformScale=0.442501, storedOverlayTransformScale=1, syncfusionViewerScale=0.59, overlayDiv=true, overlayDivW=481, overlayDivH=623, overlayDivTransform=none, overlayContentTransform=scale(0.442501)
[SVG p1] render — 1 objs, viewBox=612x792
[App-Debug p1] PAL render — pageSize={w:612, h:792}, layerScale=0.78595, measuredPageScale=0.78595, committedPageScale=0.78595, legacyCommitCompensationPending=false, legacyCommitCompensationScale=1, overlayContentTransformScale=0.442501, storedOverlayTransformScale=1, syncfusionViewerScale=0.59, overlayDiv=true, overlayDivW=481, overlayDivH=623, overlayDivTransform=none, overlayContentTransform=scale(0.442501)
[CloudSync][hydrate] loadAllNonHighlightAnnotations ok {"elapsedMs":55,"totalRows":1,"rowsByType":{"ink":1},"pagesWithObjects":1,"calloutCount":0}
[CloudSync][verify] first read summary {"contextLabel":"focus-rehydrate","documentId":"1a7f57f8-3796-470e-afd2-f38919a873b3","elapsedMs":56,"firstFabricPages":1,"firstFabricObjects":1,"firstCallouts":0,"firstEmpty":false,"localFabricCount":1,"localCalloutCount":0,"localHasData":true,"willVerify":false}
[App-Debug p1] PAL render — pageSize={w:612, h:792}, layerScale=0.78595, measuredPageScale=0.78595, committedPageScale=0.78595, legacyCommitCompensationPending=false, legacyCommitCompensationScale=1, overlayContentTransformScale=0.442501, storedOverlayTransformScale=1, syncfusionViewerScale=0.59, overlayDiv=true, overlayDivW=481, overlayDivH=623, overlayDivTransform=none, overlayContentTransform=scale(0.442501)
[SVG p1] render — 1 objs, viewBox=612x792
[CloudSync][hook][state-obs] change {"prevCount":1,"currentCount":1,"delta":0,"hydrated":true,"sameRefAsLastByPage":true}
[CloudSync][hook][state-obs] callout change {"prevCount":0,"currentCount":0,"delta":0,"hydrated":true,"sameRefAsLastCallouts":true}
[App-Debug p1] PAL render — pageSize={w:612, h:792}, layerScale=0.78595, measuredPageScale=0.78595, committedPageScale=0.78595, legacyCommitCompensationPending=false, legacyCommitCompensationScale=1, overlayContentTransformScale=0.442501, storedOverlayTransformScale=1, syncfusionViewerScale=0.59, overlayDiv=true, overlayDivW=481, overlayDivH=623, overlayDivTransform=none, overlayContentTransform=scale(0.442501)
[SVG p1] render — 1 objs, viewBox=612x792
[App-Debug p1] PAL render — pageSize={w:612, h:792}, layerScale=0.78595, measuredPageScale=0.78595, committedPageScale=0.78595, legacyCommitCompensationPending=false, legacyCommitCompensationScale=1, overlayContentTransformScale=0.442501, storedOverlayTransformScale=1, syncfusionViewerScale=0.59, overlayDiv=true, overlayDivW=481, overlayDivH=623, overlayDivTransform=none, overlayContentTransform=scale(0.442501)
[CursorScope] mousemove cursor=(916,82) onPage=false target=<div#syncfusion-pdf-viewer-tab-1777317551757-kurfs509i_pageViewContainer> computedCursor=auto transitioned=true
[CursorScope] mousemove cursor=(888,226) onPage=true target=<svg> computedCursor=default transitioned=true
[SVG p1] render — 1 objs, viewBox=612x792
[SVG p1] render — 1 objs, viewBox=612x792
[App-Debug p1] PAL render — pageSize={w:612, h:792}, layerScale=0.78595, measuredPageScale=0.78595, committedPageScale=0.78595, legacyCommitCompensationPending=false, legacyCommitCompensationScale=1, overlayContentTransformScale=0.442501, storedOverlayTransformScale=1, syncfusionViewerScale=0.59, overlayDiv=true, overlayDivW=481, overlayDivH=623, overlayDivTransform=none, overlayContentTransform=scale(0.442501)
[SVG p1] render — 1 objs, viewBox=612x792
[App-Debug p1] PAL render — pageSize={w:612, h:792}, layerScale=0.78595, measuredPageScale=0.78595, committedPageScale=0.78595, legacyCommitCompensationPending=false, legacyCommitCompensationScale=1, overlayContentTransformScale=0.442501, storedOverlayTransformScale=1, syncfusionViewerScale=0.59, overlayDiv=true, overlayDivW=481, overlayDivH=623, overlayDivTransform=none, overlayContentTransform=scale(0.442501)
[App-Debug p1] PAL render — pageSize={w:612, h:792}, layerScale=0.78595, measuredPageScale=0.78595, committedPageScale=0.78595, legacyCommitCompensationPending=false, legacyCommitCompensationScale=1, overlayContentTransformScale=0.442501, storedOverlayTransformScale=1, syncfusionViewerScale=0.59, overlayDiv=true, overlayDivW=481, overlayDivH=623, overlayDivTransform=none, overlayContentTransform=scale(0.442501)
[SVG p1] render — 1 objs, viewBox=612x792
[App-Debug p1] PAL render — pageSize={w:612, h:792}, layerScale=0.78595, measuredPageScale=0.78595, committedPageScale=0.78595, legacyCommitCompensationPending=false, legacyCommitCompensationScale=1, overlayContentTransformScale=0.442501, storedOverlayTransformScale=1, syncfusionViewerScale=0.59, overlayDiv=true, overlayDivW=481, overlayDivH=623, overlayDivTransform=none, overlayContentTransform=scale(0.442501)
[App-Debug p1] PAL render — pageSize={w:612, h:792}, layerScale=0.78595, measuredPageScale=0.78595, committedPageScale=0.78595, legacyCommitCompensationPending=false, legacyCommitCompensationScale=1, overlayContentTransformScale=0.442501, storedOverlayTransformScale=1, syncfusionViewerScale=0.59, overlayDiv=true, overlayDivW=481, overlayDivH=623, overlayDivTransform=none, overlayContentTransform=scale(0.442501)
[SVG p1] render — 1 objs, viewBox=612x792
[App-Debug p1] PAL render — pageSize={w:612, h:792}, layerScale=0.78595, measuredPageScale=0.78595, committedPageScale=0.78595, legacyCommitCompensationPending=false, legacyCommitCompensationScale=1, overlayContentTransformScale=0.442501, storedOverlayTransformScale=1, syncfusionViewerScale=0.59, overlayDiv=true, overlayDivW=481, overlayDivH=623, overlayDivTransform=none, overlayContentTransform=scale(0.442501)
[App-Debug p1] PAL render — pageSize={w:612, h:792}, layerScale=0.78595, measuredPageScale=0.78595, committedPageScale=0.78595, legacyCommitCompensationPending=false, legacyCommitCompensationScale=1, overlayContentTransformScale=0.442501, storedOverlayTransformScale=1, syncfusionViewerScale=0.59, overlayDiv=true, overlayDivW=481, overlayDivH=623, overlayDivTransform=none, overlayContentTransform=scale(0.442501)
[SVG p1] render — 1 objs, viewBox=612x792
[App-Debug p1] PAL render — pageSize={w:612, h:792}, layerScale=0.78595, measuredPageScale=0.78595, committedPageScale=0.78595, legacyCommitCompensationPending=false, legacyCommitCompensationScale=1, overlayContentTransformScale=0.442501, storedOverlayTransformScale=1, syncfusionViewerScale=0.59, overlayDiv=true, overlayDivW=481, overlayDivH=623, overlayDivTransform=none, overlayContentTransform=scale(0.442501)
[CloudSync][hydrate] loadAllNonHighlightAnnotations start {"documentId":"1a7f57f8-3796-470e-afd2-f38919a873b3"}
[App-Debug p1] PAL render — pageSize={w:612, h:792}, layerScale=0.78595, measuredPageScale=0.78595, committedPageScale=0.78595, legacyCommitCompensationPending=false, legacyCommitCompensationScale=1, overlayContentTransformScale=0.442501, storedOverlayTransformScale=1, syncfusionViewerScale=0.59, overlayDiv=true, overlayDivW=481, overlayDivH=623, overlayDivTransform=none, overlayContentTransform=scale(0.442501)
[SVG p1] render — 1 objs, viewBox=612x792
[App-Debug p1] PAL render — pageSize={w:612, h:792}, layerScale=0.78595, measuredPageScale=0.78595, committedPageScale=0.78595, legacyCommitCompensationPending=false, legacyCommitCompensationScale=1, overlayContentTransformScale=0.442501, storedOverlayTransformScale=1, syncfusionViewerScale=0.59, overlayDiv=true, overlayDivW=481, overlayDivH=623, overlayDivTransform=none, overlayContentTransform=scale(0.442501)
[CloudSync][hydrate] loadAllNonHighlightAnnotations ok {"elapsedMs":99,"totalRows":1,"rowsByType":{"ink":1},"pagesWithObjects":1,"calloutCount":0}
[CloudSync][verify] first read summary {"contextLabel":"focus-rehydrate","documentId":"1a7f57f8-3796-470e-afd2-f38919a873b3","elapsedMs":99,"firstFabricPages":1,"firstFabricObjects":1,"firstCallouts":0,"firstEmpty":false,"localFabricCount":1,"localCalloutCount":0,"localHasData":true,"willVerify":false}
[App-Debug p1] PAL render — pageSize={w:612, h:792}, layerScale=0.78595, measuredPageScale=0.78595, committedPageScale=0.78595, legacyCommitCompensationPending=false, legacyCommitCompensationScale=1, overlayContentTransformScale=0.442501, storedOverlayTransformScale=1, syncfusionViewerScale=0.59, overlayDiv=true, overlayDivW=481, overlayDivH=623, overlayDivTransform=none, overlayContentTransform=scale(0.442501)
[SVG p1] render — 1 objs, viewBox=612x792
[CloudSync][hook][state-obs] change {"prevCount":1,"currentCount":1,"delta":0,"hydrated":true,"sameRefAsLastByPage":true}
[CloudSync][hook][state-obs] callout change {"prevCount":0,"currentCount":0,"delta":0,"hydrated":true,"sameRefAsLastCallouts":true}
[App-Debug p1] PAL render — pageSize={w:612, h:792}, layerScale=0.78595, measuredPageScale=0.78595, committedPageScale=0.78595, legacyCommitCompensationPending=false, legacyCommitCompensationScale=1, overlayContentTransformScale=0.442501, storedOverlayTransformScale=1, syncfusionViewerScale=0.59, overlayDiv=true, overlayDivW=481, overlayDivH=623, overlayDivTransform=none, overlayContentTransform=scale(0.442501)
[SVG p1] render — 1 objs, viewBox=612x792
[App-Debug p1] PAL render — pageSize={w:612, h:792}, layerScale=0.78595, measuredPageScale=0.78595, committedPageScale=0.78595, legacyCommitCompensationPending=false, legacyCommitCompensationScale=1, overlayContentTransformScale=0.442501, storedOverlayTransformScale=1, syncfusionViewerScale=0.59, overlayDiv=true, overlayDivW=481, overlayDivH=623, overlayDivTransform=none, overlayContentTransform=scale(0.442501)
[SVG p1] render — 1 objs, viewBox=612x792
[SVG p1] render — 1 objs, viewBox=612x792
[CursorScope] mousemove cursor=(1038,413) onPage=false target=<canvas#syncfusion-pdf-viewer-tab-1777317551757-kurfs509i_annotationCanvas_0> computedCursor=auto transitioned=true
[App-Debug p1] PAL render — pageSize={w:612, h:792}, layerScale=0.78595, measuredPageScale=0.78595, committedPageScale=0.78595, legacyCommitCompensationPending=false, legacyCommitCompensationScale=1, overlayContentTransformScale=0.442501, storedOverlayTransformScale=1, syncfusionViewerScale=0.59, overlayDiv=true, overlayDivW=481, overlayDivH=623, overlayDivTransform=none, overlayContentTransform=scale(0.442501)
[SVG p1] render — 1 objs, viewBox=612x792
[App-Debug p1] PAL render — pageSize={w:612, h:792}, layerScale=0.78595, measuredPageScale=0.78595, committedPageScale=0.78595, legacyCommitCompensationPending=false, legacyCommitCompensationScale=1, overlayContentTransformScale=0.442501, storedOverlayTransformScale=1, syncfusionViewerScale=0.59, overlayDiv=true, overlayDivW=481, overlayDivH=623, overlayDivTransform=none, overlayContentTransform=scale(0.442501)