===== SurveyApp Save Log =====
version:   0.1.33
runtime:   desktop-installer
platform:  desktop
device:    Windows PC
os:        Windows 10.0
screen:    1536x960 @1.25x
viewport:  1186x743
locale:    en-US
timestamp: 2026-04-26T01:59:01.574Z (4/25/2026, 9:59:01 PM)
==============================
[dev-auto-login] boot {"hasDevEmail":false,"devEmailHint":null,"hasDevPassword":false,"hasCachedSession":true,"cachedSessionEmail":"isaiahcalvo123@gmail.com","cachedSessionExpiresAt":1777169216}
[dev-auto-login] decision {"needsAutoLogin":false,"willAttemptSignIn":false}
[CloudSync][hook] session id minted {"sessionId":"df90aeea-1f95-4b15-93a5-009bd205771b"}
[AnnotPerf] finalize idle (forced-reset) — deferring CSS transform removal, waiting for PAL confirmation
[CloudSync][hook] hydrate effect fired {"enabled":false,"documentId":"1a7f57f8-3796-470e-afd2-f38919a873b3","userId":"170d915c-5741-4e0b-b03f-deaeedae27bd","pdfId":null}
[CloudSync][hook] hydrate skipped — missing prerequisite {"enabled":false,"hasDocumentId":true,"hasUserId":true,"hasPdfId":false}
[CSeries wipe] doc=sync-test.pdf-2489 totalCounters=0 legacyRemoved=0 — nothing to wipe.
[PrintPanel] mount — binding Cmd/Ctrl+P listeners. electronAPI available: true onPrintPdf available: true
[CloudSync][hook] hydrate effect fired {"enabled":false,"documentId":"1a7f57f8-3796-470e-afd2-f38919a873b3","userId":"170d915c-5741-4e0b-b03f-deaeedae27bd","pdfId":"sync-test.pdf-2489"}
[CloudSync][hook] hydrate skipped — missing prerequisite {"enabled":false,"hasDocumentId":true,"hasUserId":true,"hasPdfId":true}
[ZoomLive svg p1] {"interactionPhase":"idle","zoomOverlayTransformActive":true,"viewerScale":1.33333,"measuredScale":1.33333,"committedScale":0,"overlayTransform":"none","overlayTransformScale":1,"pageHostRect":null,"overlayLayerRect":null,"overlayContentRect":null,"legacyCompensationRect":null,"legacyCompensationTransform":"none","palRootRect":null,"canvasContainerRect":null,"palCanvasRect":null,"regionRootRect":null,"regionSvgRect":null,"regionScreenWidth":0,"regionScreenHeight":0,"svgLayerRect":null,"activeSpaceId":null,"activeRegionId":null,"showRegionSelection":false}
[PrintPanel] mount — binding Cmd/Ctrl+P listeners. electronAPI available: true onPrintPdf available: true
[PrintPanel] mount — binding Cmd/Ctrl+P listeners. electronAPI available: true onPrintPdf available: true
[PrintPanel] mount — binding Cmd/Ctrl+P listeners. electronAPI available: true onPrintPdf available: true
[PrintPanel] RENDER — panel closed
[ZoomLive svg p1] {"interactionPhase":"idle","zoomOverlayTransformActive":true,"viewerScale":0.1,"measuredScale":0.1,"committedScale":1.33333,"overlayTransform":"none","overlayTransformScale":1,"pageHostRect":{"w":816,"h":1056,"left":204,"top":86.4},"overlayLayerRect":null,"overlayContentRect":null,"legacyCompensationRect":null,"legacyCompensationTransform":"none","palRootRect":null,"canvasContainerRect":null,"palCanvasRect":null,"regionRootRect":null,"regionSvgRect":null,"regionScreenWidth":0,"regionScreenHeight":0,"svgLayerRect":null,"activeSpaceId":null,"activeRegionId":null,"showRegionSelection":false}
[CloudSync][hook] hydrate effect fired {"enabled":true,"documentId":"1a7f57f8-3796-470e-afd2-f38919a873b3","userId":"170d915c-5741-4e0b-b03f-deaeedae27bd","pdfId":"sync-test.pdf-2489"}
[CloudSync][hook] stage=hydrating
[CloudSync][hydrate] loadAllNonHighlightAnnotations start {"documentId":"1a7f57f8-3796-470e-afd2-f38919a873b3"}
[CloudSync][hook] fabric push skipped — not hydrated yet
[CloudSync][hook] callout push skipped — not hydrated yet
[CloudSync][realtime] subscribing {"documentId":"1a7f57f8-3796-470e-afd2-f38919a873b3","currentUserId":"170d915c-5741-4e0b-b03f-deaeedae27bd","currentSessionId":"df90aeea-1f95-4b15-93a5-009bd205771b","hasFabricInsert":true,"hasFabricUpdate":true,"hasFabricDelete":true,"hasCalloutInsert":true,"hasCalloutUpdate":true,"hasCalloutDelete":true}
[ZoomLive svg p1] {"interactionPhase":"idle","zoomOverlayTransformActive":true,"viewerScale":0.79,"measuredScale":1.05392,"committedScale":1.05392,"overlayTransform":"none","overlayTransformScale":1,"pageHostRect":{"w":644.638,"h":834.237,"left":289.675,"top":84.713},"overlayLayerRect":null,"overlayContentRect":null,"legacyCompensationRect":null,"legacyCompensationTransform":"none","palRootRect":null,"canvasContainerRect":null,"palCanvasRect":null,"regionRootRect":null,"regionSvgRect":null,"regionScreenWidth":0,"regionScreenHeight":0,"svgLayerRect":null,"activeSpaceId":null,"activeRegionId":null,"showRegionSelection":false}
[CloudSync][hydrate] loadAllNonHighlightAnnotations ok {"elapsedMs":69,"totalRows":1,"rowsByType":{"ink":1},"pagesWithObjects":1,"calloutCount":0}
[CloudSync][hook] replacing local fabric state with cloud (cloud is authoritative) {"pages":1,"migrationDone":true}
[CloudSync][hook] replacing local callouts with cloud (cloud is authoritative) {"count":0,"migrationDone":true}
[CloudSync][hook] stage=migrating (one-time local→cloud push)
[CloudSync][hook] hydrate+migrate complete — push gate OPEN {"migrationPushed":0}
[App-Debug p1] PAL render — pageSize={w:612, h:792}, layerScale=1.05392, measuredPageScale=1.05392, committedPageScale=1.05392, legacyCommitCompensationPending=false, legacyCommitCompensationScale=1, overlayContentTransformScale=1, storedOverlayTransformScale=1, syncfusionViewerScale=0.79, overlayDiv=true, overlayDivW=645, overlayDivH=834, overlayDivTransform=none, overlayContentTransform=none
[SVG p1] render — 1 objs, viewBox=612x792
[SVGAnnotationLayer] setRotInputVisible(false) reason=selectedIds.size !== 1
[SVG p1] MOUNT — 1 annotations, 0 callouts, viewBox=612x792
[App-Debug p1] PAL render — pageSize={w:612, h:792}, layerScale=1.05392, measuredPageScale=1.05392, committedPageScale=1.05392, legacyCommitCompensationPending=false, legacyCommitCompensationScale=1, overlayContentTransformScale=1, storedOverlayTransformScale=1, syncfusionViewerScale=0.79, overlayDiv=true, overlayDivW=645, overlayDivH=834, overlayDivTransform=none, overlayContentTransform=none
[SVG p1] render — 1 objs, viewBox=612x792
[App-Debug p1] PAL render — pageSize={w:612, h:792}, layerScale=1.05392, measuredPageScale=1.05392, committedPageScale=1.05392, legacyCommitCompensationPending=false, legacyCommitCompensationScale=1, overlayContentTransformScale=1, storedOverlayTransformScale=1, syncfusionViewerScale=0.79, overlayDiv=true, overlayDivW=645, overlayDivH=834, overlayDivTransform=none, overlayContentTransform=none
[SVG p1] render — 1 objs, viewBox=612x792
[App-Debug p1] PAL render — pageSize={w:612, h:792}, layerScale=1.05392, measuredPageScale=0.78595, committedPageScale=1.05392, legacyCommitCompensationPending=false, legacyCommitCompensationScale=1, overlayContentTransformScale=0.442501, storedOverlayTransformScale=1, syncfusionViewerScale=0.59, overlayDiv=true, overlayDivW=481, overlayDivH=623, overlayDivTransform=none, overlayContentTransform=scale(0.442501)
[SVG p1] render — 1 objs, viewBox=612x792
[App-Debug p1] PAL render — pageSize={w:612, h:792}, layerScale=0.78595, measuredPageScale=0.78595, committedPageScale=0.78595, legacyCommitCompensationPending=false, legacyCommitCompensationScale=1, overlayContentTransformScale=0.442501, storedOverlayTransformScale=1, syncfusionViewerScale=0.59, overlayDiv=true, overlayDivW=481, overlayDivH=623, overlayDivTransform=none, overlayContentTransform=scale(0.442501)
[SVG p1] render — 1 objs, viewBox=612x792
[App-Debug p1] PAL render — pageSize={w:612, h:792}, layerScale=0.78595, measuredPageScale=0.78595, committedPageScale=0.78595, legacyCommitCompensationPending=false, legacyCommitCompensationScale=1, overlayContentTransformScale=0.442501, storedOverlayTransformScale=1, syncfusionViewerScale=0.59, overlayDiv=true, overlayDivW=481, overlayDivH=623, overlayDivTransform=none, overlayContentTransform=scale(0.442501)
[App-Debug p1] PAL render — pageSize={w:612, h:792}, layerScale=0.78595, measuredPageScale=0.78595, committedPageScale=0.78595, legacyCommitCompensationPending=false, legacyCommitCompensationScale=1, overlayContentTransformScale=0.442501, storedOverlayTransformScale=1, syncfusionViewerScale=0.59, overlayDiv=true, overlayDivW=481, overlayDivH=623, overlayDivTransform=none, overlayContentTransform=scale(0.442501)
[SVG p1] render — 1 objs, viewBox=612x792
[App-Debug p1] PAL render — pageSize={w:612, h:792}, layerScale=0.78595, measuredPageScale=0.78595, committedPageScale=0.78595, legacyCommitCompensationPending=false, legacyCommitCompensationScale=1, overlayContentTransformScale=0.442501, storedOverlayTransformScale=1, syncfusionViewerScale=0.59, overlayDiv=true, overlayDivW=481, overlayDivH=623, overlayDivTransform=none, overlayContentTransform=scale(0.442501)
[App-Debug p1] PAL render — pageSize={w:612, h:792}, layerScale=0.78595, measuredPageScale=0.78595, committedPageScale=0.78595, legacyCommitCompensationPending=false, legacyCommitCompensationScale=1, overlayContentTransformScale=0.442501, storedOverlayTransformScale=1, syncfusionViewerScale=0.59, overlayDiv=true, overlayDivW=481, overlayDivH=623, overlayDivTransform=none, overlayContentTransform=scale(0.442501)
[SVG p1] render — 1 objs, viewBox=612x792
[App-Debug p1] PAL render — pageSize={w:612, h:792}, layerScale=0.78595, measuredPageScale=0.78595, committedPageScale=0.78595, legacyCommitCompensationPending=false, legacyCommitCompensationScale=1, overlayContentTransformScale=0.442501, storedOverlayTransformScale=1, syncfusionViewerScale=0.59, overlayDiv=true, overlayDivW=481, overlayDivH=623, overlayDivTransform=none, overlayContentTransform=scale(0.442501)
[ZoomLive svg p1] {"interactionPhase":"idle","zoomOverlayTransformActive":true,"viewerScale":0.59,"measuredScale":0.78595,"committedScale":0.78595,"overlayTransform":"scale(0.442501)","overlayTransformScale":0.4425,"pageHostRect":{"w":481.438,"h":623.038,"left":371.275,"top":83.113},"overlayLayerRect":{"w":479.837,"h":621.438,"left":372.075,"top":83.912},"overlayContentRect":{"w":212.329,"h":0,"left":372.075,"top":83.912},"legacyCompensationRect":{"w":212.329,"h":0,"left":372.075,"top":83.912},"legacyCompensationTransform":"none","palRootRect":null,"canvasContainerRect":null,"palCanvasRect":null,"regionRootRect":null,"regionSvgRect":null,"regionScreenWidth":0,"regionScreenHeight":0,"svgLayerRect":{"w":479.837,"h":621.438,"left":372.075,"top":83.912},"activeSpaceId":null,"activeRegionId":null,"showRegionSelection":false}
[CloudSync][realtime] subscribe status {"status":"SUBSCRIBED","error":null}
[CloudSync][hydrate] loadAllNonHighlightAnnotations start {"documentId":"1a7f57f8-3796-470e-afd2-f38919a873b3"}
[App-Debug p1] PAL render — pageSize={w:612, h:792}, layerScale=0.78595, measuredPageScale=0.78595, committedPageScale=0.78595, legacyCommitCompensationPending=false, legacyCommitCompensationScale=1, overlayContentTransformScale=0.442501, storedOverlayTransformScale=1, syncfusionViewerScale=0.59, overlayDiv=true, overlayDivW=481, overlayDivH=623, overlayDivTransform=none, overlayContentTransform=scale(0.442501)
[SVG p1] render — 1 objs, viewBox=612x792
[App-Debug p1] PAL render — pageSize={w:612, h:792}, layerScale=0.78595, measuredPageScale=0.78595, committedPageScale=0.78595, legacyCommitCompensationPending=false, legacyCommitCompensationScale=1, overlayContentTransformScale=0.442501, storedOverlayTransformScale=1, syncfusionViewerScale=0.59, overlayDiv=true, overlayDivW=481, overlayDivH=623, overlayDivTransform=none, overlayContentTransform=scale(0.442501)
[SVG p1] render — 1 objs, viewBox=612x792
[CloudSync][hydrate] loadAllNonHighlightAnnotations ok {"elapsedMs":67,"totalRows":1,"rowsByType":{"ink":1},"pagesWithObjects":1,"calloutCount":0}
[CloudSync][hook] post-subscribe catch-up rehydrate complete {"pagesFromCloud":1,"calloutsFromCloud":0}
[App-Debug p1] PAL render — pageSize={w:612, h:792}, layerScale=0.78595, measuredPageScale=0.78595, committedPageScale=0.78595, legacyCommitCompensationPending=false, legacyCommitCompensationScale=1, overlayContentTransformScale=0.442501, storedOverlayTransformScale=1, syncfusionViewerScale=0.59, overlayDiv=true, overlayDivW=481, overlayDivH=623, overlayDivTransform=none, overlayContentTransform=scale(0.442501)
[SVG p1] render — 1 objs, viewBox=612x792
[App-Debug p1] PAL render — pageSize={w:612, h:792}, layerScale=0.78595, measuredPageScale=0.78595, committedPageScale=0.78595, legacyCommitCompensationPending=false, legacyCommitCompensationScale=1, overlayContentTransformScale=0.442501, storedOverlayTransformScale=1, syncfusionViewerScale=0.59, overlayDiv=true, overlayDivW=481, overlayDivH=623, overlayDivTransform=none, overlayContentTransform=scale(0.442501)
[SVG p1] render — 1 objs, viewBox=612x792
[App-Debug p1] PAL render — pageSize={w:612, h:792}, layerScale=0.78595, measuredPageScale=0.78595, committedPageScale=0.78595, legacyCommitCompensationPending=false, legacyCommitCompensationScale=1, overlayContentTransformScale=0.442501, storedOverlayTransformScale=1, syncfusionViewerScale=0.59, overlayDiv=true, overlayDivW=481, overlayDivH=623, overlayDivTransform=none, overlayContentTransform=scale(0.442501)
[App-Debug p1] PAL render — pageSize={w:612, h:792}, layerScale=0.78595, measuredPageScale=0.78595, committedPageScale=0.78595, legacyCommitCompensationPending=false, legacyCommitCompensationScale=1, overlayContentTransformScale=0.442501, storedOverlayTransformScale=1, syncfusionViewerScale=0.59, overlayDiv=true, overlayDivW=481, overlayDivH=623, overlayDivTransform=none, overlayContentTransform=scale(0.442501)
[SVG p1] render — 1 objs, viewBox=612x792
[App-Debug p1] PAL render — pageSize={w:612, h:792}, layerScale=0.78595, measuredPageScale=0.78595, committedPageScale=0.78595, legacyCommitCompensationPending=false, legacyCommitCompensationScale=1, overlayContentTransformScale=0.442501, storedOverlayTransformScale=1, syncfusionViewerScale=0.59, overlayDiv=true, overlayDivW=481, overlayDivH=623, overlayDivTransform=none, overlayContentTransform=scale(0.442501)
[ZoomLive svg p1] {"interactionPhase":"idle","zoomOverlayTransformActive":true,"viewerScale":0.59,"measuredScale":0.78595,"committedScale":0.78595,"overlayTransform":"scale(0.442501)","overlayTransformScale":0.4425,"pageHostRect":{"w":481.438,"h":623.038,"left":371.275,"top":83.113},"overlayLayerRect":{"w":479.837,"h":621.438,"left":372.075,"top":83.912},"overlayContentRect":{"w":212.329,"h":0,"left":372.075,"top":83.912},"legacyCompensationRect":{"w":212.329,"h":0,"left":372.075,"top":83.912},"legacyCompensationTransform":"none","palRootRect":null,"canvasContainerRect":null,"palCanvasRect":null,"regionRootRect":null,"regionSvgRect":null,"regionScreenWidth":0,"regionScreenHeight":0,"svgLayerRect":{"w":479.837,"h":621.438,"left":372.075,"top":83.912},"activeSpaceId":null,"activeRegionId":null,"showRegionSelection":false}
[HyperlinkDiag] post-load scan {"hyperlinkCount":0,"samples":[]}
[HyperlinkDiag] page 1 layers {"hyperlinkChildren":0,"layerClasses":["DIV","e-spinner-pane e-spin-show","e-pv-page-canvas","DIV","e-pv-annotation-canvas","e-pv-text-layer"]}
[HyperlinkDiag] page 2 layers {"hyperlinkChildren":0,"layerClasses":["DIV","e-spinner-pane e-spin-show","e-pv-page-canvas","DIV","e-pv-annotation-canvas","e-pv-text-layer"]}
[HyperlinkDiag] page 3 layers {"hyperlinkChildren":0,"layerClasses":["DIV","e-spinner-pane e-spin-show","e-pv-page-canvas","DIV","e-pv-annotation-canvas","e-pv-text-layer"]}
[ZoomLive svg p1] {"interactionPhase":"idle","zoomOverlayTransformActive":true,"viewerScale":0.59,"measuredScale":0.78595,"committedScale":0.78595,"overlayTransform":"scale(0.442501)","overlayTransformScale":0.4425,"pageHostRect":{"w":481.438,"h":623.038,"left":371.275,"top":83.113},"overlayLayerRect":{"w":479.837,"h":621.438,"left":372.075,"top":83.912},"overlayContentRect":{"w":212.329,"h":0,"left":372.075,"top":83.912},"legacyCompensationRect":{"w":212.329,"h":0,"left":372.075,"top":83.912},"legacyCompensationTransform":"none","palRootRect":null,"canvasContainerRect":null,"palCanvasRect":null,"regionRootRect":null,"regionSvgRect":null,"regionScreenWidth":0,"regionScreenHeight":0,"svgLayerRect":{"w":479.837,"h":621.438,"left":372.075,"top":83.912},"activeSpaceId":null,"activeRegionId":null,"showRegionSelection":false}
[ZoomLive svg p1] {"interactionPhase":"idle","zoomOverlayTransformActive":true,"viewerScale":0.59,"measuredScale":0.78595,"committedScale":0.78595,"overlayTransform":"scale(0.442501)","overlayTransformScale":0.4425,"pageHostRect":{"w":481.438,"h":623.038,"left":371.275,"top":83.113},"overlayLayerRect":{"w":479.837,"h":621.438,"left":372.075,"top":83.912},"overlayContentRect":{"w":212.329,"h":0,"left":372.075,"top":83.912},"legacyCompensationRect":{"w":212.329,"h":0,"left":372.075,"top":83.912},"legacyCompensationTransform":"none","palRootRect":null,"canvasContainerRect":null,"palCanvasRect":null,"regionRootRect":null,"regionSvgRect":null,"regionScreenWidth":0,"regionScreenHeight":0,"svgLayerRect":{"w":479.837,"h":621.438,"left":372.075,"top":83.912},"activeSpaceId":null,"activeRegionId":null,"showRegionSelection":false}
[App-Debug p1] PAL render — pageSize={w:612, h:792}, layerScale=0.78595, measuredPageScale=0.78595, committedPageScale=0.78595, legacyCommitCompensationPending=false, legacyCommitCompensationScale=1, overlayContentTransformScale=0.442501, storedOverlayTransformScale=1, syncfusionViewerScale=0.59, overlayDiv=true, overlayDivW=481, overlayDivH=623, overlayDivTransform=none, overlayContentTransform=scale(0.442501)
[SVG p1] render — 1 objs, viewBox=612x792
[App-Debug p1] PAL render — pageSize={w:612, h:792}, layerScale=0.78595, measuredPageScale=0.78595, committedPageScale=0.78595, legacyCommitCompensationPending=false, legacyCommitCompensationScale=1, overlayContentTransformScale=0.442501, storedOverlayTransformScale=1, syncfusionViewerScale=0.59, overlayDiv=true, overlayDivW=481, overlayDivH=623, overlayDivTransform=none, overlayContentTransform=scale(0.442501)
[SVG p1] render — 1 objs, viewBox=612x792
[App-Debug p1] PAL render — pageSize={w:612, h:792}, layerScale=0.78595, measuredPageScale=0.78595, committedPageScale=0.78595, legacyCommitCompensationPending=false, legacyCommitCompensationScale=1, overlayContentTransformScale=0.442501, storedOverlayTransformScale=1, syncfusionViewerScale=0.59, overlayDiv=true, overlayDivW=481, overlayDivH=623, overlayDivTransform=none, overlayContentTransform=scale(0.442501)
[App-Debug p1] PAL render — pageSize={w:612, h:792}, layerScale=0.78595, measuredPageScale=0.78595, committedPageScale=0.78595, legacyCommitCompensationPending=false, legacyCommitCompensationScale=1, overlayContentTransformScale=0.442501, storedOverlayTransformScale=1, syncfusionViewerScale=0.59, overlayDiv=true, overlayDivW=481, overlayDivH=623, overlayDivTransform=none, overlayContentTransform=scale(0.442501)
[SVG p1] render — 1 objs, viewBox=612x792
[App-Debug p1] PAL render — pageSize={w:612, h:792}, layerScale=0.78595, measuredPageScale=0.78595, committedPageScale=0.78595, legacyCommitCompensationPending=false, legacyCommitCompensationScale=1, overlayContentTransformScale=0.442501, storedOverlayTransformScale=1, syncfusionViewerScale=0.59, overlayDiv=true, overlayDivW=481, overlayDivH=623, overlayDivTransform=none, overlayContentTransform=scale(0.442501)
[App-Debug p1] PAL render — pageSize={w:612, h:792}, layerScale=0.78595, measuredPageScale=0.78595, committedPageScale=0.78595, legacyCommitCompensationPending=false, legacyCommitCompensationScale=1, overlayContentTransformScale=0.442501, storedOverlayTransformScale=1, syncfusionViewerScale=0.59, overlayDiv=true, overlayDivW=481, overlayDivH=623, overlayDivTransform=none, overlayContentTransform=scale(0.442501)
[SVG p1] render — 1 objs, viewBox=612x792
[App-Debug p1] PAL render — pageSize={w:612, h:792}, layerScale=0.78595, measuredPageScale=0.78595, committedPageScale=0.78595, legacyCommitCompensationPending=false, legacyCommitCompensationScale=1, overlayContentTransformScale=0.442501, storedOverlayTransformScale=1, syncfusionViewerScale=0.59, overlayDiv=true, overlayDivW=481, overlayDivH=623, overlayDivTransform=none, overlayContentTransform=scale(0.442501)
[App-Debug p1] PAL render — pageSize={w:612, h:792}, layerScale=0.78595, measuredPageScale=0.78595, committedPageScale=0.78595, legacyCommitCompensationPending=false, legacyCommitCompensationScale=1, overlayContentTransformScale=0.442501, storedOverlayTransformScale=1, syncfusionViewerScale=0.59, overlayDiv=true, overlayDivW=481, overlayDivH=623, overlayDivTransform=none, overlayContentTransform=scale(0.442501)
[SVG p1] render — 1 objs, viewBox=612x792
[App-Debug p1] PAL render — pageSize={w:612, h:792}, layerScale=0.78595, measuredPageScale=0.78595, committedPageScale=0.78595, legacyCommitCompensationPending=false, legacyCommitCompensationScale=1, overlayContentTransformScale=0.442501, storedOverlayTransformScale=1, syncfusionViewerScale=0.59, overlayDiv=true, overlayDivW=481, overlayDivH=623, overlayDivTransform=none, overlayContentTransform=scale(0.442501)
[App-Debug p1] PAL render — pageSize={w:612, h:792}, layerScale=0.78595, measuredPageScale=0.78595, committedPageScale=0.78595, legacyCommitCompensationPending=false, legacyCommitCompensationScale=1, overlayContentTransformScale=0.442501, storedOverlayTransformScale=1, syncfusionViewerScale=0.59, overlayDiv=true, overlayDivW=481, overlayDivH=623, overlayDivTransform=none, overlayContentTransform=scale(0.442501)
[SVG p1] render — 1 objs, viewBox=612x792
[App-Debug p1] PAL render — pageSize={w:612, h:792}, layerScale=0.78595, measuredPageScale=0.78595, committedPageScale=0.78595, legacyCommitCompensationPending=false, legacyCommitCompensationScale=1, overlayContentTransformScale=0.442501, storedOverlayTransformScale=1, syncfusionViewerScale=0.59, overlayDiv=true, overlayDivW=481, overlayDivH=623, overlayDivTransform=none, overlayContentTransform=scale(0.442501)
[App-Debug p1] PAL render — pageSize={w:612, h:792}, layerScale=0.78595, measuredPageScale=0.78595, committedPageScale=0.78595, legacyCommitCompensationPending=false, legacyCommitCompensationScale=1, overlayContentTransformScale=0.442501, storedOverlayTransformScale=1, syncfusionViewerScale=0.59, overlayDiv=true, overlayDivW=481, overlayDivH=623, overlayDivTransform=none, overlayContentTransform=scale(0.442501)
[SVG p1] render — 1 objs, viewBox=612x792
[App-Debug p1] PAL render — pageSize={w:612, h:792}, layerScale=0.78595, measuredPageScale=0.78595, committedPageScale=0.78595, legacyCommitCompensationPending=false, legacyCommitCompensationScale=1, overlayContentTransformScale=0.442501, storedOverlayTransformScale=1, syncfusionViewerScale=0.59, overlayDiv=true, overlayDivW=481, overlayDivH=623, overlayDivTransform=none, overlayContentTransform=scale(0.442501)
[CloudSync][realtime] applying INSERT fabric {"highlightId":"ink-1777168577354-7jbj2g72q","annotationType":"ink","pageNumber":1,"lastModifiedBy":"170d915c-5741-4e0b-b03f-deaeedae27bd"}
[App-Debug p1] PAL render — pageSize={w:612, h:792}, layerScale=0.78595, measuredPageScale=0.78595, committedPageScale=0.78595, legacyCommitCompensationPending=false, legacyCommitCompensationScale=1, overlayContentTransformScale=0.442501, storedOverlayTransformScale=1, syncfusionViewerScale=0.59, overlayDiv=true, overlayDivW=481, overlayDivH=623, overlayDivTransform=none, overlayContentTransform=scale(0.442501)
[SVG p1] render — 2 objs, viewBox=612x792
[SVG p1] MOUNT — 2 annotations, 0 callouts, viewBox=612x792
[App-Debug p1] PAL render — pageSize={w:612, h:792}, layerScale=0.78595, measuredPageScale=0.78595, committedPageScale=0.78595, legacyCommitCompensationPending=false, legacyCommitCompensationScale=1, overlayContentTransformScale=0.442501, storedOverlayTransformScale=1, syncfusionViewerScale=0.59, overlayDiv=true, overlayDivW=481, overlayDivH=623, overlayDivTransform=none, overlayContentTransform=scale(0.442501)
[SVG p1] render — 2 objs, viewBox=612x792
[App-Debug p1] PAL render — pageSize={w:612, h:792}, layerScale=0.78595, measuredPageScale=0.78595, committedPageScale=0.78595, legacyCommitCompensationPending=false, legacyCommitCompensationScale=1, overlayContentTransformScale=0.442501, storedOverlayTransformScale=1, syncfusionViewerScale=0.59, overlayDiv=true, overlayDivW=481, overlayDivH=623, overlayDivTransform=none, overlayContentTransform=scale(0.442501)
[App-Debug p1] PAL render — pageSize={w:612, h:792}, layerScale=0.78595, measuredPageScale=0.78595, committedPageScale=0.78595, legacyCommitCompensationPending=false, legacyCommitCompensationScale=1, overlayContentTransformScale=0.442501, storedOverlayTransformScale=1, syncfusionViewerScale=0.59, overlayDiv=true, overlayDivW=481, overlayDivH=623, overlayDivTransform=none, overlayContentTransform=scale(0.442501)
[SVG p1] render — 2 objs, viewBox=612x792
[DrawCanvas p1] MOUNT — tool=pen, isShape=false, isDrawingMode=true
[DrawCanvas p1] shape effect — tool=pen, isShape=false, isDrawingMode=true
[App-Debug p1] PAL render — pageSize={w:612, h:792}, layerScale=0.78595, measuredPageScale=0.78595, committedPageScale=0.78595, legacyCommitCompensationPending=false, legacyCommitCompensationScale=1, overlayContentTransformScale=0.442501, storedOverlayTransformScale=1, syncfusionViewerScale=0.59, overlayDiv=true, overlayDivW=481, overlayDivH=623, overlayDivTransform=none, overlayContentTransform=scale(0.442501)
[SVG p1] render — 2 objs, viewBox=612x792
[App-Debug p1] PAL render — pageSize={w:612, h:792}, layerScale=0.78595, measuredPageScale=0.78595, committedPageScale=0.78595, legacyCommitCompensationPending=false, legacyCommitCompensationScale=1, overlayContentTransformScale=0.442501, storedOverlayTransformScale=1, syncfusionViewerScale=0.59, overlayDiv=true, overlayDivW=481, overlayDivH=623, overlayDivTransform=none, overlayContentTransform=scale(0.442501)
[App-Debug p1] PAL render — pageSize={w:612, h:792}, layerScale=0.78595, measuredPageScale=0.78595, committedPageScale=0.78595, legacyCommitCompensationPending=false, legacyCommitCompensationScale=1, overlayContentTransformScale=0.442501, storedOverlayTransformScale=1, syncfusionViewerScale=0.59, overlayDiv=true, overlayDivW=481, overlayDivH=623, overlayDivTransform=none, overlayContentTransform=scale(0.442501)
[SVG p1] render — 2 objs, viewBox=612x792
[App-Debug p1] PAL render — pageSize={w:612, h:792}, layerScale=0.78595, measuredPageScale=0.78595, committedPageScale=0.78595, legacyCommitCompensationPending=false, legacyCommitCompensationScale=1, overlayContentTransformScale=0.442501, storedOverlayTransformScale=1, syncfusionViewerScale=0.59, overlayDiv=true, overlayDivW=481, overlayDivH=623, overlayDivTransform=none, overlayContentTransform=scale(0.442501)
[App-Debug p1] PAL render — pageSize={w:612, h:792}, layerScale=0.78595, measuredPageScale=0.78595, committedPageScale=0.78595, legacyCommitCompensationPending=false, legacyCommitCompensationScale=1, overlayContentTransformScale=0.442501, storedOverlayTransformScale=1, syncfusionViewerScale=0.59, overlayDiv=true, overlayDivW=481, overlayDivH=623, overlayDivTransform=none, overlayContentTransform=scale(0.442501)
[SVG p1] render — 3 objs, viewBox=612x792
[SVG p1] MOUNT — 3 annotations, 0 callouts, viewBox=612x792
[CloudSync][hook] fabric state changed — debounce push scheduled {"pageCount":1,"objectCount":3,"debounceMs":800}
[App-Debug p1] PAL render — pageSize={w:612, h:792}, layerScale=0.78595, measuredPageScale=0.78595, committedPageScale=0.78595, legacyCommitCompensationPending=false, legacyCommitCompensationScale=1, overlayContentTransformScale=0.442501, storedOverlayTransformScale=1, syncfusionViewerScale=0.59, overlayDiv=true, overlayDivW=481, overlayDivH=623, overlayDivTransform=none, overlayContentTransform=scale(0.442501)
[SVG p1] render — 3 objs, viewBox=612x792
[App-Debug p1] PAL render — pageSize={w:612, h:792}, layerScale=0.78595, measuredPageScale=0.78595, committedPageScale=0.78595, legacyCommitCompensationPending=false, legacyCommitCompensationScale=1, overlayContentTransformScale=0.442501, storedOverlayTransformScale=1, syncfusionViewerScale=0.59, overlayDiv=true, overlayDivW=481, overlayDivH=623, overlayDivTransform=none, overlayContentTransform=scale(0.442501)
[CloudSync][hook] fabric push debounce elapsed — pushing now
[CloudSync][push] upsertAnnotationsByPage start {"documentId":"1a7f57f8-3796-470e-afd2-f38919a873b3","userId":"170d915c-5741-4e0b-b03f-deaeedae27bd","totalRows":3,"rowsByType":{"ink":3},"pages":1}
[App-Debug p1] PAL render — pageSize={w:612, h:792}, layerScale=0.78595, measuredPageScale=0.78595, committedPageScale=0.78595, legacyCommitCompensationPending=false, legacyCommitCompensationScale=1, overlayContentTransformScale=0.442501, storedOverlayTransformScale=1, syncfusionViewerScale=0.59, overlayDiv=true, overlayDivW=481, overlayDivH=623, overlayDivTransform=none, overlayContentTransform=scale(0.442501)
[SVG p1] render — 3 objs, viewBox=612x792
[App-Debug p1] PAL render — pageSize={w:612, h:792}, layerScale=0.78595, measuredPageScale=0.78595, committedPageScale=0.78595, legacyCommitCompensationPending=false, legacyCommitCompensationScale=1, overlayContentTransformScale=0.442501, storedOverlayTransformScale=1, syncfusionViewerScale=0.59, overlayDiv=true, overlayDivW=481, overlayDivH=623, overlayDivTransform=none, overlayContentTransform=scale(0.442501)
[CloudSync][push] upsertAnnotationsByPage ok {"elapsedMs":70,"rowsReturned":3}
[CloudSync][hook] fabric push synced {"count":3}
[App-Debug p1] PAL render — pageSize={w:612, h:792}, layerScale=0.78595, measuredPageScale=0.78595, committedPageScale=0.78595, legacyCommitCompensationPending=false, legacyCommitCompensationScale=1, overlayContentTransformScale=0.442501, storedOverlayTransformScale=1, syncfusionViewerScale=0.59, overlayDiv=true, overlayDivW=481, overlayDivH=623, overlayDivTransform=none, overlayContentTransform=scale(0.442501)
[SVG p1] render — 3 objs, viewBox=612x792
[App-Debug p1] PAL render — pageSize={w:612, h:792}, layerScale=0.78595, measuredPageScale=0.78595, committedPageScale=0.78595, legacyCommitCompensationPending=false, legacyCommitCompensationScale=1, overlayContentTransformScale=0.442501, storedOverlayTransformScale=1, syncfusionViewerScale=0.59, overlayDiv=true, overlayDivW=481, overlayDivH=623, overlayDivTransform=none, overlayContentTransform=scale(0.442501)
[CloudSync][realtime] echo-filtered UPDATE {"highlightId":"ink-1777167439469-scj0p7hq5","annotationType":"ink","lastModifiedBy":"170d915c-5741-4e0b-b03f-deaeedae27bd","rowSessionId":"df90aeea-1f95-4b15-93a5-009bd205771b","currentSessionId":"df90aeea-1f95-4b15-93a5-009bd205771b","reason":"same-session"}
[CloudSync][realtime] echo-filtered UPDATE {"highlightId":"ink-1777168577354-7jbj2g72q","annotationType":"ink","lastModifiedBy":"170d915c-5741-4e0b-b03f-deaeedae27bd","rowSessionId":"df90aeea-1f95-4b15-93a5-009bd205771b","currentSessionId":"df90aeea-1f95-4b15-93a5-009bd205771b","reason":"same-session"}
[CloudSync][realtime] echo-filtered INSERT {"highlightId":"ink-1777168581919-lg9a5sslk","annotationType":"ink","lastModifiedBy":"170d915c-5741-4e0b-b03f-deaeedae27bd","rowSessionId":"df90aeea-1f95-4b15-93a5-009bd205771b","currentSessionId":"df90aeea-1f95-4b15-93a5-009bd205771b","reason":"same-session"}
[App-Debug p1] PAL render — pageSize={w:612, h:792}, layerScale=0.78595, measuredPageScale=0.78595, committedPageScale=0.78595, legacyCommitCompensationPending=false, legacyCommitCompensationScale=1, overlayContentTransformScale=0.442501, storedOverlayTransformScale=1, syncfusionViewerScale=0.59, overlayDiv=true, overlayDivW=481, overlayDivH=623, overlayDivTransform=none, overlayContentTransform=scale(0.442501)
[SVG p1] render — 3 objs, viewBox=612x792
[App-Debug p1] PAL render — pageSize={w:612, h:792}, layerScale=0.78595, measuredPageScale=0.78595, committedPageScale=0.78595, legacyCommitCompensationPending=false, legacyCommitCompensationScale=1, overlayContentTransformScale=0.442501, storedOverlayTransformScale=1, syncfusionViewerScale=0.59, overlayDiv=true, overlayDivW=481, overlayDivH=623, overlayDivTransform=none, overlayContentTransform=scale(0.442501)
[App-Debug p1] PAL render — pageSize={w:612, h:792}, layerScale=0.78595, measuredPageScale=0.78595, committedPageScale=0.78595, legacyCommitCompensationPending=false, legacyCommitCompensationScale=1, overlayContentTransformScale=0.442501, storedOverlayTransformScale=1, syncfusionViewerScale=0.59, overlayDiv=true, overlayDivW=481, overlayDivH=623, overlayDivTransform=none, overlayContentTransform=scale(0.442501)
[SVG p1] render — 3 objs, viewBox=612x792
[App-Debug p1] PAL render — pageSize={w:612, h:792}, layerScale=0.78595, measuredPageScale=0.78595, committedPageScale=0.78595, legacyCommitCompensationPending=false, legacyCommitCompensationScale=1, overlayContentTransformScale=0.442501, storedOverlayTransformScale=1, syncfusionViewerScale=0.59, overlayDiv=true, overlayDivW=481, overlayDivH=623, overlayDivTransform=none, overlayContentTransform=scale(0.442501)
[App-Debug p1] PAL render — pageSize={w:612, h:792}, layerScale=0.78595, measuredPageScale=0.78595, committedPageScale=0.78595, legacyCommitCompensationPending=false, legacyCommitCompensationScale=1, overlayContentTransformScale=0.442501, storedOverlayTransformScale=1, syncfusionViewerScale=0.59, overlayDiv=true, overlayDivW=481, overlayDivH=623, overlayDivTransform=none, overlayContentTransform=scale(0.442501)
[SVG p1] render — 3 objs, viewBox=612x792
[App-Debug p1] PAL render — pageSize={w:612, h:792}, layerScale=0.78595, measuredPageScale=0.78595, committedPageScale=0.78595, legacyCommitCompensationPending=false, legacyCommitCompensationScale=1, overlayContentTransformScale=0.442501, storedOverlayTransformScale=1, syncfusionViewerScale=0.59, overlayDiv=true, overlayDivW=481, overlayDivH=623, overlayDivTransform=none, overlayContentTransform=scale(0.442501)
[App-Debug p1] PAL render — pageSize={w:612, h:792}, layerScale=0.78595, measuredPageScale=0.78595, committedPageScale=0.78595, legacyCommitCompensationPending=false, legacyCommitCompensationScale=1, overlayContentTransformScale=0.442501, storedOverlayTransformScale=1, syncfusionViewerScale=0.59, overlayDiv=true, overlayDivW=481, overlayDivH=623, overlayDivTransform=none, overlayContentTransform=scale(0.442501)
[SVG p1] render — 3 objs, viewBox=612x792
[App-Debug p1] PAL render — pageSize={w:612, h:792}, layerScale=0.78595, measuredPageScale=0.78595, committedPageScale=0.78595, legacyCommitCompensationPending=false, legacyCommitCompensationScale=1, overlayContentTransformScale=0.442501, storedOverlayTransformScale=1, syncfusionViewerScale=0.59, overlayDiv=true, overlayDivW=481, overlayDivH=623, overlayDivTransform=none, overlayContentTransform=scale(0.442501)
[App-Debug p1] PAL render — pageSize={w:612, h:792}, layerScale=0.78595, measuredPageScale=0.78595, committedPageScale=0.78595, legacyCommitCompensationPending=false, legacyCommitCompensationScale=1, overlayContentTransformScale=0.442501, storedOverlayTransformScale=1, syncfusionViewerScale=0.59, overlayDiv=true, overlayDivW=481, overlayDivH=623, overlayDivTransform=none, overlayContentTransform=scale(0.442501)
[SVG p1] render — 3 objs, viewBox=612x792
[App-Debug p1] PAL render — pageSize={w:612, h:792}, layerScale=0.78595, measuredPageScale=0.78595, committedPageScale=0.78595, legacyCommitCompensationPending=false, legacyCommitCompensationScale=1, overlayContentTransformScale=0.442501, storedOverlayTransformScale=1, syncfusionViewerScale=0.59, overlayDiv=true, overlayDivW=481, overlayDivH=623, overlayDivTransform=none, overlayContentTransform=scale(0.442501)
[App-Debug p1] PAL render — pageSize={w:612, h:792}, layerScale=0.78595, measuredPageScale=0.78595, committedPageScale=0.78595, legacyCommitCompensationPending=false, legacyCommitCompensationScale=1, overlayContentTransformScale=0.442501, storedOverlayTransformScale=1, syncfusionViewerScale=0.59, overlayDiv=true, overlayDivW=481, overlayDivH=623, overlayDivTransform=none, overlayContentTransform=scale(0.442501)
[SVG p1] render — 3 objs, viewBox=612x792
[App-Debug p1] PAL render — pageSize={w:612, h:792}, layerScale=0.78595, measuredPageScale=0.78595, committedPageScale=0.78595, legacyCommitCompensationPending=false, legacyCommitCompensationScale=1, overlayContentTransformScale=0.442501, storedOverlayTransformScale=1, syncfusionViewerScale=0.59, overlayDiv=true, overlayDivW=481, overlayDivH=623, overlayDivTransform=none, overlayContentTransform=scale(0.442501)