===== SurveyApp Save Log =====
version:   0.1.39
runtime:   desktop-installer
platform:  desktop
device:    Windows PC
os:        Windows 10.0
screen:    1536x960 @1.25x
viewport:  1186x743
locale:    en-US
timestamp: 2026-04-27T12:48:05.775Z (4/27/2026, 8:48:05 AM)
==============================
[dev-auto-login] boot {"hasDevEmail":false,"devEmailHint":null,"hasDevPassword":false,"hasCachedSession":true,"cachedSessionEmail":"isaiahcalvo123@gmail.com","cachedSessionExpiresAt":1777297520}
[dev-auto-login] decision {"needsAutoLogin":false,"willAttemptSignIn":false}
[CloudSync][hook] session id minted {"sessionId":"0609e7b6-ca75-4681-9c43-2804c250387d"}
[AnnotPerf] finalize idle (forced-reset) — deferring CSS transform removal, waiting for PAL confirmation
[CloudSync][hook] hydrate effect fired {"enabled":false,"documentId":"1a7f57f8-3796-470e-afd2-f38919a873b3","userId":"170d915c-5741-4e0b-b03f-deaeedae27bd","pdfId":null}
[CloudSync][hook] hydrate skipped — missing prerequisite {"enabled":false,"hasDocumentId":true,"hasUserId":true,"hasPdfId":false}
[CSeries wipe] doc=sync-test.pdf-2489 totalCounters=0 legacyRemoved=0 — nothing to wipe.
[PrintPanel] mount — binding Cmd/Ctrl+P listeners. electronAPI available: true onPrintPdf available: true
[CloudSync][hook] hydrate effect fired {"enabled":false,"documentId":"1a7f57f8-3796-470e-afd2-f38919a873b3","userId":"170d915c-5741-4e0b-b03f-deaeedae27bd","pdfId":"sync-test.pdf-2489"}
[CloudSync][hook] hydrate skipped — missing prerequisite {"enabled":false,"hasDocumentId":true,"hasUserId":true,"hasPdfId":true}
[ZoomLive svg p1] {"interactionPhase":"idle","zoomOverlayTransformActive":true,"viewerScale":0.59,"measuredScale":0.59,"committedScale":0,"overlayTransform":"none","overlayTransformScale":1,"pageHostRect":null,"overlayLayerRect":null,"overlayContentRect":null,"legacyCompensationRect":null,"legacyCompensationTransform":"none","palRootRect":null,"canvasContainerRect":null,"palCanvasRect":null,"regionRootRect":null,"regionSvgRect":null,"regionScreenWidth":0,"regionScreenHeight":0,"svgLayerRect":null,"activeSpaceId":null,"activeRegionId":null,"showRegionSelection":false}
[PrintPanel] mount — binding Cmd/Ctrl+P listeners. electronAPI available: true onPrintPdf available: true
[PrintPanel] mount — binding Cmd/Ctrl+P listeners. electronAPI available: true onPrintPdf available: true
[PrintPanel] mount — binding Cmd/Ctrl+P listeners. electronAPI available: true onPrintPdf available: true
[CloudSync][hook] hydrate effect fired {"enabled":true,"documentId":"1a7f57f8-3796-470e-afd2-f38919a873b3","userId":"170d915c-5741-4e0b-b03f-deaeedae27bd","pdfId":"sync-test.pdf-2489"}
[CloudSync][hook] stage=hydrating
[CloudSync][hydrate] loadAllNonHighlightAnnotations start {"documentId":"1a7f57f8-3796-470e-afd2-f38919a873b3"}
[CloudSync][hook] fabric push skipped — not hydrated yet
[CloudSync][hook] callout push skipped — not hydrated yet
[CloudSync][realtime] subscribing {"documentId":"1a7f57f8-3796-470e-afd2-f38919a873b3","currentUserId":"170d915c-5741-4e0b-b03f-deaeedae27bd","currentSessionId":"0609e7b6-ca75-4681-9c43-2804c250387d","hasFabricInsert":true,"hasFabricUpdate":true,"hasFabricDelete":true,"hasCalloutInsert":true,"hasCalloutUpdate":true,"hasCalloutDelete":true}
[PrintPanel] RENDER — panel closed
[CloudSync][hook] fabric push skipped — not hydrated yet
[CloudSync][hook] callout push skipped — not hydrated yet
[CloudSync][hydrate] loadAllNonHighlightAnnotations ok {"elapsedMs":58,"totalRows":0,"rowsByType":{},"pagesWithObjects":0,"calloutCount":0}
[CloudSync][verify] first read summary {"contextLabel":"initial-hydrate","documentId":"1a7f57f8-3796-470e-afd2-f38919a873b3","elapsedMs":58,"firstFabricPages":0,"firstFabricObjects":0,"firstCallouts":0,"firstEmpty":true,"localFabricCount":1,"localCalloutCount":0,"localHasData":true,"willVerify":true}
console.warn @ [CloudSync][verify] empty cloud + non-empty device — verifying {"contextLabel":"initial-hydrate","documentId":"1a7f57f8-3796-470e-afd2-f38919a873b3","localFabricCount":1,"localCalloutCount":0,"auth":{"hasSupabase":true,"hasSession":true,"sessionUserId":"170d915c-5741-4e0b-b03f-deaeedae27bd","sessionEmail":"isaiahcalvo123@gmail.com","tokenExpiresAt":1777297520,"tokenSecondsRemaining":3521,"tokenLooksValid":true},"waitMs":1000}
[CursorScope] bound mousemove on container syncfusion-pdf-viewer-tab-1777293999149-u1l8zxlwo_pageViewContainer
[ZoomLive svg p1] {"interactionPhase":"idle","zoomOverlayTransformActive":true,"viewerScale":0.1,"measuredScale":0.1,"committedScale":0,"overlayTransform":"none","overlayTransformScale":1,"pageHostRect":null,"overlayLayerRect":null,"overlayContentRect":null,"legacyCompensationRect":null,"legacyCompensationTransform":"none","palRootRect":null,"canvasContainerRect":null,"palCanvasRect":null,"regionRootRect":null,"regionSvgRect":null,"regionScreenWidth":0,"regionScreenHeight":0,"svgLayerRect":null,"activeSpaceId":null,"activeRegionId":null,"showRegionSelection":false}
[App-Debug p1] PAL render — pageSize={w:612, h:792}, layerScale=1.33333, measuredPageScale=1.33333, committedPageScale=none, legacyCommitCompensationPending=false, legacyCommitCompensationScale=1, overlayContentTransformScale=1, storedOverlayTransformScale=1, syncfusionViewerScale=0.1, overlayDiv=true, overlayDivW=816, overlayDivH=1056, overlayDivTransform=none, overlayContentTransform=none
[SVG p1] render — 1 objs, viewBox=612x792
[CloudSync][realtime] subscribe status {"status":"SUBSCRIBED","error":null}
[CloudSync][hydrate] loadAllNonHighlightAnnotations start {"documentId":"1a7f57f8-3796-470e-afd2-f38919a873b3"}
[SVGAnnotationLayer] setRotInputVisible(false) reason=selectedIds.size !== 1
[SVG p1] MOUNT — 1 annotations, 0 callouts, viewBox=612x792
[App-Debug p1] PAL render — pageSize={w:612, h:792}, layerScale=1.33333, measuredPageScale=1.33333, committedPageScale=1.33333, legacyCommitCompensationPending=false, legacyCommitCompensationScale=1, overlayContentTransformScale=1, storedOverlayTransformScale=1, syncfusionViewerScale=0.1, overlayDiv=true, overlayDivW=816, overlayDivH=1056, overlayDivTransform=none, overlayContentTransform=none
[SVG p1] render — 1 objs, viewBox=612x792
[App-Debug p1] PAL render — pageSize={w:612, h:792}, layerScale=1.33333, measuredPageScale=1.33333, committedPageScale=1.33333, legacyCommitCompensationPending=false, legacyCommitCompensationScale=1, overlayContentTransformScale=1, storedOverlayTransformScale=1, syncfusionViewerScale=0.1, overlayDiv=true, overlayDivW=816, overlayDivH=1056, overlayDivTransform=none, overlayContentTransform=none
[SVG p1] render — 1 objs, viewBox=612x792
[App-Debug p1] PAL render — pageSize={w:612, h:792}, layerScale=1.33333, measuredPageScale=1.33333, committedPageScale=1.33333, legacyCommitCompensationPending=false, legacyCommitCompensationScale=1, overlayContentTransformScale=1, storedOverlayTransformScale=1, syncfusionViewerScale=0.1, overlayDiv=true, overlayDivW=816, overlayDivH=1056, overlayDivTransform=none, overlayContentTransform=none
[SVG p1] render — 1 objs, viewBox=612x792
[App-Debug p1] PAL render — pageSize={w:612, h:792}, layerScale=1.33333, measuredPageScale=1.33333, committedPageScale=1.33333, legacyCommitCompensationPending=false, legacyCommitCompensationScale=1, overlayContentTransformScale=1, storedOverlayTransformScale=1, syncfusionViewerScale=0.1, overlayDiv=true, overlayDivW=816, overlayDivH=1056, overlayDivTransform=none, overlayContentTransform=none
[ZoomLive svg p1] {"interactionPhase":"idle","zoomOverlayTransformActive":true,"viewerScale":0.1,"measuredScale":0.1,"committedScale":1.33333,"overlayTransform":"none","overlayTransformScale":1,"pageHostRect":{"w":816,"h":1056,"left":204,"top":86.4},"overlayLayerRect":{"w":814.4,"h":1054.4,"left":204.8,"top":87.2},"overlayContentRect":{"w":814.4,"h":0,"left":204.8,"top":87.2},"legacyCompensationRect":{"w":814.4,"h":1054.4,"left":204.8,"top":87.2},"legacyCompensationTransform":"none","palRootRect":null,"canvasContainerRect":null,"palCanvasRect":null,"regionRootRect":null,"regionSvgRect":null,"regionScreenWidth":0,"regionScreenHeight":0,"svgLayerRect":{"w":814.4,"h":1054.4,"left":204.8,"top":87.2},"activeSpaceId":null,"activeRegionId":null,"showRegionSelection":false}
[CloudSync][hydrate] loadAllNonHighlightAnnotations ok {"elapsedMs":132,"totalRows":0,"rowsByType":{},"pagesWithObjects":0,"calloutCount":0}
[CloudSync][verify] first read summary {"contextLabel":"post-subscribe-catchup","documentId":"1a7f57f8-3796-470e-afd2-f38919a873b3","elapsedMs":135,"firstFabricPages":0,"firstFabricObjects":0,"firstCallouts":0,"firstEmpty":true,"localFabricCount":0,"localCalloutCount":0,"localHasData":false,"willVerify":false}
[CloudSync][hook] post-subscribe catch-up rehydrate complete {"pagesFromCloud":0,"calloutsFromCloud":0}
[CloudSync][hook] fabric push skipped — not hydrated yet
[CloudSync][hook] callout push skipped — not hydrated yet
[ZoomLive svg p1] {"interactionPhase":"idle","zoomOverlayTransformActive":true,"viewerScale":0.79,"measuredScale":1.05392,"committedScale":1.05392,"overlayTransform":"none","overlayTransformScale":1,"pageHostRect":{"w":644.638,"h":834.237,"left":289.675,"top":84.713},"overlayLayerRect":null,"overlayContentRect":null,"legacyCompensationRect":null,"legacyCompensationTransform":"none","palRootRect":null,"canvasContainerRect":null,"palCanvasRect":null,"regionRootRect":null,"regionSvgRect":null,"regionScreenWidth":0,"regionScreenHeight":0,"svgLayerRect":null,"activeSpaceId":null,"activeRegionId":null,"showRegionSelection":false}
[ZoomLive svg p1] {"interactionPhase":"idle","zoomOverlayTransformActive":true,"viewerScale":0.59,"measuredScale":0.78595,"committedScale":0.78595,"overlayTransform":"none","overlayTransformScale":1,"pageHostRect":{"w":481.438,"h":623.038,"left":371.275,"top":83.113},"overlayLayerRect":null,"overlayContentRect":null,"legacyCompensationRect":null,"legacyCompensationTransform":"none","palRootRect":null,"canvasContainerRect":null,"palCanvasRect":null,"regionRootRect":null,"regionSvgRect":null,"regionScreenWidth":0,"regionScreenHeight":0,"svgLayerRect":null,"activeSpaceId":null,"activeRegionId":null,"showRegionSelection":false}
[ZoomLive svg p1] {"interactionPhase":"idle","zoomOverlayTransformActive":true,"viewerScale":0.59,"measuredScale":0.78595,"committedScale":0.78595,"overlayTransform":"none","overlayTransformScale":1,"pageHostRect":{"w":481.438,"h":623.038,"left":371.275,"top":83.113},"overlayLayerRect":null,"overlayContentRect":null,"legacyCompensationRect":null,"legacyCompensationTransform":"none","palRootRect":null,"canvasContainerRect":null,"palCanvasRect":null,"regionRootRect":null,"regionSvgRect":null,"regionScreenWidth":0,"regionScreenHeight":0,"svgLayerRect":null,"activeSpaceId":null,"activeRegionId":null,"showRegionSelection":false}
[CloudSync][hydrate] loadAllNonHighlightAnnotations start {"documentId":"1a7f57f8-3796-470e-afd2-f38919a873b3"}
[HyperlinkDiag] post-load scan {"hyperlinkCount":0,"samples":[]}
[HyperlinkDiag] page 1 layers {"hyperlinkChildren":0,"layerClasses":["DIV","e-spinner-pane e-spin-show","e-pv-page-canvas","DIV","e-pv-annotation-canvas","e-pv-text-layer"]}
[HyperlinkDiag] page 2 layers {"hyperlinkChildren":0,"layerClasses":["DIV","e-spinner-pane e-spin-show","e-pv-page-canvas","DIV","e-pv-annotation-canvas","e-pv-text-layer"]}
[HyperlinkDiag] page 3 layers {"hyperlinkChildren":0,"layerClasses":["DIV","e-spinner-pane e-spin-show","e-pv-page-canvas","DIV","e-pv-annotation-canvas","e-pv-text-layer"]}
[ZoomLive svg p1] {"interactionPhase":"idle","zoomOverlayTransformActive":true,"viewerScale":0.59,"measuredScale":0.78595,"committedScale":0.78595,"overlayTransform":"none","overlayTransformScale":1,"pageHostRect":{"w":481.438,"h":623.038,"left":371.275,"top":83.113},"overlayLayerRect":null,"overlayContentRect":null,"legacyCompensationRect":null,"legacyCompensationTransform":"none","palRootRect":null,"canvasContainerRect":null,"palCanvasRect":null,"regionRootRect":null,"regionSvgRect":null,"regionScreenWidth":0,"regionScreenHeight":0,"svgLayerRect":null,"activeSpaceId":null,"activeRegionId":null,"showRegionSelection":false}
[CloudSync][hydrate] loadAllNonHighlightAnnotations ok {"elapsedMs":33,"totalRows":0,"rowsByType":{},"pagesWithObjects":0,"calloutCount":0}
console.warn @ [CloudSync][verify] verification result {"contextLabel":"initial-hydrate","documentId":"1a7f57f8-3796-470e-afd2-f38919a873b3","elapsedMs":35,"secondFabricPages":0,"secondFabricObjects":0,"secondCallouts":0,"secondEmpty":true,"authAfter":{"hasSupabase":true,"hasSession":true,"sessionUserId":"170d915c-5741-4e0b-b03f-deaeedae27bd","sessionEmail":"isaiahcalvo123@gmail.com","tokenExpiresAt":1777297520,"tokenSecondsRemaining":3520,"tokenLooksValid":true},"decision":"CONFIRMED_EMPTY — wipe is safe to proceed"}
[CloudSync][hook] replacing local fabric state with cloud (cloud is authoritative) {"pages":0,"migrationDone":true}
[CloudSync][hook] replacing local callouts with cloud (cloud is authoritative) {"count":0,"migrationDone":true}
[CloudSync][hook] stage=migrating (one-time local→cloud push)
[CloudSync][hook] hydrate+migrate complete — push gate OPEN {"migrationPushed":0}
[ZoomLive svg p1] {"interactionPhase":"idle","zoomOverlayTransformActive":true,"viewerScale":0.59,"measuredScale":0.78595,"committedScale":0.78595,"overlayTransform":"none","overlayTransformScale":1,"pageHostRect":{"w":481.438,"h":623.038,"left":371.275,"top":83.113},"overlayLayerRect":null,"overlayContentRect":null,"legacyCompensationRect":null,"legacyCompensationTransform":"none","palRootRect":null,"canvasContainerRect":null,"palCanvasRect":null,"regionRootRect":null,"regionSvgRect":null,"regionScreenWidth":0,"regionScreenHeight":0,"svgLayerRect":null,"activeSpaceId":null,"activeRegionId":null,"showRegionSelection":false}
[ZoomLive svg p1] {"interactionPhase":"idle","zoomOverlayTransformActive":true,"viewerScale":0.59,"measuredScale":0.78595,"committedScale":0.78595,"overlayTransform":"none","overlayTransformScale":1,"pageHostRect":{"w":481.438,"h":623.038,"left":371.275,"top":83.113},"overlayLayerRect":null,"overlayContentRect":null,"legacyCompensationRect":null,"legacyCompensationTransform":"none","palRootRect":null,"canvasContainerRect":null,"palCanvasRect":null,"regionRootRect":null,"regionSvgRect":null,"regionScreenWidth":0,"regionScreenHeight":0,"svgLayerRect":null,"activeSpaceId":null,"activeRegionId":null,"showRegionSelection":false}
[CursorScope] mousemove cursor=(329,411) onPage=false target=<div#syncfusion-pdf-viewer-tab-1777293999149-u1l8zxlwo_pageViewContainer> computedCursor=auto transitioned=true
[CursorScope] mousemove cursor=(343,411) onPage=false target=<div#syncfusion-pdf-viewer-tab-1777293999149-u1l8zxlwo_pageViewContainer> computedCursor=default transitioned=false
[CursorScope] mousemove cursor=(394,411) onPage=true target=<div#syncfusion-pdf-viewer-tab-1777293999149-u1l8zxlwo_textLayer_0> computedCursor=default transitioned=true
[HitTest pageDiv-bounds] sfIndex=0 cursor=(394,411) pageDiv={"l":371,"t":83,"r":853,"b":706,"w":481,"h":623} pageCanvas={"l":371,"t":83,"r":853,"b":706,"w":481,"h":623} canvasIntrinsic=481x623
[HitTest ref-rect] usingCanvas=true ref=(371,83)-(853,706) inside=true
[HitTest pageDiv-bounds] sfIndex=0 cursor=(425,411) pageDiv={"l":371,"t":83,"r":853,"b":706,"w":481,"h":623} pageCanvas={"l":371,"t":83,"r":853,"b":706,"w":481,"h":623} canvasIntrinsic=481x623
[HitTest ref-rect] usingCanvas=true ref=(371,83)-(853,706) inside=true
[HitTest pageDiv-bounds] sfIndex=0 cursor=(461,412) pageDiv={"l":371,"t":83,"r":853,"b":706,"w":481,"h":623} pageCanvas={"l":371,"t":83,"r":853,"b":706,"w":481,"h":623} canvasIntrinsic=481x623
[HitTest ref-rect] usingCanvas=true ref=(371,83)-(853,706) inside=true
[HitTest pageDiv-bounds] sfIndex=0 cursor=(500,412) pageDiv={"l":371,"t":83,"r":853,"b":706,"w":481,"h":623} pageCanvas={"l":371,"t":83,"r":853,"b":706,"w":481,"h":623} canvasIntrinsic=481x623
[HitTest ref-rect] usingCanvas=true ref=(371,83)-(853,706) inside=true
[HitTest pageDiv-bounds] sfIndex=0 cursor=(548,414) pageDiv={"l":371,"t":83,"r":853,"b":706,"w":481,"h":623} pageCanvas={"l":371,"t":83,"r":853,"b":706,"w":481,"h":623} canvasIntrinsic=481x623
[HitTest ref-rect] usingCanvas=true ref=(371,83)-(853,706) inside=true
[HitTest pageDiv-bounds] sfIndex=0 cursor=(584,415) pageDiv={"l":371,"t":83,"r":853,"b":706,"w":481,"h":623} pageCanvas={"l":371,"t":83,"r":853,"b":706,"w":481,"h":623} canvasIntrinsic=481x623
[HitTest ref-rect] usingCanvas=true ref=(371,83)-(853,706) inside=true
[HitTest pageDiv-bounds] sfIndex=0 cursor=(614,415) pageDiv={"l":371,"t":83,"r":853,"b":706,"w":481,"h":623} pageCanvas={"l":371,"t":83,"r":853,"b":706,"w":481,"h":623} canvasIntrinsic=481x623
[HitTest ref-rect] usingCanvas=true ref=(371,83)-(853,706) inside=true
[HitTest pageDiv-bounds] sfIndex=0 cursor=(640,415) pageDiv={"l":371,"t":83,"r":853,"b":706,"w":481,"h":623} pageCanvas={"l":371,"t":83,"r":853,"b":706,"w":481,"h":623} canvasIntrinsic=481x623
[HitTest ref-rect] usingCanvas=true ref=(371,83)-(853,706) inside=true
[HitTest pageDiv-bounds] sfIndex=0 cursor=(666,416) pageDiv={"l":371,"t":83,"r":853,"b":706,"w":481,"h":623} pageCanvas={"l":371,"t":83,"r":853,"b":706,"w":481,"h":623} canvasIntrinsic=481x623
[HitTest ref-rect] usingCanvas=true ref=(371,83)-(853,706) inside=true
[HitTest pageDiv-bounds] sfIndex=0 cursor=(673,416) pageDiv={"l":371,"t":83,"r":853,"b":706,"w":481,"h":623} pageCanvas={"l":371,"t":83,"r":853,"b":706,"w":481,"h":623} canvasIntrinsic=481x623
[HitTest ref-rect] usingCanvas=true ref=(371,83)-(853,706) inside=true
[HitTest pageDiv-bounds] sfIndex=0 cursor=(675,416) pageDiv={"l":371,"t":83,"r":853,"b":706,"w":481,"h":623} pageCanvas={"l":371,"t":83,"r":853,"b":706,"w":481,"h":623} canvasIntrinsic=481x623
[HitTest ref-rect] usingCanvas=true ref=(371,83)-(853,706) inside=true
[HitTest pageDiv-bounds] sfIndex=0 cursor=(676,416) pageDiv={"l":371,"t":83,"r":853,"b":706,"w":481,"h":623} pageCanvas={"l":371,"t":83,"r":853,"b":706,"w":481,"h":623} canvasIntrinsic=481x623
[HitTest ref-rect] usingCanvas=true ref=(371,83)-(853,706) inside=true
[HitTest pageDiv-bounds] sfIndex=0 cursor=(677,416) pageDiv={"l":371,"t":83,"r":853,"b":706,"w":481,"h":623} pageCanvas={"l":371,"t":83,"r":853,"b":706,"w":481,"h":623} canvasIntrinsic=481x623
[HitTest ref-rect] usingCanvas=true ref=(371,83)-(853,706) inside=true
[HitTest pageDiv-bounds] sfIndex=0 cursor=(678,416) pageDiv={"l":371,"t":83,"r":853,"b":706,"w":481,"h":623} pageCanvas={"l":371,"t":83,"r":853,"b":706,"w":481,"h":623} canvasIntrinsic=481x623
[HitTest ref-rect] usingCanvas=true ref=(371,83)-(853,706) inside=true
[HitTest pageDiv-bounds] sfIndex=0 cursor=(678,415) pageDiv={"l":371,"t":83,"r":853,"b":706,"w":481,"h":623} pageCanvas={"l":371,"t":83,"r":853,"b":706,"w":481,"h":623} canvasIntrinsic=481x623
[HitTest ref-rect] usingCanvas=true ref=(371,83)-(853,706) inside=true
[HitTest pageDiv-bounds] sfIndex=0 cursor=(684,413) pageDiv={"l":371,"t":83,"r":853,"b":706,"w":481,"h":623} pageCanvas={"l":371,"t":83,"r":853,"b":706,"w":481,"h":623} canvasIntrinsic=481x623
[HitTest ref-rect] usingCanvas=true ref=(371,83)-(853,706) inside=true
[HitTest pageDiv-bounds] sfIndex=0 cursor=(715,404) pageDiv={"l":371,"t":83,"r":853,"b":706,"w":481,"h":623} pageCanvas={"l":371,"t":83,"r":853,"b":706,"w":481,"h":623} canvasIntrinsic=481x623
[HitTest ref-rect] usingCanvas=true ref=(371,83)-(853,706) inside=true
[HitTest pageDiv-bounds] sfIndex=0 cursor=(762,388) pageDiv={"l":371,"t":83,"r":853,"b":706,"w":481,"h":623} pageCanvas={"l":371,"t":83,"r":853,"b":706,"w":481,"h":623} canvasIntrinsic=481x623
[HitTest ref-rect] usingCanvas=true ref=(371,83)-(853,706) inside=true
[HitTest pageDiv-bounds] sfIndex=0 cursor=(810,372) pageDiv={"l":371,"t":83,"r":853,"b":706,"w":481,"h":623} pageCanvas={"l":371,"t":83,"r":853,"b":706,"w":481,"h":623} canvasIntrinsic=481x623
[HitTest ref-rect] usingCanvas=true ref=(371,83)-(853,706) inside=true
[HitTest pageDiv-bounds] sfIndex=0 cursor=(839,364) pageDiv={"l":371,"t":83,"r":853,"b":706,"w":481,"h":623} pageCanvas={"l":371,"t":83,"r":853,"b":706,"w":481,"h":623} canvasIntrinsic=481x623
[HitTest ref-rect] usingCanvas=true ref=(371,83)-(853,706) inside=true
[CursorScope] mousemove cursor=(853,364) onPage=false target=<canvas#syncfusion-pdf-viewer-tab-1777293999149-u1l8zxlwo_annotationCanvas_0> computedCursor=grab transitioned=true
[CursorScope] mousemove cursor=(850,153) onPage=true target=<div#syncfusion-pdf-viewer-tab-1777293999149-u1l8zxlwo_textLayer_0> computedCursor=grab transitioned=true
[HitTest pageDiv-bounds] sfIndex=0 cursor=(850,153) pageDiv={"l":371,"t":83,"r":853,"b":706,"w":481,"h":623} pageCanvas={"l":371,"t":83,"r":853,"b":706,"w":481,"h":623} canvasIntrinsic=481x623
[HitTest ref-rect] usingCanvas=true ref=(371,83)-(853,706) inside=true
[HitTest pageDiv-bounds] sfIndex=0 cursor=(843,144) pageDiv={"l":371,"t":83,"r":853,"b":706,"w":481,"h":623} pageCanvas={"l":371,"t":83,"r":853,"b":706,"w":481,"h":623} canvasIntrinsic=481x623
[HitTest ref-rect] usingCanvas=true ref=(371,83)-(853,706) inside=true
[HitTest pageDiv-bounds] sfIndex=0 cursor=(837,137) pageDiv={"l":371,"t":83,"r":853,"b":706,"w":481,"h":623} pageCanvas={"l":371,"t":83,"r":853,"b":706,"w":481,"h":623} canvasIntrinsic=481x623
[HitTest ref-rect] usingCanvas=true ref=(371,83)-(853,706) inside=true
[HitTest pageDiv-bounds] sfIndex=0 cursor=(836,128) pageDiv={"l":371,"t":83,"r":853,"b":706,"w":481,"h":623} pageCanvas={"l":371,"t":83,"r":853,"b":706,"w":481,"h":623} canvasIntrinsic=481x623
[HitTest ref-rect] usingCanvas=true ref=(371,83)-(853,706) inside=true
[HitTest pageDiv-bounds] sfIndex=0 cursor=(846,109) pageDiv={"l":371,"t":83,"r":853,"b":706,"w":481,"h":623} pageCanvas={"l":371,"t":83,"r":853,"b":706,"w":481,"h":623} canvasIntrinsic=481x623
[HitTest ref-rect] usingCanvas=true ref=(371,83)-(853,706) inside=true
[CursorScope] mousemove cursor=(860,104) onPage=false target=<canvas#syncfusion-pdf-viewer-tab-1777293999149-u1l8zxlwo_annotationCanvas_0> computedCursor=grab transitioned=true