===== SurveyApp Save Log =====
version:   0.1.29
runtime:   desktop-installer
platform:  desktop
device:    Windows PC
os:        Windows 10.0
screen:    1536x960 @1.25x
viewport:  1224x870
locale:    en-US
timestamp: 2026-04-26T00:32:24.902Z (4/25/2026, 8:32:24 PM)
==============================
[dev-auto-login] boot {"hasDevEmail":false,"devEmailHint":null,"hasDevPassword":false,"hasCachedSession":true,"cachedSessionEmail":"isaiahcalvo123@gmail.com","cachedSessionExpiresAt":1777165694}
[dev-auto-login] decision {"needsAutoLogin":false,"willAttemptSignIn":false}
[CloudSync][hook] session id minted {"sessionId":"a72b164e-435b-489a-80b9-f746d9ef789e"}
[AnnotPerf] finalize idle (forced-reset) — deferring CSS transform removal, waiting for PAL confirmation
[CloudSync][hook] hydrate effect fired {"enabled":false,"documentId":"1a7f57f8-3796-470e-afd2-f38919a873b3","userId":"170d915c-5741-4e0b-b03f-deaeedae27bd","pdfId":null}
[CloudSync][hook] hydrate skipped — missing prerequisite {"enabled":false,"hasDocumentId":true,"hasUserId":true,"hasPdfId":false}
[CSeries wipe] doc=sync-test.pdf-2489 totalCounters=0 legacyRemoved=0 — nothing to wipe.
[PrintPanel] mount — binding Cmd/Ctrl+P listeners. electronAPI available: true onPrintPdf available: true
[CloudSync][hook] hydrate effect fired {"enabled":false,"documentId":"1a7f57f8-3796-470e-afd2-f38919a873b3","userId":"170d915c-5741-4e0b-b03f-deaeedae27bd","pdfId":"sync-test.pdf-2489"}
[CloudSync][hook] hydrate skipped — missing prerequisite {"enabled":false,"hasDocumentId":true,"hasUserId":true,"hasPdfId":true}
[ZoomLive svg p1] {"interactionPhase":"idle","zoomOverlayTransformActive":true,"viewerScale":0.93434,"measuredScale":0.93434,"committedScale":0,"overlayTransform":"none","overlayTransformScale":1,"pageHostRect":null,"overlayLayerRect":null,"overlayContentRect":null,"legacyCompensationRect":null,"legacyCompensationTransform":"none","palRootRect":null,"canvasContainerRect":null,"palCanvasRect":null,"regionRootRect":null,"regionSvgRect":null,"regionScreenWidth":0,"regionScreenHeight":0,"svgLayerRect":null,"activeSpaceId":null,"activeRegionId":null,"showRegionSelection":false}
[PrintPanel] mount — binding Cmd/Ctrl+P listeners. electronAPI available: true onPrintPdf available: true
[PrintPanel] mount — binding Cmd/Ctrl+P listeners. electronAPI available: true onPrintPdf available: true
[PrintPanel] mount — binding Cmd/Ctrl+P listeners. electronAPI available: true onPrintPdf available: true
[PrintPanel] RENDER — panel closed
[CloudSync][hook] hydrate effect fired {"enabled":true,"documentId":"1a7f57f8-3796-470e-afd2-f38919a873b3","userId":"170d915c-5741-4e0b-b03f-deaeedae27bd","pdfId":"sync-test.pdf-2489"}
[CloudSync][hook] stage=hydrating
[CloudSync][hydrate] loadAllNonHighlightAnnotations start {"documentId":"1a7f57f8-3796-470e-afd2-f38919a873b3"}
[CloudSync][hook] fabric push skipped — not hydrated yet
[CloudSync][hook] callout push skipped — not hydrated yet
[CloudSync][realtime] subscribing {"documentId":"1a7f57f8-3796-470e-afd2-f38919a873b3","currentUserId":"170d915c-5741-4e0b-b03f-deaeedae27bd","currentSessionId":"a72b164e-435b-489a-80b9-f746d9ef789e","hasFabricInsert":true,"hasFabricUpdate":true,"hasFabricDelete":true,"hasCalloutInsert":true,"hasCalloutUpdate":true,"hasCalloutDelete":true}
[ZoomLive svg p1] {"interactionPhase":"idle","zoomOverlayTransformActive":true,"viewerScale":0.1,"measuredScale":0.1,"committedScale":1.33333,"overlayTransform":"none","overlayTransformScale":1,"pageHostRect":{"w":816,"h":1056,"left":223,"top":86.4},"overlayLayerRect":null,"overlayContentRect":null,"legacyCompensationRect":null,"legacyCompensationTransform":"none","palRootRect":null,"canvasContainerRect":null,"palCanvasRect":null,"regionRootRect":null,"regionSvgRect":null,"regionScreenWidth":0,"regionScreenHeight":0,"svgLayerRect":null,"activeSpaceId":null,"activeRegionId":null,"showRegionSelection":false}
[CloudSync][hydrate] loadAllNonHighlightAnnotations ok {"elapsedMs":173,"totalRows":0,"rowsByType":{},"pagesWithObjects":0,"calloutCount":0}
[CloudSync][hook] stage=migrating (one-time local→cloud push)
[CloudSync][hook] hydrate+migrate complete — push gate OPEN {"migrationPushed":0}
[CloudSync][realtime] subscribe status {"status":"SUBSCRIBED","error":null}
[CloudSync][hydrate] loadAllNonHighlightAnnotations start {"documentId":"1a7f57f8-3796-470e-afd2-f38919a873b3"}
[CloudSync][hydrate] loadAllNonHighlightAnnotations ok {"elapsedMs":122,"totalRows":0,"rowsByType":{},"pagesWithObjects":0,"calloutCount":0}
[CloudSync][hook] post-subscribe catch-up rehydrate complete {"pagesFromCloud":0,"calloutsFromCloud":0}
[ZoomLive svg p1] {"interactionPhase":"idle","zoomOverlayTransformActive":true,"viewerScale":0.95,"measuredScale":1.26634,"committedScale":1.26634,"overlayTransform":"none","overlayTransformScale":1,"pageHostRect":{"w":775.2,"h":1003.2,"left":243.4,"top":86},"overlayLayerRect":null,"overlayContentRect":null,"legacyCompensationRect":null,"legacyCompensationTransform":"none","palRootRect":null,"canvasContainerRect":null,"palCanvasRect":null,"regionRootRect":null,"regionSvgRect":null,"regionScreenWidth":0,"regionScreenHeight":0,"svgLayerRect":null,"activeSpaceId":null,"activeRegionId":null,"showRegionSelection":false}
[ZoomLive svg p1] {"interactionPhase":"idle","zoomOverlayTransformActive":true,"viewerScale":0.71,"measuredScale":0.94608,"committedScale":0.94608,"overlayTransform":"none","overlayTransformScale":1,"pageHostRect":{"w":579.35,"h":749.75,"left":341.313,"top":84.075},"overlayLayerRect":null,"overlayContentRect":null,"legacyCompensationRect":null,"legacyCompensationTransform":"none","palRootRect":null,"canvasContainerRect":null,"palCanvasRect":null,"regionRootRect":null,"regionSvgRect":null,"regionScreenWidth":0,"regionScreenHeight":0,"svgLayerRect":null,"activeSpaceId":null,"activeRegionId":null,"showRegionSelection":false}
[ZoomLive svg p1] {"interactionPhase":"idle","zoomOverlayTransformActive":true,"viewerScale":0.71,"measuredScale":0.94608,"committedScale":0.94608,"overlayTransform":"none","overlayTransformScale":1,"pageHostRect":{"w":579.35,"h":749.75,"left":341.313,"top":84.075},"overlayLayerRect":null,"overlayContentRect":null,"legacyCompensationRect":null,"legacyCompensationTransform":"none","palRootRect":null,"canvasContainerRect":null,"palCanvasRect":null,"regionRootRect":null,"regionSvgRect":null,"regionScreenWidth":0,"regionScreenHeight":0,"svgLayerRect":null,"activeSpaceId":null,"activeRegionId":null,"showRegionSelection":false}
[HyperlinkDiag] post-load scan {"hyperlinkCount":0,"samples":[]}
[HyperlinkDiag] page 1 layers {"hyperlinkChildren":0,"layerClasses":["DIV","e-spinner-pane e-spin-show","e-pv-page-canvas","DIV","e-pv-annotation-canvas","e-pv-text-layer"]}
[HyperlinkDiag] page 2 layers {"hyperlinkChildren":0,"layerClasses":["DIV","e-spinner-pane e-spin-show","e-pv-page-canvas","DIV","e-pv-annotation-canvas","e-pv-text-layer"]}
[HyperlinkDiag] page 3 layers {"hyperlinkChildren":0,"layerClasses":["DIV","e-spinner-pane e-spin-show","e-pv-page-canvas","DIV","e-pv-annotation-canvas","e-pv-text-layer"]}
[ZoomLive svg p1] {"interactionPhase":"idle","zoomOverlayTransformActive":true,"viewerScale":0.71,"measuredScale":0.94608,"committedScale":0.94608,"overlayTransform":"none","overlayTransformScale":1,"pageHostRect":{"w":579.35,"h":749.75,"left":341.313,"top":84.075},"overlayLayerRect":null,"overlayContentRect":null,"legacyCompensationRect":null,"legacyCompensationTransform":"none","palRootRect":null,"canvasContainerRect":null,"palCanvasRect":null,"regionRootRect":null,"regionSvgRect":null,"regionScreenWidth":0,"regionScreenHeight":0,"svgLayerRect":null,"activeSpaceId":null,"activeRegionId":null,"showRegionSelection":false}
[ZoomLive svg p1] {"interactionPhase":"idle","zoomOverlayTransformActive":true,"viewerScale":0.71,"measuredScale":0.94608,"committedScale":0.94608,"overlayTransform":"none","overlayTransformScale":1,"pageHostRect":{"w":579.35,"h":749.75,"left":341.313,"top":84.075},"overlayLayerRect":null,"overlayContentRect":null,"legacyCompensationRect":null,"legacyCompensationTransform":"none","palRootRect":null,"canvasContainerRect":null,"palCanvasRect":null,"regionRootRect":null,"regionSvgRect":null,"regionScreenWidth":0,"regionScreenHeight":0,"svgLayerRect":null,"activeSpaceId":null,"activeRegionId":null,"showRegionSelection":false}
[CloudSync][realtime] applying INSERT fabric {"highlightId":"ink-1777163518081-6zmfu762z","annotationType":"ink","pageNumber":1,"lastModifiedBy":"170d915c-5741-4e0b-b03f-deaeedae27bd"}
[App-Debug p1] PAL render — pageSize={w:612, h:792}, layerScale=0.94608, measuredPageScale=0.94608, committedPageScale=0.94608, legacyCommitCompensationPending=false, legacyCommitCompensationScale=1, overlayContentTransformScale=1, storedOverlayTransformScale=1, syncfusionViewerScale=0.71, overlayDiv=true, overlayDivW=579, overlayDivH=750, overlayDivTransform=none, overlayContentTransform=none
[SVG p1] render — 1 objs, viewBox=612x792
[SVGAnnotationLayer] setRotInputVisible(false) reason=selectedIds.size !== 1
[SVG p1] MOUNT — 1 annotations, 1 callouts, viewBox=612x792
[App-Debug p1] PAL render — pageSize={w:612, h:792}, layerScale=0.94608, measuredPageScale=0.94608, committedPageScale=0.94608, legacyCommitCompensationPending=false, legacyCommitCompensationScale=1, overlayContentTransformScale=1, storedOverlayTransformScale=1, syncfusionViewerScale=0.71, overlayDiv=true, overlayDivW=579, overlayDivH=750, overlayDivTransform=none, overlayContentTransform=none
[SVG p1] render — 1 objs, viewBox=612x792
[App-Debug p1] PAL render — pageSize={w:612, h:792}, layerScale=0.94608, measuredPageScale=0.94608, committedPageScale=0.94608, legacyCommitCompensationPending=false, legacyCommitCompensationScale=1, overlayContentTransformScale=1, storedOverlayTransformScale=1, syncfusionViewerScale=0.71, overlayDiv=true, overlayDivW=579, overlayDivH=750, overlayDivTransform=none, overlayContentTransform=none
[SVG p1] render — 1 objs, viewBox=612x792
[CalloutGeom svg p1] id=callout-8ik9n25dq-moevopwi text="hi" {"side":"svg","timestamp":"2026-04-26T00:31:58.584Z","pageNumber":1,"source":{"id":"callout-8ik9n25dq-moevopwi","pageNumber":1,"text":"hi","arrowTip":{"x":0.12266938213527633,"y":0.6191504440457998},"knee":{"x":0.16440895530950614,"y":0.5686453935407493},"style":{"bold":false,"italic":false,"fontSize":14,"fillColor":"transparent","fontColor":"#1e293b","textAlign":"left","underline":false,"fontFamily":"Arial","borderColor":"#1e293b","fillOpacity":1,"borderOpacity":1,"lineThickness":2,"strikethrough":false,"arrowheadStyle":"solidTriangle"},"_rawKeys":["id","knee","text","style","arrowTip","isSelected","pageNumber","textBoxWidth","textBoxHeight","textBoxPosition"],"_raw":{"id":"callout-8ik9n25dq-moevopwi","knee":{"x":0.16440895530950614,"y":0.5686453935407493},"text":"hi","style":{"bold":false,"italic":false,"fontSize":14,"fillColor":"transparent","fontColor":"#1e293b","textAlign":"left","underline":false,"fontFamily":"Arial","borderColor":"#1e293b","fillOpacity":1,"borderOpacity":1,"lineThickness":2,"strikethrough":false,"arrowheadStyle":"solidTriangle"},"arrowTip":{"x":0.12266938213527633,"y":0.6191504440457998},"isSelected":true,"pageNumber":1,"textBoxWidth":0.19607843137254902,"textBoxHeight":0.04040404040404041,"textBoxPosition":{"x":0.20592622339510067,"y":0.6891014993466656}}},"dom":{"root":{"tag":"g","attrs":{"data-callout-id":"callout-8ik9n25dq-moevopwi","opacity":"1"},"rect":{"x":407.0923156738281,"y":510.3070983886719,"left":407.0923156738281,"top":510.3070983886719,"right":574.3707122802734,"bottom":635.2833709716797,"width":167.2783966064453,"height":124.97627258300781},"computed":{"visibility":"visible","opacity":"1","display":"inline","transform":"none","pointer-events":"none"}},"foreignObject":{"tag":"foreignObject","attrs":{"data-callout-part":"text","x":"132.0268487178016","y":"545.7683874825592","width":"108","height":"36.9","overflow":"hidden"},"rect":{"x":466.74884033203125,"y":600.4207763671875,"left":466.74884033203125,"top":600.4207763671875,"right":568.7047500610352,"bottom":635.2778091430664,"width":101.9559097290039,"height":34.857032775878906}},"textDiv":{"tag":"DIV","rect":{"x":466.74884033203125,"y":600.4207763671875,"left":466.74884033203125,"top":600.4207763671875,"right":568.7047500610352,"bottom":635.2778091430664,"width":101.9559097290039,"height":34.857032775878906},"text":"hi","computed":{"font-size":"14px","font-family":"Arial","font-weight":"400","line-height":"15.82px","padding-top":"0px","padding-right":"0px","padding-bottom":"0px","padding-left":"0px","border-radius":"0px","background-color":"rgba(0, 0, 0, 0)","color":"rgb(30, 41, 59)","box-sizing":"border-box","width":"108px","height":"36.9px","white-space":"pre-wrap"}},"textSpanCount":1,"arrowTip":{"rect":null,"attrs":null},"knee":{"rect":null,"attrs":null},"line1":{"rect":{"x":437.0997619628906,"y":510.3070983886719,"left":437.0997619628906,"top":510.3070983886719,"right":461.0863838195801,"bottom":600.4262924194336,"width":23.986621856689453,"height":90.11919403076172},"attrs":{"data-callout-part":"line1","x1":"126.02684871780161","y1":"545.7683874825592","x2":"100.61828064941776","y2":"450.36715168427344","stroke":"#1e293b","stroke-width":"2","stroke-linecap":"round","vector-effect":"non-scaling-stroke"}},"line2":{"rect":{"x":414.3396911621094,"y":510.3070983886719,"left":414.3396911621094,"top":510.3070983886719,"right":437.0997505187988,"bottom":545.9694023132324,"width":22.760059356689453,"height":35.66230392456055},"attrs":{"data-callout-part":"line2","x1":"100.61828064941776","y1":"450.36715168427344","x2":"76.50893019849097","y2":"488.11968290203754","stroke":"#1e293b","stroke-width":"2","stroke-linecap":"round","vector-effect":"non-scaling-stroke"}},"textHit":{"rect":{"x":466.74884033203125,"y":600.4207763671875,"left":466.74884033203125,"top":600.4207763671875,"right":568.7047500610352,"bottom":635.2778091430664,"width":101.9559097290039,"height":34.857032775878906},"attrs":{"data-callout-part":"text","x":"132.0268487178016","y":"545.7683874825592","width":"108","height":"36.9","overflow":"hidden"}}},"rendererDerived":{"pageSize":{"width":612,"height":792},"arrowTip":{"x":75.07366186678911,"y":490.36715168427344},"knee":{"x":100.61828064941776,"y":450.36715168427344},"textBox":{"x":126.02684871780161,"y":545.7683874825592,"width":120,"height":32},"normalizedInputs":{"textBoxPosition":{"x":0.20592622339510067,"y":0.6891014993466656},"textBoxWidth":0.19607843137254902,"textBoxHeight":0.04040404040404041,"textBox":null}},"extras":{"editingCalloutId":null,"pageSize":{"width":612,"height":792}}}
[CloudSync][realtime] applying UPDATE fabric {"highlightId":"ink-1777163518081-6zmfu762z","annotationType":"ink","pageNumber":1,"lastModifiedBy":"170d915c-5741-4e0b-b03f-deaeedae27bd"}
[App-Debug p1] PAL render — pageSize={w:612, h:792}, layerScale=0.94608, measuredPageScale=0.94608, committedPageScale=0.94608, legacyCommitCompensationPending=false, legacyCommitCompensationScale=1, overlayContentTransformScale=1, storedOverlayTransformScale=1, syncfusionViewerScale=0.71, overlayDiv=true, overlayDivW=579, overlayDivH=750, overlayDivTransform=none, overlayContentTransform=none
[SVG p1] render — 1 objs, viewBox=612x792
[App-Debug p1] PAL render — pageSize={w:612, h:792}, layerScale=0.94608, measuredPageScale=0.94608, committedPageScale=0.94608, legacyCommitCompensationPending=false, legacyCommitCompensationScale=1, overlayContentTransformScale=1, storedOverlayTransformScale=1, syncfusionViewerScale=0.71, overlayDiv=true, overlayDivW=579, overlayDivH=750, overlayDivTransform=none, overlayContentTransform=none
[SVG p1] render — 1 objs, viewBox=612x792
[CloudSync][realtime] applying INSERT fabric {"highlightId":"ink-1777163522964-jr3bi28ts","annotationType":"ink","pageNumber":1,"lastModifiedBy":"170d915c-5741-4e0b-b03f-deaeedae27bd"}
[App-Debug p1] PAL render — pageSize={w:612, h:792}, layerScale=0.94608, measuredPageScale=0.94608, committedPageScale=0.94608, legacyCommitCompensationPending=false, legacyCommitCompensationScale=1, overlayContentTransformScale=1, storedOverlayTransformScale=1, syncfusionViewerScale=0.71, overlayDiv=true, overlayDivW=579, overlayDivH=750, overlayDivTransform=none, overlayContentTransform=none
[SVG p1] render — 2 objs, viewBox=612x792
[SVG p1] MOUNT — 2 annotations, 1 callouts, viewBox=612x792
[App-Debug p1] PAL render — pageSize={w:612, h:792}, layerScale=0.94608, measuredPageScale=0.94608, committedPageScale=0.94608, legacyCommitCompensationPending=false, legacyCommitCompensationScale=1, overlayContentTransformScale=1, storedOverlayTransformScale=1, syncfusionViewerScale=0.71, overlayDiv=true, overlayDivW=579, overlayDivH=750, overlayDivTransform=none, overlayContentTransform=none
[SVG p1] render — 2 objs, viewBox=612x792
[App-Debug p1] PAL render — pageSize={w:612, h:792}, layerScale=0.94608, measuredPageScale=0.94608, committedPageScale=0.94608, legacyCommitCompensationPending=false, legacyCommitCompensationScale=1, overlayContentTransformScale=1, storedOverlayTransformScale=1, syncfusionViewerScale=0.71, overlayDiv=true, overlayDivW=579, overlayDivH=750, overlayDivTransform=none, overlayContentTransform=none
[App-Debug p1] PAL render — pageSize={w:612, h:792}, layerScale=0.94608, measuredPageScale=0.94608, committedPageScale=0.94608, legacyCommitCompensationPending=false, legacyCommitCompensationScale=1, overlayContentTransformScale=1, storedOverlayTransformScale=1, syncfusionViewerScale=0.71, overlayDiv=true, overlayDivW=579, overlayDivH=750, overlayDivTransform=none, overlayContentTransform=none
[SVG p1] render — 2 objs, viewBox=612x792
[DrawCanvas p1] MOUNT — tool=pen, isShape=false, isDrawingMode=true
[DrawCanvas p1] shape effect — tool=pen, isShape=false, isDrawingMode=true
[App-Debug p1] PAL render — pageSize={w:612, h:792}, layerScale=0.94608, measuredPageScale=0.94608, committedPageScale=0.94608, legacyCommitCompensationPending=false, legacyCommitCompensationScale=1, overlayContentTransformScale=1, storedOverlayTransformScale=1, syncfusionViewerScale=0.71, overlayDiv=true, overlayDivW=579, overlayDivH=750, overlayDivTransform=none, overlayContentTransform=none
[SVG p1] render — 2 objs, viewBox=612x792
[App-Debug p1] PAL render — pageSize={w:612, h:792}, layerScale=0.94608, measuredPageScale=0.94608, committedPageScale=0.94608, legacyCommitCompensationPending=false, legacyCommitCompensationScale=1, overlayContentTransformScale=1, storedOverlayTransformScale=1, syncfusionViewerScale=0.71, overlayDiv=true, overlayDivW=579, overlayDivH=750, overlayDivTransform=none, overlayContentTransform=none
[App-Debug p1] PAL render — pageSize={w:612, h:792}, layerScale=0.94608, measuredPageScale=0.94608, committedPageScale=0.94608, legacyCommitCompensationPending=false, legacyCommitCompensationScale=1, overlayContentTransformScale=1, storedOverlayTransformScale=1, syncfusionViewerScale=0.71, overlayDiv=true, overlayDivW=579, overlayDivH=750, overlayDivTransform=none, overlayContentTransform=none
[SVG p1] render — 2 objs, viewBox=612x792
[App-Debug p1] PAL render — pageSize={w:612, h:792}, layerScale=0.94608, measuredPageScale=0.94608, committedPageScale=0.94608, legacyCommitCompensationPending=false, legacyCommitCompensationScale=1, overlayContentTransformScale=1, storedOverlayTransformScale=1, syncfusionViewerScale=0.71, overlayDiv=true, overlayDivW=579, overlayDivH=750, overlayDivTransform=none, overlayContentTransform=none
[App-Debug p1] PAL render — pageSize={w:612, h:792}, layerScale=0.94608, measuredPageScale=0.94608, committedPageScale=0.94608, legacyCommitCompensationPending=false, legacyCommitCompensationScale=1, overlayContentTransformScale=1, storedOverlayTransformScale=1, syncfusionViewerScale=0.71, overlayDiv=true, overlayDivW=579, overlayDivH=750, overlayDivTransform=none, overlayContentTransform=none
[SVG p1] render — 3 objs, viewBox=612x792
[SVG p1] MOUNT — 3 annotations, 1 callouts, viewBox=612x792
[CloudSync][hook] fabric state changed — debounce push scheduled {"pageCount":1,"objectCount":3,"debounceMs":800}
[App-Debug p1] PAL render — pageSize={w:612, h:792}, layerScale=0.94608, measuredPageScale=0.94608, committedPageScale=0.94608, legacyCommitCompensationPending=false, legacyCommitCompensationScale=1, overlayContentTransformScale=1, storedOverlayTransformScale=1, syncfusionViewerScale=0.71, overlayDiv=true, overlayDivW=579, overlayDivH=750, overlayDivTransform=none, overlayContentTransform=none
[SVG p1] render — 3 objs, viewBox=612x792
[App-Debug p1] PAL render — pageSize={w:612, h:792}, layerScale=0.94608, measuredPageScale=0.94608, committedPageScale=0.94608, legacyCommitCompensationPending=false, legacyCommitCompensationScale=1, overlayContentTransformScale=1, storedOverlayTransformScale=1, syncfusionViewerScale=0.71, overlayDiv=true, overlayDivW=579, overlayDivH=750, overlayDivTransform=none, overlayContentTransform=none
[CloudSync][hook] fabric push debounce elapsed — pushing now
[CloudSync][push] upsertAnnotationsByPage start {"documentId":"1a7f57f8-3796-470e-afd2-f38919a873b3","userId":"170d915c-5741-4e0b-b03f-deaeedae27bd","totalRows":3,"rowsByType":{"ink":3},"pages":1}
[App-Debug p1] PAL render — pageSize={w:612, h:792}, layerScale=0.94608, measuredPageScale=0.94608, committedPageScale=0.94608, legacyCommitCompensationPending=false, legacyCommitCompensationScale=1, overlayContentTransformScale=1, storedOverlayTransformScale=1, syncfusionViewerScale=0.71, overlayDiv=true, overlayDivW=579, overlayDivH=750, overlayDivTransform=none, overlayContentTransform=none
[SVG p1] render — 3 objs, viewBox=612x792
[App-Debug p1] PAL render — pageSize={w:612, h:792}, layerScale=0.94608, measuredPageScale=0.94608, committedPageScale=0.94608, legacyCommitCompensationPending=false, legacyCommitCompensationScale=1, overlayContentTransformScale=1, storedOverlayTransformScale=1, syncfusionViewerScale=0.71, overlayDiv=true, overlayDivW=579, overlayDivH=750, overlayDivTransform=none, overlayContentTransform=none
[CloudSync][push] upsertAnnotationsByPage ok {"elapsedMs":90,"rowsReturned":3}
[CloudSync][hook] fabric push synced {"count":3}
[App-Debug p1] PAL render — pageSize={w:612, h:792}, layerScale=0.94608, measuredPageScale=0.94608, committedPageScale=0.94608, legacyCommitCompensationPending=false, legacyCommitCompensationScale=1, overlayContentTransformScale=1, storedOverlayTransformScale=1, syncfusionViewerScale=0.71, overlayDiv=true, overlayDivW=579, overlayDivH=750, overlayDivTransform=none, overlayContentTransform=none
[SVG p1] render — 3 objs, viewBox=612x792
[App-Debug p1] PAL render — pageSize={w:612, h:792}, layerScale=0.94608, measuredPageScale=0.94608, committedPageScale=0.94608, legacyCommitCompensationPending=false, legacyCommitCompensationScale=1, overlayContentTransformScale=1, storedOverlayTransformScale=1, syncfusionViewerScale=0.71, overlayDiv=true, overlayDivW=579, overlayDivH=750, overlayDivTransform=none, overlayContentTransform=none
[CloudSync][realtime] echo-filtered UPDATE {"highlightId":"ink-1777163518081-6zmfu762z","annotationType":"ink","lastModifiedBy":"170d915c-5741-4e0b-b03f-deaeedae27bd","rowSessionId":"a72b164e-435b-489a-80b9-f746d9ef789e","currentSessionId":"a72b164e-435b-489a-80b9-f746d9ef789e","reason":"same-session"}
[CloudSync][realtime] echo-filtered UPDATE {"highlightId":"ink-1777163522964-jr3bi28ts","annotationType":"ink","lastModifiedBy":"170d915c-5741-4e0b-b03f-deaeedae27bd","rowSessionId":"a72b164e-435b-489a-80b9-f746d9ef789e","currentSessionId":"a72b164e-435b-489a-80b9-f746d9ef789e","reason":"same-session"}
[CloudSync][realtime] echo-filtered INSERT {"highlightId":"ink-1777163527474-ta82g0v74","annotationType":"ink","lastModifiedBy":"170d915c-5741-4e0b-b03f-deaeedae27bd","rowSessionId":"a72b164e-435b-489a-80b9-f746d9ef789e","currentSessionId":"a72b164e-435b-489a-80b9-f746d9ef789e","reason":"same-session"}
[App-Debug p1] PAL render — pageSize={w:612, h:792}, layerScale=0.94608, measuredPageScale=0.94608, committedPageScale=0.94608, legacyCommitCompensationPending=false, legacyCommitCompensationScale=1, overlayContentTransformScale=1, storedOverlayTransformScale=1, syncfusionViewerScale=0.71, overlayDiv=true, overlayDivW=579, overlayDivH=750, overlayDivTransform=none, overlayContentTransform=none
[SVG p1] render — 3 objs, viewBox=612x792
[App-Debug p1] PAL render — pageSize={w:612, h:792}, layerScale=0.94608, measuredPageScale=0.94608, committedPageScale=0.94608, legacyCommitCompensationPending=false, legacyCommitCompensationScale=1, overlayContentTransformScale=1, storedOverlayTransformScale=1, syncfusionViewerScale=0.71, overlayDiv=true, overlayDivW=579, overlayDivH=750, overlayDivTransform=none, overlayContentTransform=none
[App-Debug p1] PAL render — pageSize={w:612, h:792}, layerScale=0.94608, measuredPageScale=0.94608, committedPageScale=0.94608, legacyCommitCompensationPending=false, legacyCommitCompensationScale=1, overlayContentTransformScale=1, storedOverlayTransformScale=1, syncfusionViewerScale=0.71, overlayDiv=true, overlayDivW=579, overlayDivH=750, overlayDivTransform=none, overlayContentTransform=none
[SVG p1] render — 3 objs, viewBox=612x792
[App-Debug p1] PAL render — pageSize={w:612, h:792}, layerScale=0.94608, measuredPageScale=0.94608, committedPageScale=0.94608, legacyCommitCompensationPending=false, legacyCommitCompensationScale=1, overlayContentTransformScale=1, storedOverlayTransformScale=1, syncfusionViewerScale=0.71, overlayDiv=true, overlayDivW=579, overlayDivH=750, overlayDivTransform=none, overlayContentTransform=none
[App-Debug p1] PAL render — pageSize={w:612, h:792}, layerScale=0.94608, measuredPageScale=0.94608, committedPageScale=0.94608, legacyCommitCompensationPending=false, legacyCommitCompensationScale=1, overlayContentTransformScale=1, storedOverlayTransformScale=1, syncfusionViewerScale=0.71, overlayDiv=true, overlayDivW=579, overlayDivH=750, overlayDivTransform=none, overlayContentTransform=none
[SVG p1] render — 3 objs, viewBox=612x792
[App-Debug p1] PAL render — pageSize={w:612, h:792}, layerScale=0.94608, measuredPageScale=0.94608, committedPageScale=0.94608, legacyCommitCompensationPending=false, legacyCommitCompensationScale=1, overlayContentTransformScale=1, storedOverlayTransformScale=1, syncfusionViewerScale=0.71, overlayDiv=true, overlayDivW=579, overlayDivH=750, overlayDivTransform=none, overlayContentTransform=none
[App-Debug p1] PAL render — pageSize={w:612, h:792}, layerScale=0.94608, measuredPageScale=0.94608, committedPageScale=0.94608, legacyCommitCompensationPending=false, legacyCommitCompensationScale=1, overlayContentTransformScale=1, storedOverlayTransformScale=1, syncfusionViewerScale=0.71, overlayDiv=true, overlayDivW=579, overlayDivH=750, overlayDivTransform=none, overlayContentTransform=none
[SVG p1] render — 3 objs, viewBox=612x792
[SVG p2] render — 0 objs, viewBox=612x792
[SVGAnnotationLayer] setRotInputVisible(false) reason=selectedIds.size !== 1
[SVG p2] MOUNT — 0 annotations, 0 callouts, viewBox=612x792
[DrawCanvas p2] MOUNT — tool=pen, isShape=false, isDrawingMode=true
[DrawCanvas p2] shape effect — tool=pen, isShape=false, isDrawingMode=true
[App-Debug p2] PAL render — pageSize={w:612, h:792}, layerScale=0.94608, measuredPageScale=0.94608, committedPageScale=0.94608, legacyCommitCompensationPending=false, legacyCommitCompensationScale=1, overlayContentTransformScale=1, storedOverlayTransformScale=1, syncfusionViewerScale=0.71, overlayDiv=true, overlayDivW=579, overlayDivH=750, overlayDivTransform=none, overlayContentTransform=none
[SVG p1] render — 3 objs, viewBox=612x792
[SVG p2] render — 0 objs, viewBox=612x792
[App-Debug p2] PAL render — pageSize={w:612, h:792}, layerScale=0.94608, measuredPageScale=0.94608, committedPageScale=0.94608, legacyCommitCompensationPending=false, legacyCommitCompensationScale=1, overlayContentTransformScale=1, storedOverlayTransformScale=1, syncfusionViewerScale=0.71, overlayDiv=true, overlayDivW=579, overlayDivH=750, overlayDivTransform=none, overlayContentTransform=none
[SVG p2] render — 0 objs, viewBox=612x792
[App-Debug p2] PAL render — pageSize={w:612, h:792}, layerScale=0.94608, measuredPageScale=0.94608, committedPageScale=0.94608, legacyCommitCompensationPending=false, legacyCommitCompensationScale=1, overlayContentTransformScale=1, storedOverlayTransformScale=1, syncfusionViewerScale=0.71, overlayDiv=true, overlayDivW=579, overlayDivH=750, overlayDivTransform=none, overlayContentTransform=none
[SVG p1] render — 3 objs, viewBox=612x792
[SVG p2] render — 0 objs, viewBox=612x792
[CloudSync][realtime] unsubscribing {"documentId":"1a7f57f8-3796-470e-afd2-f38919a873b3"}
[CloudSync][realtime] subscribe status {"status":"CLOSED","error":null}
[CloudSync][hook] hydrate effect fired {"enabled":false,"documentId":"1a7f57f8-3796-470e-afd2-f38919a873b3","userId":"170d915c-5741-4e0b-b03f-deaeedae27bd","pdfId":"sync-test.pdf-2489"}
[CloudSync][hook] hydrate skipped — missing prerequisite {"enabled":false,"hasDocumentId":true,"hasUserId":true,"hasPdfId":true}
[App-Debug p2] PAL render — pageSize={w:612, h:792}, layerScale=0.94608, measuredPageScale=0.94608, committedPageScale=0.94608, legacyCommitCompensationPending=false, legacyCommitCompensationScale=1, overlayContentTransformScale=1, storedOverlayTransformScale=1, syncfusionViewerScale=0.71, overlayDiv=true, overlayDivW=579, overlayDivH=750, overlayDivTransform=none, overlayContentTransform=none
[SVG p1] render — 3 objs, viewBox=612x792
[SVG p2] render — 0 objs, viewBox=612x792
[App-Debug p2] PAL render — pageSize={w:612, h:792}, layerScale=0.94608, measuredPageScale=0.94608, committedPageScale=0.94608, legacyCommitCompensationPending=false, legacyCommitCompensationScale=1, overlayContentTransformScale=1, storedOverlayTransformScale=1, syncfusionViewerScale=0.71, overlayDiv=true, overlayDivW=579, overlayDivH=750, overlayDivTransform=none, overlayContentTransform=none
[App-Debug p2] PAL render — pageSize={w:612, h:792}, layerScale=0.94608, measuredPageScale=0.94608, committedPageScale=0.94608, legacyCommitCompensationPending=false, legacyCommitCompensationScale=1, overlayContentTransformScale=1, storedOverlayTransformScale=1, syncfusionViewerScale=0.71, overlayDiv=true, overlayDivW=579, overlayDivH=750, overlayDivTransform=none, overlayContentTransform=none
[SVG p1] render — 3 objs, viewBox=612x792
[SVG p2] render — 0 objs, viewBox=612x792