===== SurveyApp Save Log =====
version:   0.1.34
runtime:   desktop-installer
platform:  desktop
device:    Windows PC
os:        Windows 10.0
screen:    1536x960 @1.25x
viewport:  1186x743
locale:    en-US
timestamp: 2026-04-26T02:14:39.984Z (4/25/2026, 10:14:39 PM)
==============================
[dev-auto-login] boot {"hasDevEmail":false,"devEmailHint":null,"hasDevPassword":false,"hasCachedSession":true,"cachedSessionEmail":"isaiahcalvo123@gmail.com","cachedSessionExpiresAt":1777172765}
[dev-auto-login] decision {"needsAutoLogin":false,"willAttemptSignIn":false}
[CloudSync][hook] session id minted {"sessionId":"7d2def5c-6ff7-42d4-965c-5a3de726f3f9"}
[AnnotPerf] finalize idle (forced-reset) — deferring CSS transform removal, waiting for PAL confirmation
[CloudSync][hook] hydrate effect fired {"enabled":false,"documentId":"1a7f57f8-3796-470e-afd2-f38919a873b3","userId":"170d915c-5741-4e0b-b03f-deaeedae27bd","pdfId":null}
[CloudSync][hook] hydrate skipped — missing prerequisite {"enabled":false,"hasDocumentId":true,"hasUserId":true,"hasPdfId":false}
[CSeries wipe] doc=sync-test.pdf-2489 totalCounters=0 legacyRemoved=0 — nothing to wipe.
[PrintPanel] mount — binding Cmd/Ctrl+P listeners. electronAPI available: true onPrintPdf available: true
[CloudSync][hook] hydrate effect fired {"enabled":false,"documentId":"1a7f57f8-3796-470e-afd2-f38919a873b3","userId":"170d915c-5741-4e0b-b03f-deaeedae27bd","pdfId":"sync-test.pdf-2489"}
[CloudSync][hook] hydrate skipped — missing prerequisite {"enabled":false,"hasDocumentId":true,"hasUserId":true,"hasPdfId":true}
[PrintPanel] mount — binding Cmd/Ctrl+P listeners. electronAPI available: true onPrintPdf available: true
[PrintPanel] mount — binding Cmd/Ctrl+P listeners. electronAPI available: true onPrintPdf available: true
[ZoomLive svg p1] {"interactionPhase":"idle","zoomOverlayTransformActive":true,"viewerScale":1.33333,"measuredScale":1.33333,"committedScale":0,"overlayTransform":"none","overlayTransformScale":1,"pageHostRect":null,"overlayLayerRect":null,"overlayContentRect":null,"legacyCompensationRect":null,"legacyCompensationTransform":"none","palRootRect":null,"canvasContainerRect":null,"palCanvasRect":null,"regionRootRect":null,"regionSvgRect":null,"regionScreenWidth":0,"regionScreenHeight":0,"svgLayerRect":null,"activeSpaceId":null,"activeRegionId":null,"showRegionSelection":false}
[PrintPanel] mount — binding Cmd/Ctrl+P listeners. electronAPI available: true onPrintPdf available: true
[PrintPanel] RENDER — panel closed
[ZoomLive svg p1] {"interactionPhase":"idle","zoomOverlayTransformActive":true,"viewerScale":0.79,"measuredScale":1.05392,"committedScale":1.05392,"overlayTransform":"none","overlayTransformScale":1,"pageHostRect":{"w":644.638,"h":834.237,"left":289.675,"top":84.713},"overlayLayerRect":null,"overlayContentRect":null,"legacyCompensationRect":null,"legacyCompensationTransform":"none","palRootRect":null,"canvasContainerRect":null,"palCanvasRect":null,"regionRootRect":null,"regionSvgRect":null,"regionScreenWidth":0,"regionScreenHeight":0,"svgLayerRect":null,"activeSpaceId":null,"activeRegionId":null,"showRegionSelection":false}
[ZoomLive svg p1] {"interactionPhase":"idle","zoomOverlayTransformActive":true,"viewerScale":0.59,"measuredScale":0.78595,"committedScale":0.78595,"overlayTransform":"none","overlayTransformScale":1,"pageHostRect":{"w":481.438,"h":623.038,"left":371.275,"top":83.113},"overlayLayerRect":null,"overlayContentRect":null,"legacyCompensationRect":null,"legacyCompensationTransform":"none","palRootRect":null,"canvasContainerRect":null,"palCanvasRect":null,"regionRootRect":null,"regionSvgRect":null,"regionScreenWidth":0,"regionScreenHeight":0,"svgLayerRect":null,"activeSpaceId":null,"activeRegionId":null,"showRegionSelection":false}
[ZoomLive svg p1] {"interactionPhase":"idle","zoomOverlayTransformActive":true,"viewerScale":0.59,"measuredScale":0.78595,"committedScale":0.78595,"overlayTransform":"none","overlayTransformScale":1,"pageHostRect":{"w":481.438,"h":623.038,"left":371.275,"top":83.113},"overlayLayerRect":null,"overlayContentRect":null,"legacyCompensationRect":null,"legacyCompensationTransform":"none","palRootRect":null,"canvasContainerRect":null,"palCanvasRect":null,"regionRootRect":null,"regionSvgRect":null,"regionScreenWidth":0,"regionScreenHeight":0,"svgLayerRect":null,"activeSpaceId":null,"activeRegionId":null,"showRegionSelection":false}
[HyperlinkDiag] post-load scan {"hyperlinkCount":0,"samples":[]}
[HyperlinkDiag] page 1 layers {"hyperlinkChildren":0,"layerClasses":["DIV","e-spinner-pane e-spin-show","e-pv-page-canvas","DIV","e-pv-annotation-canvas","e-pv-text-layer"]}
[HyperlinkDiag] page 2 layers {"hyperlinkChildren":0,"layerClasses":["DIV","e-spinner-pane e-spin-show","e-pv-page-canvas","DIV","e-pv-annotation-canvas","e-pv-text-layer"]}
[HyperlinkDiag] page 3 layers {"hyperlinkChildren":0,"layerClasses":["DIV","e-spinner-pane e-spin-show","e-pv-page-canvas","DIV","e-pv-annotation-canvas","e-pv-text-layer"]}
[ZoomLive svg p1] {"interactionPhase":"idle","zoomOverlayTransformActive":true,"viewerScale":0.59,"measuredScale":0.78595,"committedScale":0.78595,"overlayTransform":"none","overlayTransformScale":1,"pageHostRect":{"w":481.438,"h":623.038,"left":371.275,"top":83.113},"overlayLayerRect":null,"overlayContentRect":null,"legacyCompensationRect":null,"legacyCompensationTransform":"none","palRootRect":null,"canvasContainerRect":null,"palCanvasRect":null,"regionRootRect":null,"regionSvgRect":null,"regionScreenWidth":0,"regionScreenHeight":0,"svgLayerRect":null,"activeSpaceId":null,"activeRegionId":null,"showRegionSelection":false}
[ZoomLive svg p1] {"interactionPhase":"idle","zoomOverlayTransformActive":true,"viewerScale":0.59,"measuredScale":0.78595,"committedScale":0.78595,"overlayTransform":"none","overlayTransformScale":1,"pageHostRect":{"w":481.438,"h":623.038,"left":371.275,"top":83.113},"overlayLayerRect":null,"overlayContentRect":null,"legacyCompensationRect":null,"legacyCompensationTransform":"none","palRootRect":null,"canvasContainerRect":null,"palCanvasRect":null,"regionRootRect":null,"regionSvgRect":null,"regionScreenWidth":0,"regionScreenHeight":0,"svgLayerRect":null,"activeSpaceId":null,"activeRegionId":null,"showRegionSelection":false}
[CloudSync][hook] hydrate effect fired {"enabled":true,"documentId":"1a7f57f8-3796-470e-afd2-f38919a873b3","userId":"170d915c-5741-4e0b-b03f-deaeedae27bd","pdfId":"sync-test.pdf-2489"}
[CloudSync][hook] stage=hydrating
[CloudSync][hydrate] loadAllNonHighlightAnnotations start {"documentId":"1a7f57f8-3796-470e-afd2-f38919a873b3"}
[CloudSync][hook] fabric push skipped — not hydrated yet
[CloudSync][hook] callout push skipped — not hydrated yet
[CloudSync][realtime] subscribing {"documentId":"1a7f57f8-3796-470e-afd2-f38919a873b3","currentUserId":"170d915c-5741-4e0b-b03f-deaeedae27bd","currentSessionId":"7d2def5c-6ff7-42d4-965c-5a3de726f3f9","hasFabricInsert":true,"hasFabricUpdate":true,"hasFabricDelete":true,"hasCalloutInsert":true,"hasCalloutUpdate":true,"hasCalloutDelete":true}
[CloudSync][hydrate] loadAllNonHighlightAnnotations ok {"elapsedMs":59,"totalRows":0,"rowsByType":{},"pagesWithObjects":0,"calloutCount":0}
[CloudSync][hook] replacing local fabric state with cloud (cloud is authoritative) {"pages":0,"migrationDone":true}
[CloudSync][hook] replacing local callouts with cloud (cloud is authoritative) {"count":0,"migrationDone":true}
[CloudSync][hook] stage=migrating (one-time local→cloud push)
[CloudSync][hook] hydrate+migrate complete — push gate OPEN {"migrationPushed":0}
[CloudSync][realtime] subscribe status {"status":"SUBSCRIBED","error":null}
[CloudSync][hydrate] loadAllNonHighlightAnnotations start {"documentId":"1a7f57f8-3796-470e-afd2-f38919a873b3"}
[CloudSync][hydrate] loadAllNonHighlightAnnotations ok {"elapsedMs":45,"totalRows":0,"rowsByType":{},"pagesWithObjects":0,"calloutCount":0}
[CloudSync][hook] post-subscribe catch-up rehydrate complete {"pagesFromCloud":0,"calloutsFromCloud":0}
[CloudSync][realtime] applying INSERT fabric {"highlightId":"ink-1777169624876-j225tuld5","annotationType":"ink","pageNumber":1,"lastModifiedBy":"170d915c-5741-4e0b-b03f-deaeedae27bd"}
[App-Debug p1] PAL render — pageSize={w:612, h:792}, layerScale=0.78595, measuredPageScale=0.78595, committedPageScale=0.78595, legacyCommitCompensationPending=false, legacyCommitCompensationScale=1, overlayContentTransformScale=1, storedOverlayTransformScale=1, syncfusionViewerScale=0.59, overlayDiv=true, overlayDivW=481, overlayDivH=623, overlayDivTransform=none, overlayContentTransform=none
[SVG p1] render — 1 objs, viewBox=612x792
[SVGAnnotationLayer] setRotInputVisible(false) reason=selectedIds.size !== 1
[SVG p1] MOUNT — 1 annotations, 0 callouts, viewBox=612x792
[App-Debug p1] PAL render — pageSize={w:612, h:792}, layerScale=0.78595, measuredPageScale=0.78595, committedPageScale=0.78595, legacyCommitCompensationPending=false, legacyCommitCompensationScale=1, overlayContentTransformScale=1, storedOverlayTransformScale=1, syncfusionViewerScale=0.59, overlayDiv=true, overlayDivW=481, overlayDivH=623, overlayDivTransform=none, overlayContentTransform=none
[SVG p1] render — 1 objs, viewBox=612x792
[App-Debug p1] PAL render — pageSize={w:612, h:792}, layerScale=0.78595, measuredPageScale=0.78595, committedPageScale=0.78595, legacyCommitCompensationPending=false, legacyCommitCompensationScale=1, overlayContentTransformScale=1, storedOverlayTransformScale=1, syncfusionViewerScale=0.59, overlayDiv=true, overlayDivW=481, overlayDivH=623, overlayDivTransform=none, overlayContentTransform=none
[SVG p1] render — 1 objs, viewBox=612x792
[CloudSync][realtime] applying UPDATE fabric {"highlightId":"ink-1777169624876-j225tuld5","annotationType":"ink","pageNumber":1,"lastModifiedBy":"170d915c-5741-4e0b-b03f-deaeedae27bd"}
[CloudSync][realtime] applying INSERT fabric {"highlightId":"ink-1777169627173-zbtz7ul33","annotationType":"ink","pageNumber":1,"lastModifiedBy":"170d915c-5741-4e0b-b03f-deaeedae27bd"}
[App-Debug p1] PAL render — pageSize={w:612, h:792}, layerScale=0.78595, measuredPageScale=0.78595, committedPageScale=0.78595, legacyCommitCompensationPending=false, legacyCommitCompensationScale=1, overlayContentTransformScale=1, storedOverlayTransformScale=1, syncfusionViewerScale=0.59, overlayDiv=true, overlayDivW=481, overlayDivH=623, overlayDivTransform=none, overlayContentTransform=none
[SVG p1] render — 2 objs, viewBox=612x792
[SVG p1] MOUNT — 2 annotations, 0 callouts, viewBox=612x792
[App-Debug p1] PAL render — pageSize={w:612, h:792}, layerScale=0.78595, measuredPageScale=0.78595, committedPageScale=0.78595, legacyCommitCompensationPending=false, legacyCommitCompensationScale=1, overlayContentTransformScale=1, storedOverlayTransformScale=1, syncfusionViewerScale=0.59, overlayDiv=true, overlayDivW=481, overlayDivH=623, overlayDivTransform=none, overlayContentTransform=none
[SVG p1] render — 2 objs, viewBox=612x792
[App-Debug p1] PAL render — pageSize={w:612, h:792}, layerScale=0.78595, measuredPageScale=0.78595, committedPageScale=0.78595, legacyCommitCompensationPending=false, legacyCommitCompensationScale=1, overlayContentTransformScale=1, storedOverlayTransformScale=1, syncfusionViewerScale=0.59, overlayDiv=true, overlayDivW=481, overlayDivH=623, overlayDivTransform=none, overlayContentTransform=none
[CloudSync][realtime] applying UPDATE fabric {"highlightId":"ink-1777169624876-j225tuld5","annotationType":"ink","pageNumber":1,"lastModifiedBy":"170d915c-5741-4e0b-b03f-deaeedae27bd"}
[App-Debug p1] PAL render — pageSize={w:612, h:792}, layerScale=0.78595, measuredPageScale=0.78595, committedPageScale=0.78595, legacyCommitCompensationPending=false, legacyCommitCompensationScale=1, overlayContentTransformScale=1, storedOverlayTransformScale=1, syncfusionViewerScale=0.59, overlayDiv=true, overlayDivW=481, overlayDivH=623, overlayDivTransform=none, overlayContentTransform=none
[SVG p1] render — 2 objs, viewBox=612x792
[App-Debug p1] PAL render — pageSize={w:612, h:792}, layerScale=0.78595, measuredPageScale=0.78595, committedPageScale=0.78595, legacyCommitCompensationPending=false, legacyCommitCompensationScale=1, overlayContentTransformScale=1, storedOverlayTransformScale=1, syncfusionViewerScale=0.59, overlayDiv=true, overlayDivW=481, overlayDivH=623, overlayDivTransform=none, overlayContentTransform=none
[SVG p1] render — 2 objs, viewBox=612x792
[CloudSync][realtime] applying UPDATE fabric {"highlightId":"ink-1777169627173-zbtz7ul33","annotationType":"ink","pageNumber":1,"lastModifiedBy":"170d915c-5741-4e0b-b03f-deaeedae27bd"}
[App-Debug p1] PAL render — pageSize={w:612, h:792}, layerScale=0.78595, measuredPageScale=0.78595, committedPageScale=0.78595, legacyCommitCompensationPending=false, legacyCommitCompensationScale=1, overlayContentTransformScale=1, storedOverlayTransformScale=1, syncfusionViewerScale=0.59, overlayDiv=true, overlayDivW=481, overlayDivH=623, overlayDivTransform=none, overlayContentTransform=none
[SVG p1] render — 2 objs, viewBox=612x792
[App-Debug p1] PAL render — pageSize={w:612, h:792}, layerScale=0.78595, measuredPageScale=0.78595, committedPageScale=0.78595, legacyCommitCompensationPending=false, legacyCommitCompensationScale=1, overlayContentTransformScale=1, storedOverlayTransformScale=1, syncfusionViewerScale=0.59, overlayDiv=true, overlayDivW=481, overlayDivH=623, overlayDivTransform=none, overlayContentTransform=none
[SVG p1] render — 2 objs, viewBox=612x792
[App-Debug p1] PAL render — pageSize={w:612, h:792}, layerScale=0.78595, measuredPageScale=0.78595, committedPageScale=0.78595, legacyCommitCompensationPending=false, legacyCommitCompensationScale=1, overlayContentTransformScale=1, storedOverlayTransformScale=1, syncfusionViewerScale=0.59, overlayDiv=true, overlayDivW=481, overlayDivH=623, overlayDivTransform=none, overlayContentTransform=none
[CloudSync][realtime] applying UPDATE fabric {"highlightId":"ink-1777169624876-j225tuld5","annotationType":"ink","pageNumber":1,"lastModifiedBy":"170d915c-5741-4e0b-b03f-deaeedae27bd"}
[App-Debug p1] PAL render — pageSize={w:612, h:792}, layerScale=0.78595, measuredPageScale=0.78595, committedPageScale=0.78595, legacyCommitCompensationPending=false, legacyCommitCompensationScale=1, overlayContentTransformScale=1, storedOverlayTransformScale=1, syncfusionViewerScale=0.59, overlayDiv=true, overlayDivW=481, overlayDivH=623, overlayDivTransform=none, overlayContentTransform=none
[SVG p1] render — 2 objs, viewBox=612x792
[CloudSync][realtime] applying UPDATE fabric {"highlightId":"ink-1777169627173-zbtz7ul33","annotationType":"ink","pageNumber":1,"lastModifiedBy":"170d915c-5741-4e0b-b03f-deaeedae27bd"}
[App-Debug p1] PAL render — pageSize={w:612, h:792}, layerScale=0.78595, measuredPageScale=0.78595, committedPageScale=0.78595, legacyCommitCompensationPending=false, legacyCommitCompensationScale=1, overlayContentTransformScale=1, storedOverlayTransformScale=1, syncfusionViewerScale=0.59, overlayDiv=true, overlayDivW=481, overlayDivH=623, overlayDivTransform=none, overlayContentTransform=none
[SVG p1] render — 2 objs, viewBox=612x792
[App-Debug p1] PAL render — pageSize={w:612, h:792}, layerScale=0.78595, measuredPageScale=0.78595, committedPageScale=0.78595, legacyCommitCompensationPending=false, legacyCommitCompensationScale=1, overlayContentTransformScale=1, storedOverlayTransformScale=1, syncfusionViewerScale=0.59, overlayDiv=true, overlayDivW=481, overlayDivH=623, overlayDivTransform=none, overlayContentTransform=none
[SVG p1] render — 2 objs, viewBox=612x792
[App-Debug p1] PAL render — pageSize={w:612, h:792}, layerScale=0.78595, measuredPageScale=0.78595, committedPageScale=0.78595, legacyCommitCompensationPending=false, legacyCommitCompensationScale=1, overlayContentTransformScale=1, storedOverlayTransformScale=1, syncfusionViewerScale=0.59, overlayDiv=true, overlayDivW=481, overlayDivH=623, overlayDivTransform=none, overlayContentTransform=none
[App-Debug p1] PAL render — pageSize={w:612, h:792}, layerScale=0.78595, measuredPageScale=0.78595, committedPageScale=0.78595, legacyCommitCompensationPending=false, legacyCommitCompensationScale=1, overlayContentTransformScale=1, storedOverlayTransformScale=1, syncfusionViewerScale=0.59, overlayDiv=true, overlayDivW=481, overlayDivH=623, overlayDivTransform=none, overlayContentTransform=none
[SVG p1] render — 2 objs, viewBox=612x792
[App-Debug p1] PAL render — pageSize={w:612, h:792}, layerScale=0.78595, measuredPageScale=0.78595, committedPageScale=0.78595, legacyCommitCompensationPending=false, legacyCommitCompensationScale=1, overlayContentTransformScale=1, storedOverlayTransformScale=1, syncfusionViewerScale=0.59, overlayDiv=true, overlayDivW=481, overlayDivH=623, overlayDivTransform=none, overlayContentTransform=none
[CTXDIAG mousedown-right] {"phase":"mousedown-right","type":"mousedown","button":2,"which":3,"buttons":2,"ctrlKey":false,"metaKey":false,"shiftKey":false,"altKey":false,"clientX":251,"clientY":356,"defaultPrevented":false,"target":"<div#syncfusion-pdf-viewer-tab-1777169615444-1l2kt4hta_pageViewContainer.e-pv-page-container>","currentTarget":"[object HTMLDocument]","pathDepth":17,"pathSummary":"<div#syncfusion-pdf-viewer-tab-1777169615444-1l2kt4hta_pageViewContainer.e-pv-page-container> → <div#syncfusion-pdf-viewer-tab-1777169615444-1l2kt4hta_viewerContainer.e-pv-viewer-container.e-disable-text-selection> → <div#syncfusion-pdf-viewer-tab-1777169615444-1l2kt4hta_viewerMainContainer.e-pv-viewer-main-container> → <div#syncfusion-pdf-viewer-tab-1777169615444-1l2kt4hta_mainContainer.e-pv-main-container> → <div#syncfusion-pdf-viewer-tab-1777169615444-1l2kt4hta.e-control.e-pdfviewer> → <div.syncfusion-renderer-only> → <div> → <div>"}
[CTXDIAG capture] {"phase":"capture","type":"contextmenu","button":2,"which":3,"buttons":0,"ctrlKey":false,"metaKey":false,"shiftKey":false,"altKey":false,"clientX":251,"clientY":356,"defaultPrevented":false,"target":"<div#syncfusion-pdf-viewer-tab-1777169615444-1l2kt4hta_pageViewContainer.e-pv-page-container>","currentTarget":"[object HTMLDocument]","pathDepth":17,"pathSummary":"<div#syncfusion-pdf-viewer-tab-1777169615444-1l2kt4hta_pageViewContainer.e-pv-page-container> → <div#syncfusion-pdf-viewer-tab-1777169615444-1l2kt4hta_viewerContainer.e-pv-viewer-container.e-disable-text-selection> → <div#syncfusion-pdf-viewer-tab-1777169615444-1l2kt4hta_viewerMainContainer.e-pv-viewer-main-container> → <div#syncfusion-pdf-viewer-tab-1777169615444-1l2kt4hta_mainContainer.e-pv-main-container> → <div#syncfusion-pdf-viewer-tab-1777169615444-1l2kt4hta.e-control.e-pdfviewer> → <div.syncfusion-renderer-only> → <div> → <div>"}
[CTXDIAG capture stack-at-point] ["0:<div#syncfusion-pdf-viewer-tab-1777169615444-1l2kt4hta_pageViewContainer.e-pv-page-container>","1:<div#syncfusion-pdf-viewer-tab-1777169615444-1l2kt4hta_viewerContainer.e-pv-viewer-container.e-disable-text-selection>","2:<div#syncfusion-pdf-viewer-tab-1777169615444-1l2kt4hta_viewerMainContainer.e-pv-viewer-main-container>","3:<div#syncfusion-pdf-viewer-tab-1777169615444-1l2kt4hta_mainContainer.e-pv-main-container>","4:<div#syncfusion-pdf-viewer-tab-1777169615444-1l2kt4hta.e-control.e-pdfviewer>","5:<div.syncfusion-renderer-only>","6:<div>","7:<div>","8:<div>","9:<div>"]
[CTXDIAG dispatch] page=null annoIdx=null calloutId=null kind=page groupIndices=0 handler=true source=app registered=[]
[App-Debug p1] PAL render — pageSize={w:612, h:792}, layerScale=0.78595, measuredPageScale=0.78595, committedPageScale=0.78595, legacyCommitCompensationPending=false, legacyCommitCompensationScale=1, overlayContentTransformScale=1, storedOverlayTransformScale=1, syncfusionViewerScale=0.59, overlayDiv=true, overlayDivW=481, overlayDivH=623, overlayDivTransform=none, overlayContentTransform=none
[SVG p1] render — 2 objs, viewBox=612x792
[App-Debug p1] PAL render — pageSize={w:612, h:792}, layerScale=0.78595, measuredPageScale=0.78595, committedPageScale=0.78595, legacyCommitCompensationPending=false, legacyCommitCompensationScale=1, overlayContentTransformScale=1, storedOverlayTransformScale=1, syncfusionViewerScale=0.59, overlayDiv=true, overlayDivW=481, overlayDivH=623, overlayDivTransform=none, overlayContentTransform=none
[App-Debug p1] PAL render — pageSize={w:612, h:792}, layerScale=0.78595, measuredPageScale=0.78595, committedPageScale=0.78595, legacyCommitCompensationPending=false, legacyCommitCompensationScale=1, overlayContentTransformScale=1, storedOverlayTransformScale=1, syncfusionViewerScale=0.59, overlayDiv=true, overlayDivW=481, overlayDivH=623, overlayDivTransform=none, overlayContentTransform=none
[SVG p1] render — 2 objs, viewBox=612x792
[App-Debug p1] PAL render — pageSize={w:612, h:792}, layerScale=0.78595, measuredPageScale=0.78595, committedPageScale=0.78595, legacyCommitCompensationPending=false, legacyCommitCompensationScale=1, overlayContentTransformScale=1, storedOverlayTransformScale=1, syncfusionViewerScale=0.59, overlayDiv=true, overlayDivW=481, overlayDivH=623, overlayDivTransform=none, overlayContentTransform=none
[App-Debug p1] PAL render — pageSize={w:612, h:792}, layerScale=0.78595, measuredPageScale=0.78595, committedPageScale=0.78595, legacyCommitCompensationPending=false, legacyCommitCompensationScale=1, overlayContentTransformScale=1, storedOverlayTransformScale=1, syncfusionViewerScale=0.59, overlayDiv=true, overlayDivW=481, overlayDivH=623, overlayDivTransform=none, overlayContentTransform=none
[SVG p1] render — 2 objs, viewBox=612x792
[App-Debug p1] PAL render — pageSize={w:612, h:792}, layerScale=0.78595, measuredPageScale=0.78595, committedPageScale=0.78595, legacyCommitCompensationPending=false, legacyCommitCompensationScale=1, overlayContentTransformScale=1, storedOverlayTransformScale=1, syncfusionViewerScale=0.59, overlayDiv=true, overlayDivW=481, overlayDivH=623, overlayDivTransform=none, overlayContentTransform=none
[App-Debug p1] PAL render — pageSize={w:612, h:792}, layerScale=0.78595, measuredPageScale=0.78595, committedPageScale=0.78595, legacyCommitCompensationPending=false, legacyCommitCompensationScale=1, overlayContentTransformScale=1, storedOverlayTransformScale=1, syncfusionViewerScale=0.59, overlayDiv=true, overlayDivW=481, overlayDivH=623, overlayDivTransform=none, overlayContentTransform=none
[SVG p1] render — 2 objs, viewBox=612x792
[App-Debug p1] PAL render — pageSize={w:612, h:792}, layerScale=0.78595, measuredPageScale=0.78595, committedPageScale=0.78595, legacyCommitCompensationPending=false, legacyCommitCompensationScale=1, overlayContentTransformScale=1, storedOverlayTransformScale=1, syncfusionViewerScale=0.59, overlayDiv=true, overlayDivW=481, overlayDivH=623, overlayDivTransform=none, overlayContentTransform=none
[SVG p1] render — 2 objs, viewBox=612x792
[App-Debug p1] PAL render — pageSize={w:612, h:792}, layerScale=0.78595, measuredPageScale=0.78595, committedPageScale=0.78595, legacyCommitCompensationPending=false, legacyCommitCompensationScale=1, overlayContentTransformScale=1, storedOverlayTransformScale=1, syncfusionViewerScale=0.59, overlayDiv=true, overlayDivW=481, overlayDivH=623, overlayDivTransform=none, overlayContentTransform=none
[App-Debug p1] PAL render — pageSize={w:612, h:792}, layerScale=0.78595, measuredPageScale=0.78595, committedPageScale=0.78595, legacyCommitCompensationPending=false, legacyCommitCompensationScale=1, overlayContentTransformScale=1, storedOverlayTransformScale=1, syncfusionViewerScale=0.59, overlayDiv=true, overlayDivW=481, overlayDivH=623, overlayDivTransform=none, overlayContentTransform=none
[SVG p1] render — 2 objs, viewBox=612x792
[SVG p1] render — 2 objs, viewBox=612x792
[SVG p1] render — 2 objs, viewBox=612x792
[SVG p1] render — 2 objs, viewBox=612x792
[SVG p1] render — 2 objs, viewBox=612x792
[SVG p1] render — 2 objs, viewBox=612x792
[SVG p1] render — 2 objs, viewBox=612x792
[App-Debug p1] PAL render — pageSize={w:612, h:792}, layerScale=0.78595, measuredPageScale=0.78595, committedPageScale=0.78595, legacyCommitCompensationPending=false, legacyCommitCompensationScale=1, overlayContentTransformScale=1, storedOverlayTransformScale=1, syncfusionViewerScale=0.59, overlayDiv=true, overlayDivW=481, overlayDivH=623, overlayDivTransform=none, overlayContentTransform=none
[SVG p1] render — 2 objs, viewBox=612x792
[App-Debug p1] PAL render — pageSize={w:612, h:792}, layerScale=0.78595, measuredPageScale=0.78595, committedPageScale=0.78595, legacyCommitCompensationPending=false, legacyCommitCompensationScale=1, overlayContentTransformScale=1, storedOverlayTransformScale=1, syncfusionViewerScale=0.59, overlayDiv=true, overlayDivW=481, overlayDivH=623, overlayDivTransform=none, overlayContentTransform=none
[App-Debug p1] PAL render — pageSize={w:612, h:792}, layerScale=0.78595, measuredPageScale=0.78595, committedPageScale=0.78595, legacyCommitCompensationPending=false, legacyCommitCompensationScale=1, overlayContentTransformScale=1, storedOverlayTransformScale=1, syncfusionViewerScale=0.59, overlayDiv=true, overlayDivW=481, overlayDivH=623, overlayDivTransform=none, overlayContentTransform=none
[SVG p1] render — 2 objs, viewBox=612x792
[App-Debug p1] PAL render — pageSize={w:612, h:792}, layerScale=0.78595, measuredPageScale=0.78595, committedPageScale=0.78595, legacyCommitCompensationPending=false, legacyCommitCompensationScale=1, overlayContentTransformScale=1, storedOverlayTransformScale=1, syncfusionViewerScale=0.59, overlayDiv=true, overlayDivW=481, overlayDivH=623, overlayDivTransform=none, overlayContentTransform=none
[SVG p1] render — 2 objs, viewBox=612x792
[App-Debug p1] PAL render — pageSize={w:612, h:792}, layerScale=0.78595, measuredPageScale=0.78595, committedPageScale=0.78595, legacyCommitCompensationPending=false, legacyCommitCompensationScale=1, overlayContentTransformScale=1, storedOverlayTransformScale=1, syncfusionViewerScale=0.59, overlayDiv=true, overlayDivW=481, overlayDivH=623, overlayDivTransform=none, overlayContentTransform=none
[App-Debug p1] PAL render — pageSize={w:612, h:792}, layerScale=0.78595, measuredPageScale=0.78595, committedPageScale=0.78595, legacyCommitCompensationPending=false, legacyCommitCompensationScale=1, overlayContentTransformScale=1, storedOverlayTransformScale=1, syncfusionViewerScale=0.59, overlayDiv=true, overlayDivW=481, overlayDivH=623, overlayDivTransform=none, overlayContentTransform=none
[SVG p1] render — 2 objs, viewBox=612x792
[App-Debug p1] PAL render — pageSize={w:612, h:792}, layerScale=0.78595, measuredPageScale=0.78595, committedPageScale=0.78595, legacyCommitCompensationPending=false, legacyCommitCompensationScale=1, overlayContentTransformScale=1, storedOverlayTransformScale=1, syncfusionViewerScale=0.59, overlayDiv=true, overlayDivW=481, overlayDivH=623, overlayDivTransform=none, overlayContentTransform=none
[CTXDIAG mousedown-right] {"phase":"mousedown-right","type":"mousedown","button":2,"which":3,"buttons":2,"ctrlKey":false,"metaKey":false,"shiftKey":false,"altKey":false,"clientX":903,"clientY":56,"defaultPrevented":false,"target":"<div>","currentTarget":"[object HTMLDocument]","pathDepth":10,"pathSummary":"<div> → <div> → <div> → <div> → <div> → <div#root> → <body> → <html>"}
[CTXDIAG capture] {"phase":"capture","type":"contextmenu","button":2,"which":3,"buttons":0,"ctrlKey":false,"metaKey":false,"shiftKey":false,"altKey":false,"clientX":903,"clientY":56,"defaultPrevented":false,"target":"<div>","currentTarget":"[object HTMLDocument]","pathDepth":10,"pathSummary":"<div> → <div> → <div> → <div> → <div> → <div#root> → <body> → <html>"}
[CTXDIAG capture stack-at-point] ["0:<div>","1:<div>","2:<div>","3:<input>","4:<div>","5:<div>","6:<div>","7:<div>","8:<div>","9:<div>"]
[CTXDIAG dispatch] page=null annoIdx=null calloutId=null kind=page groupIndices=0 handler=true source=app registered=[]
[App-Debug p1] PAL render — pageSize={w:612, h:792}, layerScale=0.78595, measuredPageScale=0.78595, committedPageScale=0.78595, legacyCommitCompensationPending=false, legacyCommitCompensationScale=1, overlayContentTransformScale=1, storedOverlayTransformScale=1, syncfusionViewerScale=0.59, overlayDiv=true, overlayDivW=481, overlayDivH=623, overlayDivTransform=none, overlayContentTransform=none
[SVG p1] render — 2 objs, viewBox=612x792
[App-Debug p1] PAL render — pageSize={w:612, h:792}, layerScale=0.78595, measuredPageScale=0.78595, committedPageScale=0.78595, legacyCommitCompensationPending=false, legacyCommitCompensationScale=1, overlayContentTransformScale=1, storedOverlayTransformScale=1, syncfusionViewerScale=0.59, overlayDiv=true, overlayDivW=481, overlayDivH=623, overlayDivTransform=none, overlayContentTransform=none
[App-Debug p1] PAL render — pageSize={w:612, h:792}, layerScale=0.78595, measuredPageScale=0.78595, committedPageScale=0.78595, legacyCommitCompensationPending=false, legacyCommitCompensationScale=1, overlayContentTransformScale=1, storedOverlayTransformScale=1, syncfusionViewerScale=0.59, overlayDiv=true, overlayDivW=481, overlayDivH=623, overlayDivTransform=none, overlayContentTransform=none
[SVG p1] render — 2 objs, viewBox=612x792
[App-Debug p1] PAL render — pageSize={w:612, h:792}, layerScale=0.78595, measuredPageScale=0.78595, committedPageScale=0.78595, legacyCommitCompensationPending=false, legacyCommitCompensationScale=1, overlayContentTransformScale=1, storedOverlayTransformScale=1, syncfusionViewerScale=0.59, overlayDiv=true, overlayDivW=481, overlayDivH=623, overlayDivTransform=none, overlayContentTransform=none
[SVG p1] render — 2 objs, viewBox=612x792
[App-Debug p1] PAL render — pageSize={w:612, h:792}, layerScale=0.78595, measuredPageScale=0.78595, committedPageScale=0.78595, legacyCommitCompensationPending=false, legacyCommitCompensationScale=1, overlayContentTransformScale=1, storedOverlayTransformScale=1, syncfusionViewerScale=0.59, overlayDiv=true, overlayDivW=481, overlayDivH=623, overlayDivTransform=none, overlayContentTransform=none
[App-Debug p1] PAL render — pageSize={w:612, h:792}, layerScale=0.78595, measuredPageScale=0.78595, committedPageScale=0.78595, legacyCommitCompensationPending=false, legacyCommitCompensationScale=1, overlayContentTransformScale=1, storedOverlayTransformScale=1, syncfusionViewerScale=0.59, overlayDiv=true, overlayDivW=481, overlayDivH=623, overlayDivTransform=none, overlayContentTransform=none
[SVG p1] render — 2 objs, viewBox=612x792
[App-Debug p1] PAL render — pageSize={w:612, h:792}, layerScale=0.78595, measuredPageScale=0.78595, committedPageScale=0.78595, legacyCommitCompensationPending=false, legacyCommitCompensationScale=1, overlayContentTransformScale=1, storedOverlayTransformScale=1, syncfusionViewerScale=0.59, overlayDiv=true, overlayDivW=481, overlayDivH=623, overlayDivTransform=none, overlayContentTransform=none
[CTXDIAG mousedown-right] {"phase":"mousedown-right","type":"mousedown","button":2,"which":3,"buttons":2,"ctrlKey":false,"metaKey":false,"shiftKey":false,"altKey":false,"clientX":950,"clientY":199,"defaultPrevented":false,"target":"<canvas#syncfusion-pdf-viewer-tab-1777169615444-1l2kt4hta_annotationCanvas_0.e-pv-annotation-canvas>","currentTarget":"[object HTMLDocument]","pathDepth":19,"pathSummary":"<canvas#syncfusion-pdf-viewer-tab-1777169615444-1l2kt4hta_annotationCanvas_0.e-pv-annotation-canvas> → <div#syncfusion-pdf-viewer-tab-1777169615444-1l2kt4hta_pageDiv_0.e-pv-page-div> → <div#syncfusion-pdf-viewer-tab-1777169615444-1l2kt4hta_pageViewContainer.e-pv-page-container> → <div#syncfusion-pdf-viewer-tab-1777169615444-1l2kt4hta_viewerContainer.e-pv-viewer-container.e-disable-text-selection> → <div#syncfusion-pdf-viewer-tab-1777169615444-1l2kt4hta_viewerMainContainer.e-pv-viewer-main-container> → <div#syncfusion-pdf-viewer-tab-1777169615444-1l2kt4hta_mainContainer.e-pv-main-container> → <div#syncfusion-pdf-viewer-tab-1777169615444-1l2kt4hta.e-control.e-pdfviewer> → <div.syncfusion-renderer-only>"}
[CTXDIAG capture] {"phase":"capture","type":"contextmenu","button":2,"which":3,"buttons":0,"ctrlKey":false,"metaKey":false,"shiftKey":false,"altKey":false,"clientX":950,"clientY":199,"defaultPrevented":false,"target":"<canvas#syncfusion-pdf-viewer-tab-1777169615444-1l2kt4hta_annotationCanvas_0.e-pv-annotation-canvas>","currentTarget":"[object HTMLDocument]","pathDepth":19,"pathSummary":"<canvas#syncfusion-pdf-viewer-tab-1777169615444-1l2kt4hta_annotationCanvas_0.e-pv-annotation-canvas> → <div#syncfusion-pdf-viewer-tab-1777169615444-1l2kt4hta_pageDiv_0.e-pv-page-div> → <div#syncfusion-pdf-viewer-tab-1777169615444-1l2kt4hta_pageViewContainer.e-pv-page-container> → <div#syncfusion-pdf-viewer-tab-1777169615444-1l2kt4hta_viewerContainer.e-pv-viewer-container.e-disable-text-selection> → <div#syncfusion-pdf-viewer-tab-1777169615444-1l2kt4hta_viewerMainContainer.e-pv-viewer-main-container> → <div#syncfusion-pdf-viewer-tab-1777169615444-1l2kt4hta_mainContainer.e-pv-main-container> → <div#syncfusion-pdf-viewer-tab-1777169615444-1l2kt4hta.e-control.e-pdfviewer> → <div.syncfusion-renderer-only>"}
[CTXDIAG capture stack-at-point] ["0:<canvas#syncfusion-pdf-viewer-tab-1777169615444-1l2kt4hta_annotationCanvas_0.e-pv-annotation-canvas>","1:<div#syncfusion-pdf-viewer-tab-1777169615444-1l2kt4hta_pageViewContainer.e-pv-page-container>","2:<div#syncfusion-pdf-viewer-tab-1777169615444-1l2kt4hta_viewerContainer.e-pv-viewer-container.e-disable-text-selection>","3:<div#syncfusion-pdf-viewer-tab-1777169615444-1l2kt4hta_viewerMainContainer.e-pv-viewer-main-container>","4:<div#syncfusion-pdf-viewer-tab-1777169615444-1l2kt4hta_mainContainer.e-pv-main-container>","5:<div#syncfusion-pdf-viewer-tab-1777169615444-1l2kt4hta.e-control.e-pdfviewer>","6:<div.syncfusion-renderer-only>","7:<div>","8:<div>","9:<div>"]
[CTXDIAG dispatch] page=1 annoIdx=null calloutId=null kind=page groupIndices=0 handler=true source=app registered=[]
[App-Debug p1] PAL render — pageSize={w:612, h:792}, layerScale=0.78595, measuredPageScale=0.78595, committedPageScale=0.78595, legacyCommitCompensationPending=false, legacyCommitCompensationScale=1, overlayContentTransformScale=1, storedOverlayTransformScale=1, syncfusionViewerScale=0.59, overlayDiv=true, overlayDivW=481, overlayDivH=623, overlayDivTransform=none, overlayContentTransform=none
[SVG p1] render — 2 objs, viewBox=612x792
[App-Debug p1] PAL render — pageSize={w:612, h:792}, layerScale=0.78595, measuredPageScale=0.78595, committedPageScale=0.78595, legacyCommitCompensationPending=false, legacyCommitCompensationScale=1, overlayContentTransformScale=1, storedOverlayTransformScale=1, syncfusionViewerScale=0.59, overlayDiv=true, overlayDivW=481, overlayDivH=623, overlayDivTransform=none, overlayContentTransform=none
[App-Debug p1] PAL render — pageSize={w:612, h:792}, layerScale=0.78595, measuredPageScale=0.78595, committedPageScale=0.78595, legacyCommitCompensationPending=false, legacyCommitCompensationScale=1, overlayContentTransformScale=1, storedOverlayTransformScale=1, syncfusionViewerScale=0.59, overlayDiv=true, overlayDivW=481, overlayDivH=623, overlayDivTransform=none, overlayContentTransform=none
[SVG p1] render — 2 objs, viewBox=612x792
[App-Debug p1] PAL render — pageSize={w:612, h:792}, layerScale=0.78595, measuredPageScale=0.78595, committedPageScale=0.78595, legacyCommitCompensationPending=false, legacyCommitCompensationScale=1, overlayContentTransformScale=1, storedOverlayTransformScale=1, syncfusionViewerScale=0.59, overlayDiv=true, overlayDivW=481, overlayDivH=623, overlayDivTransform=none, overlayContentTransform=none
[SVG p1] render — 2 objs, viewBox=612x792
[App-Debug p1] PAL render — pageSize={w:612, h:792}, layerScale=0.78595, measuredPageScale=0.78595, committedPageScale=0.78595, legacyCommitCompensationPending=false, legacyCommitCompensationScale=1, overlayContentTransformScale=1, storedOverlayTransformScale=1, syncfusionViewerScale=0.59, overlayDiv=true, overlayDivW=481, overlayDivH=623, overlayDivTransform=none, overlayContentTransform=none
[App-Debug p1] PAL render — pageSize={w:612, h:792}, layerScale=0.78595, measuredPageScale=0.78595, committedPageScale=0.78595, legacyCommitCompensationPending=false, legacyCommitCompensationScale=1, overlayContentTransformScale=1, storedOverlayTransformScale=1, syncfusionViewerScale=0.59, overlayDiv=true, overlayDivW=481, overlayDivH=623, overlayDivTransform=none, overlayContentTransform=none
[SVG p1] render — 2 objs, viewBox=612x792
[App-Debug p1] PAL render — pageSize={w:612, h:792}, layerScale=0.78595, measuredPageScale=0.78595, committedPageScale=0.78595, legacyCommitCompensationPending=false, legacyCommitCompensationScale=1, overlayContentTransformScale=1, storedOverlayTransformScale=1, syncfusionViewerScale=0.59, overlayDiv=true, overlayDivW=481, overlayDivH=623, overlayDivTransform=none, overlayContentTransform=none