===== SurveyApp Save Log =====
version:   0.1.30
runtime:   desktop-installer
platform:  desktop
device:    Windows PC
os:        Windows 10.0
screen:    1536x960 @1.25x
viewport:  1186x743
locale:    en-US
timestamp: 2026-04-26T00:46:27.112Z (4/25/2026, 8:46:27 PM)
==============================
[dev-auto-login] boot {"hasDevEmail":false,"devEmailHint":null,"hasDevPassword":false,"hasCachedSession":true,"cachedSessionEmail":"isaiahcalvo123@gmail.com","cachedSessionExpiresAt":1777165694}
[dev-auto-login] decision {"needsAutoLogin":false,"willAttemptSignIn":false}
[CloudSync][hook] session id minted {"sessionId":"bca428b6-51bb-450f-b9ba-c066a5c1c15a"}
[AnnotPerf] finalize idle (forced-reset) — deferring CSS transform removal, waiting for PAL confirmation
[CloudSync][hook] hydrate effect fired {"enabled":false,"documentId":"1a7f57f8-3796-470e-afd2-f38919a873b3","userId":"170d915c-5741-4e0b-b03f-deaeedae27bd","pdfId":null}
[CloudSync][hook] hydrate skipped — missing prerequisite {"enabled":false,"hasDocumentId":true,"hasUserId":true,"hasPdfId":false}
[CSeries wipe] doc=sync-test.pdf-2489 totalCounters=0 legacyRemoved=0 — nothing to wipe.
[PrintPanel] mount — binding Cmd/Ctrl+P listeners. electronAPI available: true onPrintPdf available: true
[CloudSync][hook] hydrate effect fired {"enabled":false,"documentId":"1a7f57f8-3796-470e-afd2-f38919a873b3","userId":"170d915c-5741-4e0b-b03f-deaeedae27bd","pdfId":"sync-test.pdf-2489"}
[CloudSync][hook] hydrate skipped — missing prerequisite {"enabled":false,"hasDocumentId":true,"hasUserId":true,"hasPdfId":true}
[ZoomLive svg p1] {"interactionPhase":"idle","zoomOverlayTransformActive":true,"viewerScale":1.33333,"measuredScale":1.33333,"committedScale":0,"overlayTransform":"none","overlayTransformScale":1,"pageHostRect":null,"overlayLayerRect":null,"overlayContentRect":null,"legacyCompensationRect":null,"legacyCompensationTransform":"none","palRootRect":null,"canvasContainerRect":null,"palCanvasRect":null,"regionRootRect":null,"regionSvgRect":null,"regionScreenWidth":0,"regionScreenHeight":0,"svgLayerRect":null,"activeSpaceId":null,"activeRegionId":null,"showRegionSelection":false}
[PrintPanel] mount — binding Cmd/Ctrl+P listeners. electronAPI available: true onPrintPdf available: true
[PrintPanel] mount — binding Cmd/Ctrl+P listeners. electronAPI available: true onPrintPdf available: true
[PrintPanel] mount — binding Cmd/Ctrl+P listeners. electronAPI available: true onPrintPdf available: true
[PrintPanel] RENDER — panel closed
[CloudSync][hook] hydrate effect fired {"enabled":true,"documentId":"1a7f57f8-3796-470e-afd2-f38919a873b3","userId":"170d915c-5741-4e0b-b03f-deaeedae27bd","pdfId":"sync-test.pdf-2489"}
[CloudSync][hook] stage=hydrating
[CloudSync][hydrate] loadAllNonHighlightAnnotations start {"documentId":"1a7f57f8-3796-470e-afd2-f38919a873b3"}
[CloudSync][hook] fabric push skipped — not hydrated yet
[CloudSync][hook] callout push skipped — not hydrated yet
[CloudSync][realtime] subscribing {"documentId":"1a7f57f8-3796-470e-afd2-f38919a873b3","currentUserId":"170d915c-5741-4e0b-b03f-deaeedae27bd","currentSessionId":"bca428b6-51bb-450f-b9ba-c066a5c1c15a","hasFabricInsert":true,"hasFabricUpdate":true,"hasFabricDelete":true,"hasCalloutInsert":true,"hasCalloutUpdate":true,"hasCalloutDelete":true}
[ZoomLive svg p1] {"interactionPhase":"idle","zoomOverlayTransformActive":true,"viewerScale":0.1,"measuredScale":0.1,"committedScale":1.33333,"overlayTransform":"none","overlayTransformScale":1,"pageHostRect":{"w":816,"h":1056,"left":204,"top":86.4},"overlayLayerRect":null,"overlayContentRect":null,"legacyCompensationRect":null,"legacyCompensationTransform":"none","palRootRect":null,"canvasContainerRect":null,"palCanvasRect":null,"regionRootRect":null,"regionSvgRect":null,"regionScreenWidth":0,"regionScreenHeight":0,"svgLayerRect":null,"activeSpaceId":null,"activeRegionId":null,"showRegionSelection":false}
[CloudSync][hydrate] loadAllNonHighlightAnnotations ok {"elapsedMs":193,"totalRows":0,"rowsByType":{},"pagesWithObjects":0,"calloutCount":0}
[CloudSync][hook] stage=migrating (one-time local→cloud push)
[CloudSync][hook] hydrate+migrate complete — push gate OPEN {"migrationPushed":0}
[CloudSync][realtime] subscribe status {"status":"SUBSCRIBED","error":null}
[CloudSync][hydrate] loadAllNonHighlightAnnotations start {"documentId":"1a7f57f8-3796-470e-afd2-f38919a873b3"}
[CloudSync][hydrate] loadAllNonHighlightAnnotations ok {"elapsedMs":109,"totalRows":0,"rowsByType":{},"pagesWithObjects":0,"calloutCount":0}
[CloudSync][hook] post-subscribe catch-up rehydrate complete {"pagesFromCloud":0,"calloutsFromCloud":0}
[ZoomLive svg p1] {"interactionPhase":"idle","zoomOverlayTransformActive":true,"viewerScale":0.79,"measuredScale":1.05392,"committedScale":1.05392,"overlayTransform":"none","overlayTransformScale":1,"pageHostRect":{"w":644.638,"h":834.237,"left":289.675,"top":84.713},"overlayLayerRect":null,"overlayContentRect":null,"legacyCompensationRect":null,"legacyCompensationTransform":"none","palRootRect":null,"canvasContainerRect":null,"palCanvasRect":null,"regionRootRect":null,"regionSvgRect":null,"regionScreenWidth":0,"regionScreenHeight":0,"svgLayerRect":null,"activeSpaceId":null,"activeRegionId":null,"showRegionSelection":false}
[ZoomLive svg p1] {"interactionPhase":"idle","zoomOverlayTransformActive":true,"viewerScale":0.59,"measuredScale":0.78595,"committedScale":0.78595,"overlayTransform":"none","overlayTransformScale":1,"pageHostRect":{"w":481.438,"h":623.038,"left":371.275,"top":83.113},"overlayLayerRect":null,"overlayContentRect":null,"legacyCompensationRect":null,"legacyCompensationTransform":"none","palRootRect":null,"canvasContainerRect":null,"palCanvasRect":null,"regionRootRect":null,"regionSvgRect":null,"regionScreenWidth":0,"regionScreenHeight":0,"svgLayerRect":null,"activeSpaceId":null,"activeRegionId":null,"showRegionSelection":false}
[ZoomLive svg p1] {"interactionPhase":"idle","zoomOverlayTransformActive":true,"viewerScale":0.59,"measuredScale":0.78595,"committedScale":0.78595,"overlayTransform":"none","overlayTransformScale":1,"pageHostRect":{"w":481.438,"h":623.038,"left":371.275,"top":83.113},"overlayLayerRect":null,"overlayContentRect":null,"legacyCompensationRect":null,"legacyCompensationTransform":"none","palRootRect":null,"canvasContainerRect":null,"palCanvasRect":null,"regionRootRect":null,"regionSvgRect":null,"regionScreenWidth":0,"regionScreenHeight":0,"svgLayerRect":null,"activeSpaceId":null,"activeRegionId":null,"showRegionSelection":false}
[HyperlinkDiag] post-load scan {"hyperlinkCount":0,"samples":[]}
[HyperlinkDiag] page 1 layers {"hyperlinkChildren":0,"layerClasses":["DIV","e-spinner-pane e-spin-show","e-pv-page-canvas","DIV","e-pv-annotation-canvas","e-pv-text-layer"]}
[HyperlinkDiag] page 2 layers {"hyperlinkChildren":0,"layerClasses":["DIV","e-spinner-pane e-spin-show","e-pv-page-canvas","DIV","e-pv-annotation-canvas","e-pv-text-layer"]}
[HyperlinkDiag] page 3 layers {"hyperlinkChildren":0,"layerClasses":["DIV","e-spinner-pane e-spin-show","e-pv-page-canvas","DIV","e-pv-annotation-canvas","e-pv-text-layer"]}
[ZoomLive svg p1] {"interactionPhase":"idle","zoomOverlayTransformActive":true,"viewerScale":0.59,"measuredScale":0.78595,"committedScale":0.78595,"overlayTransform":"none","overlayTransformScale":1,"pageHostRect":{"w":481.438,"h":623.038,"left":371.275,"top":83.113},"overlayLayerRect":null,"overlayContentRect":null,"legacyCompensationRect":null,"legacyCompensationTransform":"none","palRootRect":null,"canvasContainerRect":null,"palCanvasRect":null,"regionRootRect":null,"regionSvgRect":null,"regionScreenWidth":0,"regionScreenHeight":0,"svgLayerRect":null,"activeSpaceId":null,"activeRegionId":null,"showRegionSelection":false}
[ZoomLive svg p1] {"interactionPhase":"idle","zoomOverlayTransformActive":true,"viewerScale":0.59,"measuredScale":0.78595,"committedScale":0.78595,"overlayTransform":"none","overlayTransformScale":1,"pageHostRect":{"w":481.438,"h":623.038,"left":371.275,"top":83.113},"overlayLayerRect":null,"overlayContentRect":null,"legacyCompensationRect":null,"legacyCompensationTransform":"none","palRootRect":null,"canvasContainerRect":null,"palCanvasRect":null,"regionRootRect":null,"regionSvgRect":null,"regionScreenWidth":0,"regionScreenHeight":0,"svgLayerRect":null,"activeSpaceId":null,"activeRegionId":null,"showRegionSelection":false}
[CloudSync][realtime] applying INSERT fabric {"highlightId":"ink-1777164362923-5zadylw42","annotationType":"ink","pageNumber":1,"lastModifiedBy":"170d915c-5741-4e0b-b03f-deaeedae27bd"}
[CloudSync][realtime] applying INSERT fabric {"highlightId":"square-1777164362923-kzh8lbkqh","annotationType":"square","pageNumber":1,"lastModifiedBy":"170d915c-5741-4e0b-b03f-deaeedae27bd"}
[CloudSync][realtime] applying INSERT fabric {"highlightId":"circle-1777164362923-kxcxk6rxt","annotationType":"circle","pageNumber":1,"lastModifiedBy":"170d915c-5741-4e0b-b03f-deaeedae27bd"}
[App-Debug p1] PAL render — pageSize={w:612, h:792}, layerScale=0.78595, measuredPageScale=0.78595, committedPageScale=0.78595, legacyCommitCompensationPending=false, legacyCommitCompensationScale=1, overlayContentTransformScale=1, storedOverlayTransformScale=1, syncfusionViewerScale=0.59, overlayDiv=true, overlayDivW=481, overlayDivH=623, overlayDivTransform=none, overlayContentTransform=none
[SVG p1] render — 3 objs, viewBox=612x792
[SVGAnnotationLayer] setRotInputVisible(false) reason=selectedIds.size !== 1
[SVG p1] MOUNT — 3 annotations, 1 callouts, viewBox=612x792
[App-Debug p1] PAL render — pageSize={w:612, h:792}, layerScale=0.78595, measuredPageScale=0.78595, committedPageScale=0.78595, legacyCommitCompensationPending=false, legacyCommitCompensationScale=1, overlayContentTransformScale=1, storedOverlayTransformScale=1, syncfusionViewerScale=0.59, overlayDiv=true, overlayDivW=481, overlayDivH=623, overlayDivTransform=none, overlayContentTransform=none
[SVG p1] render — 3 objs, viewBox=612x792
[CloudSync][realtime] applying INSERT fabric {"highlightId":"line-1777164362923-sorc6abtw","annotationType":"line","pageNumber":1,"lastModifiedBy":"170d915c-5741-4e0b-b03f-deaeedae27bd"}
[CloudSync][realtime] applying INSERT fabric {"highlightId":"freetext-1777164362923-aourg59ke","annotationType":"freetext","pageNumber":1,"lastModifiedBy":"170d915c-5741-4e0b-b03f-deaeedae27bd"}
[CloudSync][realtime] applying INSERT fabric {"highlightId":"line-1777164362923-z8g2un7f5","annotationType":"line","pageNumber":1,"lastModifiedBy":"170d915c-5741-4e0b-b03f-deaeedae27bd"}
[CloudSync][realtime] applying INSERT fabric {"highlightId":"ink-1777164362923-jgf69uhc9","annotationType":"ink","pageNumber":1,"lastModifiedBy":"170d915c-5741-4e0b-b03f-deaeedae27bd"}
[CloudSync][realtime] applying UPDATE fabric {"highlightId":"ink-1777154208694-6nt53ec1s","annotationType":"ink","pageNumber":1,"lastModifiedBy":"170d915c-5741-4e0b-b03f-deaeedae27bd"}
[App-Debug p1] PAL render — pageSize={w:612, h:792}, layerScale=0.78595, measuredPageScale=0.78595, committedPageScale=0.78595, legacyCommitCompensationPending=false, legacyCommitCompensationScale=1, overlayContentTransformScale=1, storedOverlayTransformScale=1, syncfusionViewerScale=0.59, overlayDiv=true, overlayDivW=481, overlayDivH=623, overlayDivTransform=none, overlayContentTransform=none
[LineBboxDiag] renderLine {"ts":"2026-04-26T00:46:03.583Z","objId":null,"index":3,"objType":"line","tool":"line","isArrow":false,"angle":0,"hasMidpoint":false,"dataMidpoint":null,"storageSnapshot":{"left":67.79,"top":356.69,"width":102.19,"height":83.1,"x1":-51.09357798165138,"y1":-41.54862385321101,"x2":51.09357798165138,"y2":41.54862385321101},"specKind":"straight","specLine":{"x1":67.79142201834863,"y1":356.691376146789,"x2":169.97857798165137,"y2":439.788623853211},"specArrowheadKind":"none","rotationApplied":false,"pivotDiag":null}
[LineBboxDiag] renderLine {"ts":"2026-04-26T00:46:03.584Z","objId":null,"index":5,"objType":"line","tool":"arrow","isArrow":true,"angle":0,"hasMidpoint":false,"dataMidpoint":null,"storageSnapshot":{"left":204.79,"top":362.3,"width":101.06,"height":83.1,"x1":-50.53211009174312,"y1":-41.54862385321101,"x2":50.53211009174312,"y2":41.54862385321101},"specKind":"straight","specLine":{"x1":204.7878899082569,"y1":362.30137614678904,"x2":303.7923087957672,"y2":443.7050094542975},"specArrowheadKind":"solidTriangle","rotationApplied":false,"pivotDiag":null}
[SVG p1] render — 8 objs, viewBox=612x792
console.warn @ [LineBboxDiag] getLineBBox log failed {}
console.warn @ [LineBboxDiag] getLineBBox log failed {}
[SVG p1] MOUNT — 8 annotations, 1 callouts, viewBox=612x792
[CloudSync][realtime] applying UPDATE fabric {"highlightId":"ink-1777154230798-9atm1sswo","annotationType":"ink","pageNumber":1,"lastModifiedBy":"170d915c-5741-4e0b-b03f-deaeedae27bd"}
[CloudSync][realtime] applying UPDATE fabric {"highlightId":"counter-1777154230798-18ml7yaxg","annotationType":"counter","pageNumber":1,"lastModifiedBy":"170d915c-5741-4e0b-b03f-deaeedae27bd"}
[CloudSync][realtime] applying UPDATE fabric {"highlightId":"ink-1777154208694-xthxr426i","annotationType":"ink","pageNumber":1,"lastModifiedBy":"170d915c-5741-4e0b-b03f-deaeedae27bd"}
[CloudSync][realtime] applying UPDATE fabric {"highlightId":"ink-1777154230798-wujyh5siz","annotationType":"ink","pageNumber":1,"lastModifiedBy":"170d915c-5741-4e0b-b03f-deaeedae27bd"}
[CloudSync][realtime] applying UPDATE fabric {"highlightId":"circle-1777154230798-a26ltt27n","annotationType":"circle","pageNumber":1,"lastModifiedBy":"170d915c-5741-4e0b-b03f-deaeedae27bd"}
[CloudSync][realtime] applying UPDATE fabric {"highlightId":"square-1777154230798-qzf2ufdic","annotationType":"square","pageNumber":1,"lastModifiedBy":"170d915c-5741-4e0b-b03f-deaeedae27bd"}
[CloudSync][realtime] applying UPDATE fabric {"highlightId":"line-1777154208694-2baibnmma","annotationType":"line","pageNumber":1,"lastModifiedBy":"170d915c-5741-4e0b-b03f-deaeedae27bd"}
[CloudSync][realtime] applying UPDATE fabric {"highlightId":"freetext-1777154208694-9d7dw6tq3","annotationType":"freetext","pageNumber":1,"lastModifiedBy":"170d915c-5741-4e0b-b03f-deaeedae27bd"}
[CloudSync][realtime] applying UPDATE fabric {"highlightId":"square-1777154208694-qs29kbc66","annotationType":"square","pageNumber":1,"lastModifiedBy":"170d915c-5741-4e0b-b03f-deaeedae27bd"}
[CloudSync][realtime] applying UPDATE fabric {"highlightId":"line-1777154230798-7e76o6gij","annotationType":"line","pageNumber":1,"lastModifiedBy":"170d915c-5741-4e0b-b03f-deaeedae27bd"}
[CloudSync][realtime] applying UPDATE fabric {"highlightId":"freetext-1777154230798-q9h8hus6e","annotationType":"freetext","pageNumber":1,"lastModifiedBy":"170d915c-5741-4e0b-b03f-deaeedae27bd"}
[CloudSync][realtime] applying UPDATE fabric {"highlightId":"ink-1777154245506-t9p2evaxo","annotationType":"ink","pageNumber":1,"lastModifiedBy":"170d915c-5741-4e0b-b03f-deaeedae27bd"}
[CloudSync][realtime] applying UPDATE fabric {"highlightId":"circle-1777154208694-frp9tlhqd","annotationType":"circle","pageNumber":1,"lastModifiedBy":"170d915c-5741-4e0b-b03f-deaeedae27bd"}
[CloudSync][realtime] applying UPDATE fabric {"highlightId":"line-1777154208694-nke7ofswa","annotationType":"line","pageNumber":1,"lastModifiedBy":"170d915c-5741-4e0b-b03f-deaeedae27bd"}
[CloudSync][realtime] applying UPDATE fabric {"highlightId":"line-1777154230798-v8xzwcc23","annotationType":"line","pageNumber":1,"lastModifiedBy":"170d915c-5741-4e0b-b03f-deaeedae27bd"}
[App-Debug p1] PAL render — pageSize={w:612, h:792}, layerScale=0.78595, measuredPageScale=0.78595, committedPageScale=0.78595, legacyCommitCompensationPending=false, legacyCommitCompensationScale=1, overlayContentTransformScale=1, storedOverlayTransformScale=1, syncfusionViewerScale=0.59, overlayDiv=true, overlayDivW=481, overlayDivH=623, overlayDivTransform=none, overlayContentTransform=none
[Counter SVG p1] dispatching renderCounter — i=9, displayNumber=1, fill=#ef4444, numberColor=unset, left=469.29, top=462.37, radius=14
[LineBboxDiag] renderLine {"ts":"2026-04-26T00:46:03.592Z","objId":null,"index":14,"objType":"line","tool":"line","isArrow":false,"angle":0,"hasMidpoint":false,"dataMidpoint":null,"storageSnapshot":{"left":67.79,"top":356.69,"width":102.19,"height":83.1,"x1":-51.09357798165138,"y1":-41.54862385321101,"x2":51.09357798165138,"y2":41.54862385321101},"specKind":"straight","specLine":{"x1":67.79142201834863,"y1":356.691376146789,"x2":169.97857798165137,"y2":439.788623853211},"specArrowheadKind":"none","rotationApplied":false,"pivotDiag":null}
[LineBboxDiag] renderLine {"ts":"2026-04-26T00:46:03.592Z","objId":null,"index":17,"objType":"line","tool":"line","isArrow":false,"angle":0,"hasMidpoint":false,"dataMidpoint":null,"storageSnapshot":{"left":67.79,"top":356.69,"width":102.19,"height":83.1,"x1":-51.09357798165138,"y1":-41.54862385321101,"x2":51.09357798165138,"y2":41.54862385321101},"specKind":"straight","specLine":{"x1":67.79142201834863,"y1":356.691376146789,"x2":169.97857798165137,"y2":439.788623853211},"specArrowheadKind":"none","rotationApplied":false,"pivotDiag":null}
[LineBboxDiag] renderLine {"ts":"2026-04-26T00:46:03.592Z","objId":null,"index":21,"objType":"line","tool":"arrow","isArrow":true,"angle":0,"hasMidpoint":false,"dataMidpoint":null,"storageSnapshot":{"left":204.79,"top":362.3,"width":101.06,"height":83.1,"x1":-50.53211009174312,"y1":-41.54862385321101,"x2":50.53211009174312,"y2":41.54862385321101},"specKind":"straight","specLine":{"x1":204.7878899082569,"y1":362.30137614678904,"x2":303.7923087957672,"y2":443.7050094542975},"specArrowheadKind":"solidTriangle","rotationApplied":false,"pivotDiag":null}
[LineBboxDiag] renderLine {"ts":"2026-04-26T00:46:03.592Z","objId":null,"index":22,"objType":"line","tool":"arrow","isArrow":true,"angle":0,"hasMidpoint":false,"dataMidpoint":null,"storageSnapshot":{"left":204.79,"top":362.3,"width":101.06,"height":83.1,"x1":-50.53211009174312,"y1":-41.54862385321101,"x2":50.53211009174312,"y2":41.54862385321101},"specKind":"straight","specLine":{"x1":204.7878899082569,"y1":362.30137614678904,"x2":303.7923087957672,"y2":443.7050094542975},"specArrowheadKind":"solidTriangle","rotationApplied":false,"pivotDiag":null}
[SVG p1] render — 23 objs, viewBox=612x792
console.warn @ [LineBboxDiag] getLineBBox log failed {}
console.warn @ [LineBboxDiag] getLineBBox log failed {}
console.warn @ [LineBboxDiag] getLineBBox log failed {}
console.warn @ [LineBboxDiag] getLineBBox log failed {}
[CloudSync][realtime] applying UPDATE fabric {"highlightId":"ink-1777154309060-ppce21fbp","annotationType":"ink","pageNumber":1,"lastModifiedBy":"170d915c-5741-4e0b-b03f-deaeedae27bd"}
[CloudSync][realtime] applying UPDATE fabric {"highlightId":"ink-1777154240981-5a7zpfdm9","annotationType":"ink","pageNumber":1,"lastModifiedBy":"170d915c-5741-4e0b-b03f-deaeedae27bd"}
[CloudSync][realtime] applying UPDATE fabric {"highlightId":"ink-1777154251770-gt0eystjt","annotationType":"ink","pageNumber":1,"lastModifiedBy":"170d915c-5741-4e0b-b03f-deaeedae27bd"}
[CloudSync][realtime] applying UPDATE fabric {"highlightId":"counter-1777154230798-urnt7nv4l","annotationType":"counter","pageNumber":1,"lastModifiedBy":"170d915c-5741-4e0b-b03f-deaeedae27bd"}
[CloudSync][realtime] applying UPDATE fabric {"highlightId":"counter-1777154257028-4lzcyilih","annotationType":"counter","pageNumber":1,"lastModifiedBy":"170d915c-5741-4e0b-b03f-deaeedae27bd"}
[CloudSync][realtime] applying UPDATE fabric {"highlightId":"ink-1777154331610-zhh0qv6dq","annotationType":"ink","pageNumber":1,"lastModifiedBy":"170d915c-5741-4e0b-b03f-deaeedae27bd"}
[CloudSync][realtime] applying UPDATE fabric {"highlightId":"counter-1777154230798-nmohcwpuv","annotationType":"counter","pageNumber":1,"lastModifiedBy":"170d915c-5741-4e0b-b03f-deaeedae27bd"}
[CloudSync][realtime] applying UPDATE fabric {"highlightId":"ink-1777163522964-jr3bi28ts","annotationType":"ink","pageNumber":1,"lastModifiedBy":"170d915c-5741-4e0b-b03f-deaeedae27bd"}
[CloudSync][realtime] applying UPDATE fabric {"highlightId":"ink-1777163518081-6zmfu762z","annotationType":"ink","pageNumber":1,"lastModifiedBy":"170d915c-5741-4e0b-b03f-deaeedae27bd"}
[CloudSync][realtime] applying UPDATE fabric {"highlightId":"ink-1777163527474-ta82g0v74","annotationType":"ink","pageNumber":1,"lastModifiedBy":"170d915c-5741-4e0b-b03f-deaeedae27bd"}
[CloudSync][realtime] applying INSERT fabric {"highlightId":"ink-1777164362924-d206c8xme","annotationType":"ink","pageNumber":1,"lastModifiedBy":"170d915c-5741-4e0b-b03f-deaeedae27bd"}
[CalloutGeom svg p1] id=callout-8ik9n25dq-moevopwi text="hi" {"side":"svg","timestamp":"2026-04-26T00:46:03.607Z","pageNumber":1,"source":{"id":"callout-8ik9n25dq-moevopwi","pageNumber":1,"text":"hi","arrowTip":{"x":0.12266938213527633,"y":0.6191504440457998},"knee":{"x":0.16440895530950614,"y":0.5686453935407493},"style":{"bold":false,"italic":false,"fontSize":14,"fillColor":"transparent","fontColor":"#1e293b","textAlign":"left","underline":false,"fontFamily":"Arial","borderColor":"#1e293b","fillOpacity":1,"borderOpacity":1,"lineThickness":2,"strikethrough":false,"arrowheadStyle":"solidTriangle"},"_rawKeys":["id","knee","text","style","arrowTip","isSelected","pageNumber","textBoxWidth","textBoxHeight","textBoxPosition"],"_raw":{"id":"callout-8ik9n25dq-moevopwi","knee":{"x":0.16440895530950614,"y":0.5686453935407493},"text":"hi","style":{"bold":false,"italic":false,"fontSize":14,"fillColor":"transparent","fontColor":"#1e293b","textAlign":"left","underline":false,"fontFamily":"Arial","borderColor":"#1e293b","fillOpacity":1,"borderOpacity":1,"lineThickness":2,"strikethrough":false,"arrowheadStyle":"solidTriangle"},"arrowTip":{"x":0.12266938213527633,"y":0.6191504440457998},"isSelected":true,"pageNumber":1,"textBoxWidth":0.19607843137254902,"textBoxHeight":0.04040404040404041,"textBoxPosition":{"x":0.20592622339510067,"y":0.6891014993466656}}},"dom":{"root":{"tag":"g","attrs":{"data-callout-id":"callout-8ik9n25dq-moevopwi","opacity":"1"},"rect":{"x":426.04254150390625,"y":437.29010009765625,"left":426.04254150390625,"top":437.29010009765625,"right":564.9718933105469,"bottom":541.0994262695312,"width":138.92935180664062,"height":103.809326171875},"computed":{"visibility":"visible","opacity":"1","display":"inline","transform":"none","pointer-events":"none"}},"foreignObject":{"tag":"foreignObject","attrs":{"data-callout-part":"text","x":"132.0268487178016","y":"545.7683874825592","width":"108","height":"36.9","overflow":"hidden"},"rect":{"x":475.5889587402344,"y":512.1414184570312,"left":475.5889587402344,"top":512.1414184570312,"right":560.2661590576172,"bottom":541.0947875976562,"width":84.67720031738281,"height":28.953369140625}},"textDiv":{"tag":"DIV","rect":{"x":475.5889587402344,"y":512.1414184570312,"left":475.5889587402344,"top":512.1414184570312,"right":560.2661590576172,"bottom":541.0947875976562,"width":84.67720031738281,"height":28.953369140625},"text":"hi","computed":{"font-size":"14px","font-family":"Arial","font-weight":"400","line-height":"15.82px","padding-top":"0px","padding-right":"0px","padding-bottom":"0px","padding-left":"0px","border-radius":"0px","background-color":"rgba(0, 0, 0, 0)","color":"rgb(30, 41, 59)","box-sizing":"border-box","width":"108px","height":"36.9px","white-space":"pre-wrap"}},"textSpanCount":1,"arrowTip":{"rect":null,"attrs":null},"knee":{"rect":null,"attrs":null},"line1":{"rect":{"x":450.964599609375,"y":437.29010009765625,"left":450.964599609375,"top":437.29010009765625,"right":470.8861331939697,"bottom":512.1460113525391,"width":19.921533584594727,"height":74.85591125488281},"attrs":{"data-callout-part":"line1","x1":"126.02684871780161","y1":"545.7683874825592","x2":"100.61828064941776","y2":"450.36715168427344","stroke":"#1e293b","stroke-width":"2","stroke-linecap":"round","vector-effect":"non-scaling-stroke"}},"line2":{"rect":{"x":432.0616760253906,"y":437.29010009765625,"left":432.0616760253906,"top":437.29010009765625,"right":450.9646053314209,"bottom":466.91236686706543,"width":18.902929306030273,"height":29.62226676940918},"attrs":{"data-callout-part":"line2","x1":"100.61828064941776","y1":"450.36715168427344","x2":"76.50893019849097","y2":"488.11968290203754","stroke":"#1e293b","stroke-width":"2","stroke-linecap":"round","vector-effect":"non-scaling-stroke"}},"textHit":{"rect":{"x":475.5889587402344,"y":512.1414184570312,"left":475.5889587402344,"top":512.1414184570312,"right":560.2661590576172,"bottom":541.0947875976562,"width":84.67720031738281,"height":28.953369140625},"attrs":{"data-callout-part":"text","x":"132.0268487178016","y":"545.7683874825592","width":"108","height":"36.9","overflow":"hidden"}}},"rendererDerived":{"pageSize":{"width":612,"height":792},"arrowTip":{"x":75.07366186678911,"y":490.36715168427344},"knee":{"x":100.61828064941776,"y":450.36715168427344},"textBox":{"x":126.02684871780161,"y":545.7683874825592,"width":120,"height":32},"normalizedInputs":{"textBoxPosition":{"x":0.20592622339510067,"y":0.6891014993466656},"textBoxWidth":0.19607843137254902,"textBoxHeight":0.04040404040404041,"textBox":null}},"extras":{"editingCalloutId":null,"pageSize":{"width":612,"height":792}}}
[SVG p1] MOUNT — 23 annotations, 1 callouts, viewBox=612x792
[App-Debug p1] PAL render — pageSize={w:612, h:792}, layerScale=0.78595, measuredPageScale=0.78595, committedPageScale=0.78595, legacyCommitCompensationPending=false, legacyCommitCompensationScale=1, overlayContentTransformScale=1, storedOverlayTransformScale=1, syncfusionViewerScale=0.59, overlayDiv=true, overlayDivW=481, overlayDivH=623, overlayDivTransform=none, overlayContentTransform=none
[Counter SVG p1] dispatching renderCounter — i=9, displayNumber=1, fill=#ef4444, numberColor=unset, left=469.29, top=462.37, radius=14
[Counter SVG p1] dispatching renderCounter — i=26, displayNumber=2, fill=#ef4444, numberColor=unset, left=470.05, top=499.76, radius=14
[Counter SVG p1] dispatching renderCounter — i=27, displayNumber=1, fill=#ef4444, numberColor=unset, left=389.68, top=661.32, radius=14
[Counter SVG p1] dispatching renderCounter — i=29, displayNumber=3, fill=#ef4444, numberColor=unset, left=470.94, top=558.85, radius=14
[SVG p1] render — 34 objs, viewBox=612x792
[SVG p1] MOUNT — 34 annotations, 1 callouts, viewBox=612x792
[App-Debug p1] PAL render — pageSize={w:612, h:792}, layerScale=0.78595, measuredPageScale=0.78595, committedPageScale=0.78595, legacyCommitCompensationPending=false, legacyCommitCompensationScale=1, overlayContentTransformScale=1, storedOverlayTransformScale=1, syncfusionViewerScale=0.59, overlayDiv=true, overlayDivW=481, overlayDivH=623, overlayDivTransform=none, overlayContentTransform=none
[SVG p1] render — 34 objs, viewBox=612x792
[App-Debug p1] PAL render — pageSize={w:612, h:792}, layerScale=0.78595, measuredPageScale=0.78595, committedPageScale=0.78595, legacyCommitCompensationPending=false, legacyCommitCompensationScale=1, overlayContentTransformScale=1, storedOverlayTransformScale=1, syncfusionViewerScale=0.59, overlayDiv=true, overlayDivW=481, overlayDivH=623, overlayDivTransform=none, overlayContentTransform=none
[App-Debug p1] PAL render — pageSize={w:612, h:792}, layerScale=0.78595, measuredPageScale=0.78595, committedPageScale=0.78595, legacyCommitCompensationPending=false, legacyCommitCompensationScale=1, overlayContentTransformScale=1, storedOverlayTransformScale=1, syncfusionViewerScale=0.59, overlayDiv=true, overlayDivW=481, overlayDivH=623, overlayDivTransform=none, overlayContentTransform=none
[SVG p1] render — 34 objs, viewBox=612x792
console.warn @ [LineBboxDiag] getLineBBox log failed {}
console.warn @ [LineBboxDiag] getLineBBox log failed {}
console.warn @ [LineBboxDiag] getLineBBox log failed {}
console.warn @ [LineBboxDiag] getLineBBox log failed {}
console.warn @ [LineBboxDiag] getLineBBox log failed {}
console.warn @ [LineBboxDiag] getLineBBox log failed {}
[App-Debug p1] PAL render — pageSize={w:612, h:792}, layerScale=0.78595, measuredPageScale=0.78595, committedPageScale=0.78595, legacyCommitCompensationPending=false, legacyCommitCompensationScale=1, overlayContentTransformScale=1, storedOverlayTransformScale=1, syncfusionViewerScale=0.59, overlayDiv=true, overlayDivW=481, overlayDivH=623, overlayDivTransform=none, overlayContentTransform=none
[SVG p1] render — 34 objs, viewBox=612x792
[App-Debug p1] PAL render — pageSize={w:612, h:792}, layerScale=0.78595, measuredPageScale=0.78595, committedPageScale=0.78595, legacyCommitCompensationPending=false, legacyCommitCompensationScale=1, overlayContentTransformScale=1, storedOverlayTransformScale=1, syncfusionViewerScale=0.59, overlayDiv=true, overlayDivW=481, overlayDivH=623, overlayDivTransform=none, overlayContentTransform=none
[SVG p1] render — 34 objs, viewBox=612x792
[App-Debug p1] PAL render — pageSize={w:612, h:792}, layerScale=0.78595, measuredPageScale=0.78595, committedPageScale=0.78595, legacyCommitCompensationPending=false, legacyCommitCompensationScale=1, overlayContentTransformScale=1, storedOverlayTransformScale=1, syncfusionViewerScale=0.59, overlayDiv=true, overlayDivW=481, overlayDivH=623, overlayDivTransform=none, overlayContentTransform=none
[SVG p1] render — 34 objs, viewBox=612x792
[App-Debug p1] PAL render — pageSize={w:612, h:792}, layerScale=0.78595, measuredPageScale=0.78595, committedPageScale=0.78595, legacyCommitCompensationPending=false, legacyCommitCompensationScale=1, overlayContentTransformScale=1, storedOverlayTransformScale=1, syncfusionViewerScale=0.59, overlayDiv=true, overlayDivW=481, overlayDivH=623, overlayDivTransform=none, overlayContentTransform=none
[SVG p1] render — 34 objs, viewBox=612x792
[App-Debug p1] PAL render — pageSize={w:612, h:792}, layerScale=0.78595, measuredPageScale=0.78595, committedPageScale=0.78595, legacyCommitCompensationPending=false, legacyCommitCompensationScale=1, overlayContentTransformScale=1, storedOverlayTransformScale=1, syncfusionViewerScale=0.59, overlayDiv=true, overlayDivW=481, overlayDivH=623, overlayDivTransform=none, overlayContentTransform=none
[SVG p1] render — 34 objs, viewBox=612x792
[App-Debug p1] PAL render — pageSize={w:612, h:792}, layerScale=0.78595, measuredPageScale=0.78595, committedPageScale=0.78595, legacyCommitCompensationPending=false, legacyCommitCompensationScale=1, overlayContentTransformScale=1, storedOverlayTransformScale=1, syncfusionViewerScale=0.59, overlayDiv=true, overlayDivW=481, overlayDivH=623, overlayDivTransform=none, overlayContentTransform=none
[SVG p1] render — 34 objs, viewBox=612x792
console.warn @ [LineBboxDiag] getLineBBox log failed {}
console.warn @ [LineBboxDiag] getLineBBox log failed {}
console.warn @ [LineBboxDiag] getLineBBox log failed {}
console.warn @ [LineBboxDiag] getLineBBox log failed {}
console.warn @ [LineBboxDiag] getLineBBox log failed {}
console.warn @ [LineBboxDiag] getLineBBox log failed {}
[App-Debug p1] PAL render — pageSize={w:612, h:792}, layerScale=0.78595, measuredPageScale=0.78595, committedPageScale=0.78595, legacyCommitCompensationPending=false, legacyCommitCompensationScale=1, overlayContentTransformScale=1, storedOverlayTransformScale=1, syncfusionViewerScale=0.59, overlayDiv=true, overlayDivW=481, overlayDivH=623, overlayDivTransform=none, overlayContentTransform=none
[SVG p1] render — 34 objs, viewBox=612x792
[App-Debug p1] PAL render — pageSize={w:612, h:792}, layerScale=0.78595, measuredPageScale=0.78595, committedPageScale=0.78595, legacyCommitCompensationPending=false, legacyCommitCompensationScale=1, overlayContentTransformScale=1, storedOverlayTransformScale=1, syncfusionViewerScale=0.59, overlayDiv=true, overlayDivW=481, overlayDivH=623, overlayDivTransform=none, overlayContentTransform=none
[SVG p1] render — 34 objs, viewBox=612x792
[App-Debug p1] PAL render — pageSize={w:612, h:792}, layerScale=0.78595, measuredPageScale=0.78595, committedPageScale=0.78595, legacyCommitCompensationPending=false, legacyCommitCompensationScale=1, overlayContentTransformScale=1, storedOverlayTransformScale=1, syncfusionViewerScale=0.59, overlayDiv=true, overlayDivW=481, overlayDivH=623, overlayDivTransform=none, overlayContentTransform=none
[SVG p1] render — 34 objs, viewBox=612x792
[App-Debug p1] PAL render — pageSize={w:612, h:792}, layerScale=0.78595, measuredPageScale=0.78595, committedPageScale=0.78595, legacyCommitCompensationPending=false, legacyCommitCompensationScale=1, overlayContentTransformScale=1, storedOverlayTransformScale=1, syncfusionViewerScale=0.59, overlayDiv=true, overlayDivW=481, overlayDivH=623, overlayDivTransform=none, overlayContentTransform=none
[SVG p1] render — 34 objs, viewBox=612x792
[App-Debug p1] PAL render — pageSize={w:612, h:792}, layerScale=0.78595, measuredPageScale=0.78595, committedPageScale=0.78595, legacyCommitCompensationPending=false, legacyCommitCompensationScale=1, overlayContentTransformScale=1, storedOverlayTransformScale=1, syncfusionViewerScale=0.59, overlayDiv=true, overlayDivW=481, overlayDivH=623, overlayDivTransform=none, overlayContentTransform=none
[SVG p1] render — 34 objs, viewBox=612x792
[App-Debug p1] PAL render — pageSize={w:612, h:792}, layerScale=0.78595, measuredPageScale=0.78595, committedPageScale=0.78595, legacyCommitCompensationPending=false, legacyCommitCompensationScale=1, overlayContentTransformScale=1, storedOverlayTransformScale=1, syncfusionViewerScale=0.59, overlayDiv=true, overlayDivW=481, overlayDivH=623, overlayDivTransform=none, overlayContentTransform=none
[SVG p1] render — 34 objs, viewBox=612x792
[App-Debug p1] PAL render — pageSize={w:612, h:792}, layerScale=0.78595, measuredPageScale=0.78595, committedPageScale=0.78595, legacyCommitCompensationPending=false, legacyCommitCompensationScale=1, overlayContentTransformScale=1, storedOverlayTransformScale=1, syncfusionViewerScale=0.59, overlayDiv=true, overlayDivW=481, overlayDivH=623, overlayDivTransform=none, overlayContentTransform=none
[SVG p1] render — 34 objs, viewBox=612x792
[App-Debug p1] PAL render — pageSize={w:612, h:792}, layerScale=0.78595, measuredPageScale=0.78595, committedPageScale=0.78595, legacyCommitCompensationPending=false, legacyCommitCompensationScale=1, overlayContentTransformScale=1, storedOverlayTransformScale=1, syncfusionViewerScale=0.59, overlayDiv=true, overlayDivW=481, overlayDivH=623, overlayDivTransform=none, overlayContentTransform=none
[SVG p1] render — 34 objs, viewBox=612x792
console.warn @ [LineBboxDiag] getLineBBox log failed {}
console.warn @ [LineBboxDiag] getLineBBox log failed {}
console.warn @ [LineBboxDiag] getLineBBox log failed {}
console.warn @ [LineBboxDiag] getLineBBox log failed {}
console.warn @ [LineBboxDiag] getLineBBox log failed {}
console.warn @ [LineBboxDiag] getLineBBox log failed {}
[App-Debug p1] PAL render — pageSize={w:612, h:792}, layerScale=0.78595, measuredPageScale=0.78595, committedPageScale=0.78595, legacyCommitCompensationPending=false, legacyCommitCompensationScale=1, overlayContentTransformScale=1, storedOverlayTransformScale=1, syncfusionViewerScale=0.59, overlayDiv=true, overlayDivW=481, overlayDivH=623, overlayDivTransform=none, overlayContentTransform=none
[App-Debug p1] PAL render — pageSize={w:612, h:792}, layerScale=0.78595, measuredPageScale=0.78595, committedPageScale=0.78595, legacyCommitCompensationPending=false, legacyCommitCompensationScale=1, overlayContentTransformScale=1, storedOverlayTransformScale=1, syncfusionViewerScale=0.59, overlayDiv=true, overlayDivW=481, overlayDivH=623, overlayDivTransform=none, overlayContentTransform=none
[LineBboxDiag] renderLine {"ts":"2026-04-26T00:46:15.935Z","objId":null,"index":3,"objType":"line","tool":"line","isArrow":false,"angle":0,"hasMidpoint":false,"dataMidpoint":null,"storageSnapshot":{"left":67.79,"top":356.69,"width":102.19,"height":83.1,"x1":-51.09357798165138,"y1":-41.54862385321101,"x2":51.09357798165138,"y2":41.54862385321101},"specKind":"straight","specLine":{"x1":67.79142201834863,"y1":356.691376146789,"x2":169.97857798165137,"y2":439.788623853211},"specArrowheadKind":"none","rotationApplied":false,"pivotDiag":null}
[LineBboxDiag] renderLine {"ts":"2026-04-26T00:46:15.935Z","objId":null,"index":5,"objType":"line","tool":"arrow","isArrow":true,"angle":0,"hasMidpoint":false,"dataMidpoint":null,"storageSnapshot":{"left":204.79,"top":362.3,"width":101.06,"height":83.1,"x1":-50.53211009174312,"y1":-41.54862385321101,"x2":50.53211009174312,"y2":41.54862385321101},"specKind":"straight","specLine":{"x1":204.7878899082569,"y1":362.30137614678904,"x2":303.7923087957672,"y2":443.7050094542975},"specArrowheadKind":"solidTriangle","rotationApplied":false,"pivotDiag":null}
[Counter SVG p1] dispatching renderCounter — i=9, displayNumber=1, fill=#ef4444, numberColor=unset, left=469.29, top=462.37, radius=14
[LineBboxDiag] renderLine {"ts":"2026-04-26T00:46:15.935Z","objId":null,"index":14,"objType":"line","tool":"line","isArrow":false,"angle":0,"hasMidpoint":false,"dataMidpoint":null,"storageSnapshot":{"left":67.79,"top":356.69,"width":102.19,"height":83.1,"x1":-51.09357798165138,"y1":-41.54862385321101,"x2":51.09357798165138,"y2":41.54862385321101},"specKind":"straight","specLine":{"x1":67.79142201834863,"y1":356.691376146789,"x2":169.97857798165137,"y2":439.788623853211},"specArrowheadKind":"none","rotationApplied":false,"pivotDiag":null}
[LineBboxDiag] renderLine {"ts":"2026-04-26T00:46:15.935Z","objId":null,"index":17,"objType":"line","tool":"line","isArrow":false,"angle":0,"hasMidpoint":false,"dataMidpoint":null,"storageSnapshot":{"left":67.79,"top":356.69,"width":102.19,"height":83.1,"x1":-51.09357798165138,"y1":-41.54862385321101,"x2":51.09357798165138,"y2":41.54862385321101},"specKind":"straight","specLine":{"x1":67.79142201834863,"y1":356.691376146789,"x2":169.97857798165137,"y2":439.788623853211},"specArrowheadKind":"none","rotationApplied":false,"pivotDiag":null}
[LineBboxDiag] renderLine {"ts":"2026-04-26T00:46:15.936Z","objId":null,"index":21,"objType":"line","tool":"arrow","isArrow":true,"angle":0,"hasMidpoint":false,"dataMidpoint":null,"storageSnapshot":{"left":204.79,"top":362.3,"width":101.06,"height":83.1,"x1":-50.53211009174312,"y1":-41.54862385321101,"x2":50.53211009174312,"y2":41.54862385321101},"specKind":"straight","specLine":{"x1":204.7878899082569,"y1":362.30137614678904,"x2":303.7923087957672,"y2":443.7050094542975},"specArrowheadKind":"solidTriangle","rotationApplied":false,"pivotDiag":null}
[LineBboxDiag] renderLine {"ts":"2026-04-26T00:46:15.936Z","objId":null,"index":22,"objType":"line","tool":"arrow","isArrow":true,"angle":0,"hasMidpoint":false,"dataMidpoint":null,"storageSnapshot":{"left":204.79,"top":362.3,"width":101.06,"height":83.1,"x1":-50.53211009174312,"y1":-41.54862385321101,"x2":50.53211009174312,"y2":41.54862385321101},"specKind":"straight","specLine":{"x1":204.7878899082569,"y1":362.30137614678904,"x2":303.7923087957672,"y2":443.7050094542975},"specArrowheadKind":"solidTriangle","rotationApplied":false,"pivotDiag":null}
[Counter SVG p1] dispatching renderCounter — i=26, displayNumber=2, fill=#ef4444, numberColor=unset, left=470.05, top=499.76, radius=14
[Counter SVG p1] dispatching renderCounter — i=27, displayNumber=1, fill=#ef4444, numberColor=unset, left=389.68, top=661.32, radius=14
[Counter SVG p1] dispatching renderCounter — i=29, displayNumber=3, fill=#ef4444, numberColor=unset, left=470.94, top=558.85, radius=14
[SVG p1] render — 34 objs, viewBox=612x792
console.warn @ [LineBboxDiag] getLineBBox log failed {}
console.warn @ [LineBboxDiag] getLineBBox log failed {}
console.warn @ [LineBboxDiag] getLineBBox log failed {}
console.warn @ [LineBboxDiag] getLineBBox log failed {}
console.warn @ [LineBboxDiag] getLineBBox log failed {}
console.warn @ [LineBboxDiag] getLineBBox log failed {}
[DrawCanvas p1] MOUNT — tool=pen, isShape=false, isDrawingMode=true
[DrawCanvas p1] shape effect — tool=pen, isShape=false, isDrawingMode=true
[App-Debug p1] PAL render — pageSize={w:612, h:792}, layerScale=0.78595, measuredPageScale=0.78595, committedPageScale=0.78595, legacyCommitCompensationPending=false, legacyCommitCompensationScale=1, overlayContentTransformScale=1, storedOverlayTransformScale=1, syncfusionViewerScale=0.59, overlayDiv=true, overlayDivW=481, overlayDivH=623, overlayDivTransform=none, overlayContentTransform=none
[SVG p1] render — 34 objs, viewBox=612x792
[App-Debug p1] PAL render — pageSize={w:612, h:792}, layerScale=0.78595, measuredPageScale=0.78595, committedPageScale=0.78595, legacyCommitCompensationPending=false, legacyCommitCompensationScale=1, overlayContentTransformScale=1, storedOverlayTransformScale=1, syncfusionViewerScale=0.59, overlayDiv=true, overlayDivW=481, overlayDivH=623, overlayDivTransform=none, overlayContentTransform=none
[App-Debug p1] PAL render — pageSize={w:612, h:792}, layerScale=0.78595, measuredPageScale=0.78595, committedPageScale=0.78595, legacyCommitCompensationPending=false, legacyCommitCompensationScale=1, overlayContentTransformScale=1, storedOverlayTransformScale=1, syncfusionViewerScale=0.59, overlayDiv=true, overlayDivW=481, overlayDivH=623, overlayDivTransform=none, overlayContentTransform=none
[SVG p1] render — 34 objs, viewBox=612x792
console.warn @ [LineBboxDiag] getLineBBox log failed {}
console.warn @ [LineBboxDiag] getLineBBox log failed {}
console.warn @ [LineBboxDiag] getLineBBox log failed {}
console.warn @ [LineBboxDiag] getLineBBox log failed {}
console.warn @ [LineBboxDiag] getLineBBox log failed {}
console.warn @ [LineBboxDiag] getLineBBox log failed {}
[App-Debug p1] PAL render — pageSize={w:612, h:792}, layerScale=0.78595, measuredPageScale=0.78595, committedPageScale=0.78595, legacyCommitCompensationPending=false, legacyCommitCompensationScale=1, overlayContentTransformScale=1, storedOverlayTransformScale=1, syncfusionViewerScale=0.59, overlayDiv=true, overlayDivW=481, overlayDivH=623, overlayDivTransform=none, overlayContentTransform=none
[App-Debug p1] PAL render — pageSize={w:612, h:792}, layerScale=0.78595, measuredPageScale=0.78595, committedPageScale=0.78595, legacyCommitCompensationPending=false, legacyCommitCompensationScale=1, overlayContentTransformScale=1, storedOverlayTransformScale=1, syncfusionViewerScale=0.59, overlayDiv=true, overlayDivW=481, overlayDivH=623, overlayDivTransform=none, overlayContentTransform=none
[SVG p1] render — 34 objs, viewBox=612x792
console.warn @ [LineBboxDiag] getLineBBox log failed {}
console.warn @ [LineBboxDiag] getLineBBox log failed {}
console.warn @ [LineBboxDiag] getLineBBox log failed {}
console.warn @ [LineBboxDiag] getLineBBox log failed {}
console.warn @ [LineBboxDiag] getLineBBox log failed {}
console.warn @ [LineBboxDiag] getLineBBox log failed {}
[App-Debug p1] PAL render — pageSize={w:612, h:792}, layerScale=0.78595, measuredPageScale=0.78595, committedPageScale=0.78595, legacyCommitCompensationPending=false, legacyCommitCompensationScale=1, overlayContentTransformScale=1, storedOverlayTransformScale=1, syncfusionViewerScale=0.59, overlayDiv=true, overlayDivW=481, overlayDivH=623, overlayDivTransform=none, overlayContentTransform=none
[App-Debug p1] PAL render — pageSize={w:612, h:792}, layerScale=0.78595, measuredPageScale=0.78595, committedPageScale=0.78595, legacyCommitCompensationPending=false, legacyCommitCompensationScale=1, overlayContentTransformScale=1, storedOverlayTransformScale=1, syncfusionViewerScale=0.59, overlayDiv=true, overlayDivW=481, overlayDivH=623, overlayDivTransform=none, overlayContentTransform=none
[LineBboxDiag] renderLine {"ts":"2026-04-26T00:46:17.273Z","objId":null,"index":3,"objType":"line","tool":"line","isArrow":false,"angle":0,"hasMidpoint":false,"dataMidpoint":null,"storageSnapshot":{"left":67.79,"top":356.69,"width":102.19,"height":83.1,"x1":-51.09357798165138,"y1":-41.54862385321101,"x2":51.09357798165138,"y2":41.54862385321101},"specKind":"straight","specLine":{"x1":67.79142201834863,"y1":356.691376146789,"x2":169.97857798165137,"y2":439.788623853211},"specArrowheadKind":"none","rotationApplied":false,"pivotDiag":null}
[LineBboxDiag] renderLine {"ts":"2026-04-26T00:46:17.273Z","objId":null,"index":5,"objType":"line","tool":"arrow","isArrow":true,"angle":0,"hasMidpoint":false,"dataMidpoint":null,"storageSnapshot":{"left":204.79,"top":362.3,"width":101.06,"height":83.1,"x1":-50.53211009174312,"y1":-41.54862385321101,"x2":50.53211009174312,"y2":41.54862385321101},"specKind":"straight","specLine":{"x1":204.7878899082569,"y1":362.30137614678904,"x2":303.7923087957672,"y2":443.7050094542975},"specArrowheadKind":"solidTriangle","rotationApplied":false,"pivotDiag":null}
[Counter SVG p1] dispatching renderCounter — i=9, displayNumber=1, fill=#ef4444, numberColor=unset, left=469.29, top=462.37, radius=14
[LineBboxDiag] renderLine {"ts":"2026-04-26T00:46:17.273Z","objId":null,"index":14,"objType":"line","tool":"line","isArrow":false,"angle":0,"hasMidpoint":false,"dataMidpoint":null,"storageSnapshot":{"left":67.79,"top":356.69,"width":102.19,"height":83.1,"x1":-51.09357798165138,"y1":-41.54862385321101,"x2":51.09357798165138,"y2":41.54862385321101},"specKind":"straight","specLine":{"x1":67.79142201834863,"y1":356.691376146789,"x2":169.97857798165137,"y2":439.788623853211},"specArrowheadKind":"none","rotationApplied":false,"pivotDiag":null}
[LineBboxDiag] renderLine {"ts":"2026-04-26T00:46:17.273Z","objId":null,"index":17,"objType":"line","tool":"line","isArrow":false,"angle":0,"hasMidpoint":false,"dataMidpoint":null,"storageSnapshot":{"left":67.79,"top":356.69,"width":102.19,"height":83.1,"x1":-51.09357798165138,"y1":-41.54862385321101,"x2":51.09357798165138,"y2":41.54862385321101},"specKind":"straight","specLine":{"x1":67.79142201834863,"y1":356.691376146789,"x2":169.97857798165137,"y2":439.788623853211},"specArrowheadKind":"none","rotationApplied":false,"pivotDiag":null}
[LineBboxDiag] renderLine {"ts":"2026-04-26T00:46:17.274Z","objId":null,"index":21,"objType":"line","tool":"arrow","isArrow":true,"angle":0,"hasMidpoint":false,"dataMidpoint":null,"storageSnapshot":{"left":204.79,"top":362.3,"width":101.06,"height":83.1,"x1":-50.53211009174312,"y1":-41.54862385321101,"x2":50.53211009174312,"y2":41.54862385321101},"specKind":"straight","specLine":{"x1":204.7878899082569,"y1":362.30137614678904,"x2":303.7923087957672,"y2":443.7050094542975},"specArrowheadKind":"solidTriangle","rotationApplied":false,"pivotDiag":null}
[LineBboxDiag] renderLine {"ts":"2026-04-26T00:46:17.274Z","objId":null,"index":22,"objType":"line","tool":"arrow","isArrow":true,"angle":0,"hasMidpoint":false,"dataMidpoint":null,"storageSnapshot":{"left":204.79,"top":362.3,"width":101.06,"height":83.1,"x1":-50.53211009174312,"y1":-41.54862385321101,"x2":50.53211009174312,"y2":41.54862385321101},"specKind":"straight","specLine":{"x1":204.7878899082569,"y1":362.30137614678904,"x2":303.7923087957672,"y2":443.7050094542975},"specArrowheadKind":"solidTriangle","rotationApplied":false,"pivotDiag":null}
[Counter SVG p1] dispatching renderCounter — i=26, displayNumber=2, fill=#ef4444, numberColor=unset, left=470.05, top=499.76, radius=14
[Counter SVG p1] dispatching renderCounter — i=27, displayNumber=1, fill=#ef4444, numberColor=unset, left=389.68, top=661.32, radius=14
[Counter SVG p1] dispatching renderCounter — i=29, displayNumber=3, fill=#ef4444, numberColor=unset, left=470.94, top=558.85, radius=14
[SVG p1] render — 35 objs, viewBox=612x792
console.warn @ [LineBboxDiag] getLineBBox log failed {}
console.warn @ [LineBboxDiag] getLineBBox log failed {}
console.warn @ [LineBboxDiag] getLineBBox log failed {}
console.warn @ [LineBboxDiag] getLineBBox log failed {}
console.warn @ [LineBboxDiag] getLineBBox log failed {}
console.warn @ [LineBboxDiag] getLineBBox log failed {}
[SVG p1] MOUNT — 35 annotations, 1 callouts, viewBox=612x792
[CloudSync][hook] fabric state changed — debounce push scheduled {"pageCount":1,"objectCount":35,"debounceMs":800}
[App-Debug p1] PAL render — pageSize={w:612, h:792}, layerScale=0.78595, measuredPageScale=0.78595, committedPageScale=0.78595, legacyCommitCompensationPending=false, legacyCommitCompensationScale=1, overlayContentTransformScale=1, storedOverlayTransformScale=1, syncfusionViewerScale=0.59, overlayDiv=true, overlayDivW=481, overlayDivH=623, overlayDivTransform=none, overlayContentTransform=none
[SVG p1] render — 35 objs, viewBox=612x792
[App-Debug p1] PAL render — pageSize={w:612, h:792}, layerScale=0.78595, measuredPageScale=0.78595, committedPageScale=0.78595, legacyCommitCompensationPending=false, legacyCommitCompensationScale=1, overlayContentTransformScale=1, storedOverlayTransformScale=1, syncfusionViewerScale=0.59, overlayDiv=true, overlayDivW=481, overlayDivH=623, overlayDivTransform=none, overlayContentTransform=none
[CloudSync][hook] fabric push debounce elapsed — pushing now
[CloudSync][push] upsertAnnotationsByPage start {"documentId":"1a7f57f8-3796-470e-afd2-f38919a873b3","userId":"170d915c-5741-4e0b-b03f-deaeedae27bd","totalRows":35,"rowsByType":{"ink":16,"square":3,"circle":3,"line":6,"freetext":3,"counter":4},"pages":1}
[App-Debug p1] PAL render — pageSize={w:612, h:792}, layerScale=0.78595, measuredPageScale=0.78595, committedPageScale=0.78595, legacyCommitCompensationPending=false, legacyCommitCompensationScale=1, overlayContentTransformScale=1, storedOverlayTransformScale=1, syncfusionViewerScale=0.59, overlayDiv=true, overlayDivW=481, overlayDivH=623, overlayDivTransform=none, overlayContentTransform=none
[SVG p1] render — 35 objs, viewBox=612x792
console.warn @ [LineBboxDiag] getLineBBox log failed {}
console.warn @ [LineBboxDiag] getLineBBox log failed {}
console.warn @ [LineBboxDiag] getLineBBox log failed {}
console.warn @ [LineBboxDiag] getLineBBox log failed {}
console.warn @ [LineBboxDiag] getLineBBox log failed {}
console.warn @ [LineBboxDiag] getLineBBox log failed {}
[App-Debug p1] PAL render — pageSize={w:612, h:792}, layerScale=0.78595, measuredPageScale=0.78595, committedPageScale=0.78595, legacyCommitCompensationPending=false, legacyCommitCompensationScale=1, overlayContentTransformScale=1, storedOverlayTransformScale=1, syncfusionViewerScale=0.59, overlayDiv=true, overlayDivW=481, overlayDivH=623, overlayDivTransform=none, overlayContentTransform=none
[CloudSync][push] upsertAnnotationsByPage ok {"elapsedMs":240,"rowsReturned":35}
[CloudSync][hook] fabric push synced {"count":35}
[App-Debug p1] PAL render — pageSize={w:612, h:792}, layerScale=0.78595, measuredPageScale=0.78595, committedPageScale=0.78595, legacyCommitCompensationPending=false, legacyCommitCompensationScale=1, overlayContentTransformScale=1, storedOverlayTransformScale=1, syncfusionViewerScale=0.59, overlayDiv=true, overlayDivW=481, overlayDivH=623, overlayDivTransform=none, overlayContentTransform=none
[SVG p1] render — 35 objs, viewBox=612x792
console.warn @ [LineBboxDiag] getLineBBox log failed {}
console.warn @ [LineBboxDiag] getLineBBox log failed {}
console.warn @ [LineBboxDiag] getLineBBox log failed {}
console.warn @ [LineBboxDiag] getLineBBox log failed {}
console.warn @ [LineBboxDiag] getLineBBox log failed {}
console.warn @ [LineBboxDiag] getLineBBox log failed {}
[App-Debug p1] PAL render — pageSize={w:612, h:792}, layerScale=0.78595, measuredPageScale=0.78595, committedPageScale=0.78595, legacyCommitCompensationPending=false, legacyCommitCompensationScale=1, overlayContentTransformScale=1, storedOverlayTransformScale=1, syncfusionViewerScale=0.59, overlayDiv=true, overlayDivW=481, overlayDivH=623, overlayDivTransform=none, overlayContentTransform=none
[CloudSync][realtime] echo-filtered UPDATE {"highlightId":"ink-1777164362923-5zadylw42","annotationType":"ink","lastModifiedBy":"170d915c-5741-4e0b-b03f-deaeedae27bd","rowSessionId":"bca428b6-51bb-450f-b9ba-c066a5c1c15a","currentSessionId":"bca428b6-51bb-450f-b9ba-c066a5c1c15a","reason":"same-session"}
[CloudSync][realtime] echo-filtered UPDATE {"highlightId":"square-1777164362923-kzh8lbkqh","annotationType":"square","lastModifiedBy":"170d915c-5741-4e0b-b03f-deaeedae27bd","rowSessionId":"bca428b6-51bb-450f-b9ba-c066a5c1c15a","currentSessionId":"bca428b6-51bb-450f-b9ba-c066a5c1c15a","reason":"same-session"}
[CloudSync][realtime] echo-filtered UPDATE {"highlightId":"circle-1777164362923-kxcxk6rxt","annotationType":"circle","lastModifiedBy":"170d915c-5741-4e0b-b03f-deaeedae27bd","rowSessionId":"bca428b6-51bb-450f-b9ba-c066a5c1c15a","currentSessionId":"bca428b6-51bb-450f-b9ba-c066a5c1c15a","reason":"same-session"}
[CloudSync][realtime] echo-filtered UPDATE {"highlightId":"line-1777164362923-sorc6abtw","annotationType":"line","lastModifiedBy":"170d915c-5741-4e0b-b03f-deaeedae27bd","rowSessionId":"bca428b6-51bb-450f-b9ba-c066a5c1c15a","currentSessionId":"bca428b6-51bb-450f-b9ba-c066a5c1c15a","reason":"same-session"}
[CloudSync][realtime] echo-filtered UPDATE {"highlightId":"freetext-1777164362923-aourg59ke","annotationType":"freetext","lastModifiedBy":"170d915c-5741-4e0b-b03f-deaeedae27bd","rowSessionId":"bca428b6-51bb-450f-b9ba-c066a5c1c15a","currentSessionId":"bca428b6-51bb-450f-b9ba-c066a5c1c15a","reason":"same-session"}
[CloudSync][realtime] echo-filtered UPDATE {"highlightId":"line-1777164362923-z8g2un7f5","annotationType":"line","lastModifiedBy":"170d915c-5741-4e0b-b03f-deaeedae27bd","rowSessionId":"bca428b6-51bb-450f-b9ba-c066a5c1c15a","currentSessionId":"bca428b6-51bb-450f-b9ba-c066a5c1c15a","reason":"same-session"}
[CloudSync][realtime] echo-filtered UPDATE {"highlightId":"ink-1777164362923-jgf69uhc9","annotationType":"ink","lastModifiedBy":"170d915c-5741-4e0b-b03f-deaeedae27bd","rowSessionId":"bca428b6-51bb-450f-b9ba-c066a5c1c15a","currentSessionId":"bca428b6-51bb-450f-b9ba-c066a5c1c15a","reason":"same-session"}
[CloudSync][realtime] echo-filtered UPDATE {"highlightId":"ink-1777154208694-6nt53ec1s","annotationType":"ink","lastModifiedBy":"170d915c-5741-4e0b-b03f-deaeedae27bd","rowSessionId":"bca428b6-51bb-450f-b9ba-c066a5c1c15a","currentSessionId":"bca428b6-51bb-450f-b9ba-c066a5c1c15a","reason":"same-session"}
[CloudSync][realtime] echo-filtered UPDATE {"highlightId":"ink-1777154230798-9atm1sswo","annotationType":"ink","lastModifiedBy":"170d915c-5741-4e0b-b03f-deaeedae27bd","rowSessionId":"bca428b6-51bb-450f-b9ba-c066a5c1c15a","currentSessionId":"bca428b6-51bb-450f-b9ba-c066a5c1c15a","reason":"same-session"}
[CloudSync][realtime] echo-filtered UPDATE {"highlightId":"counter-1777154230798-18ml7yaxg","annotationType":"counter","lastModifiedBy":"170d915c-5741-4e0b-b03f-deaeedae27bd","rowSessionId":"bca428b6-51bb-450f-b9ba-c066a5c1c15a","currentSessionId":"bca428b6-51bb-450f-b9ba-c066a5c1c15a","reason":"same-session"}
[CloudSync][realtime] echo-filtered UPDATE {"highlightId":"ink-1777154208694-xthxr426i","annotationType":"ink","lastModifiedBy":"170d915c-5741-4e0b-b03f-deaeedae27bd","rowSessionId":"bca428b6-51bb-450f-b9ba-c066a5c1c15a","currentSessionId":"bca428b6-51bb-450f-b9ba-c066a5c1c15a","reason":"same-session"}
[CloudSync][realtime] echo-filtered UPDATE {"highlightId":"ink-1777154230798-wujyh5siz","annotationType":"ink","lastModifiedBy":"170d915c-5741-4e0b-b03f-deaeedae27bd","rowSessionId":"bca428b6-51bb-450f-b9ba-c066a5c1c15a","currentSessionId":"bca428b6-51bb-450f-b9ba-c066a5c1c15a","reason":"same-session"}
[CloudSync][realtime] echo-filtered UPDATE {"highlightId":"circle-1777154230798-a26ltt27n","annotationType":"circle","lastModifiedBy":"170d915c-5741-4e0b-b03f-deaeedae27bd","rowSessionId":"bca428b6-51bb-450f-b9ba-c066a5c1c15a","currentSessionId":"bca428b6-51bb-450f-b9ba-c066a5c1c15a","reason":"same-session"}
[CloudSync][realtime] echo-filtered UPDATE {"highlightId":"square-1777154230798-qzf2ufdic","annotationType":"square","lastModifiedBy":"170d915c-5741-4e0b-b03f-deaeedae27bd","rowSessionId":"bca428b6-51bb-450f-b9ba-c066a5c1c15a","currentSessionId":"bca428b6-51bb-450f-b9ba-c066a5c1c15a","reason":"same-session"}
[CloudSync][realtime] echo-filtered UPDATE {"highlightId":"line-1777154208694-2baibnmma","annotationType":"line","lastModifiedBy":"170d915c-5741-4e0b-b03f-deaeedae27bd","rowSessionId":"bca428b6-51bb-450f-b9ba-c066a5c1c15a","currentSessionId":"bca428b6-51bb-450f-b9ba-c066a5c1c15a","reason":"same-session"}
[CloudSync][realtime] echo-filtered UPDATE {"highlightId":"freetext-1777154208694-9d7dw6tq3","annotationType":"freetext","lastModifiedBy":"170d915c-5741-4e0b-b03f-deaeedae27bd","rowSessionId":"bca428b6-51bb-450f-b9ba-c066a5c1c15a","currentSessionId":"bca428b6-51bb-450f-b9ba-c066a5c1c15a","reason":"same-session"}
[CloudSync][realtime] echo-filtered UPDATE {"highlightId":"square-1777154208694-qs29kbc66","annotationType":"square","lastModifiedBy":"170d915c-5741-4e0b-b03f-deaeedae27bd","rowSessionId":"bca428b6-51bb-450f-b9ba-c066a5c1c15a","currentSessionId":"bca428b6-51bb-450f-b9ba-c066a5c1c15a","reason":"same-session"}
[CloudSync][realtime] echo-filtered UPDATE {"highlightId":"line-1777154230798-7e76o6gij","annotationType":"line","lastModifiedBy":"170d915c-5741-4e0b-b03f-deaeedae27bd","rowSessionId":"bca428b6-51bb-450f-b9ba-c066a5c1c15a","currentSessionId":"bca428b6-51bb-450f-b9ba-c066a5c1c15a","reason":"same-session"}
[CloudSync][realtime] echo-filtered UPDATE {"highlightId":"freetext-1777154230798-q9h8hus6e","annotationType":"freetext","lastModifiedBy":"170d915c-5741-4e0b-b03f-deaeedae27bd","rowSessionId":"bca428b6-51bb-450f-b9ba-c066a5c1c15a","currentSessionId":"bca428b6-51bb-450f-b9ba-c066a5c1c15a","reason":"same-session"}
[CloudSync][realtime] echo-filtered UPDATE {"highlightId":"ink-1777154245506-t9p2evaxo","annotationType":"ink","lastModifiedBy":"170d915c-5741-4e0b-b03f-deaeedae27bd","rowSessionId":"bca428b6-51bb-450f-b9ba-c066a5c1c15a","currentSessionId":"bca428b6-51bb-450f-b9ba-c066a5c1c15a","reason":"same-session"}
[CloudSync][realtime] echo-filtered UPDATE {"highlightId":"circle-1777154208694-frp9tlhqd","annotationType":"circle","lastModifiedBy":"170d915c-5741-4e0b-b03f-deaeedae27bd","rowSessionId":"bca428b6-51bb-450f-b9ba-c066a5c1c15a","currentSessionId":"bca428b6-51bb-450f-b9ba-c066a5c1c15a","reason":"same-session"}
[CloudSync][realtime] echo-filtered UPDATE {"highlightId":"line-1777154208694-nke7ofswa","annotationType":"line","lastModifiedBy":"170d915c-5741-4e0b-b03f-deaeedae27bd","rowSessionId":"bca428b6-51bb-450f-b9ba-c066a5c1c15a","currentSessionId":"bca428b6-51bb-450f-b9ba-c066a5c1c15a","reason":"same-session"}
[CloudSync][realtime] echo-filtered UPDATE {"highlightId":"ink-1777154309060-ppce21fbp","annotationType":"ink","lastModifiedBy":"170d915c-5741-4e0b-b03f-deaeedae27bd","rowSessionId":"bca428b6-51bb-450f-b9ba-c066a5c1c15a","currentSessionId":"bca428b6-51bb-450f-b9ba-c066a5c1c15a","reason":"same-session"}
[CloudSync][realtime] echo-filtered UPDATE {"highlightId":"line-1777154230798-v8xzwcc23","annotationType":"line","lastModifiedBy":"170d915c-5741-4e0b-b03f-deaeedae27bd","rowSessionId":"bca428b6-51bb-450f-b9ba-c066a5c1c15a","currentSessionId":"bca428b6-51bb-450f-b9ba-c066a5c1c15a","reason":"same-session"}
[CloudSync][realtime] echo-filtered UPDATE {"highlightId":"ink-1777154240981-5a7zpfdm9","annotationType":"ink","lastModifiedBy":"170d915c-5741-4e0b-b03f-deaeedae27bd","rowSessionId":"bca428b6-51bb-450f-b9ba-c066a5c1c15a","currentSessionId":"bca428b6-51bb-450f-b9ba-c066a5c1c15a","reason":"same-session"}
[CloudSync][realtime] echo-filtered UPDATE {"highlightId":"ink-1777154251770-gt0eystjt","annotationType":"ink","lastModifiedBy":"170d915c-5741-4e0b-b03f-deaeedae27bd","rowSessionId":"bca428b6-51bb-450f-b9ba-c066a5c1c15a","currentSessionId":"bca428b6-51bb-450f-b9ba-c066a5c1c15a","reason":"same-session"}
[CloudSync][realtime] echo-filtered UPDATE {"highlightId":"counter-1777154230798-urnt7nv4l","annotationType":"counter","lastModifiedBy":"170d915c-5741-4e0b-b03f-deaeedae27bd","rowSessionId":"bca428b6-51bb-450f-b9ba-c066a5c1c15a","currentSessionId":"bca428b6-51bb-450f-b9ba-c066a5c1c15a","reason":"same-session"}
[CloudSync][realtime] echo-filtered UPDATE {"highlightId":"counter-1777154257028-4lzcyilih","annotationType":"counter","lastModifiedBy":"170d915c-5741-4e0b-b03f-deaeedae27bd","rowSessionId":"bca428b6-51bb-450f-b9ba-c066a5c1c15a","currentSessionId":"bca428b6-51bb-450f-b9ba-c066a5c1c15a","reason":"same-session"}
[CloudSync][realtime] echo-filtered UPDATE {"highlightId":"ink-1777154331610-zhh0qv6dq","annotationType":"ink","lastModifiedBy":"170d915c-5741-4e0b-b03f-deaeedae27bd","rowSessionId":"bca428b6-51bb-450f-b9ba-c066a5c1c15a","currentSessionId":"bca428b6-51bb-450f-b9ba-c066a5c1c15a","reason":"same-session"}
[CloudSync][realtime] echo-filtered UPDATE {"highlightId":"counter-1777154230798-nmohcwpuv","annotationType":"counter","lastModifiedBy":"170d915c-5741-4e0b-b03f-deaeedae27bd","rowSessionId":"bca428b6-51bb-450f-b9ba-c066a5c1c15a","currentSessionId":"bca428b6-51bb-450f-b9ba-c066a5c1c15a","reason":"same-session"}
[CloudSync][realtime] echo-filtered UPDATE {"highlightId":"ink-1777163522964-jr3bi28ts","annotationType":"ink","lastModifiedBy":"170d915c-5741-4e0b-b03f-deaeedae27bd","rowSessionId":"bca428b6-51bb-450f-b9ba-c066a5c1c15a","currentSessionId":"bca428b6-51bb-450f-b9ba-c066a5c1c15a","reason":"same-session"}
[CloudSync][realtime] echo-filtered UPDATE {"highlightId":"ink-1777163518081-6zmfu762z","annotationType":"ink","lastModifiedBy":"170d915c-5741-4e0b-b03f-deaeedae27bd","rowSessionId":"bca428b6-51bb-450f-b9ba-c066a5c1c15a","currentSessionId":"bca428b6-51bb-450f-b9ba-c066a5c1c15a","reason":"same-session"}
[CloudSync][realtime] echo-filtered UPDATE {"highlightId":"ink-1777163527474-ta82g0v74","annotationType":"ink","lastModifiedBy":"170d915c-5741-4e0b-b03f-deaeedae27bd","rowSessionId":"bca428b6-51bb-450f-b9ba-c066a5c1c15a","currentSessionId":"bca428b6-51bb-450f-b9ba-c066a5c1c15a","reason":"same-session"}
[CloudSync][realtime] echo-filtered UPDATE {"highlightId":"ink-1777164362924-d206c8xme","annotationType":"ink","lastModifiedBy":"170d915c-5741-4e0b-b03f-deaeedae27bd","rowSessionId":"bca428b6-51bb-450f-b9ba-c066a5c1c15a","currentSessionId":"bca428b6-51bb-450f-b9ba-c066a5c1c15a","reason":"same-session"}
[CloudSync][realtime] echo-filtered INSERT {"highlightId":"ink-1777164378080-7pijeup7z","annotationType":"ink","lastModifiedBy":"170d915c-5741-4e0b-b03f-deaeedae27bd","rowSessionId":"bca428b6-51bb-450f-b9ba-c066a5c1c15a","currentSessionId":"bca428b6-51bb-450f-b9ba-c066a5c1c15a","reason":"same-session"}
[App-Debug p1] PAL render — pageSize={w:612, h:792}, layerScale=0.78595, measuredPageScale=0.78595, committedPageScale=0.78595, legacyCommitCompensationPending=false, legacyCommitCompensationScale=1, overlayContentTransformScale=1, storedOverlayTransformScale=1, syncfusionViewerScale=0.59, overlayDiv=true, overlayDivW=481, overlayDivH=623, overlayDivTransform=none, overlayContentTransform=none
[SVG p1] render — 35 objs, viewBox=612x792
console.warn @ [LineBboxDiag] getLineBBox log failed {}
console.warn @ [LineBboxDiag] getLineBBox log failed {}
console.warn @ [LineBboxDiag] getLineBBox log failed {}
console.warn @ [LineBboxDiag] getLineBBox log failed {}
console.warn @ [LineBboxDiag] getLineBBox log failed {}
console.warn @ [LineBboxDiag] getLineBBox log failed {}
[App-Debug p1] PAL render — pageSize={w:612, h:792}, layerScale=0.78595, measuredPageScale=0.78595, committedPageScale=0.78595, legacyCommitCompensationPending=false, legacyCommitCompensationScale=1, overlayContentTransformScale=1, storedOverlayTransformScale=1, syncfusionViewerScale=0.59, overlayDiv=true, overlayDivW=481, overlayDivH=623, overlayDivTransform=none, overlayContentTransform=none