[   25956ms] [WARNING] [AnnotPerf] 800ms safety timeout — PAL never confirmed, forcing CSS transform removal @ http://localhost:5173/src/main.jsx?t=1773201126265:35
[  126074ms] [WARNING] Canvas2D: Multiple readback operations using getImageData are faster with the willReadFrequently attribute set to true. See: https://html.spec.whatwg.org/multipage/canvas.html#concept-canvas-will-read-frequently @ http://localhost:5173/node_modules/.vite/deps/fabric.js?v=5646d406:1292
[  126086ms] [WARNING] Canvas2D: Multiple readback operations using getImageData are faster with the willReadFrequently attribute set to true. See: https://html.spec.whatwg.org/multipage/canvas.html#concept-canvas-will-read-frequently @ http://localhost:5173/node_modules/.vite/deps/fabric.js?v=5646d406:1292
[  126087ms] [WARNING] Canvas2D: Multiple readback operations using getImageData are faster with the willReadFrequently attribute set to true. See: https://html.spec.whatwg.org/multipage/canvas.html#concept-canvas-will-read-frequently @ http://localhost:5173/node_modules/.vite/deps/fabric.js?v=5646d406:1292
[  126093ms] [WARNING] Canvas2D: Multiple readback operations using getImageData are faster with the willReadFrequently attribute set to true. See: https://html.spec.whatwg.org/multipage/canvas.html#concept-canvas-will-read-frequently @ http://localhost:5173/node_modules/.vite/deps/fabric.js?v=5646d406:1292
[  126094ms] [WARNING] Canvas2D: Multiple readback operations using getImageData are faster with the willReadFrequently attribute set to true. See: https://html.spec.whatwg.org/multipage/canvas.html#concept-canvas-will-read-frequently @ http://localhost:5173/node_modules/.vite/deps/fabric.js?v=5646d406:1292
[  126096ms] [WARNING] Canvas2D: Multiple readback operations using getImageData are faster with the willReadFrequently attribute set to true. See: https://html.spec.whatwg.org/multipage/canvas.html#concept-canvas-will-read-frequently @ http://localhost:5173/node_modules/.vite/deps/fabric.js?v=5646d406:1292
[  126099ms] [WARNING] Canvas2D: Multiple readback operations using getImageData are faster with the willReadFrequently attribute set to true. See: https://html.spec.whatwg.org/multipage/canvas.html#concept-canvas-will-read-frequently @ http://localhost:5173/node_modules/.vite/deps/fabric.js?v=5646d406:1292
[  214018ms] [WARNING] Canvas2D: Multiple readback operations using getImageData are faster with the willReadFrequently attribute set to true. See: https://html.spec.whatwg.org/multipage/canvas.html#concept-canvas-will-read-frequently @ http://localhost:5173/node_modules/.vite/deps/fabric.js?v=5646d406:1292
[  411111ms] [WARNING] [RALPH-DEBUG] shouldFreezePortalHost=true but frozenPageNumbers is EMPTY! containers= 0 zoomActive= false confirmPending= true @ http://localhost:5173/src/main.jsx?t=1773201126265:35
[  411137ms] [WARNING] [RALPH-DEBUG] shouldFreezePortalHost=true but frozenPageNumbers is EMPTY! containers= 0 zoomActive= false confirmPending= true @ http://localhost:5173/src/main.jsx?t=1773201126265:35
[  411139ms] [WARNING] [RALPH-DEBUG] shouldFreezePortalHost=true but frozenPageNumbers is EMPTY! containers= 0 zoomActive= false confirmPending= true @ http://localhost:5173/src/main.jsx?t=1773201126265:35
[  480125ms] [WARNING] [RALPH-DEBUG] shouldFreezePortalHost=true but frozenPageNumbers is EMPTY! containers= 0 zoomActive= false confirmPending= true @ http://localhost:5173/src/main.jsx?t=1773201126265:35
[  480150ms] [WARNING] [RALPH-DEBUG] shouldFreezePortalHost=true but frozenPageNumbers is EMPTY! containers= 0 zoomActive= false confirmPending= true @ http://localhost:5173/src/main.jsx?t=1773201126265:35
[  480152ms] [WARNING] [RALPH-DEBUG] shouldFreezePortalHost=true but frozenPageNumbers is EMPTY! containers= 0 zoomActive= false confirmPending= true @ http://localhost:5173/src/main.jsx?t=1773201126265:35
[  519305ms] TypeError: Cannot read properties of null (reading 'scrollTop')
    at PdfViewerBase2.initiatePageViewScrollChanged (http://localhost:5173/node_modules/.vite/deps/@syncfusion_ej2-react-pdfviewer.js?v=5646d406:388766:79)
    at http://localhost:5173/node_modules/.vite/deps/@syncfusion_ej2-react-pdfviewer.js?v=5646d406:383450:21
[  528045ms] TypeError: Cannot read properties of null (reading 'scrollTop')
    at PdfViewerBase2.initiatePageViewScrollChanged (http://localhost:5173/node_modules/.vite/deps/@syncfusion_ej2-react-pdfviewer.js?v=5646d406:388766:79)
    at http://localhost:5173/node_modules/.vite/deps/@syncfusion_ej2-react-pdfviewer.js?v=5646d406:383450:21
[  656968ms] [WARNING] [AnnotPerf] 800ms safety timeout — PAL never confirmed, forcing CSS transform removal @ http://localhost:5173/src/main.jsx?t=1773201126265:35
[  715560ms] [WARNING] Canvas2D: Multiple readback operations using getImageData are faster with the willReadFrequently attribute set to true. See: https://html.spec.whatwg.org/multipage/canvas.html#concept-canvas-will-read-frequently @ http://localhost:5173/node_modules/.vite/deps/fabric.js?v=5646d406:1292
[  792310ms] [WARNING] Canvas2D: Multiple readback operations using getImageData are faster with the willReadFrequently attribute set to true. See: https://html.spec.whatwg.org/multipage/canvas.html#concept-canvas-will-read-frequently @ http://localhost:5173/node_modules/.vite/deps/fabric.js?v=5646d406:1292
[  792311ms] [WARNING] Canvas2D: Multiple readback operations using getImageData are faster with the willReadFrequently attribute set to true. See: https://html.spec.whatwg.org/multipage/canvas.html#concept-canvas-will-read-frequently @ http://localhost:5173/node_modules/.vite/deps/fabric.js?v=5646d406:1292
[  792312ms] [WARNING] Canvas2D: Multiple readback operations using getImageData are faster with the willReadFrequently attribute set to true. See: https://html.spec.whatwg.org/multipage/canvas.html#concept-canvas-will-read-frequently @ http://localhost:5173/node_modules/.vite/deps/fabric.js?v=5646d406:1292
[  792312ms] [WARNING] Canvas2D: Multiple readback operations using getImageData are faster with the willReadFrequently attribute set to true. See: https://html.spec.whatwg.org/multipage/canvas.html#concept-canvas-will-read-frequently @ http://localhost:5173/node_modules/.vite/deps/fabric.js?v=5646d406:1292
[  792313ms] [WARNING] Canvas2D: Multiple readback operations using getImageData are faster with the willReadFrequently attribute set to true. See: https://html.spec.whatwg.org/multipage/canvas.html#concept-canvas-will-read-frequently @ http://localhost:5173/node_modules/.vite/deps/fabric.js?v=5646d406:1292
[  792315ms] [WARNING] Canvas2D: Multiple readback operations using getImageData are faster with the willReadFrequently attribute set to true. See: https://html.spec.whatwg.org/multipage/canvas.html#concept-canvas-will-read-frequently @ http://localhost:5173/node_modules/.vite/deps/fabric.js?v=5646d406:1292
[  792316ms] [WARNING] Canvas2D: Multiple readback operations using getImageData are faster with the willReadFrequently attribute set to true. See: https://html.spec.whatwg.org/multipage/canvas.html#concept-canvas-will-read-frequently @ http://localhost:5173/node_modules/.vite/deps/fabric.js?v=5646d406:1292
[  792316ms] [WARNING] Canvas2D: Multiple readback operations using getImageData are faster with the willReadFrequently attribute set to true. See: https://html.spec.whatwg.org/multipage/canvas.html#concept-canvas-will-read-frequently @ http://localhost:5173/node_modules/.vite/deps/fabric.js?v=5646d406:1292
[  792317ms] [WARNING] Canvas2D: Multiple readback operations using getImageData are faster with the willReadFrequently attribute set to true. See: https://html.spec.whatwg.org/multipage/canvas.html#concept-canvas-will-read-frequently @ http://localhost:5173/node_modules/.vite/deps/fabric.js?v=5646d406:1292
[  792317ms] [WARNING] Canvas2D: Multiple readback operations using getImageData are faster with the willReadFrequently attribute set to true. See: https://html.spec.whatwg.org/multipage/canvas.html#concept-canvas-will-read-frequently @ http://localhost:5173/node_modules/.vite/deps/fabric.js?v=5646d406:1292
[  792318ms] [WARNING] Canvas2D: Multiple readback operations using getImageData are faster with the willReadFrequently attribute set to true. See: https://html.spec.whatwg.org/multipage/canvas.html#concept-canvas-will-read-frequently @ http://localhost:5173/node_modules/.vite/deps/fabric.js?v=5646d406:1292
[  792319ms] [WARNING] Canvas2D: Multiple readback operations using getImageData are faster with the willReadFrequently attribute set to true. See: https://html.spec.whatwg.org/multipage/canvas.html#concept-canvas-will-read-frequently @ http://localhost:5173/node_modules/.vite/deps/fabric.js?v=5646d406:1292
[  792319ms] [WARNING] Canvas2D: Multiple readback operations using getImageData are faster with the willReadFrequently attribute set to true. See: https://html.spec.whatwg.org/multipage/canvas.html#concept-canvas-will-read-frequently @ http://localhost:5173/node_modules/.vite/deps/fabric.js?v=5646d406:1292
[  792320ms] [WARNING] Canvas2D: Multiple readback operations using getImageData are faster with the willReadFrequently attribute set to true. See: https://html.spec.whatwg.org/multipage/canvas.html#concept-canvas-will-read-frequently @ http://localhost:5173/node_modules/.vite/deps/fabric.js?v=5646d406:1292
[  792320ms] [WARNING] Canvas2D: Multiple readback operations using getImageData are faster with the willReadFrequently attribute set to true. See: https://html.spec.whatwg.org/multipage/canvas.html#concept-canvas-will-read-frequently @ http://localhost:5173/node_modules/.vite/deps/fabric.js?v=5646d406:1292
[  792320ms] [WARNING] Canvas2D: Multiple readback operations using getImageData are faster with the willReadFrequently attribute set to true. See: https://html.spec.whatwg.org/multipage/canvas.html#concept-canvas-will-read-frequently @ http://localhost:5173/node_modules/.vite/deps/fabric.js?v=5646d406:1292
[  792321ms] [WARNING] Canvas2D: Multiple readback operations using getImageData are faster with the willReadFrequently attribute set to true. See: https://html.spec.whatwg.org/multipage/canvas.html#concept-canvas-will-read-frequently @ http://localhost:5173/node_modules/.vite/deps/fabric.js?v=5646d406:1292
[  792323ms] [WARNING] Canvas2D: Multiple readback operations using getImageData are faster with the willReadFrequently attribute set to true. See: https://html.spec.whatwg.org/multipage/canvas.html#concept-canvas-will-read-frequently @ http://localhost:5173/node_modules/.vite/deps/fabric.js?v=5646d406:1292
[  792324ms] [WARNING] Canvas2D: Multiple readback operations using getImageData are faster with the willReadFrequently attribute set to true. See: https://html.spec.whatwg.org/multipage/canvas.html#concept-canvas-will-read-frequently @ http://localhost:5173/node_modules/.vite/deps/fabric.js?v=5646d406:1292
[  792324ms] [WARNING] Canvas2D: Multiple readback operations using getImageData are faster with the willReadFrequently attribute set to true. See: https://html.spec.whatwg.org/multipage/canvas.html#concept-canvas-will-read-frequently @ http://localhost:5173/node_modules/.vite/deps/fabric.js?v=5646d406:1292
[  792325ms] [WARNING] Canvas2D: Multiple readback operations using getImageData are faster with the willReadFrequently attribute set to true. See: https://html.spec.whatwg.org/multipage/canvas.html#concept-canvas-will-read-frequently @ http://localhost:5173/node_modules/.vite/deps/fabric.js?v=5646d406:1292
[  792326ms] [WARNING] Canvas2D: Multiple readback operations using getImageData are faster with the willReadFrequently attribute set to true. See: https://html.spec.whatwg.org/multipage/canvas.html#concept-canvas-will-read-frequently @ http://localhost:5173/node_modules/.vite/deps/fabric.js?v=5646d406:1292
[  792326ms] [WARNING] Canvas2D: Multiple readback operations using getImageData are faster with the willReadFrequently attribute set to true. See: https://html.spec.whatwg.org/multipage/canvas.html#concept-canvas-will-read-frequently @ http://localhost:5173/node_modules/.vite/deps/fabric.js?v=5646d406:1292
[  792327ms] [WARNING] Canvas2D: Multiple readback operations using getImageData are faster with the willReadFrequently attribute set to true. See: https://html.spec.whatwg.org/multipage/canvas.html#concept-canvas-will-read-frequently @ http://localhost:5173/node_modules/.vite/deps/fabric.js?v=5646d406:1292
[  792327ms] [WARNING] Canvas2D: Multiple readback operations using getImageData are faster with the willReadFrequently attribute set to true. See: https://html.spec.whatwg.org/multipage/canvas.html#concept-canvas-will-read-frequently @ http://localhost:5173/node_modules/.vite/deps/fabric.js?v=5646d406:1292
[  792328ms] [WARNING] Canvas2D: Multiple readback operations using getImageData are faster with the willReadFrequently attribute set to true. See: https://html.spec.whatwg.org/multipage/canvas.html#concept-canvas-will-read-frequently @ http://localhost:5173/node_modules/.vite/deps/fabric.js?v=5646d406:1292
[  792328ms] [WARNING] Canvas2D: Multiple readback operations using getImageData are faster with the willReadFrequently attribute set to true. See: https://html.spec.whatwg.org/multipage/canvas.html#concept-canvas-will-read-frequently @ http://localhost:5173/node_modules/.vite/deps/fabric.js?v=5646d406:1292
[  792328ms] [WARNING] Canvas2D: Multiple readback operations using getImageData are faster with the willReadFrequently attribute set to true. See: https://html.spec.whatwg.org/multipage/canvas.html#concept-canvas-will-read-frequently @ http://localhost:5173/node_modules/.vite/deps/fabric.js?v=5646d406:1292
[  792329ms] [WARNING] Canvas2D: Multiple readback operations using getImageData are faster with the willReadFrequently attribute set to true. See: https://html.spec.whatwg.org/multipage/canvas.html#concept-canvas-will-read-frequently @ http://localhost:5173/node_modules/.vite/deps/fabric.js?v=5646d406:1292
[  860941ms] TypeError: Cannot read properties of null (reading 'scrollTop')
    at PdfViewerBase2.initiatePageViewScrollChanged (http://localhost:5173/node_modules/.vite/deps/@syncfusion_ej2-react-pdfviewer.js?v=5646d406:388766:79)
    at http://localhost:5173/node_modules/.vite/deps/@syncfusion_ej2-react-pdfviewer.js?v=5646d406:383450:21
[  899227ms] [WARNING] Canvas2D: Multiple readback operations using getImageData are faster with the willReadFrequently attribute set to true. See: https://html.spec.whatwg.org/multipage/canvas.html#concept-canvas-will-read-frequently @ http://localhost:5173/node_modules/.vite/deps/fabric.js?v=5646d406:1292
[  899228ms] [WARNING] Canvas2D: Multiple readback operations using getImageData are faster with the willReadFrequently attribute set to true. See: https://html.spec.whatwg.org/multipage/canvas.html#concept-canvas-will-read-frequently @ http://localhost:5173/node_modules/.vite/deps/fabric.js?v=5646d406:1292
[  899229ms] [WARNING] Canvas2D: Multiple readback operations using getImageData are faster with the willReadFrequently attribute set to true. See: https://html.spec.whatwg.org/multipage/canvas.html#concept-canvas-will-read-frequently @ http://localhost:5173/node_modules/.vite/deps/fabric.js?v=5646d406:1292
[  899231ms] [WARNING] Canvas2D: Multiple readback operations using getImageData are faster with the willReadFrequently attribute set to true. See: https://html.spec.whatwg.org/multipage/canvas.html#concept-canvas-will-read-frequently @ http://localhost:5173/node_modules/.vite/deps/fabric.js?v=5646d406:1292
[  899231ms] [WARNING] Canvas2D: Multiple readback operations using getImageData are faster with the willReadFrequently attribute set to true. See: https://html.spec.whatwg.org/multipage/canvas.html#concept-canvas-will-read-frequently @ http://localhost:5173/node_modules/.vite/deps/fabric.js?v=5646d406:1292
[  899232ms] [WARNING] Canvas2D: Multiple readback operations using getImageData are faster with the willReadFrequently attribute set to true. See: https://html.spec.whatwg.org/multipage/canvas.html#concept-canvas-will-read-frequently @ http://localhost:5173/node_modules/.vite/deps/fabric.js?v=5646d406:1292
[  899233ms] [WARNING] Canvas2D: Multiple readback operations using getImageData are faster with the willReadFrequently attribute set to true. See: https://html.spec.whatwg.org/multipage/canvas.html#concept-canvas-will-read-frequently @ http://localhost:5173/node_modules/.vite/deps/fabric.js?v=5646d406:1292
[  899233ms] [WARNING] Canvas2D: Multiple readback operations using getImageData are faster with the willReadFrequently attribute set to true. See: https://html.spec.whatwg.org/multipage/canvas.html#concept-canvas-will-read-frequently @ http://localhost:5173/node_modules/.vite/deps/fabric.js?v=5646d406:1292
[  899234ms] [WARNING] Canvas2D: Multiple readback operations using getImageData are faster with the willReadFrequently attribute set to true. See: https://html.spec.whatwg.org/multipage/canvas.html#concept-canvas-will-read-frequently @ http://localhost:5173/node_modules/.vite/deps/fabric.js?v=5646d406:1292
[  899234ms] [WARNING] Canvas2D: Multiple readback operations using getImageData are faster with the willReadFrequently attribute set to true. See: https://html.spec.whatwg.org/multipage/canvas.html#concept-canvas-will-read-frequently @ http://localhost:5173/node_modules/.vite/deps/fabric.js?v=5646d406:1292
[  899235ms] [WARNING] Canvas2D: Multiple readback operations using getImageData are faster with the willReadFrequently attribute set to true. See: https://html.spec.whatwg.org/multipage/canvas.html#concept-canvas-will-read-frequently @ http://localhost:5173/node_modules/.vite/deps/fabric.js?v=5646d406:1292
[  899236ms] [WARNING] Canvas2D: Multiple readback operations using getImageData are faster with the willReadFrequently attribute set to true. See: https://html.spec.whatwg.org/multipage/canvas.html#concept-canvas-will-read-frequently @ http://localhost:5173/node_modules/.vite/deps/fabric.js?v=5646d406:1292
[  899236ms] [WARNING] Canvas2D: Multiple readback operations using getImageData are faster with the willReadFrequently attribute set to true. See: https://html.spec.whatwg.org/multipage/canvas.html#concept-canvas-will-read-frequently @ http://localhost:5173/node_modules/.vite/deps/fabric.js?v=5646d406:1292
[  899237ms] [WARNING] Canvas2D: Multiple readback operations using getImageData are faster with the willReadFrequently attribute set to true. See: https://html.spec.whatwg.org/multipage/canvas.html#concept-canvas-will-read-frequently @ http://localhost:5173/node_modules/.vite/deps/fabric.js?v=5646d406:1292
[  899237ms] [WARNING] Canvas2D: Multiple readback operations using getImageData are faster with the willReadFrequently attribute set to true. See: https://html.spec.whatwg.org/multipage/canvas.html#concept-canvas-will-read-frequently @ http://localhost:5173/node_modules/.vite/deps/fabric.js?v=5646d406:1292
[  899238ms] [WARNING] Canvas2D: Multiple readback operations using getImageData are faster with the willReadFrequently attribute set to true. See: https://html.spec.whatwg.org/multipage/canvas.html#concept-canvas-will-read-frequently @ http://localhost:5173/node_modules/.vite/deps/fabric.js?v=5646d406:1292
[  899238ms] [WARNING] Canvas2D: Multiple readback operations using getImageData are faster with the willReadFrequently attribute set to true. See: https://html.spec.whatwg.org/multipage/canvas.html#concept-canvas-will-read-frequently @ http://localhost:5173/node_modules/.vite/deps/fabric.js?v=5646d406:1292
[  899238ms] [WARNING] Canvas2D: Multiple readback operations using getImageData are faster with the willReadFrequently attribute set to true. See: https://html.spec.whatwg.org/multipage/canvas.html#concept-canvas-will-read-frequently @ http://localhost:5173/node_modules/.vite/deps/fabric.js?v=5646d406:1292
[  899239ms] [WARNING] Canvas2D: Multiple readback operations using getImageData are faster with the willReadFrequently attribute set to true. See: https://html.spec.whatwg.org/multipage/canvas.html#concept-canvas-will-read-frequently @ http://localhost:5173/node_modules/.vite/deps/fabric.js?v=5646d406:1292
[  899239ms] [WARNING] Canvas2D: Multiple readback operations using getImageData are faster with the willReadFrequently attribute set to true. See: https://html.spec.whatwg.org/multipage/canvas.html#concept-canvas-will-read-frequently @ http://localhost:5173/node_modules/.vite/deps/fabric.js?v=5646d406:1292
[  899242ms] [WARNING] Canvas2D: Multiple readback operations using getImageData are faster with the willReadFrequently attribute set to true. See: https://html.spec.whatwg.org/multipage/canvas.html#concept-canvas-will-read-frequently @ http://localhost:5173/node_modules/.vite/deps/fabric.js?v=5646d406:1292
[  899242ms] [WARNING] Canvas2D: Multiple readback operations using getImageData are faster with the willReadFrequently attribute set to true. See: https://html.spec.whatwg.org/multipage/canvas.html#concept-canvas-will-read-frequently @ http://localhost:5173/node_modules/.vite/deps/fabric.js?v=5646d406:1292
[  899243ms] [WARNING] Canvas2D: Multiple readback operations using getImageData are faster with the willReadFrequently attribute set to true. See: https://html.spec.whatwg.org/multipage/canvas.html#concept-canvas-will-read-frequently @ http://localhost:5173/node_modules/.vite/deps/fabric.js?v=5646d406:1292
[  899243ms] [WARNING] Canvas2D: Multiple readback operations using getImageData are faster with the willReadFrequently attribute set to true. See: https://html.spec.whatwg.org/multipage/canvas.html#concept-canvas-will-read-frequently @ http://localhost:5173/node_modules/.vite/deps/fabric.js?v=5646d406:1292
[  899244ms] [WARNING] Canvas2D: Multiple readback operations using getImageData are faster with the willReadFrequently attribute set to true. See: https://html.spec.whatwg.org/multipage/canvas.html#concept-canvas-will-read-frequently @ http://localhost:5173/node_modules/.vite/deps/fabric.js?v=5646d406:1292
[  899244ms] [WARNING] Canvas2D: Multiple readback operations using getImageData are faster with the willReadFrequently attribute set to true. See: https://html.spec.whatwg.org/multipage/canvas.html#concept-canvas-will-read-frequently @ http://localhost:5173/node_modules/.vite/deps/fabric.js?v=5646d406:1292
[  899245ms] [WARNING] Canvas2D: Multiple readback operations using getImageData are faster with the willReadFrequently attribute set to true. See: https://html.spec.whatwg.org/multipage/canvas.html#concept-canvas-will-read-frequently @ http://localhost:5173/node_modules/.vite/deps/fabric.js?v=5646d406:1292
[  899245ms] [WARNING] Canvas2D: Multiple readback operations using getImageData are faster with the willReadFrequently attribute set to true. See: https://html.spec.whatwg.org/multipage/canvas.html#concept-canvas-will-read-frequently @ http://localhost:5173/node_modules/.vite/deps/fabric.js?v=5646d406:1292
[  899246ms] [WARNING] Canvas2D: Multiple readback operations using getImageData are faster with the willReadFrequently attribute set to true. See: https://html.spec.whatwg.org/multipage/canvas.html#concept-canvas-will-read-frequently @ http://localhost:5173/node_modules/.vite/deps/fabric.js?v=5646d406:1292
[  951809ms] TypeError: Cannot read properties of null (reading 'scrollTop')
    at PdfViewerBase2.initiatePageViewScrollChanged (http://localhost:5173/node_modules/.vite/deps/@syncfusion_ej2-react-pdfviewer.js?v=5646d406:388766:79)
    at http://localhost:5173/node_modules/.vite/deps/@syncfusion_ej2-react-pdfviewer.js?v=5646d406:383450:21
[  957953ms] TypeError: Cannot read properties of null (reading 'scrollTop')
    at PdfViewerBase2.initiatePageViewScrollChanged (http://localhost:5173/node_modules/.vite/deps/@syncfusion_ej2-react-pdfviewer.js?v=5646d406:388766:79)
    at http://localhost:5173/node_modules/.vite/deps/@syncfusion_ej2-react-pdfviewer.js?v=5646d406:383450:21
[  964510ms] TypeError: Cannot read properties of null (reading 'scrollTop')
    at PdfViewerBase2.initiatePageViewScrollChanged (http://localhost:5173/node_modules/.vite/deps/@syncfusion_ej2-react-pdfviewer.js?v=5646d406:388766:79)
    at http://localhost:5173/node_modules/.vite/deps/@syncfusion_ej2-react-pdfviewer.js?v=5646d406:383450:21
[  971530ms] TypeError: Cannot read properties of null (reading 'scrollTop')
    at PdfViewerBase2.initiatePageViewScrollChanged (http://localhost:5173/node_modules/.vite/deps/@syncfusion_ej2-react-pdfviewer.js?v=5646d406:388766:79)
    at http://localhost:5173/node_modules/.vite/deps/@syncfusion_ej2-react-pdfviewer.js?v=5646d406:383450:21
[ 1014844ms] [WARNING] Canvas2D: Multiple readback operations using getImageData are faster with the willReadFrequently attribute set to true. See: https://html.spec.whatwg.org/multipage/canvas.html#concept-canvas-will-read-frequently @ http://localhost:5173/node_modules/.vite/deps/fabric.js?v=5646d406:1292
[ 1014846ms] [WARNING] Canvas2D: Multiple readback operations using getImageData are faster with the willReadFrequently attribute set to true. See: https://html.spec.whatwg.org/multipage/canvas.html#concept-canvas-will-read-frequently @ http://localhost:5173/node_modules/.vite/deps/fabric.js?v=5646d406:1292
[ 1014848ms] [WARNING] Canvas2D: Multiple readback operations using getImageData are faster with the willReadFrequently attribute set to true. See: https://html.spec.whatwg.org/multipage/canvas.html#concept-canvas-will-read-frequently @ http://localhost:5173/node_modules/.vite/deps/fabric.js?v=5646d406:1292
[ 1014848ms] [WARNING] Canvas2D: Multiple readback operations using getImageData are faster with the willReadFrequently attribute set to true. See: https://html.spec.whatwg.org/multipage/canvas.html#concept-canvas-will-read-frequently @ http://localhost:5173/node_modules/.vite/deps/fabric.js?v=5646d406:1292
[ 1014849ms] [WARNING] Canvas2D: Multiple readback operations using getImageData are faster with the willReadFrequently attribute set to true. See: https://html.spec.whatwg.org/multipage/canvas.html#concept-canvas-will-read-frequently @ http://localhost:5173/node_modules/.vite/deps/fabric.js?v=5646d406:1292
[ 1014850ms] [WARNING] Canvas2D: Multiple readback operations using getImageData are faster with the willReadFrequently attribute set to true. See: https://html.spec.whatwg.org/multipage/canvas.html#concept-canvas-will-read-frequently @ http://localhost:5173/node_modules/.vite/deps/fabric.js?v=5646d406:1292
[ 1014850ms] [WARNING] Canvas2D: Multiple readback operations using getImageData are faster with the willReadFrequently attribute set to true. See: https://html.spec.whatwg.org/multipage/canvas.html#concept-canvas-will-read-frequently @ http://localhost:5173/node_modules/.vite/deps/fabric.js?v=5646d406:1292
[ 1014851ms] [WARNING] Canvas2D: Multiple readback operations using getImageData are faster with the willReadFrequently attribute set to true. See: https://html.spec.whatwg.org/multipage/canvas.html#concept-canvas-will-read-frequently @ http://localhost:5173/node_modules/.vite/deps/fabric.js?v=5646d406:1292
[ 1014851ms] [WARNING] Canvas2D: Multiple readback operations using getImageData are faster with the willReadFrequently attribute set to true. See: https://html.spec.whatwg.org/multipage/canvas.html#concept-canvas-will-read-frequently @ http://localhost:5173/node_modules/.vite/deps/fabric.js?v=5646d406:1292
[ 1014852ms] [WARNING] Canvas2D: Multiple readback operations using getImageData are faster with the willReadFrequently attribute set to true. See: https://html.spec.whatwg.org/multipage/canvas.html#concept-canvas-will-read-frequently @ http://localhost:5173/node_modules/.vite/deps/fabric.js?v=5646d406:1292
[ 1014852ms] [WARNING] Canvas2D: Multiple readback operations using getImageData are faster with the willReadFrequently attribute set to true. See: https://html.spec.whatwg.org/multipage/canvas.html#concept-canvas-will-read-frequently @ http://localhost:5173/node_modules/.vite/deps/fabric.js?v=5646d406:1292
[ 1014853ms] [WARNING] Canvas2D: Multiple readback operations using getImageData are faster with the willReadFrequently attribute set to true. See: https://html.spec.whatwg.org/multipage/canvas.html#concept-canvas-will-read-frequently @ http://localhost:5173/node_modules/.vite/deps/fabric.js?v=5646d406:1292
[ 1014853ms] [WARNING] Canvas2D: Multiple readback operations using getImageData are faster with the willReadFrequently attribute set to true. See: https://html.spec.whatwg.org/multipage/canvas.html#concept-canvas-will-read-frequently @ http://localhost:5173/node_modules/.vite/deps/fabric.js?v=5646d406:1292
[ 1014856ms] [WARNING] Canvas2D: Multiple readback operations using getImageData are faster with the willReadFrequently attribute set to true. See: https://html.spec.whatwg.org/multipage/canvas.html#concept-canvas-will-read-frequently @ http://localhost:5173/node_modules/.vite/deps/fabric.js?v=5646d406:1292
[ 1014856ms] [WARNING] Canvas2D: Multiple readback operations using getImageData are faster with the willReadFrequently attribute set to true. See: https://html.spec.whatwg.org/multipage/canvas.html#concept-canvas-will-read-frequently @ http://localhost:5173/node_modules/.vite/deps/fabric.js?v=5646d406:1292
[ 1014857ms] [WARNING] Canvas2D: Multiple readback operations using getImageData are faster with the willReadFrequently attribute set to true. See: https://html.spec.whatwg.org/multipage/canvas.html#concept-canvas-will-read-frequently @ http://localhost:5173/node_modules/.vite/deps/fabric.js?v=5646d406:1292
[ 1014857ms] [WARNING] Canvas2D: Multiple readback operations using getImageData are faster with the willReadFrequently attribute set to true. See: https://html.spec.whatwg.org/multipage/canvas.html#concept-canvas-will-read-frequently @ http://localhost:5173/node_modules/.vite/deps/fabric.js?v=5646d406:1292
[ 1014858ms] [WARNING] Canvas2D: Multiple readback operations using getImageData are faster with the willReadFrequently attribute set to true. See: https://html.spec.whatwg.org/multipage/canvas.html#concept-canvas-will-read-frequently @ http://localhost:5173/node_modules/.vite/deps/fabric.js?v=5646d406:1292
[ 1014858ms] [WARNING] Canvas2D: Multiple readback operations using getImageData are faster with the willReadFrequently attribute set to true. See: https://html.spec.whatwg.org/multipage/canvas.html#concept-canvas-will-read-frequently @ http://localhost:5173/node_modules/.vite/deps/fabric.js?v=5646d406:1292
[ 1014859ms] [WARNING] Canvas2D: Multiple readback operations using getImageData are faster with the willReadFrequently attribute set to true. See: https://html.spec.whatwg.org/multipage/canvas.html#concept-canvas-will-read-frequently @ http://localhost:5173/node_modules/.vite/deps/fabric.js?v=5646d406:1292
[ 1014860ms] [WARNING] Canvas2D: Multiple readback operations using getImageData are faster with the willReadFrequently attribute set to true. See: https://html.spec.whatwg.org/multipage/canvas.html#concept-canvas-will-read-frequently @ http://localhost:5173/node_modules/.vite/deps/fabric.js?v=5646d406:1292
[ 1014860ms] [WARNING] Canvas2D: Multiple readback operations using getImageData are faster with the willReadFrequently attribute set to true. See: https://html.spec.whatwg.org/multipage/canvas.html#concept-canvas-will-read-frequently @ http://localhost:5173/node_modules/.vite/deps/fabric.js?v=5646d406:1292
[ 1014860ms] [WARNING] Canvas2D: Multiple readback operations using getImageData are faster with the willReadFrequently attribute set to true. See: https://html.spec.whatwg.org/multipage/canvas.html#concept-canvas-will-read-frequently @ http://localhost:5173/node_modules/.vite/deps/fabric.js?v=5646d406:1292
[ 1014861ms] [WARNING] Canvas2D: Multiple readback operations using getImageData are faster with the willReadFrequently attribute set to true. See: https://html.spec.whatwg.org/multipage/canvas.html#concept-canvas-will-read-frequently @ http://localhost:5173/node_modules/.vite/deps/fabric.js?v=5646d406:1292
[ 1014862ms] [WARNING] Canvas2D: Multiple readback operations using getImageData are faster with the willReadFrequently attribute set to true. See: https://html.spec.whatwg.org/multipage/canvas.html#concept-canvas-will-read-frequently @ http://localhost:5173/node_modules/.vite/deps/fabric.js?v=5646d406:1292
[ 1014865ms] [WARNING] Canvas2D: Multiple readback operations using getImageData are faster with the willReadFrequently attribute set to true. See: https://html.spec.whatwg.org/multipage/canvas.html#concept-canvas-will-read-frequently @ http://localhost:5173/node_modules/.vite/deps/fabric.js?v=5646d406:1292
[ 1014865ms] [WARNING] Canvas2D: Multiple readback operations using getImageData are faster with the willReadFrequently attribute set to true. See: https://html.spec.whatwg.org/multipage/canvas.html#concept-canvas-will-read-frequently @ http://localhost:5173/node_modules/.vite/deps/fabric.js?v=5646d406:1292
[ 1014866ms] [WARNING] Canvas2D: Multiple readback operations using getImageData are faster with the willReadFrequently attribute set to true. See: https://html.spec.whatwg.org/multipage/canvas.html#concept-canvas-will-read-frequently @ http://localhost:5173/node_modules/.vite/deps/fabric.js?v=5646d406:1292
[ 1014866ms] [WARNING] Canvas2D: Multiple readback operations using getImageData are faster with the willReadFrequently attribute set to true. See: https://html.spec.whatwg.org/multipage/canvas.html#concept-canvas-will-read-frequently @ http://localhost:5173/node_modules/.vite/deps/fabric.js?v=5646d406:1292
[ 1317225ms] [WARNING] Canvas2D: Multiple readback operations using getImageData are faster with the willReadFrequently attribute set to true. See: https://html.spec.whatwg.org/multipage/canvas.html#concept-canvas-will-read-frequently @ http://localhost:5173/node_modules/.vite/deps/fabric.js?v=5646d406:1292
[ 1317282ms] [WARNING] Canvas2D: Multiple readback operations using getImageData are faster with the willReadFrequently attribute set to true. See: https://html.spec.whatwg.org/multipage/canvas.html#concept-canvas-will-read-frequently @ http://localhost:5173/node_modules/.vite/deps/fabric.js?v=5646d406:1292
[ 1317284ms] [WARNING] Canvas2D: Multiple readback operations using getImageData are faster with the willReadFrequently attribute set to true. See: https://html.spec.whatwg.org/multipage/canvas.html#concept-canvas-will-read-frequently @ http://localhost:5173/node_modules/.vite/deps/fabric.js?v=5646d406:1292
[ 1317293ms] [WARNING] Canvas2D: Multiple readback operations using getImageData are faster with the willReadFrequently attribute set to true. See: https://html.spec.whatwg.org/multipage/canvas.html#concept-canvas-will-read-frequently @ http://localhost:5173/node_modules/.vite/deps/fabric.js?v=5646d406:1292
[ 1317314ms] [WARNING] Canvas2D: Multiple readback operations using getImageData are faster with the willReadFrequently attribute set to true. See: https://html.spec.whatwg.org/multipage/canvas.html#concept-canvas-will-read-frequently @ http://localhost:5173/node_modules/.vite/deps/fabric.js?v=5646d406:1292
[ 1326589ms] [WARNING] Canvas2D: Multiple readback operations using getImageData are faster with the willReadFrequently attribute set to true. See: https://html.spec.whatwg.org/multipage/canvas.html#concept-canvas-will-read-frequently @ http://localhost:5173/node_modules/.vite/deps/fabric.js?v=5646d406:1292
[ 1340073ms] [WARNING] Canvas2D: Multiple readback operations using getImageData are faster with the willReadFrequently attribute set to true. See: https://html.spec.whatwg.org/multipage/canvas.html#concept-canvas-will-read-frequently @ http://localhost:5173/node_modules/.vite/deps/fabric.js?v=5646d406:1292
[ 1340088ms] [WARNING] Canvas2D: Multiple readback operations using getImageData are faster with the willReadFrequently attribute set to true. See: https://html.spec.whatwg.org/multipage/canvas.html#concept-canvas-will-read-frequently @ http://localhost:5173/node_modules/.vite/deps/fabric.js?v=5646d406:1292
[ 1342158ms] [WARNING] Canvas2D: Multiple readback operations using getImageData are faster with the willReadFrequently attribute set to true. See: https://html.spec.whatwg.org/multipage/canvas.html#concept-canvas-will-read-frequently @ http://localhost:5173/node_modules/.vite/deps/fabric.js?v=5646d406:1292
[ 1342365ms] [WARNING] Canvas2D: Multiple readback operations using getImageData are faster with the willReadFrequently attribute set to true. See: https://html.spec.whatwg.org/multipage/canvas.html#concept-canvas-will-read-frequently @ http://localhost:5173/node_modules/.vite/deps/fabric.js?v=5646d406:1292
[ 1342367ms] [WARNING] Canvas2D: Multiple readback operations using getImageData are faster with the willReadFrequently attribute set to true. See: https://html.spec.whatwg.org/multipage/canvas.html#concept-canvas-will-read-frequently @ http://localhost:5173/node_modules/.vite/deps/fabric.js?v=5646d406:1292
[ 1342383ms] [WARNING] Canvas2D: Multiple readback operations using getImageData are faster with the willReadFrequently attribute set to true. See: https://html.spec.whatwg.org/multipage/canvas.html#concept-canvas-will-read-frequently @ http://localhost:5173/node_modules/.vite/deps/fabric.js?v=5646d406:1292
[ 1342401ms] [WARNING] Canvas2D: Multiple readback operations using getImageData are faster with the willReadFrequently attribute set to true. See: https://html.spec.whatwg.org/multipage/canvas.html#concept-canvas-will-read-frequently @ http://localhost:5173/node_modules/.vite/deps/fabric.js?v=5646d406:1292
[ 1439508ms] TypeError: Cannot read properties of null (reading 'scrollTop')
    at PdfViewerBase2.initiatePageViewScrollChanged (http://localhost:5173/node_modules/.vite/deps/@syncfusion_ej2-react-pdfviewer.js?v=5646d406:388766:79)
    at http://localhost:5173/node_modules/.vite/deps/@syncfusion_ej2-react-pdfviewer.js?v=5646d406:383450:21
[ 1450914ms] TypeError: Cannot read properties of null (reading 'scrollTop')
    at PdfViewerBase2.initiatePageViewScrollChanged (http://localhost:5173/node_modules/.vite/deps/@syncfusion_ej2-react-pdfviewer.js?v=5646d406:388766:79)
    at http://localhost:5173/node_modules/.vite/deps/@syncfusion_ej2-react-pdfviewer.js?v=5646d406:383450:21
[ 1567745ms] [WARNING] Canvas2D: Multiple readback operations using getImageData are faster with the willReadFrequently attribute set to true. See: https://html.spec.whatwg.org/multipage/canvas.html#concept-canvas-will-read-frequently @ http://localhost:5173/node_modules/.vite/deps/fabric.js?v=5646d406:1292
[ 1587175ms] [WARNING] Canvas2D: Multiple readback operations using getImageData are faster with the willReadFrequently attribute set to true. See: https://html.spec.whatwg.org/multipage/canvas.html#concept-canvas-will-read-frequently @ http://localhost:5173/node_modules/.vite/deps/fabric.js?v=5646d406:1292
