[   75625ms] [WARNING] [AnnotPerf] 800ms safety timeout — PAL never confirmed, forcing CSS transform removal @ http://localhost:5173/src/main.jsx?t=1773200466630:35
[  198623ms] [WARNING] Canvas2D: Multiple readback operations using getImageData are faster with the willReadFrequently attribute set to true. See: https://html.spec.whatwg.org/multipage/canvas.html#concept-canvas-will-read-frequently @ http://localhost:5173/node_modules/.vite/deps/fabric.js?v=5646d406:1292
[  367059ms] TypeError: Cannot read properties of null (reading 'scrollTop')
    at PdfViewerBase2.initiatePageViewScrollChanged (http://localhost:5173/node_modules/.vite/deps/@syncfusion_ej2-react-pdfviewer.js?v=5646d406:388766:79)
    at http://localhost:5173/node_modules/.vite/deps/@syncfusion_ej2-react-pdfviewer.js?v=5646d406:383450:21
[  516526ms] [WARNING] Canvas2D: Multiple readback operations using getImageData are faster with the willReadFrequently attribute set to true. See: https://html.spec.whatwg.org/multipage/canvas.html#concept-canvas-will-read-frequently @ http://localhost:5173/node_modules/.vite/deps/fabric.js?v=5646d406:1292
[  516850ms] [WARNING] Canvas2D: Multiple readback operations using getImageData are faster with the willReadFrequently attribute set to true. See: https://html.spec.whatwg.org/multipage/canvas.html#concept-canvas-will-read-frequently @ http://localhost:5173/node_modules/.vite/deps/fabric.js?v=5646d406:1292
[  516851ms] [WARNING] Canvas2D: Multiple readback operations using getImageData are faster with the willReadFrequently attribute set to true. See: https://html.spec.whatwg.org/multipage/canvas.html#concept-canvas-will-read-frequently @ http://localhost:5173/node_modules/.vite/deps/fabric.js?v=5646d406:1292
[  516866ms] [WARNING] Canvas2D: Multiple readback operations using getImageData are faster with the willReadFrequently attribute set to true. See: https://html.spec.whatwg.org/multipage/canvas.html#concept-canvas-will-read-frequently @ http://localhost:5173/node_modules/.vite/deps/fabric.js?v=5646d406:1292
[  516941ms] [WARNING] Canvas2D: Multiple readback operations using getImageData are faster with the willReadFrequently attribute set to true. See: https://html.spec.whatwg.org/multipage/canvas.html#concept-canvas-will-read-frequently @ http://localhost:5173/node_modules/.vite/deps/fabric.js?v=5646d406:1292
[  516949ms] [WARNING] Canvas2D: Multiple readback operations using getImageData are faster with the willReadFrequently attribute set to true. See: https://html.spec.whatwg.org/multipage/canvas.html#concept-canvas-will-read-frequently @ http://localhost:5173/node_modules/.vite/deps/fabric.js?v=5646d406:1292
[  516958ms] [WARNING] Canvas2D: Multiple readback operations using getImageData are faster with the willReadFrequently attribute set to true. See: https://html.spec.whatwg.org/multipage/canvas.html#concept-canvas-will-read-frequently @ http://localhost:5173/node_modules/.vite/deps/fabric.js?v=5646d406:1292
[  516967ms] [WARNING] Canvas2D: Multiple readback operations using getImageData are faster with the willReadFrequently attribute set to true. See: https://html.spec.whatwg.org/multipage/canvas.html#concept-canvas-will-read-frequently @ http://localhost:5173/node_modules/.vite/deps/fabric.js?v=5646d406:1292
[  516967ms] [WARNING] Canvas2D: Multiple readback operations using getImageData are faster with the willReadFrequently attribute set to true. See: https://html.spec.whatwg.org/multipage/canvas.html#concept-canvas-will-read-frequently @ http://localhost:5173/node_modules/.vite/deps/fabric.js?v=5646d406:1292
[  516974ms] [WARNING] Canvas2D: Multiple readback operations using getImageData are faster with the willReadFrequently attribute set to true. See: https://html.spec.whatwg.org/multipage/canvas.html#concept-canvas-will-read-frequently @ http://localhost:5173/node_modules/.vite/deps/fabric.js?v=5646d406:1292
[  517000ms] [WARNING] Canvas2D: Multiple readback operations using getImageData are faster with the willReadFrequently attribute set to true. See: https://html.spec.whatwg.org/multipage/canvas.html#concept-canvas-will-read-frequently @ http://localhost:5173/node_modules/.vite/deps/fabric.js?v=5646d406:1292
[  517008ms] [WARNING] Canvas2D: Multiple readback operations using getImageData are faster with the willReadFrequently attribute set to true. See: https://html.spec.whatwg.org/multipage/canvas.html#concept-canvas-will-read-frequently @ http://localhost:5173/node_modules/.vite/deps/fabric.js?v=5646d406:1292
[  517017ms] [WARNING] Canvas2D: Multiple readback operations using getImageData are faster with the willReadFrequently attribute set to true. See: https://html.spec.whatwg.org/multipage/canvas.html#concept-canvas-will-read-frequently @ http://localhost:5173/node_modules/.vite/deps/fabric.js?v=5646d406:1292
[  517019ms] [WARNING] Canvas2D: Multiple readback operations using getImageData are faster with the willReadFrequently attribute set to true. See: https://html.spec.whatwg.org/multipage/canvas.html#concept-canvas-will-read-frequently @ http://localhost:5173/node_modules/.vite/deps/fabric.js?v=5646d406:1292
[  517232ms] [WARNING] Canvas2D: Multiple readback operations using getImageData are faster with the willReadFrequently attribute set to true. See: https://html.spec.whatwg.org/multipage/canvas.html#concept-canvas-will-read-frequently @ http://localhost:5173/node_modules/.vite/deps/fabric.js?v=5646d406:1292
[  517233ms] [WARNING] Canvas2D: Multiple readback operations using getImageData are faster with the willReadFrequently attribute set to true. See: https://html.spec.whatwg.org/multipage/canvas.html#concept-canvas-will-read-frequently @ http://localhost:5173/node_modules/.vite/deps/fabric.js?v=5646d406:1292
[  517249ms] [WARNING] Canvas2D: Multiple readback operations using getImageData are faster with the willReadFrequently attribute set to true. See: https://html.spec.whatwg.org/multipage/canvas.html#concept-canvas-will-read-frequently @ http://localhost:5173/node_modules/.vite/deps/fabric.js?v=5646d406:1292
[  517258ms] [WARNING] Canvas2D: Multiple readback operations using getImageData are faster with the willReadFrequently attribute set to true. See: https://html.spec.whatwg.org/multipage/canvas.html#concept-canvas-will-read-frequently @ http://localhost:5173/node_modules/.vite/deps/fabric.js?v=5646d406:1292
[  517261ms] [WARNING] Canvas2D: Multiple readback operations using getImageData are faster with the willReadFrequently attribute set to true. See: https://html.spec.whatwg.org/multipage/canvas.html#concept-canvas-will-read-frequently @ http://localhost:5173/node_modules/.vite/deps/fabric.js?v=5646d406:1292
[  517266ms] [WARNING] Canvas2D: Multiple readback operations using getImageData are faster with the willReadFrequently attribute set to true. See: https://html.spec.whatwg.org/multipage/canvas.html#concept-canvas-will-read-frequently @ http://localhost:5173/node_modules/.vite/deps/fabric.js?v=5646d406:1292
[  517267ms] [WARNING] Canvas2D: Multiple readback operations using getImageData are faster with the willReadFrequently attribute set to true. See: https://html.spec.whatwg.org/multipage/canvas.html#concept-canvas-will-read-frequently @ http://localhost:5173/node_modules/.vite/deps/fabric.js?v=5646d406:1292
[  517274ms] [WARNING] Canvas2D: Multiple readback operations using getImageData are faster with the willReadFrequently attribute set to true. See: https://html.spec.whatwg.org/multipage/canvas.html#concept-canvas-will-read-frequently @ http://localhost:5173/node_modules/.vite/deps/fabric.js?v=5646d406:1292
[  517276ms] [WARNING] Canvas2D: Multiple readback operations using getImageData are faster with the willReadFrequently attribute set to true. See: https://html.spec.whatwg.org/multipage/canvas.html#concept-canvas-will-read-frequently @ http://localhost:5173/node_modules/.vite/deps/fabric.js?v=5646d406:1292
[  517291ms] [WARNING] Canvas2D: Multiple readback operations using getImageData are faster with the willReadFrequently attribute set to true. See: https://html.spec.whatwg.org/multipage/canvas.html#concept-canvas-will-read-frequently @ http://localhost:5173/node_modules/.vite/deps/fabric.js?v=5646d406:1292
[  714590ms] [WARNING] Canvas2D: Multiple readback operations using getImageData are faster with the willReadFrequently attribute set to true. See: https://html.spec.whatwg.org/multipage/canvas.html#concept-canvas-will-read-frequently @ http://localhost:5173/node_modules/.vite/deps/fabric.js?v=5646d406:1292
[  722061ms] [WARNING] Canvas2D: Multiple readback operations using getImageData are faster with the willReadFrequently attribute set to true. See: https://html.spec.whatwg.org/multipage/canvas.html#concept-canvas-will-read-frequently @ http://localhost:5173/node_modules/.vite/deps/fabric.js?v=5646d406:1292
[  722063ms] [WARNING] Canvas2D: Multiple readback operations using getImageData are faster with the willReadFrequently attribute set to true. See: https://html.spec.whatwg.org/multipage/canvas.html#concept-canvas-will-read-frequently @ http://localhost:5173/node_modules/.vite/deps/fabric.js?v=5646d406:1292
