[   10062ms] [WARNING] [RALPH-DEBUG] shouldFreezePortalHost=true but frozenPageNumbers is EMPTY! containers= 0 zoomActive= false confirmPending= true @ http://localhost:5173/src/main.jsx?t=1773204111731:35
[   10087ms] [WARNING] [RALPH-DEBUG] shouldFreezePortalHost=true but frozenPageNumbers is EMPTY! containers= 0 zoomActive= false confirmPending= true @ http://localhost:5173/src/main.jsx?t=1773204111731:35
[   10089ms] [WARNING] [RALPH-DEBUG] shouldFreezePortalHost=true but frozenPageNumbers is EMPTY! containers= 0 zoomActive= false confirmPending= true @ http://localhost:5173/src/main.jsx?t=1773204111731:35
[  114379ms] [WARNING] Canvas2D: Multiple readback operations using getImageData are faster with the willReadFrequently attribute set to true. See: https://html.spec.whatwg.org/multipage/canvas.html#concept-canvas-will-read-frequently @ http://localhost:5173/node_modules/.vite/deps/fabric.js?v=5646d406:1292
[  114385ms] [WARNING] Canvas2D: Multiple readback operations using getImageData are faster with the willReadFrequently attribute set to true. See: https://html.spec.whatwg.org/multipage/canvas.html#concept-canvas-will-read-frequently @ http://localhost:5173/node_modules/.vite/deps/fabric.js?v=5646d406:1292
[  114386ms] [WARNING] Canvas2D: Multiple readback operations using getImageData are faster with the willReadFrequently attribute set to true. See: https://html.spec.whatwg.org/multipage/canvas.html#concept-canvas-will-read-frequently @ http://localhost:5173/node_modules/.vite/deps/fabric.js?v=5646d406:1292
[  114387ms] [WARNING] Canvas2D: Multiple readback operations using getImageData are faster with the willReadFrequently attribute set to true. See: https://html.spec.whatwg.org/multipage/canvas.html#concept-canvas-will-read-frequently @ http://localhost:5173/node_modules/.vite/deps/fabric.js?v=5646d406:1292
[  114388ms] [WARNING] Canvas2D: Multiple readback operations using getImageData are faster with the willReadFrequently attribute set to true. See: https://html.spec.whatwg.org/multipage/canvas.html#concept-canvas-will-read-frequently @ http://localhost:5173/node_modules/.vite/deps/fabric.js?v=5646d406:1292
[  114389ms] [WARNING] Canvas2D: Multiple readback operations using getImageData are faster with the willReadFrequently attribute set to true. See: https://html.spec.whatwg.org/multipage/canvas.html#concept-canvas-will-read-frequently @ http://localhost:5173/node_modules/.vite/deps/fabric.js?v=5646d406:1292
[  114389ms] [WARNING] Canvas2D: Multiple readback operations using getImageData are faster with the willReadFrequently attribute set to true. See: https://html.spec.whatwg.org/multipage/canvas.html#concept-canvas-will-read-frequently @ http://localhost:5173/node_modules/.vite/deps/fabric.js?v=5646d406:1292
[  114390ms] [WARNING] Canvas2D: Multiple readback operations using getImageData are faster with the willReadFrequently attribute set to true. See: https://html.spec.whatwg.org/multipage/canvas.html#concept-canvas-will-read-frequently @ http://localhost:5173/node_modules/.vite/deps/fabric.js?v=5646d406:1292
[  114391ms] [WARNING] Canvas2D: Multiple readback operations using getImageData are faster with the willReadFrequently attribute set to true. See: https://html.spec.whatwg.org/multipage/canvas.html#concept-canvas-will-read-frequently @ http://localhost:5173/node_modules/.vite/deps/fabric.js?v=5646d406:1292
[  114392ms] [WARNING] Canvas2D: Multiple readback operations using getImageData are faster with the willReadFrequently attribute set to true. See: https://html.spec.whatwg.org/multipage/canvas.html#concept-canvas-will-read-frequently @ http://localhost:5173/node_modules/.vite/deps/fabric.js?v=5646d406:1292
[  114393ms] [WARNING] Canvas2D: Multiple readback operations using getImageData are faster with the willReadFrequently attribute set to true. See: https://html.spec.whatwg.org/multipage/canvas.html#concept-canvas-will-read-frequently @ http://localhost:5173/node_modules/.vite/deps/fabric.js?v=5646d406:1292
[  114393ms] [WARNING] Canvas2D: Multiple readback operations using getImageData are faster with the willReadFrequently attribute set to true. See: https://html.spec.whatwg.org/multipage/canvas.html#concept-canvas-will-read-frequently @ http://localhost:5173/node_modules/.vite/deps/fabric.js?v=5646d406:1292
[  114394ms] [WARNING] Canvas2D: Multiple readback operations using getImageData are faster with the willReadFrequently attribute set to true. See: https://html.spec.whatwg.org/multipage/canvas.html#concept-canvas-will-read-frequently @ http://localhost:5173/node_modules/.vite/deps/fabric.js?v=5646d406:1292
[  114395ms] [WARNING] Canvas2D: Multiple readback operations using getImageData are faster with the willReadFrequently attribute set to true. See: https://html.spec.whatwg.org/multipage/canvas.html#concept-canvas-will-read-frequently @ http://localhost:5173/node_modules/.vite/deps/fabric.js?v=5646d406:1292
[  114395ms] [WARNING] Canvas2D: Multiple readback operations using getImageData are faster with the willReadFrequently attribute set to true. See: https://html.spec.whatwg.org/multipage/canvas.html#concept-canvas-will-read-frequently @ http://localhost:5173/node_modules/.vite/deps/fabric.js?v=5646d406:1292
[  114396ms] [WARNING] Canvas2D: Multiple readback operations using getImageData are faster with the willReadFrequently attribute set to true. See: https://html.spec.whatwg.org/multipage/canvas.html#concept-canvas-will-read-frequently @ http://localhost:5173/node_modules/.vite/deps/fabric.js?v=5646d406:1292
[  114396ms] [WARNING] Canvas2D: Multiple readback operations using getImageData are faster with the willReadFrequently attribute set to true. See: https://html.spec.whatwg.org/multipage/canvas.html#concept-canvas-will-read-frequently @ http://localhost:5173/node_modules/.vite/deps/fabric.js?v=5646d406:1292
[  114397ms] [WARNING] Canvas2D: Multiple readback operations using getImageData are faster with the willReadFrequently attribute set to true. See: https://html.spec.whatwg.org/multipage/canvas.html#concept-canvas-will-read-frequently @ http://localhost:5173/node_modules/.vite/deps/fabric.js?v=5646d406:1292
[  114397ms] [WARNING] Canvas2D: Multiple readback operations using getImageData are faster with the willReadFrequently attribute set to true. See: https://html.spec.whatwg.org/multipage/canvas.html#concept-canvas-will-read-frequently @ http://localhost:5173/node_modules/.vite/deps/fabric.js?v=5646d406:1292
[  114398ms] [WARNING] Canvas2D: Multiple readback operations using getImageData are faster with the willReadFrequently attribute set to true. See: https://html.spec.whatwg.org/multipage/canvas.html#concept-canvas-will-read-frequently @ http://localhost:5173/node_modules/.vite/deps/fabric.js?v=5646d406:1292
[  114398ms] [WARNING] Canvas2D: Multiple readback operations using getImageData are faster with the willReadFrequently attribute set to true. See: https://html.spec.whatwg.org/multipage/canvas.html#concept-canvas-will-read-frequently @ http://localhost:5173/node_modules/.vite/deps/fabric.js?v=5646d406:1292
[  114398ms] [WARNING] Canvas2D: Multiple readback operations using getImageData are faster with the willReadFrequently attribute set to true. See: https://html.spec.whatwg.org/multipage/canvas.html#concept-canvas-will-read-frequently @ http://localhost:5173/node_modules/.vite/deps/fabric.js?v=5646d406:1292
[  114401ms] [WARNING] Canvas2D: Multiple readback operations using getImageData are faster with the willReadFrequently attribute set to true. See: https://html.spec.whatwg.org/multipage/canvas.html#concept-canvas-will-read-frequently @ http://localhost:5173/node_modules/.vite/deps/fabric.js?v=5646d406:1292
[  114401ms] [WARNING] Canvas2D: Multiple readback operations using getImageData are faster with the willReadFrequently attribute set to true. See: https://html.spec.whatwg.org/multipage/canvas.html#concept-canvas-will-read-frequently @ http://localhost:5173/node_modules/.vite/deps/fabric.js?v=5646d406:1292
[  114401ms] [WARNING] Canvas2D: Multiple readback operations using getImageData are faster with the willReadFrequently attribute set to true. See: https://html.spec.whatwg.org/multipage/canvas.html#concept-canvas-will-read-frequently @ http://localhost:5173/node_modules/.vite/deps/fabric.js?v=5646d406:1292
[  114402ms] [WARNING] Canvas2D: Multiple readback operations using getImageData are faster with the willReadFrequently attribute set to true. See: https://html.spec.whatwg.org/multipage/canvas.html#concept-canvas-will-read-frequently @ http://localhost:5173/node_modules/.vite/deps/fabric.js?v=5646d406:1292
[  114402ms] [WARNING] Canvas2D: Multiple readback operations using getImageData are faster with the willReadFrequently attribute set to true. See: https://html.spec.whatwg.org/multipage/canvas.html#concept-canvas-will-read-frequently @ http://localhost:5173/node_modules/.vite/deps/fabric.js?v=5646d406:1292
[  114402ms] [WARNING] Canvas2D: Multiple readback operations using getImageData are faster with the willReadFrequently attribute set to true. See: https://html.spec.whatwg.org/multipage/canvas.html#concept-canvas-will-read-frequently @ http://localhost:5173/node_modules/.vite/deps/fabric.js?v=5646d406:1292
[  114403ms] [WARNING] Canvas2D: Multiple readback operations using getImageData are faster with the willReadFrequently attribute set to true. See: https://html.spec.whatwg.org/multipage/canvas.html#concept-canvas-will-read-frequently @ http://localhost:5173/node_modules/.vite/deps/fabric.js?v=5646d406:1292
[  114403ms] [WARNING] Canvas2D: Multiple readback operations using getImageData are faster with the willReadFrequently attribute set to true. See: https://html.spec.whatwg.org/multipage/canvas.html#concept-canvas-will-read-frequently @ http://localhost:5173/node_modules/.vite/deps/fabric.js?v=5646d406:1292
[  114403ms] [WARNING] Canvas2D: Multiple readback operations using getImageData are faster with the willReadFrequently attribute set to true. See: https://html.spec.whatwg.org/multipage/canvas.html#concept-canvas-will-read-frequently @ http://localhost:5173/node_modules/.vite/deps/fabric.js?v=5646d406:1292
[  114404ms] [WARNING] Canvas2D: Multiple readback operations using getImageData are faster with the willReadFrequently attribute set to true. See: https://html.spec.whatwg.org/multipage/canvas.html#concept-canvas-will-read-frequently @ http://localhost:5173/node_modules/.vite/deps/fabric.js?v=5646d406:1292
[  114404ms] [WARNING] Canvas2D: Multiple readback operations using getImageData are faster with the willReadFrequently attribute set to true. See: https://html.spec.whatwg.org/multipage/canvas.html#concept-canvas-will-read-frequently @ http://localhost:5173/node_modules/.vite/deps/fabric.js?v=5646d406:1292
[  114404ms] [WARNING] Canvas2D: Multiple readback operations using getImageData are faster with the willReadFrequently attribute set to true. See: https://html.spec.whatwg.org/multipage/canvas.html#concept-canvas-will-read-frequently @ http://localhost:5173/node_modules/.vite/deps/fabric.js?v=5646d406:1292
[  114405ms] [WARNING] Canvas2D: Multiple readback operations using getImageData are faster with the willReadFrequently attribute set to true. See: https://html.spec.whatwg.org/multipage/canvas.html#concept-canvas-will-read-frequently @ http://localhost:5173/node_modules/.vite/deps/fabric.js?v=5646d406:1292
[  114405ms] [WARNING] Canvas2D: Multiple readback operations using getImageData are faster with the willReadFrequently attribute set to true. See: https://html.spec.whatwg.org/multipage/canvas.html#concept-canvas-will-read-frequently @ http://localhost:5173/node_modules/.vite/deps/fabric.js?v=5646d406:1292
[  114405ms] [WARNING] Canvas2D: Multiple readback operations using getImageData are faster with the willReadFrequently attribute set to true. See: https://html.spec.whatwg.org/multipage/canvas.html#concept-canvas-will-read-frequently @ http://localhost:5173/node_modules/.vite/deps/fabric.js?v=5646d406:1292
[  114406ms] [WARNING] Canvas2D: Multiple readback operations using getImageData are faster with the willReadFrequently attribute set to true. See: https://html.spec.whatwg.org/multipage/canvas.html#concept-canvas-will-read-frequently @ http://localhost:5173/node_modules/.vite/deps/fabric.js?v=5646d406:1292
[  114406ms] [WARNING] Canvas2D: Multiple readback operations using getImageData are faster with the willReadFrequently attribute set to true. See: https://html.spec.whatwg.org/multipage/canvas.html#concept-canvas-will-read-frequently @ http://localhost:5173/node_modules/.vite/deps/fabric.js?v=5646d406:1292
[  114407ms] [WARNING] Canvas2D: Multiple readback operations using getImageData are faster with the willReadFrequently attribute set to true. See: https://html.spec.whatwg.org/multipage/canvas.html#concept-canvas-will-read-frequently @ http://localhost:5173/node_modules/.vite/deps/fabric.js?v=5646d406:1292
[  373512ms] TypeError: Cannot read properties of null (reading 'scrollTop')
    at PdfViewerBase2.initiatePageViewScrollChanged (http://localhost:5173/node_modules/.vite/deps/@syncfusion_ej2-react-pdfviewer.js?v=5646d406:388766:79)
    at http://localhost:5173/node_modules/.vite/deps/@syncfusion_ej2-react-pdfviewer.js?v=5646d406:383450:21
[  382254ms] TypeError: Cannot read properties of null (reading 'scrollTop')
    at PdfViewerBase2.initiatePageViewScrollChanged (http://localhost:5173/node_modules/.vite/deps/@syncfusion_ej2-react-pdfviewer.js?v=5646d406:388766:79)
    at http://localhost:5173/node_modules/.vite/deps/@syncfusion_ej2-react-pdfviewer.js?v=5646d406:383450:21
