0 verbose cli /opt/homebrew/Cellar/node/25.8.1/bin/node /opt/homebrew/lib/node_modules/npm/bin/npm-cli.js
1 info using npm@11.11.0
2 info using node@v25.8.1
3 silly config load:file:/opt/homebrew/lib/node_modules/npm/npmrc
4 silly config load:file:/Users/isaiahcalvo/Desktop/Survey-BetaSafeS2/.npmrc
5 silly config load:file:/Users/isaiahcalvo/.npmrc
6 silly config load:file:/opt/homebrew/etc/npmrc
7 verbose title npm exec create-vite pdf-counter-playground --template react --no-interactive
8 verbose argv "exec" "--" "create-vite" "pdf-counter-playground" "--template" "react" "--no-interactive"
9 verbose logfile logs-max:10 dir:/Users/isaiahcalvo/Desktop/Survey-BetaSafeS2/.npm-cache/_logs/2026-04-15T17_41_12_640Z-
10 verbose logfile /Users/isaiahcalvo/Desktop/Survey-BetaSafeS2/.npm-cache/_logs/2026-04-15T17_41_12_640Z-debug-0.log
11 silly logfile done cleaning log files
12 silly packumentCache heap:4496293888 maxSize:1124073472 maxEntrySize:562036736
13 verbose shrinkwrap failed to load node_modules/.package-lock.json out of date, updated: node_modules
14 http fetch GET 200 https://registry.npmjs.org/create-vite 97ms (cache revalidated)
15 silly packumentCache heap:4496293888 maxSize:1124073472 maxEntrySize:562036736
16 silly packumentCache heap:4496293888 maxSize:1124073472 maxEntrySize:562036736
17 silly idealTree buildDeps
18 silly fetch manifest create-vite@9.0.4
19 silly packumentCache full:https://registry.npmjs.org/create-vite cache-miss
20 http cache https://registry.npmjs.org/create-vite 5ms (cache hit)
21 silly packumentCache full:https://registry.npmjs.org/create-vite set size:238204 disposed:false
22 silly placeDep ROOT create-vite@9.0.4 OK for:  want: 9.0.4
23 silly reify moves {}
24 silly audit bulk request { 'create-vite': [ '9.0.4' ] }
25 http cache create-vite@https://registry.npmjs.org/create-vite/-/create-vite-9.0.4.tgz 0ms (cache hit)
26 http fetch POST 200 https://registry.npmjs.org/-/npm/v1/security/advisories/bulk 155ms
27 silly audit report {}
28 verbose cwd /Users/isaiahcalvo/Desktop/Survey-BetaSafeS2
29 verbose os Darwin 25.4.0
30 verbose node v25.8.1
31 verbose npm  v11.11.0
32 verbose exit 0
33 info ok
