{
  "upload_visible": true,
  "upload_picker_opened": false,
  "network_400s": [
    {
      "url": "https://cvamwtpsuvxvjdnotbeg.supabase.co/storage/v1/object/documents/audit/kal-54/1779477380135/doc.pdf",
      "status": 400,
      "bodySnip": "{\"statusCode\":\"404\",\"error\":\"not_found\",\"message\":\"Object not found\"}"
    },
    {
      "url": "https://cvamwtpsuvxvjdnotbeg.supabase.co/storage/v1/object/documents/audit/kal-54/1779477380135/doc.pdf",
      "status": 400,
      "bodySnip": "{\"statusCode\":\"404\",\"error\":\"not_found\",\"message\":\"Object not found\"}"
    },
    {
      "url": "https://cvamwtpsuvxvjdnotbeg.supabase.co/storage/v1/object/public/documents/audit/kal-54/1779477380135/doc.pdf",
      "status": 400,
      "bodySnip": "{\"statusCode\":\"404\",\"error\":\"Bucket not found\",\"message\":\"Bucket not found\"}"
    },
    {
      "url": "https://cvamwtpsuvxvjdnotbeg.supabase.co/storage/v1/object/public/documents/audit/kal-54/1779477380135/doc.pdf",
      "status": 400,
      "bodySnip": "{\"statusCode\":\"404\",\"error\":\"Bucket not found\",\"message\":\"Bucket not found\"}"
    },
    {
      "url": "https://cvamwtpsuvxvjdnotbeg.supabase.co/storage/v1/object/documents/audit/kal-54/1779477380135/doc.pdf",
      "status": 400,
      "bodySnip": "{\"statusCode\":\"404\",\"error\":\"not_found\",\"message\":\"Object not found\"}"
    },
    {
      "url": "https://cvamwtpsuvxvjdnotbeg.supabase.co/storage/v1/object/documents/audit/kal-54/1779477380135/doc.pdf",
      "status": 400,
      "bodySnip": "{\"statusCode\":\"404\",\"error\":\"not_found\",\"message\":\"Object not found\"}"
    },
    {
      "url": "https://cvamwtpsuvxvjdnotbeg.supabase.co/storage/v1/object/public/documents/audit/kal-54/1779477380135/doc.pdf",
      "status": 400,
      "bodySnip": "{\"statusCode\":\"404\",\"error\":\"Bucket not found\",\"message\":\"Bucket not found\"}"
    },
    {
      "url": "https://cvamwtpsuvxvjdnotbeg.supabase.co/storage/v1/object/public/documents/audit/kal-54/1779477380135/doc.pdf",
      "status": 400,
      "bodySnip": "{\"statusCode\":\"404\",\"error\":\"Bucket not found\",\"message\":\"Bucket not found\"}"
    }
  ],
  "console_errors": [
    {
      "t": "error",
      "text": "Failed to load resource: the server responded with a status of 400 ()"
    },
    {
      "t": "error",
      "text": "Failed to load resource: the server responded with a status of 400 ()"
    },
    {
      "t": "error",
      "text": "Failed to load resource: the server responded with a status of 400 ()"
    },
    {
      "t": "error",
      "text": "Failed to load resource: the server responded with a status of 400 ()"
    },
    {
      "t": "error",
      "text": "Failed to load resource: the server responded with a status of 400 ()"
    },
    {
      "t": "error",
      "text": "Failed to load resource: the server responded with a status of 400 ()"
    },
    {
      "t": "error",
      "text": "Failed to load resource: the server responded with a status of 400 ()"
    },
    {
      "t": "error",
      "text": "Failed to load resource: the server responded with a status of 400 ()"
    }
  ],
  "console_warnings": [
    {
      "t": "warning",
      "text": "[CTXDIAG page-gated-v2-2026-04-25] installed — window+document capture dispatcher + bubble + right-button mousedown listeners + menu-open watcher"
    },
    {
      "t": "warning",
      "text": "[CTXDIAG page-gated-v2-2026-04-25] installed — window+document capture dispatcher + bubble + right-button mousedown listeners + menu-open watcher"
    }
  ]
}
