	at xcuitest.XCTestDriverClient.executeJsonRequest$lambda$9(XCTestDriverClient.kt:290)
	at xcuitest.XCTestDriverClient.transportCall(XCTestDriverClient.kt:67)
	... 32 more
	Suppressed: java.net.SocketException: Connection reset
		at java.base/sun.nio.ch.NioSocketImpl.implRead(NioSocketImpl.java:328)
		at java.base/sun.nio.ch.NioSocketImpl.read(NioSocketImpl.java:355)
		at java.base/sun.nio.ch.NioSocketImpl$1.read(NioSocketImpl.java:808)
		at java.base/java.net.Socket$SocketInputStream.read(Socket.java:966)
		at okio.InputStreamSource.read(JvmOkio.kt:94)
		at okio.AsyncTimeout$source$1.read(AsyncTimeout.kt:157)
		at okio.RealBufferedSource.indexOf(RealBufferedSource.kt:457)
		at okio.RealBufferedSource.readUtf8LineStrict(RealBufferedSource.kt:350)
		at okhttp3.internal.http1.HeadersReader.readLine(HeadersReader.kt:29)
		at okhttp3.internal.http1.Http1ExchangeCodec.readResponseHeaders(Http1ExchangeCodec.kt:180)
		at okhttp3.internal.connection.Exchange.readResponseHeaders(Exchange.kt:110)
		at okhttp3.internal.http.CallServerInterceptor.intercept(CallServerInterceptor.kt:93)
		at okhttp3.internal.http.RealInterceptorChain.proceed(RealInterceptorChain.kt:109)
		at maestro.utils.HttpClient.build_S81q6HU$lambda$0(HttpClient.kt:83)
		at okhttp3.internal.http.RealInterceptorChain.proceed(RealInterceptorChain.kt:109)
		at okhttp3.internal.connection.ConnectInterceptor.intercept(ConnectInterceptor.kt:34)
		... 43 more
Caused by: java.net.ConnectException: Connection refused
	at java.base/sun.nio.ch.Net.pollConnect(Native Method)
	at java.base/sun.nio.ch.Net.pollConnectNow(Net.java:684)
	at java.base/sun.nio.ch.NioSocketImpl.timedFinishConnect(NioSocketImpl.java:547)
	at java.base/sun.nio.ch.NioSocketImpl.connect(NioSocketImpl.java:602)
	at java.base/java.net.SocksSocketImpl.connect(SocksSocketImpl.java:327)
	at java.base/java.net.Socket.connect(Socket.java:633)
	at okhttp3.internal.platform.Platform.connectSocket(Platform.kt:128)
	at okhttp3.internal.connection.RealConnection.connectSocket(RealConnection.kt:295)
	... 49 more
21:08:12.402 [ERROR] device.IOSDevice.runDeviceCall: Device unreachable while processing isScreenStatic command
ios.IOSDeviceErrors$Unreachable: Device became unreachable while processing isScreenStatic
	at ios.xctest.XCTestIOSDevice.execute(XCTestIOSDevice.kt:249)
	at ios.xctest.XCTestIOSDevice.isScreenStatic(XCTestIOSDevice.kt:201)
	at ios.LocalIOSDevice.isScreenStatic(LocalIOSDevice.kt:155)
	at maestro.drivers.IOSDriver.isScreenStatic$lambda$72(IOSDriver.kt:637)
	at maestro.drivers.IOSDriver.runDeviceCall(IOSDriver.kt:642)
	at maestro.drivers.IOSDriver.isScreenStatic(IOSDriver.kt:637)
	at maestro.drivers.IOSDriver.waitUntilScreenIsStatic$lambda$53$lambda$52(IOSDriver.kt:495)
	at maestro.utils.MaestroTimer.retryUntilTrue(MaestroTimer.kt:60)
	at maestro.utils.MaestroTimer.retryUntilTrue$default(MaestroTimer.kt:48)
	at maestro.drivers.IOSDriver.waitUntilScreenIsStatic$lambda$53(IOSDriver.kt:494)
	at maestro.utils.Metrics.measured(Metrics.kt:48)
	at maestro.drivers.IOSDriver.waitUntilScreenIsStatic(IOSDriver.kt:493)
	at maestro.drivers.IOSDriver$waitForAppToSettle$1.invoke-F9mIFpk(IOSDriver.kt:505)
	at maestro.drivers.IOSDriver$waitForAppToSettle$1.invoke(IOSDriver.kt:503)
	at maestro.utils.Metrics.measured(Metrics.kt:48)
	at maestro.drivers.IOSDriver.waitForAppToSettle-5RpGHs4(IOSDriver.kt:503)
	at maestro.Maestro$waitForAppToSettle$2.invoke-F9mIFpk(Maestro.kt:579)
	at maestro.Maestro$waitForAppToSettle$2.invoke(Maestro.kt:578)
	at kotlinx.coroutines.InterruptibleKt.runInterruptibleInExpectedContext(Interruptible.kt:48)
	at kotlinx.coroutines.InterruptibleKt.access$runInterruptibleInExpectedContext(Interruptible.kt:1)
	at kotlinx.coroutines.InterruptibleKt$runInterruptible$2.invokeSuspend(Interruptible.kt:40)
	at kotlin.coroutines.jvm.internal.BaseContinuationImpl.resumeWith(ContinuationImpl.kt:34)
	at kotlinx.coroutines.DispatchedTask.run(DispatchedTask.kt:100)
	at kotlinx.coroutines.internal.LimitedDispatcher$Worker.run(LimitedDispatcher.kt:124)
	at kotlinx.coroutines.scheduling.TaskImpl.run(Tasks.kt:89)
	at kotlinx.coroutines.scheduling.CoroutineScheduler.runSafely(CoroutineScheduler.kt:586)
	at kotlinx.coroutines.scheduling.CoroutineScheduler$Worker.executeTask(CoroutineScheduler.kt:820)
	at kotlinx.coroutines.scheduling.CoroutineScheduler$Worker.runWorker(CoroutineScheduler.kt:717)
	at kotlinx.coroutines.scheduling.CoroutineScheduler$Worker.run(CoroutineScheduler.kt:704)
Caused by: maestro.utils.network.XCUITestServerError$Unreachable: Transport unreachable while processing isScreenStatic
	at xcuitest.XCTestDriverClient.transportCall(XCTestDriverClient.kt:73)
	at xcuitest.XCTestDriverClient.executeJsonRequest(XCTestDriverClient.kt:283)
	at xcuitest.XCTestDriverClient.isScreenStatic(XCTestDriverClient.kt:115)
	at ios.xctest.XCTestIOSDevice.isScreenStatic$lambda$17(XCTestIOSDevice.kt:202)
	at ios.xctest.XCTestIOSDevice.execute(XCTestIOSDevice.kt:240)
	... 28 more
Caused by: java.net.ConnectException: Failed to connect to /127.0.0.1:52281
	at okhttp3.internal.connection.RealConnection.connectSocket(RealConnection.kt:297)
	at okhttp3.internal.connection.RealConnection.connect(RealConnection.kt:207)
	at okhttp3.internal.connection.ExchangeFinder.findConnection(ExchangeFinder.kt:226)
	at okhttp3.internal.connection.ExchangeFinder.findHealthyConnection(ExchangeFinder.kt:106)
	at okhttp3.internal.connection.ExchangeFinder.find(ExchangeFinder.kt:74)
	at okhttp3.internal.connection.RealCall.initExchange$okhttp(RealCall.kt:255)
	at okhttp3.internal.connection.ConnectInterceptor.intercept(ConnectInterceptor.kt:32)
	at okhttp3.internal.http.RealInterceptorChain.proceed(RealInterceptorChain.kt:109)
	at okhttp3.internal.cache.CacheInterceptor.intercept(CacheInterceptor.kt:95)
	at okhttp3.internal.http.RealInterceptorChain.proceed(RealInterceptorChain.kt:109)
	at okhttp3.internal.http.BridgeInterceptor.intercept(BridgeInterceptor.kt:83)
	at okhttp3.internal.http.RealInterceptorChain.proceed(RealInterceptorChain.kt:109)
	at okhttp3.internal.http.RetryAndFollowUpInterceptor.intercept(RetryAndFollowUpInterceptor.kt:76)
	at okhttp3.internal.http.RealInterceptorChain.proceed(RealInterceptorChain.kt:109)
	at okhttp3.internal.connection.RealCall.getResponseWithInterceptorChain$okhttp(RealCall.kt:201)
	at okhttp3.internal.connection.RealCall.execute(RealCall.kt:154)
	at xcuitest.XCTestDriverClient.executeJsonRequest$lambda$9(XCTestDriverClient.kt:290)
	at xcuitest.XCTestDriverClient.transportCall(XCTestDriverClient.kt:67)
	... 32 more
	Suppressed: java.net.SocketException: Connection reset
		at java.base/sun.nio.ch.NioSocketImpl.implRead(NioSocketImpl.java:328)
		at java.base/sun.nio.ch.NioSocketImpl.read(NioSocketImpl.java:355)
		at java.base/sun.nio.ch.NioSocketImpl$1.read(NioSocketImpl.java:808)
		at java.base/java.net.Socket$SocketInputStream.read(Socket.java:966)
		at okio.InputStreamSource.read(JvmOkio.kt:94)
		at okio.AsyncTimeout$source$1.read(AsyncTimeout.kt:157)
		at okio.RealBufferedSource.indexOf(RealBufferedSource.kt:457)
		at okio.RealBufferedSource.readUtf8LineStrict(RealBufferedSource.kt:350)
		at okhttp3.internal.http1.HeadersReader.readLine(HeadersReader.kt:29)
		at okhttp3.internal.http1.Http1ExchangeCodec.readResponseHeaders(Http1ExchangeCodec.kt:180)
		at okhttp3.internal.connection.Exchange.readResponseHeaders(Exchange.kt:110)
		at okhttp3.internal.http.CallServerInterceptor.intercept(CallServerInterceptor.kt:93)
		at okhttp3.internal.http.RealInterceptorChain.proceed(RealInterceptorChain.kt:109)
		at maestro.utils.HttpClient.build_S81q6HU$lambda$0(HttpClient.kt:83)
		at okhttp3.internal.http.RealInterceptorChain.proceed(RealInterceptorChain.kt:109)
		at okhttp3.internal.connection.ConnectInterceptor.intercept(ConnectInterceptor.kt:34)
		... 43 more
Caused by: java.net.ConnectException: Connection refused
	at java.base/sun.nio.ch.Net.pollConnect(Native Method)
	at java.base/sun.nio.ch.Net.pollConnectNow(Net.java:684)
	at java.base/sun.nio.ch.NioSocketImpl.timedFinishConnect(NioSocketImpl.java:547)
	at java.base/sun.nio.ch.NioSocketImpl.connect(NioSocketImpl.java:602)
	at java.base/java.net.SocksSocketImpl.connect(SocksSocketImpl.java:327)
	at java.base/java.net.Socket.connect(Socket.java:633)
	at okhttp3.internal.platform.Platform.connectSocket(Platform.kt:128)
	at okhttp3.internal.connection.RealConnection.connectSocket(RealConnection.kt:295)
	... 49 more
21:08:12.402 [ERROR] device.IOSDevice.runDeviceCall: Device unreachable while processing isScreenStatic command
ios.IOSDeviceErrors$Unreachable: Device became unreachable while processing isScreenStatic
	at ios.xctest.XCTestIOSDevice.execute(XCTestIOSDevice.kt:249)
	at ios.xctest.XCTestIOSDevice.isScreenStatic(XCTestIOSDevice.kt:201)
	at ios.LocalIOSDevice.isScreenStatic(LocalIOSDevice.kt:155)
	at maestro.drivers.IOSDriver.isScreenStatic$lambda$72(IOSDriver.kt:637)
	at maestro.drivers.IOSDriver.runDeviceCall(IOSDriver.kt:642)
	at maestro.drivers.IOSDriver.isScreenStatic(IOSDriver.kt:637)
	at maestro.drivers.IOSDriver.waitUntilScreenIsStatic$lambda$53$lambda$52(IOSDriver.kt:495)
	at maestro.utils.MaestroTimer.retryUntilTrue(MaestroTimer.kt:60)
	at maestro.utils.MaestroTimer.retryUntilTrue$default(MaestroTimer.kt:48)
	at maestro.drivers.IOSDriver.waitUntilScreenIsStatic$lambda$53(IOSDriver.kt:494)
	at maestro.utils.Metrics.measured(Metrics.kt:48)
	at maestro.drivers.IOSDriver.waitUntilScreenIsStatic(IOSDriver.kt:493)
	at maestro.drivers.IOSDriver$waitForAppToSettle$1.invoke-F9mIFpk(IOSDriver.kt:505)
	at maestro.drivers.IOSDriver$waitForAppToSettle$1.invoke(IOSDriver.kt:503)
	at maestro.utils.Metrics.measured(Metrics.kt:48)
	at maestro.drivers.IOSDriver.waitForAppToSettle-5RpGHs4(IOSDriver.kt:503)
	at maestro.Maestro$waitForAppToSettle$2.invoke-F9mIFpk(Maestro.kt:579)
	at maestro.Maestro$waitForAppToSettle$2.invoke(Maestro.kt:578)
	at kotlinx.coroutines.InterruptibleKt.runInterruptibleInExpectedContext(Interruptible.kt:48)
	at kotlinx.coroutines.InterruptibleKt.access$runInterruptibleInExpectedContext(Interruptible.kt:1)
	at kotlinx.coroutines.InterruptibleKt$runInterruptible$2.invokeSuspend(Interruptible.kt:40)
	at kotlin.coroutines.jvm.internal.BaseContinuationImpl.resumeWith(ContinuationImpl.kt:34)
	at kotlinx.coroutines.DispatchedTask.run(DispatchedTask.kt:100)
	at kotlinx.coroutines.internal.LimitedDispatcher$Worker.run(LimitedDispatcher.kt:124)
	at kotlinx.coroutines.scheduling.TaskImpl.run(Tasks.kt:89)
	at kotlinx.coroutines.scheduling.CoroutineScheduler.runSafely(CoroutineScheduler.kt:586)
	at kotlinx.coroutines.scheduling.CoroutineScheduler$Worker.executeTask(CoroutineScheduler.kt:820)
	at kotlinx.coroutines.scheduling.CoroutineScheduler$Worker.runWorker(CoroutineScheduler.kt:717)
	at kotlinx.coroutines.scheduling.CoroutineScheduler$Worker.run(CoroutineScheduler.kt:704)
Caused by: maestro.utils.network.XCUITestServerError$Unreachable: Transport unreachable while processing isScreenStatic
	at xcuitest.XCTestDriverClient.transportCall(XCTestDriverClient.kt:73)
	at xcuitest.XCTestDriverClient.executeJsonRequest(XCTestDriverClient.kt:283)
	at xcuitest.XCTestDriverClient.isScreenStatic(XCTestDriverClient.kt:115)
	at ios.xctest.XCTestIOSDevice.isScreenStatic$lambda$17(XCTestIOSDevice.kt:202)
	at ios.xctest.XCTestIOSDevice.execute(XCTestIOSDevice.kt:240)
	... 28 more
Caused by: java.net.ConnectException: Failed to connect to /127.0.0.1:52281
	at okhttp3.internal.connection.RealConnection.connectSocket(RealConnection.kt:297)
	at okhttp3.internal.connection.RealConnection.connect(RealConnection.kt:207)
	at okhttp3.internal.connection.ExchangeFinder.findConnection(ExchangeFinder.kt:226)
	at okhttp3.internal.connection.ExchangeFinder.findHealthyConnection(ExchangeFinder.kt:106)
	at okhttp3.internal.connection.ExchangeFinder.find(ExchangeFinder.kt:74)
	at okhttp3.internal.connection.RealCall.initExchange$okhttp(RealCall.kt:255)
	at okhttp3.internal.connection.ConnectInterceptor.intercept(ConnectInterceptor.kt:32)
	at okhttp3.internal.http.RealInterceptorChain.proceed(RealInterceptorChain.kt:109)
	at okhttp3.internal.cache.CacheInterceptor.intercept(CacheInterceptor.kt:95)
	at okhttp3.internal.http.RealInterceptorChain.proceed(RealInterceptorChain.kt:109)
	at okhttp3.internal.http.BridgeInterceptor.intercept(BridgeInterceptor.kt:83)
	at okhttp3.internal.http.RealInterceptorChain.proceed(RealInterceptorChain.kt:109)
	at okhttp3.internal.http.RetryAndFollowUpInterceptor.intercept(RetryAndFollowUpInterceptor.kt:76)
	at okhttp3.internal.http.RealInterceptorChain.proceed(RealInterceptorChain.kt:109)
	at okhttp3.internal.connection.RealCall.getResponseWithInterceptorChain$okhttp(RealCall.kt:201)
	at okhttp3.internal.connection.RealCall.execute(RealCall.kt:154)
	at xcuitest.XCTestDriverClient.executeJsonRequest$lambda$9(XCTestDriverClient.kt:290)
	at xcuitest.XCTestDriverClient.transportCall(XCTestDriverClient.kt:67)
	... 32 more
	Suppressed: java.net.SocketException: Connection reset
		at java.base/sun.nio.ch.NioSocketImpl.implRead(NioSocketImpl.java:328)
		at java.base/sun.nio.ch.NioSocketImpl.read(NioSocketImpl.java:355)
		at java.base/sun.nio.ch.NioSocketImpl$1.read(NioSocketImpl.java:808)
		at java.base/java.net.Socket$SocketInputStream.read(Socket.java:966)
		at okio.InputStreamSource.read(JvmOkio.kt:94)
		at okio.AsyncTimeout$source$1.read(AsyncTimeout.kt:157)
		at okio.RealBufferedSource.indexOf(RealBufferedSource.kt:457)
		at okio.RealBufferedSource.readUtf8LineStrict(RealBufferedSource.kt:350)
		at okhttp3.internal.http1.HeadersReader.readLine(HeadersReader.kt:29)
		at okhttp3.internal.http1.Http1ExchangeCodec.readResponseHeaders(Http1ExchangeCodec.kt:180)
		at okhttp3.internal.connection.Exchange.readResponseHeaders(Exchange.kt:110)
		at okhttp3.internal.http.CallServerInterceptor.intercept(CallServerInterceptor.kt:93)
		at okhttp3.internal.http.RealInterceptorChain.proceed(RealInterceptorChain.kt:109)
		at maestro.utils.HttpClient.build_S81q6HU$lambda$0(HttpClient.kt:83)
		at okhttp3.internal.http.RealInterceptorChain.proceed(RealInterceptorChain.kt:109)
		at okhttp3.internal.connection.ConnectInterceptor.intercept(ConnectInterceptor.kt:34)
		... 43 more
Caused by: java.net.ConnectException: Connection refused
	at java.base/sun.nio.ch.Net.pollConnect(Native Method)
	at java.base/sun.nio.ch.Net.pollConnectNow(Net.java:684)
	at java.base/sun.nio.ch.NioSocketImpl.timedFinishConnect(NioSocketImpl.java:547)
	at java.base/sun.nio.ch.NioSocketImpl.connect(NioSocketImpl.java:602)
	at java.base/java.net.SocksSocketImpl.connect(SocksSocketImpl.java:327)
	at java.base/java.net.Socket.connect(Socket.java:633)
	at okhttp3.internal.platform.Platform.connectSocket(Platform.kt:128)
	at okhttp3.internal.connection.RealConnection.connectSocket(RealConnection.kt:295)
	... 49 more
21:08:12.453 [ERROR] device.IOSDevice.runDeviceCall: Device unreachable while processing deviceInfo command
ios.IOSDeviceErrors$Unreachable: Device became unreachable while processing isScreenStatic
	at ios.xctest.XCTestIOSDevice.execute(XCTestIOSDevice.kt:249)
	at ios.xctest.XCTestIOSDevice.deviceInfo(XCTestIOSDevice.kt:30)
	at ios.LocalIOSDevice.deviceInfo(LocalIOSDevice.kt:31)
	at maestro.drivers.IOSDriver.deviceInfo$lambda$6$lambda$5(IOSDriver.kt:114)
	at maestro.drivers.IOSDriver.runDeviceCall(IOSDriver.kt:642)
	at maestro.drivers.IOSDriver.deviceInfo$lambda$6(IOSDriver.kt:114)
	at maestro.utils.Metrics.measured(Metrics.kt:48)
	at maestro.drivers.IOSDriver.deviceInfo(IOSDriver.kt:113)
	at maestro.ViewHierarchy$Companion.from-8JJjmZI(ViewHierarchy.kt:28)
	at maestro.utils.ScreenshotUtils$Companion.viewHierarchy-c1iYVAs(ScreenshotUtils.kt:99)
	at maestro.utils.ScreenshotUtils$Companion.waitForAppToSettle-OpTFbEc(ScreenshotUtils.kt:58)
	at maestro.drivers.IOSDriver$waitForAppToSettle$1.invoke-F9mIFpk(IOSDriver.kt:507)
	at maestro.drivers.IOSDriver$waitForAppToSettle$1.invoke(IOSDriver.kt:503)
	at maestro.utils.Metrics.measured(Metrics.kt:48)
	at maestro.drivers.IOSDriver.waitForAppToSettle-5RpGHs4(IOSDriver.kt:503)
	at maestro.Maestro$waitForAppToSettle$2.invoke-F9mIFpk(Maestro.kt:579)
	at maestro.Maestro$waitForAppToSettle$2.invoke(Maestro.kt:578)
	at kotlinx.coroutines.InterruptibleKt.runInterruptibleInExpectedContext(Interruptible.kt:48)
	at kotlinx.coroutines.InterruptibleKt.access$runInterruptibleInExpectedContext(Interruptible.kt:1)
	at kotlinx.coroutines.InterruptibleKt$runInterruptible$2.invokeSuspend(Interruptible.kt:40)
	at kotlin.coroutines.jvm.internal.BaseContinuationImpl.resumeWith(ContinuationImpl.kt:34)
	at kotlinx.coroutines.DispatchedTask.run(DispatchedTask.kt:100)
	at kotlinx.coroutines.internal.LimitedDispatcher$Worker.run(LimitedDispatcher.kt:124)
	at kotlinx.coroutines.scheduling.TaskImpl.run(Tasks.kt:89)
	at kotlinx.coroutines.scheduling.CoroutineScheduler.runSafely(CoroutineScheduler.kt:586)
	at kotlinx.coroutines.scheduling.CoroutineScheduler$Worker.executeTask(CoroutineScheduler.kt:820)
	at kotlinx.coroutines.scheduling.CoroutineScheduler$Worker.runWorker(CoroutineScheduler.kt:717)
	at kotlinx.coroutines.scheduling.CoroutineScheduler$Worker.run(CoroutineScheduler.kt:704)
Caused by: maestro.utils.network.XCUITestServerError$Unreachable: Transport unreachable while processing isScreenStatic
	at xcuitest.XCTestDriverClient.transportCall(XCTestDriverClient.kt:73)
	at xcuitest.XCTestDriverClient.executeJsonRequest(XCTestDriverClient.kt:283)
	at xcuitest.XCTestDriverClient.isScreenStatic(XCTestDriverClient.kt:115)
	at ios.xctest.XCTestIOSDevice.isScreenStatic$lambda$17(XCTestIOSDevice.kt:202)
	at ios.xctest.XCTestIOSDevice.execute(XCTestIOSDevice.kt:240)
	at ios.xctest.XCTestIOSDevice.isScreenStatic(XCTestIOSDevice.kt:201)
	at ios.LocalIOSDevice.isScreenStatic(LocalIOSDevice.kt:155)
	at maestro.drivers.IOSDriver.isScreenStatic$lambda$72(IOSDriver.kt:637)
	at maestro.drivers.IOSDriver.runDeviceCall(IOSDriver.kt:642)
	at maestro.drivers.IOSDriver.isScreenStatic(IOSDriver.kt:637)
	at maestro.drivers.IOSDriver.waitUntilScreenIsStatic$lambda$53$lambda$52(IOSDriver.kt:495)
	at maestro.utils.MaestroTimer.retryUntilTrue(MaestroTimer.kt:60)
	at maestro.utils.MaestroTimer.retryUntilTrue$default(MaestroTimer.kt:48)
	at maestro.drivers.IOSDriver.waitUntilScreenIsStatic$lambda$53(IOSDriver.kt:494)
	at maestro.utils.Metrics.measured(Metrics.kt:48)
	at maestro.drivers.IOSDriver.waitUntilScreenIsStatic(IOSDriver.kt:493)
	at maestro.drivers.IOSDriver$waitForAppToSettle$1.invoke-F9mIFpk(IOSDriver.kt:505)
	... 16 more
Caused by: java.net.ConnectException: Failed to connect to /127.0.0.1:52281
	at okhttp3.internal.connection.RealConnection.connectSocket(RealConnection.kt:297)
	at okhttp3.internal.connection.RealConnection.connect(RealConnection.kt:207)
	at okhttp3.internal.connection.ExchangeFinder.findConnection(ExchangeFinder.kt:226)
	at okhttp3.internal.connection.ExchangeFinder.findHealthyConnection(ExchangeFinder.kt:106)
	at okhttp3.internal.connection.ExchangeFinder.find(ExchangeFinder.kt:74)
	at okhttp3.internal.connection.RealCall.initExchange$okhttp(RealCall.kt:255)
	at okhttp3.internal.connection.ConnectInterceptor.intercept(ConnectInterceptor.kt:32)
	at okhttp3.internal.http.RealInterceptorChain.proceed(RealInterceptorChain.kt:109)
	at okhttp3.internal.cache.CacheInterceptor.intercept(CacheInterceptor.kt:95)
	at okhttp3.internal.http.RealInterceptorChain.proceed(RealInterceptorChain.kt:109)
	at okhttp3.internal.http.BridgeInterceptor.intercept(BridgeInterceptor.kt:83)
	at okhttp3.internal.http.RealInterceptorChain.proceed(RealInterceptorChain.kt:109)
	at okhttp3.internal.http.RetryAndFollowUpInterceptor.intercept(RetryAndFollowUpInterceptor.kt:76)
	at okhttp3.internal.http.RealInterceptorChain.proceed(RealInterceptorChain.kt:109)
	at okhttp3.internal.connection.RealCall.getResponseWithInterceptorChain$okhttp(RealCall.kt:201)
	at okhttp3.internal.connection.RealCall.execute(RealCall.kt:154)
	at xcuitest.XCTestDriverClient.executeJsonRequest$lambda$9(XCTestDriverClient.kt:290)
	at xcuitest.XCTestDriverClient.transportCall(XCTestDriverClient.kt:67)
	... 32 more
	Suppressed: java.net.SocketException: Connection reset
		at java.base/sun.nio.ch.NioSocketImpl.implRead(NioSocketImpl.java:328)
		at java.base/sun.nio.ch.NioSocketImpl.read(NioSocketImpl.java:355)
		at java.base/sun.nio.ch.NioSocketImpl$1.read(NioSocketImpl.java:808)
		at java.base/java.net.Socket$SocketInputStream.read(Socket.java:966)
		at okio.InputStreamSource.read(JvmOkio.kt:94)
		at okio.AsyncTimeout$source$1.read(AsyncTimeout.kt:157)
		at okio.RealBufferedSource.indexOf(RealBufferedSource.kt:457)
		at okio.RealBufferedSource.readUtf8LineStrict(RealBufferedSource.kt:350)
		at okhttp3.internal.http1.HeadersReader.readLine(HeadersReader.kt:29)
		at okhttp3.internal.http1.Http1ExchangeCodec.readResponseHeaders(Http1ExchangeCodec.kt:180)
		at okhttp3.internal.connection.Exchange.readResponseHeaders(Exchange.kt:110)
		at okhttp3.internal.http.CallServerInterceptor.intercept(CallServerInterceptor.kt:93)
		at okhttp3.internal.http.RealInterceptorChain.proceed(RealInterceptorChain.kt:109)
		at maestro.utils.HttpClient.build_S81q6HU$lambda$0(HttpClient.kt:83)
		at okhttp3.internal.http.RealInterceptorChain.proceed(RealInterceptorChain.kt:109)
		at okhttp3.internal.connection.ConnectInterceptor.intercept(ConnectInterceptor.kt:34)
		... 43 more
Caused by: java.net.ConnectException: Connection refused
	at java.base/sun.nio.ch.Net.pollConnect(Native Method)
	at java.base/sun.nio.ch.Net.pollConnectNow(Net.java:684)
	at java.base/sun.nio.ch.NioSocketImpl.timedFinishConnect(NioSocketImpl.java:547)
	at java.base/sun.nio.ch.NioSocketImpl.connect(NioSocketImpl.java:602)
	at java.base/java.net.SocksSocketImpl.connect(SocksSocketImpl.java:327)
	at java.base/java.net.Socket.connect(Socket.java:633)
	at okhttp3.internal.platform.Platform.connectSocket(Platform.kt:128)
	at okhttp3.internal.connection.RealConnection.connectSocket(RealConnection.kt:295)
	... 49 more
21:08:16.469 [ERROR] maestro.cli.runner.TestSuiteInteractor.runFlow: Failed to complete flow
maestro.DeviceUnreachableException: Device became unreachable during isScreenStatic
	at maestro.drivers.IOSDriver.runDeviceCall(IOSDriver.kt:645)
	at maestro.drivers.IOSDriver.deviceInfo$lambda$6(IOSDriver.kt:114)
	at maestro.utils.Metrics.measured(Metrics.kt:48)
	at maestro.drivers.IOSDriver.deviceInfo(IOSDriver.kt:113)
	at maestro.ViewHierarchy$Companion.from-8JJjmZI(ViewHierarchy.kt:28)
	at maestro.utils.ScreenshotUtils$Companion.viewHierarchy-c1iYVAs(ScreenshotUtils.kt:99)
	at maestro.utils.ScreenshotUtils$Companion.waitForAppToSettle-OpTFbEc(ScreenshotUtils.kt:58)
	at maestro.drivers.IOSDriver$waitForAppToSettle$1.invoke-F9mIFpk(IOSDriver.kt:507)
	at maestro.drivers.IOSDriver$waitForAppToSettle$1.invoke(IOSDriver.kt:503)
	at maestro.utils.Metrics.measured(Metrics.kt:48)
	at maestro.drivers.IOSDriver.waitForAppToSettle-5RpGHs4(IOSDriver.kt:503)
	at maestro.Maestro$waitForAppToSettle$2.invoke-F9mIFpk(Maestro.kt:579)
	at maestro.Maestro$waitForAppToSettle$2.invoke(Maestro.kt:578)
	at kotlinx.coroutines.InterruptibleKt.runInterruptibleInExpectedContext(Interruptible.kt:48)
	at kotlinx.coroutines.InterruptibleKt.access$runInterruptibleInExpectedContext(Interruptible.kt:1)
	at kotlinx.coroutines.InterruptibleKt$runInterruptible$2.invokeSuspend(Interruptible.kt:40)
	at kotlin.coroutines.jvm.internal.BaseContinuationImpl.resumeWith(ContinuationImpl.kt:34)
	at kotlinx.coroutines.DispatchedTask.run(DispatchedTask.kt:100)
	at kotlinx.coroutines.internal.LimitedDispatcher$Worker.run(LimitedDispatcher.kt:124)
	at kotlinx.coroutines.scheduling.TaskImpl.run(Tasks.kt:89)
	at kotlinx.coroutines.scheduling.CoroutineScheduler.runSafely(CoroutineScheduler.kt:586)
	at kotlinx.coroutines.scheduling.CoroutineScheduler$Worker.executeTask(CoroutineScheduler.kt:820)
	at kotlinx.coroutines.scheduling.CoroutineScheduler$Worker.runWorker(CoroutineScheduler.kt:717)
	at kotlinx.coroutines.scheduling.CoroutineScheduler$Worker.run(CoroutineScheduler.kt:704)
Caused by: ios.IOSDeviceErrors$Unreachable: Device became unreachable while processing isScreenStatic
	at ios.xctest.XCTestIOSDevice.execute(XCTestIOSDevice.kt:249)
	at ios.xctest.XCTestIOSDevice.deviceInfo(XCTestIOSDevice.kt:30)
	at ios.LocalIOSDevice.deviceInfo(LocalIOSDevice.kt:31)
	at maestro.drivers.IOSDriver.deviceInfo$lambda$6$lambda$5(IOSDriver.kt:114)
	at maestro.drivers.IOSDriver.runDeviceCall(IOSDriver.kt:642)
	... 23 more
Caused by: maestro.utils.network.XCUITestServerError$Unreachable: Transport unreachable while processing isScreenStatic
	at xcuitest.XCTestDriverClient.transportCall(XCTestDriverClient.kt:73)
	at xcuitest.XCTestDriverClient.executeJsonRequest(XCTestDriverClient.kt:283)
	at xcuitest.XCTestDriverClient.isScreenStatic(XCTestDriverClient.kt:115)
	at ios.xctest.XCTestIOSDevice.isScreenStatic$lambda$17(XCTestIOSDevice.kt:202)
	at ios.xctest.XCTestIOSDevice.execute(XCTestIOSDevice.kt:240)
	at ios.xctest.XCTestIOSDevice.isScreenStatic(XCTestIOSDevice.kt:201)
	at ios.LocalIOSDevice.isScreenStatic(LocalIOSDevice.kt:155)
	at maestro.drivers.IOSDriver.isScreenStatic$lambda$72(IOSDriver.kt:637)
	at maestro.drivers.IOSDriver.runDeviceCall(IOSDriver.kt:642)
	at maestro.drivers.IOSDriver.isScreenStatic(IOSDriver.kt:637)
	at maestro.drivers.IOSDriver.waitUntilScreenIsStatic$lambda$53$lambda$52(IOSDriver.kt:495)
	at maestro.utils.MaestroTimer.retryUntilTrue(MaestroTimer.kt:60)
	at maestro.utils.MaestroTimer.retryUntilTrue$default(MaestroTimer.kt:48)
	at maestro.drivers.IOSDriver.waitUntilScreenIsStatic$lambda$53(IOSDriver.kt:494)
	at maestro.utils.Metrics.measured(Metrics.kt:48)
	at maestro.drivers.IOSDriver.waitUntilScreenIsStatic(IOSDriver.kt:493)
	at maestro.drivers.IOSDriver$waitForAppToSettle$1.invoke-F9mIFpk(IOSDriver.kt:505)
	... 16 more
Caused by: java.net.ConnectException: Failed to connect to /127.0.0.1:52281
	at okhttp3.internal.connection.RealConnection.connectSocket(RealConnection.kt:297)
	at okhttp3.internal.connection.RealConnection.connect(RealConnection.kt:207)
	at okhttp3.internal.connection.ExchangeFinder.findConnection(ExchangeFinder.kt:226)
	at okhttp3.internal.connection.ExchangeFinder.findHealthyConnection(ExchangeFinder.kt:106)
	at okhttp3.internal.connection.ExchangeFinder.find(ExchangeFinder.kt:74)
	at okhttp3.internal.connection.RealCall.initExchange$okhttp(RealCall.kt:255)
	at okhttp3.internal.connection.ConnectInterceptor.intercept(ConnectInterceptor.kt:32)
	at okhttp3.internal.http.RealInterceptorChain.proceed(RealInterceptorChain.kt:109)
	at okhttp3.internal.cache.CacheInterceptor.intercept(CacheInterceptor.kt:95)
	at okhttp3.internal.http.RealInterceptorChain.proceed(RealInterceptorChain.kt:109)
	at okhttp3.internal.http.BridgeInterceptor.intercept(BridgeInterceptor.kt:83)
	at okhttp3.internal.http.RealInterceptorChain.proceed(RealInterceptorChain.kt:109)
	at okhttp3.internal.http.RetryAndFollowUpInterceptor.intercept(RetryAndFollowUpInterceptor.kt:76)
	at okhttp3.internal.http.RealInterceptorChain.proceed(RealInterceptorChain.kt:109)
	at okhttp3.internal.connection.RealCall.getResponseWithInterceptorChain$okhttp(RealCall.kt:201)
	at okhttp3.internal.connection.RealCall.execute(RealCall.kt:154)
	at xcuitest.XCTestDriverClient.executeJsonRequest$lambda$9(XCTestDriverClient.kt:290)
	at xcuitest.XCTestDriverClient.transportCall(XCTestDriverClient.kt:67)
	... 32 more
	Suppressed: java.net.SocketException: Connection reset
		at java.base/sun.nio.ch.NioSocketImpl.implRead(NioSocketImpl.java:328)
		at java.base/sun.nio.ch.NioSocketImpl.read(NioSocketImpl.java:355)
		at java.base/sun.nio.ch.NioSocketImpl$1.read(NioSocketImpl.java:808)
		at java.base/java.net.Socket$SocketInputStream.read(Socket.java:966)
		at okio.InputStreamSource.read(JvmOkio.kt:94)
		at okio.AsyncTimeout$source$1.read(AsyncTimeout.kt:157)
		at okio.RealBufferedSource.indexOf(RealBufferedSource.kt:457)
		at okio.RealBufferedSource.readUtf8LineStrict(RealBufferedSource.kt:350)
		at okhttp3.internal.http1.HeadersReader.readLine(HeadersReader.kt:29)
		at okhttp3.internal.http1.Http1ExchangeCodec.readResponseHeaders(Http1ExchangeCodec.kt:180)
		at okhttp3.internal.connection.Exchange.readResponseHeaders(Exchange.kt:110)
		at okhttp3.internal.http.CallServerInterceptor.intercept(CallServerInterceptor.kt:93)
		at okhttp3.internal.http.RealInterceptorChain.proceed(RealInterceptorChain.kt:109)
		at maestro.utils.HttpClient.build_S81q6HU$lambda$0(HttpClient.kt:83)
		at okhttp3.internal.http.RealInterceptorChain.proceed(RealInterceptorChain.kt:109)
		at okhttp3.internal.connection.ConnectInterceptor.intercept(ConnectInterceptor.kt:34)
		... 43 more
Caused by: java.net.ConnectException: Connection refused
	at java.base/sun.nio.ch.Net.pollConnect(Native Method)
	at java.base/sun.nio.ch.Net.pollConnectNow(Net.java:684)
	at java.base/sun.nio.ch.NioSocketImpl.timedFinishConnect(NioSocketImpl.java:547)
	at java.base/sun.nio.ch.NioSocketImpl.connect(NioSocketImpl.java:602)
	at java.base/java.net.SocksSocketImpl.connect(SocksSocketImpl.java:327)
	at java.base/java.net.Socket.connect(Socket.java:633)
	at okhttp3.internal.platform.Platform.connectSocket(Platform.kt:128)
	at okhttp3.internal.connection.RealConnection.connectSocket(RealConnection.kt:295)
	... 49 more
